<?xml version="1.0" encoding="UTF-8"?>
<testsuites name="jest tests" tests="1320" failures="195" errors="0" time="2001.591">
  <testsuite name="Property 15: 审批状态更新" errors="0" failures="6" skipped="0" timestamp="2026-03-08T07:28:09" time="345.978" tests="10">
    <testcase classname="Property 15: 审批状态更新" name="应该为任何审批决策更新审批者状态" time="11.701">
      <failure>Error: Property failed after 13 tests
{ seed: 1554497381, path: &quot;12:0&quot;, endOnFailure: true }
Counterexample: [&quot;approved&quot;,undefined]
Shrunk 1 time(s)

Hint: Enable verbose mode in order to have the list of all failing values encountered during the run
    at buildError (D:\Desktop\AI-Based-Quality-Check-On-Project-Code-And-Architecture\frontend\node_modules\fast-check\lib\cjs\check\runner\utils\RunDetailsFormatter.js:162:19)
    at asyncThrowIfFailed (D:\Desktop\AI-Based-Quality-Check-On-Project-Code-And-Architecture\frontend\node_modules\fast-check\lib\cjs\check\runner\utils\RunDetailsFormatter.js:176:11)</failure>
    </testcase>
    <testcase classname="Property 15: 审批状态更新" name="应该为任何审批决策触发通知" time="7.559">
      <failure>Error: Property failed after 7 tests
{ seed: 362937841, path: &quot;6:0:0&quot;, endOnFailure: true }
Counterexample: [&quot;approved&quot;,undefined]
Shrunk 2 time(s)

Hint: Enable verbose mode in order to have the list of all failing values encountered during the run
    at buildError (D:\Desktop\AI-Based-Quality-Check-On-Project-Code-And-Architecture\frontend\node_modules\fast-check\lib\cjs\check\runner\utils\RunDetailsFormatter.js:162:19)
    at asyncThrowIfFailed (D:\Desktop\AI-Based-Quality-Check-On-Project-Code-And-Architecture\frontend\node_modules\fast-check\lib\cjs\check\runner\utils\RunDetailsFormatter.js:176:11)</failure>
    </testcase>
    <testcase classname="Property 15: 审批状态更新" name="应该根据所有审批者的决策更新PR状态" time="60.298">
      <failure>Error: thrown: &quot;Exceeded timeout of 60000 ms for a test.
Add a timeout value to this test to increase the timeout, if this is a long-running test. See https://jestjs.io/docs/api#testname-fn-timeout.&quot;
    at it (D:\Desktop\AI-Based-Quality-Check-On-Project-Code-And-Architecture\frontend\src\pages\__tests__\PullRequests.approval.property.test.tsx:298:3)
    at _dispatchDescribe (D:\Desktop\AI-Based-Quality-Check-On-Project-Code-And-Architecture\frontend\node_modules\jest-circus\build\jestAdapterInit.js:604:26)
    at describe (D:\Desktop\AI-Based-Quality-Check-On-Project-Code-And-Architecture\frontend\node_modules\jest-circus\build\jestAdapterInit.js:572:44)
    at Object.describe (D:\Desktop\AI-Based-Quality-Check-On-Project-Code-And-Architecture\frontend\src\pages\__tests__\PullRequests.approval.property.test.tsx:119:1)
    at Runtime._execModule (D:\Desktop\AI-Based-Quality-Check-On-Project-Code-And-Architecture\frontend\node_modules\jest-runtime\build\index.js:1268:24)
    at Runtime._loadModule (D:\Desktop\AI-Based-Quality-Check-On-Project-Code-And-Architecture\frontend\node_modules\jest-runtime\build\index.js:944:12)
    at Runtime.requireModule (D:\Desktop\AI-Based-Quality-Check-On-Project-Code-And-Architecture\frontend\node_modules\jest-runtime\build\index.js:832:12)
    at jestAdapter (D:\Desktop\AI-Based-Quality-Check-On-Project-Code-And-Architecture\frontend\node_modules\jest-circus\build\runner.js:95:13)
    at runTestInternal (D:\Desktop\AI-Based-Quality-Check-On-Project-Code-And-Architecture\frontend\node_modules\jest-runner\build\index.js:275:16)
    at runTest (D:\Desktop\AI-Based-Quality-Check-On-Project-Code-And-Architecture\frontend\node_modules\jest-runner\build\index.js:343:7)</failure>
    </testcase>
    <testcase classname="Property 15: 审批状态更新" name="应该保留审批者的评论信息" time="21.219">
      <failure>Error: Property failed after 1 tests
{ seed: -1008745797, path: &quot;0:0:0:0:0:0:0:0:0:0:0:0:0:0:0:0:0:0:0:0:0&quot;, endOnFailure: true }
Counterexample: [&quot;approved&quot;,&quot;!        !&quot;]
Shrunk 20 time(s)

Hint: Enable verbose mode in order to have the list of all failing values encountered during the run
    at buildError (D:\Desktop\AI-Based-Quality-Check-On-Project-Code-And-Architecture\frontend\node_modules\fast-check\lib\cjs\check\runner\utils\RunDetailsFormatter.js:162:19)
    at asyncThrowIfFailed (D:\Desktop\AI-Based-Quality-Check-On-Project-Code-And-Architecture\frontend\node_modules\fast-check\lib\cjs\check\runner\utils\RunDetailsFormatter.js:176:11)</failure>
    </testcase>
    <testcase classname="Property 15: 审批状态更新" name="应该允许同一用户更新其审批决策" time="60.029">
      <failure>Error: thrown: &quot;Exceeded timeout of 60000 ms for a test.
Add a timeout value to this test to increase the timeout, if this is a long-running test. See https://jestjs.io/docs/api#testname-fn-timeout.&quot;
    at it (D:\Desktop\AI-Based-Quality-Check-On-Project-Code-And-Architecture\frontend\src\pages\__tests__\PullRequests.approval.property.test.tsx:405:3)
    at _dispatchDescribe (D:\Desktop\AI-Based-Quality-Check-On-Project-Code-And-Architecture\frontend\node_modules\jest-circus\build\jestAdapterInit.js:604:26)
    at describe (D:\Desktop\AI-Based-Quality-Check-On-Project-Code-And-Architecture\frontend\node_modules\jest-circus\build\jestAdapterInit.js:572:44)
    at Object.describe (D:\Desktop\AI-Based-Quality-Check-On-Project-Code-And-Architecture\frontend\src\pages\__tests__\PullRequests.approval.property.test.tsx:119:1)
    at Runtime._execModule (D:\Desktop\AI-Based-Quality-Check-On-Project-Code-And-Architecture\frontend\node_modules\jest-runtime\build\index.js:1268:24)
    at Runtime._loadModule (D:\Desktop\AI-Based-Quality-Check-On-Project-Code-And-Architecture\frontend\node_modules\jest-runtime\build\index.js:944:12)
    at Runtime.requireModule (D:\Desktop\AI-Based-Quality-Check-On-Project-Code-And-Architecture\frontend\node_modules\jest-runtime\build\index.js:832:12)
    at jestAdapter (D:\Desktop\AI-Based-Quality-Check-On-Project-Code-And-Architecture\frontend\node_modules\jest-circus\build\runner.js:95:13)
    at runTestInternal (D:\Desktop\AI-Based-Quality-Check-On-Project-Code-And-Architecture\frontend\node_modules\jest-runner\build\index.js:275:16)
    at runTest (D:\Desktop\AI-Based-Quality-Check-On-Project-Code-And-Architecture\frontend\node_modules\jest-runner\build\index.js:343:7)</failure>
    </testcase>
    <testcase classname="Property 15: 审批状态更新" name="应该在多个审批者的情况下正确更新状态" time="51.567">
    </testcase>
    <testcase classname="Property 15: 审批状态更新" name="应该在审批决策后更新PR的updatedAt时间戳" time="51.309">
    </testcase>
    <testcase classname="Property 15: 审批状态更新" name="应该只在PR状态为open时显示审批操作" time="19.077">
    </testcase>
    <testcase classname="Property 15: 审批状态更新" name="应该在取消审批操作时清除输入" time="4.294">
      <failure>Error: Property failed after 1 tests
{ seed: -195716820, path: &quot;0:0:0:0:0:0:0:0:0:0:0&quot;, endOnFailure: true }
Counterexample: [&quot;approved&quot;,&quot;          &quot;]
Shrunk 10 time(s)

Hint: Enable verbose mode in order to have the list of all failing values encountered during the run
    at buildError (D:\Desktop\AI-Based-Quality-Check-On-Project-Code-And-Architecture\frontend\node_modules\fast-check\lib\cjs\check\runner\utils\RunDetailsFormatter.js:162:19)
    at asyncThrowIfFailed (D:\Desktop\AI-Based-Quality-Check-On-Project-Code-And-Architecture\frontend\node_modules\fast-check\lib\cjs\check\runner\utils\RunDetailsFormatter.js:176:11)</failure>
    </testcase>
    <testcase classname="Property 15: 审批状态更新" name="应该在通知中包含所有相关人员的邮箱" time="56.396">
    </testcase>
  </testsuite>
  <testsuite name="Property 14: 评论线程创建" errors="0" failures="4" skipped="0" timestamp="2026-03-08T07:33:57" time="246.924" tests="10">
    <testcase classname="Property 14: 评论线程创建" name="应该为任何代码行创建评论线程" time="42.499">
    </testcase>
    <testcase classname="Property 14: 评论线程创建" name="应该支持在评论线程中添加回复" time="34.501">
    </testcase>
    <testcase classname="Property 14: 评论线程创建" name="应该支持多层嵌套回复" time="0.456">
      <failure>Error: Property failed after 1 tests
{ seed: 1080460060, path: &quot;0&quot;, endOnFailure: true }
Counterexample: [2]
Shrunk 0 time(s)

Hint: Enable verbose mode in order to have the list of all failing values encountered during the run
    at buildError (D:\Desktop\AI-Based-Quality-Check-On-Project-Code-And-Architecture\frontend\node_modules\fast-check\lib\cjs\check\runner\utils\RunDetailsFormatter.js:162:19)
    at asyncThrowIfFailed (D:\Desktop\AI-Based-Quality-Check-On-Project-Code-And-Architecture\frontend\node_modules\fast-check\lib\cjs\check\runner\utils\RunDetailsFormatter.js:176:11)</failure>
    </testcase>
    <testcase classname="Property 14: 评论线程创建" name="应该为不同代码行创建独立的评论线程" time="59.706">
    </testcase>
    <testcase classname="Property 14: 评论线程创建" name="应该保持评论线程的作者信息" time="14.588">
      <failure>Error: Property failed after 38 tests
{ seed: 446680470, path: &quot;37:0:0:0:0:0:0:0:0:0:0:0:0:0:0:0:0:0:0:0:0&quot;, endOnFailure: true }
Counterexample: [&quot;Alice&quot;,&quot;!   ! &quot;]
Shrunk 20 time(s)

Hint: Enable verbose mode in order to have the list of all failing values encountered during the run
    at buildError (D:\Desktop\AI-Based-Quality-Check-On-Project-Code-And-Architecture\frontend\node_modules\fast-check\lib\cjs\check\runner\utils\RunDetailsFormatter.js:162:19)
    at asyncThrowIfFailed (D:\Desktop\AI-Based-Quality-Check-On-Project-Code-And-Architecture\frontend\node_modules\fast-check\lib\cjs\check\runner\utils\RunDetailsFormatter.js:176:11)</failure>
    </testcase>
    <testcase classname="Property 14: 评论线程创建" name="应该支持删除评论和回复" time="38.667">
    </testcase>
    <testcase classname="Property 14: 评论线程创建" name="应该在多个文件中支持评论线程" time="1.383">
      <failure>Error: Property failed after 1 tests
{ seed: 830480762, path: &quot;0:0:0:0:0:0:0&quot;, endOnFailure: true }
Counterexample: [[&quot;src/index.ts&quot;,&quot;src/     .ts&quot;]]
Shrunk 6 time(s)

Hint: Enable verbose mode in order to have the list of all failing values encountered during the run
    at buildError (D:\Desktop\AI-Based-Quality-Check-On-Project-Code-And-Architecture\frontend\node_modules\fast-check\lib\cjs\check\runner\utils\RunDetailsFormatter.js:162:19)
    at asyncThrowIfFailed (D:\Desktop\AI-Based-Quality-Check-On-Project-Code-And-Architecture\frontend\node_modules\fast-check\lib\cjs\check\runner\utils\RunDetailsFormatter.js:176:11)</failure>
    </testcase>
    <testcase classname="Property 14: 评论线程创建" name="应该保持评论线程的时间顺序" time="13.983">
      <failure>Error: Property failed after 3 tests
{ seed: -437046737, path: &quot;2:1:1:1:1:1:1:1:1:1:1:1:1:1:1:1:1:1:1:1:1:1:1:1:1:1:1:1:1:0:0:0:0:0:0:0:0&quot;, endOnFailure: true }
Counterexample: [[&quot;This looks good&quot;,&quot;!   !&quot;]]
Shrunk 36 time(s)

Hint: Enable verbose mode in order to have the list of all failing values encountered during the run
    at buildError (D:\Desktop\AI-Based-Quality-Check-On-Project-Code-And-Architecture\frontend\node_modules\fast-check\lib\cjs\check\runner\utils\RunDetailsFormatter.js:162:19)
    at asyncThrowIfFailed (D:\Desktop\AI-Based-Quality-Check-On-Project-Code-And-Architecture\frontend\node_modules\fast-check\lib\cjs\check\runner\utils\RunDetailsFormatter.js:176:11)</failure>
    </testcase>
    <testcase classname="Property 14: 评论线程创建" name="应该在评论线程中保持文件名和行号信息" time="19.631">
    </testcase>
    <testcase classname="Property 14: 评论线程创建" name="应该支持在同一行上创建多个评论线程" time="20.511">
    </testcase>
  </testsuite>
  <testsuite name="AnalysisQueue" errors="0" failures="10" skipped="0" timestamp="2026-03-08T07:38:04" time="95.589" tests="46">
    <testcase classname="AnalysisQueue › 渲染和数据加载" name="should display loading state on initial render" time="0.108">
    </testcase>
    <testcase classname="AnalysisQueue › 渲染和数据加载" name="should fetch and display tasks on mount" time="0.412">
    </testcase>
    <testcase classname="AnalysisQueue › 渲染和数据加载" name="should display correct task statistics" time="0.247">
    </testcase>
    <testcase classname="AnalysisQueue › 任务列表展示" name="should display task details correctly" time="0.313">
      <failure>TestingLibraryElementError: Found multiple elements with the text: Running

Here are the matching elements:

Ignored nodes: comments, script, style
&lt;div
  style=&quot;font-size: 14px; color: rgb(107, 114, 128);&quot;
&gt;
  Running
&lt;/div&gt;

Ignored nodes: comments, script, style
&lt;span
  data-testid=&quot;task-status-task-1&quot;
  style=&quot;padding: 4px 12px; font-size: 12px; font-weight: 600; color: rgb(255, 255, 255); border-radius: 12px; background-color: rgb(0, 102, 204);&quot;
&gt;
  Running
&lt;/span&gt;

(If this is intentional, then use the `*AllBy*` variant of the query (like `queryAllByText`, `getAllByText`, or `findAllByText`)).

Ignored nodes: comments, script, style
&lt;body&gt;
  &lt;div&gt;
    &lt;div&gt;
      &lt;div
        style=&quot;padding: 24px; max-width: 1400px; margin: 0px auto; font-family: -apple-system, BlinkMacSystemFont, \&quot;Segoe UI\&quot;, Roboto, \&quot;Helvetica Neue\&quot;, Arial, sans-serif;&quot;
      &gt;
        &lt;div
          style=&quot;display: flex; justify-content: space-between; align-items: center; margin-bottom: 24px;&quot;
        &gt;
          &lt;h1
            style=&quot;font-size: 32px; font-weight: bold; color: rgb(31, 41, 55); margin: 0px;&quot;
          &gt;
            Analysis Queue
          &lt;/h1&gt;
          &lt;div
            style=&quot;display: flex; align-items: center; gap: 16px;&quot;
          &gt;
            &lt;span
              style=&quot;font-size: 14px; color: rgb(107, 114, 128);&quot;
            &gt;
              Last updated: 
              14:38:06
            &lt;/span&gt;
            &lt;button
              style=&quot;padding: 8px 16px; font-size: 14px; font-weight: 500; color: rgb(255, 255, 255); background-color: rgb(0, 102, 204); border-radius: 6px; cursor: pointer; transition: background-color 0.2s;&quot;
            &gt;
              🔄 Refresh
            &lt;/button&gt;
          &lt;/div&gt;
        &lt;/div&gt;
        &lt;div
          style=&quot;display: grid; grid-template-columns: repeat(auto-fit, minmax(140px, 1fr)); gap: 16px; margin-bottom: 24px;&quot;
        &gt;
          &lt;div
            style=&quot;padding: 16px; background-color: rgb(255, 255, 255); border: 1px solid rgb(229, 231, 235); border-radius: 8px; text-align: center;&quot;
          &gt;
            &lt;div
              style=&quot;font-size: 32px; font-weight: bold; color: rgb(31, 41, 55); margin-bottom: 4px;&quot;
            &gt;
              4
            &lt;/div&gt;
            &lt;div
              style=&quot;font-size: 14px; color: rgb(107, 114, 128);&quot;
            &gt;
              Total Tasks
            &lt;/div&gt;
          &lt;/div&gt;
          &lt;div
            style=&quot;padding: 16px; background-color: rgb(255, 255, 255); border: 1px solid rgb(229, 231, 235); border-radius: 8px; text-align: center;&quot;
          &gt;
            &lt;div
              style=&quot;font-size: 32px; font-weight: bold; color: rgb(107, 114, 128); margin-bottom: 4px;&quot;
            &gt;
              1
            &lt;/div&gt;
            &lt;div
              style=&quot;font-size: 14px; color: rgb(107, 114, 128);&quot;
            &gt;
              Pending
            &lt;/div&gt;
          &lt;/div&gt;
          &lt;div
            style=&quot;padding: 16px; background-color: rgb(255, 255, 255); border: 1px solid rgb(229, 231, 235); border-radius: 8px; text-align: center;&quot;
          &gt;
            &lt;div
              style=&quot;font-size: 32px; font-weight: bold; color: rgb(0, 102, 204); margin-bottom: 4px;&quot;
            &gt;
              1
            &lt;/div&gt;
            &lt;div
              style=&quot;font-size: 14px; color: rgb(107, 114, 128);&quot;
            &gt;
              Running
            &lt;/div&gt;
          &lt;/div&gt;
          &lt;div
            style=&quot;padding: 16px; background-color: rgb(255, 255, 255); border: 1px solid rgb(229, 231, 235); border-radius: 8px; text-align: center;&quot;
          &gt;
            &lt;div
              style=&quot;font-size: 32px; font-weight: bold; color: rgb(34, 197, 94); margin-bottom: 4px;&quot;
            &gt;
              1
            &lt;/div&gt;
            &lt;div
              style=&quot;font-size: 14px; color: rgb(107, 114, 128);&quot;
            &gt;
              Completed
            &lt;/div&gt;
          &lt;/div&gt;
          &lt;div
            style=&quot;padding: 16px; background-color: rgb(255, 255, 255); border: 1px solid rgb(229, 231, 235); border-radius: 8px; text-align: center;&quot;
          &gt;
            &lt;div
              style=&quot;font-size: 32px; font-weight: bold; color: rgb(239, 68, 68); margin-bottom: 4px;&quot;
            &gt;
              1
            &lt;/div&gt;
            &lt;div
              style=&quot;font-size: 14px; color: rgb(107, 114, 128);&quot;
            &gt;
              Failed
            &lt;/div&gt;
          &lt;/div&gt;
        &lt;/div&gt;
        &lt;div
          style=&quot;display: flex; gap: 24px; padding: 16px 24px; background-color: rgb(240, 249, 255); border: 1px solid rgb(186, 230, 253); border-radius: 8px; margin-bottom: 24px;&quot;
        &gt;
          &lt;div
            style=&quot;display: flex; flex-direction: column; gap: 4px;&quot;
          &gt;
            &lt;span
              style=&quot;font-size: 12px; color: rgb(3, 105, 161); font-weight: 500;&quot;
            &gt;
              Max Concurrent:
            &lt;/span&gt;
            &lt;span
              style=&quot;font-size: 18px; color: rgb(12, 74, 110); font-weight: 600;&quot;
            &gt;
              3
            &lt;/span&gt;
          &lt;/div&gt;
          &lt;div
            style=&quot;display: flex; flex-direction: column; gap: 4px;&quot;
          &gt;
            &lt;span
              style=&quot;font-size: 12px; color: rgb(3, 105, 161); font-weight: 500;&quot;
            &gt;
              Available Slots:
            &lt;/span&gt;
            &lt;span
              style=&quot;font-size: 18px; color: rgb(12, 74, 110); font-weight: 600;&quot;
            &gt;
              2
            &lt;/span&gt;
          &lt;/div&gt;
          &lt;div
            style=&quot;display: flex; flex-direction: column; gap: 4px;&quot;
          &gt;
            &lt;span
              style=&quot;font-size: 12px; color: rgb(3, 105, 161); font-weight: 500;&quot;
            &gt;
              Scheduled to Execute:
            &lt;/span&gt;
            &lt;span
              style=&quot;font-size: 18px; color: rgb(12, 74, 110); font-weight: 600;&quot;
            &gt;
              1
            [...
    at Object.getElementError (D:\Desktop\AI-Based-Quality-Check-On-Project-Code-And-Architecture\frontend\node_modules\@testing-library\dom\dist\config.js:37:19)
    at getElementError (D:\Desktop\AI-Based-Quality-Check-On-Project-Code-And-Architecture\frontend\node_modules\@testing-library\dom\dist\query-helpers.js:20:35)
    at getMultipleElementsFoundError (D:\Desktop\AI-Based-Quality-Check-On-Project-Code-And-Architecture\frontend\node_modules\@testing-library\dom\dist\query-helpers.js:23:10)
    at D:\Desktop\AI-Based-Quality-Check-On-Project-Code-And-Architecture\frontend\node_modules\@testing-library\dom\dist\query-helpers.js:55:13
    at D:\Desktop\AI-Based-Quality-Check-On-Project-Code-And-Architecture\frontend\node_modules\@testing-library\dom\dist\query-helpers.js:95:19
    at Object.getByText (D:\Desktop\AI-Based-Quality-Check-On-Project-Code-And-Architecture\frontend\src\pages\__tests__\AnalysisQueue.test.tsx:186:21)</failure>
    </testcase>
    <testcase classname="AnalysisQueue › 任务列表展示" name="should display progress bar for running tasks" time="0.181">
    </testcase>
    <testcase classname="AnalysisQueue › 任务列表展示" name="should display error information for failed tasks" time="0.174">
    </testcase>
    <testcase classname="AnalysisQueue › 任务列表展示" name="should display retry count for tasks with retries" time="0.157">
    </testcase>
    <testcase classname="AnalysisQueue › VirtualList集成" name="should use VirtualList for rendering tasks" time="0.222">
    </testcase>
    <testcase classname="AnalysisQueue › VirtualList集成" name="should pass correct props to VirtualList" time="0.295">
    </testcase>
    <testcase classname="AnalysisQueue › VirtualList集成" name="should handle large number of tasks efficiently" time="0.69">
    </testcase>
    <testcase classname="AnalysisQueue › 交互功能" name="should allow selecting a task" time="10.075">
      <failure>Error: thrown: &quot;Exceeded timeout of 10000 ms for a test.
Add a timeout value to this test to increase the timeout, if this is a long-running test. See https://jestjs.io/docs/api#testname-fn-timeout.&quot;
    at it (D:\Desktop\AI-Based-Quality-Check-On-Project-Code-And-Architecture\frontend\src\pages\__tests__\AnalysisQueue.test.tsx:276:5)
    at _dispatchDescribe (D:\Desktop\AI-Based-Quality-Check-On-Project-Code-And-Architecture\frontend\node_modules\jest-circus\build\jestAdapterInit.js:604:26)
    at describe (D:\Desktop\AI-Based-Quality-Check-On-Project-Code-And-Architecture\frontend\node_modules\jest-circus\build\jestAdapterInit.js:572:44)
    at describe (D:\Desktop\AI-Based-Quality-Check-On-Project-Code-And-Architecture\frontend\src\pages\__tests__\AnalysisQueue.test.tsx:275:3)
    at _dispatchDescribe (D:\Desktop\AI-Based-Quality-Check-On-Project-Code-And-Architecture\frontend\node_modules\jest-circus\build\jestAdapterInit.js:604:26)
    at describe (D:\Desktop\AI-Based-Quality-Check-On-Project-Code-And-Architecture\frontend\node_modules\jest-circus\build\jestAdapterInit.js:572:44)
    at Object.describe (D:\Desktop\AI-Based-Quality-Check-On-Project-Code-And-Architecture\frontend\src\pages\__tests__\AnalysisQueue.test.tsx:42:1)
    at Runtime._execModule (D:\Desktop\AI-Based-Quality-Check-On-Project-Code-And-Architecture\frontend\node_modules\jest-runtime\build\index.js:1268:24)
    at Runtime._loadModule (D:\Desktop\AI-Based-Quality-Check-On-Project-Code-And-Architecture\frontend\node_modules\jest-runtime\build\index.js:944:12)
    at Runtime.requireModule (D:\Desktop\AI-Based-Quality-Check-On-Project-Code-And-Architecture\frontend\node_modules\jest-runtime\build\index.js:832:12)
    at jestAdapter (D:\Desktop\AI-Based-Quality-Check-On-Project-Code-And-Architecture\frontend\node_modules\jest-circus\build\runner.js:95:13)
    at runTestInternal (D:\Desktop\AI-Based-Quality-Check-On-Project-Code-And-Architecture\frontend\node_modules\jest-runner\build\index.js:275:16)
    at runTest (D:\Desktop\AI-Based-Quality-Check-On-Project-Code-And-Architecture\frontend\node_modules\jest-runner\build\index.js:343:7)</failure>
    </testcase>
    <testcase classname="AnalysisQueue › 交互功能" name="should refresh data when refresh button is clicked" time="10.033">
      <failure>Error: thrown: &quot;Exceeded timeout of 10000 ms for a test.
Add a timeout value to this test to increase the timeout, if this is a long-running test. See https://jestjs.io/docs/api#testname-fn-timeout.&quot;
    at it (D:\Desktop\AI-Based-Quality-Check-On-Project-Code-And-Architecture\frontend\src\pages\__tests__\AnalysisQueue.test.tsx:293:5)
    at _dispatchDescribe (D:\Desktop\AI-Based-Quality-Check-On-Project-Code-And-Architecture\frontend\node_modules\jest-circus\build\jestAdapterInit.js:604:26)
    at describe (D:\Desktop\AI-Based-Quality-Check-On-Project-Code-And-Architecture\frontend\node_modules\jest-circus\build\jestAdapterInit.js:572:44)
    at describe (D:\Desktop\AI-Based-Quality-Check-On-Project-Code-And-Architecture\frontend\src\pages\__tests__\AnalysisQueue.test.tsx:275:3)
    at _dispatchDescribe (D:\Desktop\AI-Based-Quality-Check-On-Project-Code-And-Architecture\frontend\node_modules\jest-circus\build\jestAdapterInit.js:604:26)
    at describe (D:\Desktop\AI-Based-Quality-Check-On-Project-Code-And-Architecture\frontend\node_modules\jest-circus\build\jestAdapterInit.js:572:44)
    at Object.describe (D:\Desktop\AI-Based-Quality-Check-On-Project-Code-And-Architecture\frontend\src\pages\__tests__\AnalysisQueue.test.tsx:42:1)
    at Runtime._execModule (D:\Desktop\AI-Based-Quality-Check-On-Project-Code-And-Architecture\frontend\node_modules\jest-runtime\build\index.js:1268:24)
    at Runtime._loadModule (D:\Desktop\AI-Based-Quality-Check-On-Project-Code-And-Architecture\frontend\node_modules\jest-runtime\build\index.js:944:12)
    at Runtime.requireModule (D:\Desktop\AI-Based-Quality-Check-On-Project-Code-And-Architecture\frontend\node_modules\jest-runtime\build\index.js:832:12)
    at jestAdapter (D:\Desktop\AI-Based-Quality-Check-On-Project-Code-And-Architecture\frontend\node_modules\jest-circus\build\runner.js:95:13)
    at runTestInternal (D:\Desktop\AI-Based-Quality-Check-On-Project-Code-And-Architecture\frontend\node_modules\jest-runner\build\index.js:275:16)
    at runTest (D:\Desktop\AI-Based-Quality-Check-On-Project-Code-And-Architecture\frontend\node_modules\jest-runner\build\index.js:343:7)</failure>
    </testcase>
    <testcase classname="AnalysisQueue › 错误处理" name="should display error message when fetch fails" time="0.029">
    </testcase>
    <testcase classname="AnalysisQueue › 错误处理" name="should allow retrying after error" time="10.055">
      <failure>Error: thrown: &quot;Exceeded timeout of 10000 ms for a test.
Add a timeout value to this test to increase the timeout, if this is a long-running test. See https://jestjs.io/docs/api#testname-fn-timeout.&quot;
    at it (D:\Desktop\AI-Based-Quality-Check-On-Project-Code-And-Architecture\frontend\src\pages\__tests__\AnalysisQueue.test.tsx:325:5)
    at _dispatchDescribe (D:\Desktop\AI-Based-Quality-Check-On-Project-Code-And-Architecture\frontend\node_modules\jest-circus\build\jestAdapterInit.js:604:26)
    at describe (D:\Desktop\AI-Based-Quality-Check-On-Project-Code-And-Architecture\frontend\node_modules\jest-circus\build\jestAdapterInit.js:572:44)
    at describe (D:\Desktop\AI-Based-Quality-Check-On-Project-Code-And-Architecture\frontend\src\pages\__tests__\AnalysisQueue.test.tsx:310:3)
    at _dispatchDescribe (D:\Desktop\AI-Based-Quality-Check-On-Project-Code-And-Architecture\frontend\node_modules\jest-circus\build\jestAdapterInit.js:604:26)
    at describe (D:\Desktop\AI-Based-Quality-Check-On-Project-Code-And-Architecture\frontend\node_modules\jest-circus\build\jestAdapterInit.js:572:44)
    at Object.describe (D:\Desktop\AI-Based-Quality-Check-On-Project-Code-And-Architecture\frontend\src\pages\__tests__\AnalysisQueue.test.tsx:42:1)
    at Runtime._execModule (D:\Desktop\AI-Based-Quality-Check-On-Project-Code-And-Architecture\frontend\node_modules\jest-runtime\build\index.js:1268:24)
    at Runtime._loadModule (D:\Desktop\AI-Based-Quality-Check-On-Project-Code-And-Architecture\frontend\node_modules\jest-runtime\build\index.js:944:12)
    at Runtime.requireModule (D:\Desktop\AI-Based-Quality-Check-On-Project-Code-And-Architecture\frontend\node_modules\jest-runtime\build\index.js:832:12)
    at jestAdapter (D:\Desktop\AI-Based-Quality-Check-On-Project-Code-And-Architecture\frontend\node_modules\jest-circus\build\runner.js:95:13)
    at runTestInternal (D:\Desktop\AI-Based-Quality-Check-On-Project-Code-And-Architecture\frontend\node_modules\jest-runner\build\index.js:275:16)
    at runTest (D:\Desktop\AI-Based-Quality-Check-On-Project-Code-And-Architecture\frontend\node_modules\jest-runner\build\index.js:343:7)</failure>
    </testcase>
    <testcase classname="AnalysisQueue › 错误处理" name="should display background error banner when refresh fails with existing data" time="10.025">
      <failure>Error: thrown: &quot;Exceeded timeout of 10000 ms for a test.
Add a timeout value to this test to increase the timeout, if this is a long-running test. See https://jestjs.io/docs/api#testname-fn-timeout.&quot;
    at it (D:\Desktop\AI-Based-Quality-Check-On-Project-Code-And-Architecture\frontend\src\pages\__tests__\AnalysisQueue.test.tsx:343:5)
    at _dispatchDescribe (D:\Desktop\AI-Based-Quality-Check-On-Project-Code-And-Architecture\frontend\node_modules\jest-circus\build\jestAdapterInit.js:604:26)
    at describe (D:\Desktop\AI-Based-Quality-Check-On-Project-Code-And-Architecture\frontend\node_modules\jest-circus\build\jestAdapterInit.js:572:44)
    at describe (D:\Desktop\AI-Based-Quality-Check-On-Project-Code-And-Architecture\frontend\src\pages\__tests__\AnalysisQueue.test.tsx:310:3)
    at _dispatchDescribe (D:\Desktop\AI-Based-Quality-Check-On-Project-Code-And-Architecture\frontend\node_modules\jest-circus\build\jestAdapterInit.js:604:26)
    at describe (D:\Desktop\AI-Based-Quality-Check-On-Project-Code-And-Architecture\frontend\node_modules\jest-circus\build\jestAdapterInit.js:572:44)
    at Object.describe (D:\Desktop\AI-Based-Quality-Check-On-Project-Code-And-Architecture\frontend\src\pages\__tests__\AnalysisQueue.test.tsx:42:1)
    at Runtime._execModule (D:\Desktop\AI-Based-Quality-Check-On-Project-Code-And-Architecture\frontend\node_modules\jest-runtime\build\index.js:1268:24)
    at Runtime._loadModule (D:\Desktop\AI-Based-Quality-Check-On-Project-Code-And-Architecture\frontend\node_modules\jest-runtime\build\index.js:944:12)
    at Runtime.requireModule (D:\Desktop\AI-Based-Quality-Check-On-Project-Code-And-Architecture\frontend\node_modules\jest-runtime\build\index.js:832:12)
    at jestAdapter (D:\Desktop\AI-Based-Quality-Check-On-Project-Code-And-Architecture\frontend\node_modules\jest-circus\build\runner.js:95:13)
    at runTestInternal (D:\Desktop\AI-Based-Quality-Check-On-Project-Code-And-Architecture\frontend\node_modules\jest-runner\build\index.js:275:16)
    at runTest (D:\Desktop\AI-Based-Quality-Check-On-Project-Code-And-Architecture\frontend\node_modules\jest-runner\build\index.js:343:7)</failure>
    </testcase>
    <testcase classname="AnalysisQueue › 空状态" name="should display empty state when no tasks" time="0.021">
    </testcase>
    <testcase classname="AnalysisQueue › 自动刷新" name="should refresh data at specified interval" time="0.019">
    </testcase>
    <testcase classname="AnalysisQueue › 自动刷新" name="should not refresh when refreshInterval is 0" time="0.012">
    </testcase>
    <testcase classname="AnalysisQueue › 资源清理" name="should clean up timer on unmount" time="0.011">
    </testcase>
    <testcase classname="AnalysisQueue › 资源清理" name="should not update state after unmount" time="0.013">
    </testcase>
    <testcase classname="AnalysisQueue › ErrorBoundary集成" name="should be wrapped with ErrorBoundary" time="0.014">
    </testcase>
    <testcase classname="AnalysisQueue › 任务优先级调度" name="should display tasks sorted by priority" time="0.052">
    </testcase>
    <testcase classname="AnalysisQueue › 任务优先级调度" name="should display schedule information" time="0.044">
    </testcase>
    <testcase classname="AnalysisQueue › 任务优先级调度" name="should mark scheduled tasks with badge" time="0.047">
    </testcase>
    <testcase classname="AnalysisQueue › 任务优先级调度" name="should respect maxConcurrent limit in scheduling" time="0.066">
    </testcase>
    <testcase classname="AnalysisQueue › 任务优先级调度" name="should use FIFO for same priority tasks" time="0.03">
    </testcase>
    <testcase classname="AnalysisQueue › 任务自动重试机制" name="should display retry badge for failed tasks with scheduled retry" time="0.059">
    </testcase>
    <testcase classname="AnalysisQueue › 任务自动重试机制" name="should display retry status text for scheduled retry" time="0.062">
    </testcase>
    <testcase classname="AnalysisQueue › 任务自动重试机制" name="should display max retries message when limit reached" time="0.055">
    </testcase>
    <testcase classname="AnalysisQueue › 任务自动重试机制" name="should display retry count in task details" time="0.042">
    </testcase>
    <testcase classname="AnalysisQueue › 任务自动重试机制" name="should clean up retry schedules on unmount" time="0.028">
    </testcase>
    <testcase classname="AnalysisQueue › 任务自动重试机制" name="should handle multiple failed tasks with different retry counts" time="0.051">
    </testcase>
    <testcase classname="AnalysisQueue › 任务优先级调整" name="should display priority adjustment controls for pending tasks" time="0.033">
    </testcase>
    <testcase classname="AnalysisQueue › 任务优先级调整" name="should display priority adjustment controls for failed tasks" time="0.028">
    </testcase>
    <testcase classname="AnalysisQueue › 任务优先级调整" name="should not display priority adjustment controls for running tasks" time="0.041">
    </testcase>
    <testcase classname="AnalysisQueue › 任务优先级调整" name="should not display priority adjustment controls for completed tasks" time="0.025">
    </testcase>
    <testcase classname="AnalysisQueue › 任务优先级调整" name="should increase priority when increase button is clicked" time="10.033">
      <failure>Error: thrown: &quot;Exceeded timeout of 10000 ms for a test.
Add a timeout value to this test to increase the timeout, if this is a long-running test. See https://jestjs.io/docs/api#testname-fn-timeout.&quot;
    at it (D:\Desktop\AI-Based-Quality-Check-On-Project-Code-And-Architecture\frontend\src\pages\__tests__\AnalysisQueue.test.tsx:1059:5)
    at _dispatchDescribe (D:\Desktop\AI-Based-Quality-Check-On-Project-Code-And-Architecture\frontend\node_modules\jest-circus\build\jestAdapterInit.js:604:26)
    at describe (D:\Desktop\AI-Based-Quality-Check-On-Project-Code-And-Architecture\frontend\node_modules\jest-circus\build\jestAdapterInit.js:572:44)
    at describe (D:\Desktop\AI-Based-Quality-Check-On-Project-Code-And-Architecture\frontend\src\pages\__tests__\AnalysisQueue.test.tsx:949:3)
    at _dispatchDescribe (D:\Desktop\AI-Based-Quality-Check-On-Project-Code-And-Architecture\frontend\node_modules\jest-circus\build\jestAdapterInit.js:604:26)
    at describe (D:\Desktop\AI-Based-Quality-Check-On-Project-Code-And-Architecture\frontend\node_modules\jest-circus\build\jestAdapterInit.js:572:44)
    at Object.describe (D:\Desktop\AI-Based-Quality-Check-On-Project-Code-And-Architecture\frontend\src\pages\__tests__\AnalysisQueue.test.tsx:42:1)
    at Runtime._execModule (D:\Desktop\AI-Based-Quality-Check-On-Project-Code-And-Architecture\frontend\node_modules\jest-runtime\build\index.js:1268:24)
    at Runtime._loadModule (D:\Desktop\AI-Based-Quality-Check-On-Project-Code-And-Architecture\frontend\node_modules\jest-runtime\build\index.js:944:12)
    at Runtime.requireModule (D:\Desktop\AI-Based-Quality-Check-On-Project-Code-And-Architecture\frontend\node_modules\jest-runtime\build\index.js:832:12)
    at jestAdapter (D:\Desktop\AI-Based-Quality-Check-On-Project-Code-And-Architecture\frontend\node_modules\jest-circus\build\runner.js:95:13)
    at runTestInternal (D:\Desktop\AI-Based-Quality-Check-On-Project-Code-And-Architecture\frontend\node_modules\jest-runner\build\index.js:275:16)
    at runTest (D:\Desktop\AI-Based-Quality-Check-On-Project-Code-And-Architecture\frontend\node_modules\jest-runner\build\index.js:343:7)</failure>
    </testcase>
    <testcase classname="AnalysisQueue › 任务优先级调整" name="should decrease priority when decrease button is clicked" time="10.019">
      <failure>Error: thrown: &quot;Exceeded timeout of 10000 ms for a test.
Add a timeout value to this test to increase the timeout, if this is a long-running test. See https://jestjs.io/docs/api#testname-fn-timeout.&quot;
    at it (D:\Desktop\AI-Based-Quality-Check-On-Project-Code-And-Architecture\frontend\src\pages\__tests__\AnalysisQueue.test.tsx:1095:5)
    at _dispatchDescribe (D:\Desktop\AI-Based-Quality-Check-On-Project-Code-And-Architecture\frontend\node_modules\jest-circus\build\jestAdapterInit.js:604:26)
    at describe (D:\Desktop\AI-Based-Quality-Check-On-Project-Code-And-Architecture\frontend\node_modules\jest-circus\build\jestAdapterInit.js:572:44)
    at describe (D:\Desktop\AI-Based-Quality-Check-On-Project-Code-And-Architecture\frontend\src\pages\__tests__\AnalysisQueue.test.tsx:949:3)
    at _dispatchDescribe (D:\Desktop\AI-Based-Quality-Check-On-Project-Code-And-Architecture\frontend\node_modules\jest-circus\build\jestAdapterInit.js:604:26)
    at describe (D:\Desktop\AI-Based-Quality-Check-On-Project-Code-And-Architecture\frontend\node_modules\jest-circus\build\jestAdapterInit.js:572:44)
    at Object.describe (D:\Desktop\AI-Based-Quality-Check-On-Project-Code-And-Architecture\frontend\src\pages\__tests__\AnalysisQueue.test.tsx:42:1)
    at Runtime._execModule (D:\Desktop\AI-Based-Quality-Check-On-Project-Code-And-Architecture\frontend\node_modules\jest-runtime\build\index.js:1268:24)
    at Runtime._loadModule (D:\Desktop\AI-Based-Quality-Check-On-Project-Code-And-Architecture\frontend\node_modules\jest-runtime\build\index.js:944:12)
    at Runtime.requireModule (D:\Desktop\AI-Based-Quality-Check-On-Project-Code-And-Architecture\frontend\node_modules\jest-runtime\build\index.js:832:12)
    at jestAdapter (D:\Desktop\AI-Based-Quality-Check-On-Project-Code-And-Architecture\frontend\node_modules\jest-circus\build\runner.js:95:13)
    at runTestInternal (D:\Desktop\AI-Based-Quality-Check-On-Project-Code-And-Architecture\frontend\node_modules\jest-runner\build\index.js:275:16)
    at runTest (D:\Desktop\AI-Based-Quality-Check-On-Project-Code-And-Architecture\frontend\node_modules\jest-runner\build\index.js:343:7)</failure>
    </testcase>
    <testcase classname="AnalysisQueue › 任务优先级调整" name="should update priority when slider is changed" time="0.027">
    </testcase>
    <testcase classname="AnalysisQueue › 任务优先级调整" name="should disable increase button when priority is at maximum" time="0.043">
    </testcase>
    <testcase classname="AnalysisQueue › 任务优先级调整" name="should disable decrease button when priority is at minimum" time="0.044">
    </testcase>
    <testcase classname="AnalysisQueue › 任务优先级调整" name="should reorder queue after priority change" time="10.03">
      <failure>Error: thrown: &quot;Exceeded timeout of 10000 ms for a test.
Add a timeout value to this test to increase the timeout, if this is a long-running test. See https://jestjs.io/docs/api#testname-fn-timeout.&quot;
    at it (D:\Desktop\AI-Based-Quality-Check-On-Project-Code-And-Architecture\frontend\src\pages\__tests__\AnalysisQueue.test.tsx:1222:5)
    at _dispatchDescribe (D:\Desktop\AI-Based-Quality-Check-On-Project-Code-And-Architecture\frontend\node_modules\jest-circus\build\jestAdapterInit.js:604:26)
    at describe (D:\Desktop\AI-Based-Quality-Check-On-Project-Code-And-Architecture\frontend\node_modules\jest-circus\build\jestAdapterInit.js:572:44)
    at describe (D:\Desktop\AI-Based-Quality-Check-On-Project-Code-And-Architecture\frontend\src\pages\__tests__\AnalysisQueue.test.tsx:949:3)
    at _dispatchDescribe (D:\Desktop\AI-Based-Quality-Check-On-Project-Code-And-Architecture\frontend\node_modules\jest-circus\build\jestAdapterInit.js:604:26)
    at describe (D:\Desktop\AI-Based-Quality-Check-On-Project-Code-And-Architecture\frontend\node_modules\jest-circus\build\jestAdapterInit.js:572:44)
    at Object.describe (D:\Desktop\AI-Based-Quality-Check-On-Project-Code-And-Architecture\frontend\src\pages\__tests__\AnalysisQueue.test.tsx:42:1)
    at Runtime._execModule (D:\Desktop\AI-Based-Quality-Check-On-Project-Code-And-Architecture\frontend\node_modules\jest-runtime\build\index.js:1268:24)
    at Runtime._loadModule (D:\Desktop\AI-Based-Quality-Check-On-Project-Code-And-Architecture\frontend\node_modules\jest-runtime\build\index.js:944:12)
    at Runtime.requireModule (D:\Desktop\AI-Based-Quality-Check-On-Project-Code-And-Architecture\frontend\node_modules\jest-runtime\build\index.js:832:12)
    at jestAdapter (D:\Desktop\AI-Based-Quality-Check-On-Project-Code-And-Architecture\frontend\node_modules\jest-circus\build\runner.js:95:13)
    at runTestInternal (D:\Desktop\AI-Based-Quality-Check-On-Project-Code-And-Architecture\frontend\node_modules\jest-runner\build\index.js:275:16)
    at runTest (D:\Desktop\AI-Based-Quality-Check-On-Project-Code-And-Architecture\frontend\node_modules\jest-runner\build\index.js:343:7)</failure>
    </testcase>
    <testcase classname="AnalysisQueue › 任务优先级调整" name="should update schedule result after priority change" time="10.028">
      <failure>Error: thrown: &quot;Exceeded timeout of 10000 ms for a test.
Add a timeout value to this test to increase the timeout, if this is a long-running test. See https://jestjs.io/docs/api#testname-fn-timeout.&quot;
    at it (D:\Desktop\AI-Based-Quality-Check-On-Project-Code-And-Architecture\frontend\src\pages\__tests__\AnalysisQueue.test.tsx:1287:5)
    at _dispatchDescribe (D:\Desktop\AI-Based-Quality-Check-On-Project-Code-And-Architecture\frontend\node_modules\jest-circus\build\jestAdapterInit.js:604:26)
    at describe (D:\Desktop\AI-Based-Quality-Check-On-Project-Code-And-Architecture\frontend\node_modules\jest-circus\build\jestAdapterInit.js:572:44)
    at describe (D:\Desktop\AI-Based-Quality-Check-On-Project-Code-And-Architecture\frontend\src\pages\__tests__\AnalysisQueue.test.tsx:949:3)
    at _dispatchDescribe (D:\Desktop\AI-Based-Quality-Check-On-Project-Code-And-Architecture\frontend\node_modules\jest-circus\build\jestAdapterInit.js:604:26)
    at describe (D:\Desktop\AI-Based-Quality-Check-On-Project-Code-And-Architecture\frontend\node_modules\jest-circus\build\jestAdapterInit.js:572:44)
    at Object.describe (D:\Desktop\AI-Based-Quality-Check-On-Project-Code-And-Architecture\frontend\src\pages\__tests__\AnalysisQueue.test.tsx:42:1)
    at Runtime._execModule (D:\Desktop\AI-Based-Quality-Check-On-Project-Code-And-Architecture\frontend\node_modules\jest-runtime\build\index.js:1268:24)
    at Runtime._loadModule (D:\Desktop\AI-Based-Quality-Check-On-Project-Code-And-Architecture\frontend\node_modules\jest-runtime\build\index.js:944:12)
    at Runtime.requireModule (D:\Desktop\AI-Based-Quality-Check-On-Project-Code-And-Architecture\frontend\node_modules\jest-runtime\build\index.js:832:12)
    at jestAdapter (D:\Desktop\AI-Based-Quality-Check-On-Project-Code-And-Architecture\frontend\node_modules\jest-circus\build\runner.js:95:13)
    at runTestInternal (D:\Desktop\AI-Based-Quality-Check-On-Project-Code-And-Architecture\frontend\node_modules\jest-runner\build\index.js:275:16)
    at runTest (D:\Desktop\AI-Based-Quality-Check-On-Project-Code-And-Architecture\frontend\node_modules\jest-runner\build\index.js:343:7)</failure>
    </testcase>
    <testcase classname="AnalysisQueue › 任务优先级调整" name="should handle priority change API error gracefully" time="10.032">
      <failure>Error: thrown: &quot;Exceeded timeout of 10000 ms for a test.
Add a timeout value to this test to increase the timeout, if this is a long-running test. See https://jestjs.io/docs/api#testname-fn-timeout.&quot;
    at it (D:\Desktop\AI-Based-Quality-Check-On-Project-Code-And-Architecture\frontend\src\pages\__tests__\AnalysisQueue.test.tsx:1349:5)
    at _dispatchDescribe (D:\Desktop\AI-Based-Quality-Check-On-Project-Code-And-Architecture\frontend\node_modules\jest-circus\build\jestAdapterInit.js:604:26)
    at describe (D:\Desktop\AI-Based-Quality-Check-On-Project-Code-And-Architecture\frontend\node_modules\jest-circus\build\jestAdapterInit.js:572:44)
    at describe (D:\Desktop\AI-Based-Quality-Check-On-Project-Code-And-Architecture\frontend\src\pages\__tests__\AnalysisQueue.test.tsx:949:3)
    at _dispatchDescribe (D:\Desktop\AI-Based-Quality-Check-On-Project-Code-And-Architecture\frontend\node_modules\jest-circus\build\jestAdapterInit.js:604:26)
    at describe (D:\Desktop\AI-Based-Quality-Check-On-Project-Code-And-Architecture\frontend\node_modules\jest-circus\build\jestAdapterInit.js:572:44)
    at Object.describe (D:\Desktop\AI-Based-Quality-Check-On-Project-Code-And-Architecture\frontend\src\pages\__tests__\AnalysisQueue.test.tsx:42:1)
    at Runtime._execModule (D:\Desktop\AI-Based-Quality-Check-On-Project-Code-And-Architecture\frontend\node_modules\jest-runtime\build\index.js:1268:24)
    at Runtime._loadModule (D:\Desktop\AI-Based-Quality-Check-On-Project-Code-And-Architecture\frontend\node_modules\jest-runtime\build\index.js:944:12)
    at Runtime.requireModule (D:\Desktop\AI-Based-Quality-Check-On-Project-Code-And-Architecture\frontend\node_modules\jest-runtime\build\index.js:832:12)
    at jestAdapter (D:\Desktop\AI-Based-Quality-Check-On-Project-Code-And-Architecture\frontend\node_modules\jest-circus\build\runner.js:95:13)
    at runTestInternal (D:\Desktop\AI-Based-Quality-Check-On-Project-Code-And-Architecture\frontend\node_modules\jest-runner\build\index.js:275:16)
    at runTest (D:\Desktop\AI-Based-Quality-Check-On-Project-Code-And-Architecture\frontend\node_modules\jest-runner\build\index.js:343:7)</failure>
    </testcase>
    <testcase classname="AnalysisQueue › 任务优先级调整" name="should stop event propagation when clicking priority controls" time="0.07">
    </testcase>
    <testcase classname="AnalysisQueue › 任务优先级调整" name="should display priority value in badge" time="0.03">
    </testcase>
  </testsuite>
  <testsuite name="Backend Status Component - Unit Tests" errors="0" failures="5" skipped="0" timestamp="2026-03-08T07:39:54" time="25.608" tests="6">
    <testcase classname="Backend Status Component - Unit Tests" name="should display banner when backend is offline" time="5.032">
      <failure>Error: Element type is invalid: expected a string (for built-in components) or a class/function (for composite components) but got: undefined. You likely forgot to export your component from the file it&apos;s defined in, or you might have mixed up default and named imports.

Check the render method of `BackendStatusBanner`.
    at createFiberFromTypeAndProps (D:\Desktop\AI-Based-Quality-Check-On-Project-Code-And-Architecture\frontend\node_modules\react-dom\cjs\react-dom-client.development.js:5021:28)
    at createFiberFromElement (D:\Desktop\AI-Based-Quality-Check-On-Project-Code-And-Architecture\frontend\node_modules\react-dom\cjs\react-dom-client.development.js:5035:14)
    at reconcileChildFibersImpl (D:\Desktop\AI-Based-Quality-Check-On-Project-Code-And-Architecture\frontend\node_modules\react-dom\cjs\react-dom-client.development.js:6920:31)
    at D:\Desktop\AI-Based-Quality-Check-On-Project-Code-And-Architecture\frontend\node_modules\react-dom\cjs\react-dom-client.development.js:7098:33
    at reconcileChildren (D:\Desktop\AI-Based-Quality-Check-On-Project-Code-And-Architecture\frontend\node_modules\react-dom\cjs\react-dom-client.development.js:9701:13)
    at beginWork (D:\Desktop\AI-Based-Quality-Check-On-Project-Code-And-Architecture\frontend\node_modules\react-dom\cjs\react-dom-client.development.js:12049:13)
    at runWithFiberInDEV (D:\Desktop\AI-Based-Quality-Check-On-Project-Code-And-Architecture\frontend\node_modules\react-dom\cjs\react-dom-client.development.js:874:13)
    at performUnitOfWork (D:\Desktop\AI-Based-Quality-Check-On-Project-Code-And-Architecture\frontend\node_modules\react-dom\cjs\react-dom-client.development.js:17641:22)
    at workLoopSync (D:\Desktop\AI-Based-Quality-Check-On-Project-Code-And-Architecture\frontend\node_modules\react-dom\cjs\react-dom-client.development.js:17469:41)
    at renderRootSync (D:\Desktop\AI-Based-Quality-Check-On-Project-Code-And-Architecture\frontend\node_modules\react-dom\cjs\react-dom-client.development.js:17450:11)
    at performWorkOnRoot (D:\Desktop\AI-Based-Quality-Check-On-Project-Code-And-Architecture\frontend\node_modules\react-dom\cjs\react-dom-client.development.js:16583:35)
    at performWorkOnRootViaSchedulerTask (D:\Desktop\AI-Based-Quality-Check-On-Project-Code-And-Architecture\frontend\node_modules\react-dom\cjs\react-dom-client.development.js:18957:7)
    at performWorkUntilDeadline (D:\Desktop\AI-Based-Quality-Check-On-Project-Code-And-Architecture\frontend\node_modules\scheduler\cjs\scheduler.development.js:45:48)
    at Timeout.task [as _onTimeout] (D:\Desktop\AI-Based-Quality-Check-On-Project-Code-And-Architecture\frontend\node_modules\jsdom\lib\jsdom\browser\Window.js:579:19)
    at listOnTimeout (node:internal/timers:605:17)
    at processTimers (node:internal/timers:541:7)</failure>
      <failure>Error: Unable to find an element with the text: /Backend Not Available/i. This could be because the text is broken up by multiple elements. In this case, you can provide a function for your text matcher to make your matcher more flexible.

Ignored nodes: comments, script, style
&lt;body&gt;
  &lt;div /&gt;
&lt;/body&gt;
    at waitForWrapper (D:\Desktop\AI-Based-Quality-Check-On-Project-Code-And-Architecture\frontend\node_modules\@testing-library\dom\dist\wait-for.js:163:27)
    at D:\Desktop\AI-Based-Quality-Check-On-Project-Code-And-Architecture\frontend\node_modules\@testing-library\dom\dist\query-helpers.js:86:33
    at Object.findByText (D:\Desktop\AI-Based-Quality-Check-On-Project-Code-And-Architecture\frontend\src\__tests__\backend-status.unit.test.tsx:36:37)
    at Promise.finally.completed (D:\Desktop\AI-Based-Quality-Check-On-Project-Code-And-Architecture\frontend\node_modules\jest-circus\build\jestAdapterInit.js:1557:28)
    at new Promise (&lt;anonymous&gt;)
    at callAsyncCircusFn (D:\Desktop\AI-Based-Quality-Check-On-Project-Code-And-Architecture\frontend\node_modules\jest-circus\build\jestAdapterInit.js:1497:10)
    at _callCircusTest (D:\Desktop\AI-Based-Quality-Check-On-Project-Code-And-Architecture\frontend\node_modules\jest-circus\build\jestAdapterInit.js:1007:40)
    at _runTest (D:\Desktop\AI-Based-Quality-Check-On-Project-Code-And-Architecture\frontend\node_modules\jest-circus\build\jestAdapterInit.js:947:3)
    at D:\Desktop\AI-Based-Quality-Check-On-Project-Code-And-Architecture\frontend\node_modules\jest-circus\build\jestAdapterInit.js:849:7
    at _runTestsForDescribeBlock (D:\Desktop\AI-Based-Quality-Check-On-Project-Code-And-Architecture\frontend\node_modules\jest-circus\build\jestAdapterInit.js:862:11)
    at _runTestsForDescribeBlock (D:\Desktop\AI-Based-Quality-Check-On-Project-Code-And-Architecture\frontend\node_modules\jest-circus\build\jestAdapterInit.js:857:11)
    at run (D:\Desktop\AI-Based-Quality-Check-On-Project-Code-And-Architecture\frontend\node_modules\jest-circus\build\jestAdapterInit.js:761:3)
    at runAndTransformResultsToJestFormat (D:\Desktop\AI-Based-Quality-Check-On-Project-Code-And-Architecture\frontend\node_modules\jest-circus\build\jestAdapterInit.js:1918:21)
    at jestAdapter (D:\Desktop\AI-Based-Quality-Check-On-Project-Code-And-Architecture\frontend\node_modules\jest-circus\build\runner.js:101:19)
    at runTestInternal (D:\Desktop\AI-Based-Quality-Check-On-Project-Code-And-Architecture\frontend\node_modules\jest-runner\build\index.js:275:16)
    at runTest (D:\Desktop\AI-Based-Quality-Check-On-Project-Code-And-Architecture\frontend\node_modules\jest-runner\build\index.js:343:7)</failure>
    </testcase>
    <testcase classname="Backend Status Component - Unit Tests" name="should not display banner when backend is online" time="0.024">
    </testcase>
    <testcase classname="Backend Status Component - Unit Tests" name="should display retry button when backend is unavailable" time="5.014">
      <failure>Error: Element type is invalid: expected a string (for built-in components) or a class/function (for composite components) but got: undefined. You likely forgot to export your component from the file it&apos;s defined in, or you might have mixed up default and named imports.

Check the render method of `BackendStatusBanner`.
    at createFiberFromTypeAndProps (D:\Desktop\AI-Based-Quality-Check-On-Project-Code-And-Architecture\frontend\node_modules\react-dom\cjs\react-dom-client.development.js:5021:28)
    at createFiberFromElement (D:\Desktop\AI-Based-Quality-Check-On-Project-Code-And-Architecture\frontend\node_modules\react-dom\cjs\react-dom-client.development.js:5035:14)
    at reconcileChildFibersImpl (D:\Desktop\AI-Based-Quality-Check-On-Project-Code-And-Architecture\frontend\node_modules\react-dom\cjs\react-dom-client.development.js:6920:31)
    at D:\Desktop\AI-Based-Quality-Check-On-Project-Code-And-Architecture\frontend\node_modules\react-dom\cjs\react-dom-client.development.js:7098:33
    at reconcileChildren (D:\Desktop\AI-Based-Quality-Check-On-Project-Code-And-Architecture\frontend\node_modules\react-dom\cjs\react-dom-client.development.js:9701:13)
    at beginWork (D:\Desktop\AI-Based-Quality-Check-On-Project-Code-And-Architecture\frontend\node_modules\react-dom\cjs\react-dom-client.development.js:12049:13)
    at runWithFiberInDEV (D:\Desktop\AI-Based-Quality-Check-On-Project-Code-And-Architecture\frontend\node_modules\react-dom\cjs\react-dom-client.development.js:874:13)
    at performUnitOfWork (D:\Desktop\AI-Based-Quality-Check-On-Project-Code-And-Architecture\frontend\node_modules\react-dom\cjs\react-dom-client.development.js:17641:22)
    at workLoopSync (D:\Desktop\AI-Based-Quality-Check-On-Project-Code-And-Architecture\frontend\node_modules\react-dom\cjs\react-dom-client.development.js:17469:41)
    at renderRootSync (D:\Desktop\AI-Based-Quality-Check-On-Project-Code-And-Architecture\frontend\node_modules\react-dom\cjs\react-dom-client.development.js:17450:11)
    at performWorkOnRoot (D:\Desktop\AI-Based-Quality-Check-On-Project-Code-And-Architecture\frontend\node_modules\react-dom\cjs\react-dom-client.development.js:16583:35)
    at performWorkOnRootViaSchedulerTask (D:\Desktop\AI-Based-Quality-Check-On-Project-Code-And-Architecture\frontend\node_modules\react-dom\cjs\react-dom-client.development.js:18957:7)
    at performWorkUntilDeadline (D:\Desktop\AI-Based-Quality-Check-On-Project-Code-And-Architecture\frontend\node_modules\scheduler\cjs\scheduler.development.js:45:48)
    at Timeout.task [as _onTimeout] (D:\Desktop\AI-Based-Quality-Check-On-Project-Code-And-Architecture\frontend\node_modules\jsdom\lib\jsdom\browser\Window.js:579:19)
    at listOnTimeout (node:internal/timers:605:17)
    at processTimers (node:internal/timers:541:7)</failure>
      <failure>Error: Unable to find an element with the text: /Backend Not Available/i. This could be because the text is broken up by multiple elements. In this case, you can provide a function for your text matcher to make your matcher more flexible.

Ignored nodes: comments, script, style
&lt;body&gt;
  &lt;div /&gt;
&lt;/body&gt;
    at waitForWrapper (D:\Desktop\AI-Based-Quality-Check-On-Project-Code-And-Architecture\frontend\node_modules\@testing-library\dom\dist\wait-for.js:163:27)
    at D:\Desktop\AI-Based-Quality-Check-On-Project-Code-And-Architecture\frontend\node_modules\@testing-library\dom\dist\query-helpers.js:86:33
    at Object.findByText (D:\Desktop\AI-Based-Quality-Check-On-Project-Code-And-Architecture\frontend\src\__tests__\backend-status.unit.test.tsx:72:18)
    at Promise.finally.completed (D:\Desktop\AI-Based-Quality-Check-On-Project-Code-And-Architecture\frontend\node_modules\jest-circus\build\jestAdapterInit.js:1557:28)
    at new Promise (&lt;anonymous&gt;)
    at callAsyncCircusFn (D:\Desktop\AI-Based-Quality-Check-On-Project-Code-And-Architecture\frontend\node_modules\jest-circus\build\jestAdapterInit.js:1497:10)
    at _callCircusTest (D:\Desktop\AI-Based-Quality-Check-On-Project-Code-And-Architecture\frontend\node_modules\jest-circus\build\jestAdapterInit.js:1007:40)
    at _runTest (D:\Desktop\AI-Based-Quality-Check-On-Project-Code-And-Architecture\frontend\node_modules\jest-circus\build\jestAdapterInit.js:947:3)
    at D:\Desktop\AI-Based-Quality-Check-On-Project-Code-And-Architecture\frontend\node_modules\jest-circus\build\jestAdapterInit.js:849:7
    at _runTestsForDescribeBlock (D:\Desktop\AI-Based-Quality-Check-On-Project-Code-And-Architecture\frontend\node_modules\jest-circus\build\jestAdapterInit.js:862:11)
    at _runTestsForDescribeBlock (D:\Desktop\AI-Based-Quality-Check-On-Project-Code-And-Architecture\frontend\node_modules\jest-circus\build\jestAdapterInit.js:857:11)
    at run (D:\Desktop\AI-Based-Quality-Check-On-Project-Code-And-Architecture\frontend\node_modules\jest-circus\build\jestAdapterInit.js:761:3)
    at runAndTransformResultsToJestFormat (D:\Desktop\AI-Based-Quality-Check-On-Project-Code-And-Architecture\frontend\node_modules\jest-circus\build\jestAdapterInit.js:1918:21)
    at jestAdapter (D:\Desktop\AI-Based-Quality-Check-On-Project-Code-And-Architecture\frontend\node_modules\jest-circus\build\runner.js:101:19)
    at runTestInternal (D:\Desktop\AI-Based-Quality-Check-On-Project-Code-And-Architecture\frontend\node_modules\jest-runner\build\index.js:275:16)
    at runTest (D:\Desktop\AI-Based-Quality-Check-On-Project-Code-And-Architecture\frontend\node_modules\jest-runner\build\index.js:343:7)</failure>
    </testcase>
    <testcase classname="Backend Status Component - Unit Tests" name="should dismiss banner when dismiss button is clicked" time="5.018">
      <failure>Error: Element type is invalid: expected a string (for built-in components) or a class/function (for composite components) but got: undefined. You likely forgot to export your component from the file it&apos;s defined in, or you might have mixed up default and named imports.

Check the render method of `BackendStatusBanner`.
    at createFiberFromTypeAndProps (D:\Desktop\AI-Based-Quality-Check-On-Project-Code-And-Architecture\frontend\node_modules\react-dom\cjs\react-dom-client.development.js:5021:28)
    at createFiberFromElement (D:\Desktop\AI-Based-Quality-Check-On-Project-Code-And-Architecture\frontend\node_modules\react-dom\cjs\react-dom-client.development.js:5035:14)
    at reconcileChildFibersImpl (D:\Desktop\AI-Based-Quality-Check-On-Project-Code-And-Architecture\frontend\node_modules\react-dom\cjs\react-dom-client.development.js:6920:31)
    at D:\Desktop\AI-Based-Quality-Check-On-Project-Code-And-Architecture\frontend\node_modules\react-dom\cjs\react-dom-client.development.js:7098:33
    at reconcileChildren (D:\Desktop\AI-Based-Quality-Check-On-Project-Code-And-Architecture\frontend\node_modules\react-dom\cjs\react-dom-client.development.js:9701:13)
    at beginWork (D:\Desktop\AI-Based-Quality-Check-On-Project-Code-And-Architecture\frontend\node_modules\react-dom\cjs\react-dom-client.development.js:12049:13)
    at runWithFiberInDEV (D:\Desktop\AI-Based-Quality-Check-On-Project-Code-And-Architecture\frontend\node_modules\react-dom\cjs\react-dom-client.development.js:874:13)
    at performUnitOfWork (D:\Desktop\AI-Based-Quality-Check-On-Project-Code-And-Architecture\frontend\node_modules\react-dom\cjs\react-dom-client.development.js:17641:22)
    at workLoopSync (D:\Desktop\AI-Based-Quality-Check-On-Project-Code-And-Architecture\frontend\node_modules\react-dom\cjs\react-dom-client.development.js:17469:41)
    at renderRootSync (D:\Desktop\AI-Based-Quality-Check-On-Project-Code-And-Architecture\frontend\node_modules\react-dom\cjs\react-dom-client.development.js:17450:11)
    at performWorkOnRoot (D:\Desktop\AI-Based-Quality-Check-On-Project-Code-And-Architecture\frontend\node_modules\react-dom\cjs\react-dom-client.development.js:16583:35)
    at performWorkOnRootViaSchedulerTask (D:\Desktop\AI-Based-Quality-Check-On-Project-Code-And-Architecture\frontend\node_modules\react-dom\cjs\react-dom-client.development.js:18957:7)
    at performWorkUntilDeadline (D:\Desktop\AI-Based-Quality-Check-On-Project-Code-And-Architecture\frontend\node_modules\scheduler\cjs\scheduler.development.js:45:48)
    at Timeout.task [as _onTimeout] (D:\Desktop\AI-Based-Quality-Check-On-Project-Code-And-Architecture\frontend\node_modules\jsdom\lib\jsdom\browser\Window.js:579:19)
    at listOnTimeout (node:internal/timers:605:17)
    at processTimers (node:internal/timers:541:7)</failure>
      <failure>Error: Unable to find an element with the text: /Backend Not Available/i. This could be because the text is broken up by multiple elements. In this case, you can provide a function for your text matcher to make your matcher more flexible.

Ignored nodes: comments, script, style
&lt;body&gt;
  &lt;div /&gt;
&lt;/body&gt;
    at waitForWrapper (D:\Desktop\AI-Based-Quality-Check-On-Project-Code-And-Architecture\frontend\node_modules\@testing-library\dom\dist\wait-for.js:163:27)
    at D:\Desktop\AI-Based-Quality-Check-On-Project-Code-And-Architecture\frontend\node_modules\@testing-library\dom\dist\query-helpers.js:86:33
    at Object.findByText (D:\Desktop\AI-Based-Quality-Check-On-Project-Code-And-Architecture\frontend\src\__tests__\backend-status.unit.test.tsx:91:18)
    at Promise.finally.completed (D:\Desktop\AI-Based-Quality-Check-On-Project-Code-And-Architecture\frontend\node_modules\jest-circus\build\jestAdapterInit.js:1557:28)
    at new Promise (&lt;anonymous&gt;)
    at callAsyncCircusFn (D:\Desktop\AI-Based-Quality-Check-On-Project-Code-And-Architecture\frontend\node_modules\jest-circus\build\jestAdapterInit.js:1497:10)
    at _callCircusTest (D:\Desktop\AI-Based-Quality-Check-On-Project-Code-And-Architecture\frontend\node_modules\jest-circus\build\jestAdapterInit.js:1007:40)
    at _runTest (D:\Desktop\AI-Based-Quality-Check-On-Project-Code-And-Architecture\frontend\node_modules\jest-circus\build\jestAdapterInit.js:947:3)
    at D:\Desktop\AI-Based-Quality-Check-On-Project-Code-And-Architecture\frontend\node_modules\jest-circus\build\jestAdapterInit.js:849:7
    at _runTestsForDescribeBlock (D:\Desktop\AI-Based-Quality-Check-On-Project-Code-And-Architecture\frontend\node_modules\jest-circus\build\jestAdapterInit.js:862:11)
    at _runTestsForDescribeBlock (D:\Desktop\AI-Based-Quality-Check-On-Project-Code-And-Architecture\frontend\node_modules\jest-circus\build\jestAdapterInit.js:857:11)
    at run (D:\Desktop\AI-Based-Quality-Check-On-Project-Code-And-Architecture\frontend\node_modules\jest-circus\build\jestAdapterInit.js:761:3)
    at runAndTransformResultsToJestFormat (D:\Desktop\AI-Based-Quality-Check-On-Project-Code-And-Architecture\frontend\node_modules\jest-circus\build\jestAdapterInit.js:1918:21)
    at jestAdapter (D:\Desktop\AI-Based-Quality-Check-On-Project-Code-And-Architecture\frontend\node_modules\jest-circus\build\runner.js:101:19)
    at runTestInternal (D:\Desktop\AI-Based-Quality-Check-On-Project-Code-And-Architecture\frontend\node_modules\jest-runner\build\index.js:275:16)
    at runTest (D:\Desktop\AI-Based-Quality-Check-On-Project-Code-And-Architecture\frontend\node_modules\jest-runner\build\index.js:343:7)</failure>
    </testcase>
    <testcase classname="Backend Status Component - Unit Tests" name="should provide link to API docs" time="5.019">
      <failure>Error: Element type is invalid: expected a string (for built-in components) or a class/function (for composite components) but got: undefined. You likely forgot to export your component from the file it&apos;s defined in, or you might have mixed up default and named imports.

Check the render method of `BackendStatusBanner`.
    at createFiberFromTypeAndProps (D:\Desktop\AI-Based-Quality-Check-On-Project-Code-And-Architecture\frontend\node_modules\react-dom\cjs\react-dom-client.development.js:5021:28)
    at createFiberFromElement (D:\Desktop\AI-Based-Quality-Check-On-Project-Code-And-Architecture\frontend\node_modules\react-dom\cjs\react-dom-client.development.js:5035:14)
    at reconcileChildFibersImpl (D:\Desktop\AI-Based-Quality-Check-On-Project-Code-And-Architecture\frontend\node_modules\react-dom\cjs\react-dom-client.development.js:6920:31)
    at D:\Desktop\AI-Based-Quality-Check-On-Project-Code-And-Architecture\frontend\node_modules\react-dom\cjs\react-dom-client.development.js:7098:33
    at reconcileChildren (D:\Desktop\AI-Based-Quality-Check-On-Project-Code-And-Architecture\frontend\node_modules\react-dom\cjs\react-dom-client.development.js:9701:13)
    at beginWork (D:\Desktop\AI-Based-Quality-Check-On-Project-Code-And-Architecture\frontend\node_modules\react-dom\cjs\react-dom-client.development.js:12049:13)
    at runWithFiberInDEV (D:\Desktop\AI-Based-Quality-Check-On-Project-Code-And-Architecture\frontend\node_modules\react-dom\cjs\react-dom-client.development.js:874:13)
    at performUnitOfWork (D:\Desktop\AI-Based-Quality-Check-On-Project-Code-And-Architecture\frontend\node_modules\react-dom\cjs\react-dom-client.development.js:17641:22)
    at workLoopSync (D:\Desktop\AI-Based-Quality-Check-On-Project-Code-And-Architecture\frontend\node_modules\react-dom\cjs\react-dom-client.development.js:17469:41)
    at renderRootSync (D:\Desktop\AI-Based-Quality-Check-On-Project-Code-And-Architecture\frontend\node_modules\react-dom\cjs\react-dom-client.development.js:17450:11)
    at performWorkOnRoot (D:\Desktop\AI-Based-Quality-Check-On-Project-Code-And-Architecture\frontend\node_modules\react-dom\cjs\react-dom-client.development.js:16583:35)
    at performWorkOnRootViaSchedulerTask (D:\Desktop\AI-Based-Quality-Check-On-Project-Code-And-Architecture\frontend\node_modules\react-dom\cjs\react-dom-client.development.js:18957:7)
    at performWorkUntilDeadline (D:\Desktop\AI-Based-Quality-Check-On-Project-Code-And-Architecture\frontend\node_modules\scheduler\cjs\scheduler.development.js:45:48)
    at Timeout.task [as _onTimeout] (D:\Desktop\AI-Based-Quality-Check-On-Project-Code-And-Architecture\frontend\node_modules\jsdom\lib\jsdom\browser\Window.js:579:19)
    at listOnTimeout (node:internal/timers:605:17)
    at processTimers (node:internal/timers:541:7)</failure>
      <failure>Error: Unable to find an element with the text: /Backend Not Available/i. This could be because the text is broken up by multiple elements. In this case, you can provide a function for your text matcher to make your matcher more flexible.

Ignored nodes: comments, script, style
&lt;body&gt;
  &lt;div /&gt;
&lt;/body&gt;
    at waitForWrapper (D:\Desktop\AI-Based-Quality-Check-On-Project-Code-And-Architecture\frontend\node_modules\@testing-library\dom\dist\wait-for.js:163:27)
    at D:\Desktop\AI-Based-Quality-Check-On-Project-Code-And-Architecture\frontend\node_modules\@testing-library\dom\dist\query-helpers.js:86:33
    at Object.findByText (D:\Desktop\AI-Based-Quality-Check-On-Project-Code-And-Architecture\frontend\src\__tests__\backend-status.unit.test.tsx:113:18)
    at Promise.finally.completed (D:\Desktop\AI-Based-Quality-Check-On-Project-Code-And-Architecture\frontend\node_modules\jest-circus\build\jestAdapterInit.js:1557:28)
    at new Promise (&lt;anonymous&gt;)
    at callAsyncCircusFn (D:\Desktop\AI-Based-Quality-Check-On-Project-Code-And-Architecture\frontend\node_modules\jest-circus\build\jestAdapterInit.js:1497:10)
    at _callCircusTest (D:\Desktop\AI-Based-Quality-Check-On-Project-Code-And-Architecture\frontend\node_modules\jest-circus\build\jestAdapterInit.js:1007:40)
    at _runTest (D:\Desktop\AI-Based-Quality-Check-On-Project-Code-And-Architecture\frontend\node_modules\jest-circus\build\jestAdapterInit.js:947:3)
    at D:\Desktop\AI-Based-Quality-Check-On-Project-Code-And-Architecture\frontend\node_modules\jest-circus\build\jestAdapterInit.js:849:7
    at _runTestsForDescribeBlock (D:\Desktop\AI-Based-Quality-Check-On-Project-Code-And-Architecture\frontend\node_modules\jest-circus\build\jestAdapterInit.js:862:11)
    at _runTestsForDescribeBlock (D:\Desktop\AI-Based-Quality-Check-On-Project-Code-And-Architecture\frontend\node_modules\jest-circus\build\jestAdapterInit.js:857:11)
    at run (D:\Desktop\AI-Based-Quality-Check-On-Project-Code-And-Architecture\frontend\node_modules\jest-circus\build\jestAdapterInit.js:761:3)
    at runAndTransformResultsToJestFormat (D:\Desktop\AI-Based-Quality-Check-On-Project-Code-And-Architecture\frontend\node_modules\jest-circus\build\jestAdapterInit.js:1918:21)
    at jestAdapter (D:\Desktop\AI-Based-Quality-Check-On-Project-Code-And-Architecture\frontend\node_modules\jest-circus\build\runner.js:101:19)
    at runTestInternal (D:\Desktop\AI-Based-Quality-Check-On-Project-Code-And-Architecture\frontend\node_modules\jest-runner\build\index.js:275:16)
    at runTest (D:\Desktop\AI-Based-Quality-Check-On-Project-Code-And-Architecture\frontend\node_modules\jest-runner\build\index.js:343:7)</failure>
    </testcase>
    <testcase classname="Backend Status Component - Unit Tests" name="should display appropriate error message" time="5.023">
      <failure>Error: Element type is invalid: expected a string (for built-in components) or a class/function (for composite components) but got: undefined. You likely forgot to export your component from the file it&apos;s defined in, or you might have mixed up default and named imports.

Check the render method of `BackendStatusBanner`.
    at createFiberFromTypeAndProps (D:\Desktop\AI-Based-Quality-Check-On-Project-Code-And-Architecture\frontend\node_modules\react-dom\cjs\react-dom-client.development.js:5021:28)
    at createFiberFromElement (D:\Desktop\AI-Based-Quality-Check-On-Project-Code-And-Architecture\frontend\node_modules\react-dom\cjs\react-dom-client.development.js:5035:14)
    at reconcileChildFibersImpl (D:\Desktop\AI-Based-Quality-Check-On-Project-Code-And-Architecture\frontend\node_modules\react-dom\cjs\react-dom-client.development.js:6920:31)
    at D:\Desktop\AI-Based-Quality-Check-On-Project-Code-And-Architecture\frontend\node_modules\react-dom\cjs\react-dom-client.development.js:7098:33
    at reconcileChildren (D:\Desktop\AI-Based-Quality-Check-On-Project-Code-And-Architecture\frontend\node_modules\react-dom\cjs\react-dom-client.development.js:9701:13)
    at beginWork (D:\Desktop\AI-Based-Quality-Check-On-Project-Code-And-Architecture\frontend\node_modules\react-dom\cjs\react-dom-client.development.js:12049:13)
    at runWithFiberInDEV (D:\Desktop\AI-Based-Quality-Check-On-Project-Code-And-Architecture\frontend\node_modules\react-dom\cjs\react-dom-client.development.js:874:13)
    at performUnitOfWork (D:\Desktop\AI-Based-Quality-Check-On-Project-Code-And-Architecture\frontend\node_modules\react-dom\cjs\react-dom-client.development.js:17641:22)
    at workLoopSync (D:\Desktop\AI-Based-Quality-Check-On-Project-Code-And-Architecture\frontend\node_modules\react-dom\cjs\react-dom-client.development.js:17469:41)
    at renderRootSync (D:\Desktop\AI-Based-Quality-Check-On-Project-Code-And-Architecture\frontend\node_modules\react-dom\cjs\react-dom-client.development.js:17450:11)
    at performWorkOnRoot (D:\Desktop\AI-Based-Quality-Check-On-Project-Code-And-Architecture\frontend\node_modules\react-dom\cjs\react-dom-client.development.js:16583:35)
    at performWorkOnRootViaSchedulerTask (D:\Desktop\AI-Based-Quality-Check-On-Project-Code-And-Architecture\frontend\node_modules\react-dom\cjs\react-dom-client.development.js:18957:7)
    at performWorkUntilDeadline (D:\Desktop\AI-Based-Quality-Check-On-Project-Code-And-Architecture\frontend\node_modules\scheduler\cjs\scheduler.development.js:45:48)
    at Timeout.task [as _onTimeout] (D:\Desktop\AI-Based-Quality-Check-On-Project-Code-And-Architecture\frontend\node_modules\jsdom\lib\jsdom\browser\Window.js:579:19)
    at listOnTimeout (node:internal/timers:605:17)
    at processTimers (node:internal/timers:541:7)</failure>
      <failure>Error: Unable to find an element with the text: /Backend Not Available/i. This could be because the text is broken up by multiple elements. In this case, you can provide a function for your text matcher to make your matcher more flexible.

Ignored nodes: comments, script, style
&lt;body&gt;
  &lt;div /&gt;
&lt;/body&gt;
    at waitForWrapper (D:\Desktop\AI-Based-Quality-Check-On-Project-Code-And-Architecture\frontend\node_modules\@testing-library\dom\dist\wait-for.js:163:27)
    at D:\Desktop\AI-Based-Quality-Check-On-Project-Code-And-Architecture\frontend\node_modules\@testing-library\dom\dist\query-helpers.js:86:33
    at Object.findByText (D:\Desktop\AI-Based-Quality-Check-On-Project-Code-And-Architecture\frontend\src\__tests__\backend-status.unit.test.tsx:132:18)
    at Promise.finally.completed (D:\Desktop\AI-Based-Quality-Check-On-Project-Code-And-Architecture\frontend\node_modules\jest-circus\build\jestAdapterInit.js:1557:28)
    at new Promise (&lt;anonymous&gt;)
    at callAsyncCircusFn (D:\Desktop\AI-Based-Quality-Check-On-Project-Code-And-Architecture\frontend\node_modules\jest-circus\build\jestAdapterInit.js:1497:10)
    at _callCircusTest (D:\Desktop\AI-Based-Quality-Check-On-Project-Code-And-Architecture\frontend\node_modules\jest-circus\build\jestAdapterInit.js:1007:40)
    at _runTest (D:\Desktop\AI-Based-Quality-Check-On-Project-Code-And-Architecture\frontend\node_modules\jest-circus\build\jestAdapterInit.js:947:3)
    at D:\Desktop\AI-Based-Quality-Check-On-Project-Code-And-Architecture\frontend\node_modules\jest-circus\build\jestAdapterInit.js:849:7
    at _runTestsForDescribeBlock (D:\Desktop\AI-Based-Quality-Check-On-Project-Code-And-Architecture\frontend\node_modules\jest-circus\build\jestAdapterInit.js:862:11)
    at _runTestsForDescribeBlock (D:\Desktop\AI-Based-Quality-Check-On-Project-Code-And-Architecture\frontend\node_modules\jest-circus\build\jestAdapterInit.js:857:11)
    at run (D:\Desktop\AI-Based-Quality-Check-On-Project-Code-And-Architecture\frontend\node_modules\jest-circus\build\jestAdapterInit.js:761:3)
    at runAndTransformResultsToJestFormat (D:\Desktop\AI-Based-Quality-Check-On-Project-Code-And-Architecture\frontend\node_modules\jest-circus\build\jestAdapterInit.js:1918:21)
    at jestAdapter (D:\Desktop\AI-Based-Quality-Check-On-Project-Code-And-Architecture\frontend\node_modules\jest-circus\build\runner.js:101:19)
    at runTestInternal (D:\Desktop\AI-Based-Quality-Check-On-Project-Code-And-Architecture\frontend\node_modules\jest-runner\build\index.js:275:16)
    at runTest (D:\Desktop\AI-Based-Quality-Check-On-Project-Code-And-Architecture\frontend\node_modules\jest-runner\build\index.js:343:7)</failure>
    </testcase>
  </testsuite>
  <testsuite name="Projects Component" errors="0" failures="2" skipped="0" timestamp="2026-03-08T07:40:20" time="14.665" tests="49">
    <testcase classname="Projects Component › Loading State" name="should display loading state while fetching projects" time="0.029">
    </testcase>
    <testcase classname="Projects Component › Error State" name="should display error message when fetch fails" time="0.025">
    </testcase>
    <testcase classname="Projects Component › Empty State" name="should display empty state when no projects exist" time="0.018">
    </testcase>
    <testcase classname="Projects Component › Project List Display" name="should display project list with correct information" time="0.092">
    </testcase>
    <testcase classname="Projects Component › Project List Display" name="should display project details correctly" time="0.034">
    </testcase>
    <testcase classname="Projects Component › VirtualList Integration" name="should use VirtualList when project count exceeds 100" time="0.624">
    </testcase>
    <testcase classname="Projects Component › VirtualList Integration" name="should not use VirtualList when project count is below 100" time="0.246">
    </testcase>
    <testcase classname="Projects Component › VirtualList Integration" name="should not use VirtualList when disabled" time="0.519">
    </testcase>
    <testcase classname="Projects Component › Project Selection" name="should allow selecting individual projects" time="0.214">
    </testcase>
    <testcase classname="Projects Component › Project Selection" name="should allow deselecting projects" time="0.298">
    </testcase>
    <testcase classname="Projects Component › Project Selection" name="should support select all functionality" time="0.233">
    </testcase>
    <testcase classname="Projects Component › Project Selection" name="should support deselect all functionality" time="0.276">
    </testcase>
    <testcase classname="Projects Component › Component Integration" name="should render OfflineIndicator" time="0.035">
    </testcase>
    <testcase classname="Projects Component › Component Integration" name="should display correct project count in header" time="0.336">
    </testcase>
    <testcase classname="Projects Component › Component Integration" name="should use singular form for single project" time="0.064">
    </testcase>
    <testcase classname="Projects Component › Search and Filter" name="should render search input" time="0.033">
    </testcase>
    <testcase classname="Projects Component › Search and Filter" name="should filter projects by name with debouncing" time="0.202">
    </testcase>
    <testcase classname="Projects Component › Search and Filter" name="should filter projects by description" time="0.238">
    </testcase>
    <testcase classname="Projects Component › Search and Filter" name="should filter projects by language" time="0.163">
    </testcase>
    <testcase classname="Projects Component › Search and Filter" name="should filter projects by status" time="0.219">
    </testcase>
    <testcase classname="Projects Component › Search and Filter" name="should be case-insensitive" time="0.28">
    </testcase>
    <testcase classname="Projects Component › Search and Filter" name="should show clear button when search has text" time="0.135">
    </testcase>
    <testcase classname="Projects Component › Search and Filter" name="should clear search when clear button is clicked" time="0.156">
    </testcase>
    <testcase classname="Projects Component › Search and Filter" name="should show no results message when search has no matches" time="0.233">
    </testcase>
    <testcase classname="Projects Component › Search and Filter" name="should update project count when filtering" time="0.209">
    </testcase>
    <testcase classname="Projects Component › Search and Filter" name="should debounce search input within 300ms" time="0.212">
    </testcase>
    <testcase classname="Projects Component › Sorting" name="should render sorting buttons" time="0.191">
    </testcase>
    <testcase classname="Projects Component › Sorting" name="should sort projects by name in ascending order by default" time="0.115">
    </testcase>
    <testcase classname="Projects Component › Sorting" name="should toggle sort order when clicking the same sort button" time="0.358">
    </testcase>
    <testcase classname="Projects Component › Sorting" name="should sort projects by created date" time="0.147">
    </testcase>
    <testcase classname="Projects Component › Sorting" name="should sort projects by updated date" time="0.192">
    </testcase>
    <testcase classname="Projects Component › Sorting" name="should sort projects by status (active first)" time="0.187">
    </testcase>
    <testcase classname="Projects Component › Sorting" name="should show sort direction indicator on active sort button" time="0.19">
    </testcase>
    <testcase classname="Projects Component › Sorting" name="should maintain sort when filtering" time="0.262">
    </testcase>
    <testcase classname="Projects Component › Sorting" name="should reset to ascending order when changing sort criteria" time="0.159">
    </testcase>
    <testcase classname="Projects Component › Batch Operations" name="should show batch operation buttons when projects are selected" time="0.26">
    </testcase>
    <testcase classname="Projects Component › Batch Operations" name="should perform batch delete operation" time="0.353">
    </testcase>
    <testcase classname="Projects Component › Batch Operations" name="should cancel batch delete when user declines confirmation" time="0.173">
    </testcase>
    <testcase classname="Projects Component › Batch Operations" name="should perform batch archive operation" time="0.278">
    </testcase>
    <testcase classname="Projects Component › Batch Operations" name="should open tag modal when Add Tag button is clicked" time="0.259">
    </testcase>
    <testcase classname="Projects Component › Batch Operations" name="should perform batch tag operation" time="1.574">
      <failure>Error: expect(jest.fn()).toHaveBeenCalledWith(...expected)

Expected: {&quot;projectId&quot;: &quot;2&quot;, &quot;updates&quot;: {&quot;description&quot;: &quot;[Tags: frontend, react, typescript]&quot;}}
Received
       1
          Object {
        -   &quot;projectId&quot;: &quot;2&quot;,
        +   &quot;projectId&quot;: &quot;1&quot;,
            &quot;updates&quot;: Object {
        -     &quot;description&quot;: &quot;[Tags: frontend, react, typescript]&quot;,
        +     &quot;description&quot;: &quot;Original description [Tags: frontend, react, typescript]&quot;,
            },
          },
       2
          Object {
            &quot;projectId&quot;: &quot;2&quot;,
            &quot;updates&quot;: Object {
        -     &quot;description&quot;: &quot;[Tags: frontend, react, typescript]&quot;,
        +     &quot;description&quot;: &quot;Description for 2 [Tags: frontend, react, typescript]&quot;,
            },
          },

Number of calls: 2
    at Object.toHaveBeenCalledWith (D:\Desktop\AI-Based-Quality-Check-On-Project-Code-And-Architecture\frontend\src\pages\__tests__\Projects.test.tsx:1252:31)</failure>
    </testcase>
    <testcase classname="Projects Component › Batch Operations" name="should close tag modal when Cancel button is clicked" time="0.287">
    </testcase>
    <testcase classname="Projects Component › Batch Operations" name="should close tag modal when clicking outside" time="0.293">
    </testcase>
    <testcase classname="Projects Component › Batch Operations" name="should support Enter key to submit tags" time="1.681">
      <failure>Error: expect(jest.fn()).toHaveBeenCalledWith(...expected)

- Expected
+ Received

  Object {
    &quot;projectId&quot;: &quot;1&quot;,
    &quot;updates&quot;: Object {
-     &quot;description&quot;: &quot;[Tags: test-tag]&quot;,
+     &quot;description&quot;: &quot;Description for 1 [Tags: test-tag]&quot;,
    },
  },

Number of calls: 1

Ignored nodes: comments, script, style
&lt;html&gt;
  &lt;head /&gt;
  &lt;body&gt;
    &lt;div&gt;
      &lt;div&gt;
        &lt;div
          style=&quot;height: 100vh; display: flex; flex-direction: column; background-color: rgb(245, 245, 245);&quot;
        &gt;
          &lt;div
            data-testid=&quot;offline-indicator&quot;
          /&gt;
          &lt;div
            style=&quot;padding: 16px 24px; background-color: rgb(255, 255, 255); border-bottom: 1px solid rgb(224, 224, 224);&quot;
          &gt;
            &lt;div
              style=&quot;display: flex; align-items: center; justify-content: space-between; margin-bottom: 16px;&quot;
            &gt;
              &lt;div
                style=&quot;display: flex; align-items: center; gap: 16px;&quot;
              &gt;
                &lt;h1
                  style=&quot;margin: 0px; font-size: 24px; font-weight: 600; color: rgb(51, 51, 51);&quot;
                &gt;
                  Projects
                &lt;/h1&gt;
                &lt;span
                  style=&quot;padding: 4px 12px; background-color: rgb(224, 224, 224); border-radius: 12px; font-size: 14px; color: rgb(102, 102, 102);&quot;
                &gt;
                  1
                   
                  project
                &lt;/span&gt;
              &lt;/div&gt;
              &lt;div
                style=&quot;display: flex; gap: 12px; align-items: center;&quot;
              &gt;
                &lt;button
                  style=&quot;padding: 8px 16px; font-size: 14px; color: rgb(51, 51, 51); background-color: rgb(240, 240, 240); border: 1px solid rgb(204, 204, 204); border-radius: 4px; cursor: pointer;&quot;
                &gt;
                  Select All
                &lt;/button&gt;
              &lt;/div&gt;
            &lt;/div&gt;
            &lt;div
              style=&quot;display: flex; gap: 8px; align-items: center; margin-bottom: 16px;&quot;
            &gt;
              &lt;span
                style=&quot;font-size: 14px; color: rgb(102, 102, 102); font-weight: 500;&quot;
              &gt;
                Sort by:
              &lt;/span&gt;
              &lt;button
                style=&quot;padding: 6px 12px; font-size: 14px; color: rgb(255, 255, 255); background-color: rgb(74, 144, 226); border: 1px solid; border-color: rgb(74, 144, 226); border-radius: 4px; cursor: pointer; display: flex; align-items: center; gap: 4px;&quot;
              &gt;
                Name
                &lt;span
                  style=&quot;font-size: 12px;&quot;
                &gt;
                  ↑
                &lt;/span&gt;
              &lt;/button&gt;
              &lt;button
                style=&quot;padding: 6px 12px; font-size: 14px; color: rgb(51, 51, 51); background-color: rgb(240, 240, 240); border: 1px solid; border-color: rgb(204, 204, 204); border-radius: 4px; cursor: pointer; display: flex; align-items: center; gap: 4px;&quot;
              &gt;
                Created
              &lt;/button&gt;
              &lt;button
                style=&quot;padding: 6px 12px; font-size: 14px; color: rgb(51, 51, 51); background-color: rgb(240, 240, 240); border: 1px solid; border-color: rgb(204, 204, 204); border-radius: 4px; cursor: pointer; display: flex; align-items: center; gap: 4px;&quot;
              &gt;
                Updated
              &lt;/button&gt;
              &lt;button
                style=&quot;padding: 6px 12px; font-size: 14px; color: rgb(51, 51, 51); background-color: rgb(240, 240, 240); border: 1px solid; border-color: rgb(204, 204, 204); border-radius: 4px; cursor: pointer; display: flex; align-items: center; gap: 4px;&quot;
              &gt;
                Status
              &lt;/button&gt;
            &lt;/div&gt;
            &lt;div
              style=&quot;position: relative;&quot;
            &gt;
              &lt;input
                placeholder=&quot;Search projects by name, description, language, or status...&quot;
                style=&quot;width: 100%; padding: 10px 40px 10px 16px; font-size: 14px; border: 1px solid rgb(204, 204, 204); border-radius: 4px; outline: none; transition: border-color 0.2s;&quot;
                type=&quot;text&quot;
                value=&quot;&quot;
              /&gt;
            &lt;/div&gt;
          &lt;/div&gt;
          &lt;div
            style=&quot;flex: 1 1 0%; overflow: hidden;&quot;
          &gt;
            &lt;div
              style=&quot;height: 100%; overflow: auto; background-color: rgb(255, 255, 255);&quot;
            &gt;
              &lt;div
                aria-describedby=&quot;DndDescribedBy-40&quot;
                aria-disabled=&quot;false&quot;
                aria-roledescription=&quot;sortable&quot;
                role=&quot;button&quot;
                style=&quot;padding: 16px; border-bottom: 1px solid rgb(224, 224, 224); background-color: rgb(255, 255, 255); cursor: grab; opacity: 1; z-index: auto; transition: transform 0ms linear;&quot;
                tabindex=&quot;0&quot;
              &gt;
                &lt;div
                  style=&quot;display: flex; align-items: center; gap: 12px;&quot;
                &gt;
                  &lt;div
                    style=&quot;display: flex; flex-direction: column; gap: 2px; cursor: grab; padding: 4px;&quot;
                  &gt;
                    &lt;div
                      style=&quot;width: 16px; height: 2px; background-color: rgb(153, 153, 153); border-radius: 1px;&quot;
                    /&gt;
                    &lt;div
                      style=&quot;width: 16px; height: 2px; background-color: rgb(153, 153, 153); border-radius: 1px;&quot;
                    /&gt;
                    &lt;div
                      style=&quot;width: 16px; height: 2px; background-color: rgb(153, 153, 153); border-radius: 1px;&quot;
                    /&gt;
                  &lt;/div&gt;
                  &lt;input
                    style=&quot;cursor: pointer;&quot;
                    type=&quot;checkbox&quot;
                  /&gt;
                  &lt;div
                    style=&quot;flex: 1 1 0%;&quot;
                  &gt;
                    &lt;h3
                      style=&quot;margin: 0px; font-size: 16px; font-weight: 600; color: rgb(51, 51, 51);&quot;
                    &gt;
                      Project 1
                    &lt;/h3&gt;
                    &lt;p
                      style=&quot;margin: 4px 0px 0px 0px; font-size: 14px; color: rgb(102, 102, 102);&quot;
                    &gt;
                      Description for 1 [Tags: test-tag]
                    &lt;/p&gt;
                    &lt;div
                      style=&quot;margin-top: 8px; display: flex; gap: 12px; font-size: 12px; color: rgb(153, 153, 153);&quot;
                    &gt;
                      &lt;span&gt;
                        Status: 
                        ✓ Active
                      &lt;/span&gt;
                      &lt;span&gt;
                        Language: 
                        TypeScript
                      &lt;/span&gt;
                      &lt;span&gt;
                        Updated: 
                        2026/3/8
                      &lt;/span&gt;
                    &lt;/div&gt;
                  &lt;/div&gt;
                &lt;/div&gt;
              &lt;/div&gt;
            &lt;/div&gt;
          &lt;/div&gt;
        &lt;/div&gt;
        &lt;div
          id=&quot;DndDescribedBy-40&quot;
          style=&quot;display: none;&quot;
        &gt;
          
    To pick up a draggable item, press the space bar.
    While dragging, use the arrow keys to move the item.
    Press space again to drop the item in its new position, or press escape to cancel.
  
        &lt;/div&gt;
        &lt;div
          aria-atomic=&quot;true&quot;
          aria-live=&quot;assertive&quot;
          id=&quot;DndLiveRegion-40&quot;
          role=&quot;status&quot;
          style=&quot;position: fixed; top: 0px; left: 0px; width: 1px; height: 1px; margin: -1px; border: 0px; padding: 0px; overflow: hidden; clip-path: inset(100%); white-space: nowrap;&quot;
        /&gt;
      &lt;/div&gt;
    &lt;/div&gt;
  &lt;/body&gt;
&lt;/html&gt;
    at toHaveBeenCalledWith (D:\Desktop\AI-Based-Quality-Check-On-Project-Code-And-Architecture\frontend\src\pages\__tests__\Projects.test.tsx:1367:33)
    at runWithExpensiveErrorDiagnosticsDisabled (D:\Desktop\AI-Based-Quality-Check-On-Project-Code-And-Architecture\frontend\node_modules\@testing-library\dom\dist\config.js:47:12)
    at checkCallback (D:\Desktop\AI-Based-Quality-Check-On-Project-Code-And-Architecture\frontend\node_modules\@testing-library\dom\dist\wait-for.js:124:77)
    at checkRealTimersCallback (D:\Desktop\AI-Based-Quality-Check-On-Project-Code-And-Architecture\frontend\node_modules\@testing-library\dom\dist\wait-for.js:118:16)
    at Timeout.task [as _onTimeout] (D:\Desktop\AI-Based-Quality-Check-On-Project-Code-And-Architecture\frontend\node_modules\jsdom\lib\jsdom\browser\Window.js:579:19)
    at listOnTimeout (node:internal/timers:605:17)
    at processTimers (node:internal/timers:541:7)</failure>
    </testcase>
    <testcase classname="Projects Component › Batch Operations" name="should support Escape key to close tag modal" time="0.345">
    </testcase>
    <testcase classname="Projects Component › Batch Operations" name="should disable Add Tags button when input is empty" time="0.409">
    </testcase>
    <testcase classname="Projects Component › Batch Operations" name="should show loading indicator during batch operations" time="0.248">
    </testcase>
    <testcase classname="Projects Component › Batch Operations" name="should handle batch operation errors gracefully" time="0.274">
    </testcase>
    <testcase classname="Projects Component › Batch Operations" name="should clear selection after successful batch operation" time="0.316">
    </testcase>
  </testsuite>
  <testsuite name="Property-Based Tests: Authentication Service" errors="0" failures="4" skipped="0" timestamp="2026-03-08T07:40:35" time="3.411" tests="17">
    <testcase classname="Property-Based Tests: Authentication Service › Property 1: Authentication URL Correctness" name="should always construct valid URLs from environment variables" time="1.744">
    </testcase>
    <testcase classname="Property-Based Tests: Authentication Service › Property 1: Authentication URL Correctness" name="should always produce consistent URLs for the same inputs" time="0.027">
    </testcase>
    <testcase classname="Property-Based Tests: Authentication Service › Property 1: Authentication URL Correctness" name="should handle various URL formats correctly" time="0.101">
    </testcase>
    <testcase classname="Property-Based Tests: Authentication Service › Property 2: Environment Variable Configuration" name="should always validate environment configuration consistently" time="0.057">
    </testcase>
    <testcase classname="Property-Based Tests: Authentication Service › Property 2: Environment Variable Configuration" name="should always prefer NEXT_PUBLIC_API_URL over BACKEND_URL" time="0.025">
    </testcase>
    <testcase classname="Property-Based Tests: Authentication Service › Property 2: Environment Variable Configuration" name="should always return a valid URL even with missing env vars" time="0.063">
    </testcase>
    <testcase classname="Property-Based Tests: Authentication Service › Property 4: Authentication Response Handling" name="should always handle successful authentication responses correctly" time="0.074">
      <failure>Error: Property failed after 1 tests
{ seed: -514941376, path: &quot;0:0:0:0:0:0:0:0:0:0:0:0:0:0:0:0:0:0:0:0:0:0:0:0:0:0:0:0:0:0:0:0:0:0:0:0:0:0:0:0:0:0:0:0:0:0:0:0:0:0:0:0:0:0:0:0:0:0:0:0:0:0:0:0&quot;, endOnFailure: true }
Counterexample: [&quot;a@a.aa&quot;,&quot;        &quot;,&quot;00000000-0000-1000-8000-000000000000&quot;,&quot;                    &quot;,&quot;                    &quot;,&quot;user&quot;]
Shrunk 63 time(s)

Hint: Enable verbose mode in order to have the list of all failing values encountered during the run
    at buildError (D:\Desktop\AI-Based-Quality-Check-On-Project-Code-And-Architecture\frontend\node_modules\fast-check\lib\cjs\check\runner\utils\RunDetailsFormatter.js:162:19)
    at asyncThrowIfFailed (D:\Desktop\AI-Based-Quality-Check-On-Project-Code-And-Architecture\frontend\node_modules\fast-check\lib\cjs\check\runner\utils\RunDetailsFormatter.js:176:11)</failure>
    </testcase>
    <testcase classname="Property-Based Tests: Authentication Service › Property 4: Authentication Response Handling" name="should always throw appropriate errors for failed authentication" time="0.052">
      <failure>Error: Property failed after 1 tests
{ seed: -1133865290, path: &quot;0:0:0:0:0:0:0:0:0:0:0:0:0:0:0:0&quot;, endOnFailure: true }
Counterexample: [&quot;a@a.aa&quot;,&quot;        &quot;,400,&quot;&quot;]
Shrunk 15 time(s)

Hint: Enable verbose mode in order to have the list of all failing values encountered during the run
    at buildError (D:\Desktop\AI-Based-Quality-Check-On-Project-Code-And-Architecture\frontend\node_modules\fast-check\lib\cjs\check\runner\utils\RunDetailsFormatter.js:162:19)
    at asyncThrowIfFailed (D:\Desktop\AI-Based-Quality-Check-On-Project-Code-And-Architecture\frontend\node_modules\fast-check\lib\cjs\check\runner\utils\RunDetailsFormatter.js:176:11)</failure>
    </testcase>
    <testcase classname="Property-Based Tests: Authentication Service › Property 5: Error Handling and Messaging" name="should always create valid error objects" time="0.089">
    </testcase>
    <testcase classname="Property-Based Tests: Authentication Service › Property 5: Error Handling and Messaging" name="should always return user-friendly error messages" time="0.06">
    </testcase>
    <testcase classname="Property-Based Tests: Authentication Service › Property 5: Error Handling and Messaging" name="should always handle any error type gracefully" time="0.057">
    </testcase>
    <testcase classname="Property-Based Tests: Authentication Service › Property 6: Development Logging" name="should log in development mode but not in production" time="0.025">
    </testcase>
    <testcase classname="Property-Based Tests: Authentication Service › Additional Property: Email Validation" name="should consistently validate email formats" time="0.005">
      <failure>Error: Property failed after 1 tests
{ seed: 1792458614, path: &quot;0:0:0:0:0:0:0:0&quot;, endOnFailure: true }
Counterexample: [&quot;a@a.aa&quot;]
Shrunk 7 time(s)

Hint: Enable verbose mode in order to have the list of all failing values encountered during the run
    at buildError (D:\Desktop\AI-Based-Quality-Check-On-Project-Code-And-Architecture\frontend\node_modules\fast-check\lib\cjs\check\runner\utils\RunDetailsFormatter.js:162:19)
    at throwIfFailed (D:\Desktop\AI-Based-Quality-Check-On-Project-Code-And-Architecture\frontend\node_modules\fast-check\lib\cjs\check\runner\utils\RunDetailsFormatter.js:171:11)
    at reportRunDetails (D:\Desktop\AI-Based-Quality-Check-On-Project-Code-And-Architecture\frontend\node_modules\fast-check\lib\cjs\check\runner\utils\RunDetailsFormatter.js:184:16)
    at Object.assert (D:\Desktop\AI-Based-Quality-Check-On-Project-Code-And-Architecture\frontend\node_modules\fast-check\lib\cjs\check\runner\Runner.js:65:55)
    at Object.assert (D:\Desktop\AI-Based-Quality-Check-On-Project-Code-And-Architecture\frontend\src\lib\__tests__\auth.property.test.ts:419:10)
    at Promise.finally.completed (D:\Desktop\AI-Based-Quality-Check-On-Project-Code-And-Architecture\frontend\node_modules\jest-circus\build\jestAdapterInit.js:1557:28)
    at new Promise (&lt;anonymous&gt;)
    at callAsyncCircusFn (D:\Desktop\AI-Based-Quality-Check-On-Project-Code-And-Architecture\frontend\node_modules\jest-circus\build\jestAdapterInit.js:1497:10)
    at _callCircusTest (D:\Desktop\AI-Based-Quality-Check-On-Project-Code-And-Architecture\frontend\node_modules\jest-circus\build\jestAdapterInit.js:1007:40)
    at _runTest (D:\Desktop\AI-Based-Quality-Check-On-Project-Code-And-Architecture\frontend\node_modules\jest-circus\build\jestAdapterInit.js:947:3)
    at D:\Desktop\AI-Based-Quality-Check-On-Project-Code-And-Architecture\frontend\node_modules\jest-circus\build\jestAdapterInit.js:849:7
    at _runTestsForDescribeBlock (D:\Desktop\AI-Based-Quality-Check-On-Project-Code-And-Architecture\frontend\node_modules\jest-circus\build\jestAdapterInit.js:862:11)
    at _runTestsForDescribeBlock (D:\Desktop\AI-Based-Quality-Check-On-Project-Code-And-Architecture\frontend\node_modules\jest-circus\build\jestAdapterInit.js:857:11)
    at _runTestsForDescribeBlock (D:\Desktop\AI-Based-Quality-Check-On-Project-Code-And-Architecture\frontend\node_modules\jest-circus\build\jestAdapterInit.js:857:11)
    at run (D:\Desktop\AI-Based-Quality-Check-On-Project-Code-And-Architecture\frontend\node_modules\jest-circus\build\jestAdapterInit.js:761:3)
    at runAndTransformResultsToJestFormat (D:\Desktop\AI-Based-Quality-Check-On-Project-Code-And-Architecture\frontend\node_modules\jest-circus\build\jestAdapterInit.js:1918:21)
    at jestAdapter (D:\Desktop\AI-Based-Quality-Check-On-Project-Code-And-Architecture\frontend\node_modules\jest-circus\build\runner.js:101:19)
    at runTestInternal (D:\Desktop\AI-Based-Quality-Check-On-Project-Code-And-Architecture\frontend\node_modules\jest-runner\build\index.js:275:16)
    at runTest (D:\Desktop\AI-Based-Quality-Check-On-Project-Code-And-Architecture\frontend\node_modules\jest-runner\build\index.js:343:7)</failure>
    </testcase>
    <testcase classname="Property-Based Tests: Authentication Service › Additional Property: Email Validation" name="should reject invalid email formats" time="0.005">
      <failure>Error: Property failed after 1 tests
{ seed: 271494047, path: &quot;0:0&quot;, endOnFailure: true }
Counterexample: [&quot;&quot;]
Shrunk 1 time(s)

Hint: Enable verbose mode in order to have the list of all failing values encountered during the run
    at buildError (D:\Desktop\AI-Based-Quality-Check-On-Project-Code-And-Architecture\frontend\node_modules\fast-check\lib\cjs\check\runner\utils\RunDetailsFormatter.js:162:19)
    at throwIfFailed (D:\Desktop\AI-Based-Quality-Check-On-Project-Code-And-Architecture\frontend\node_modules\fast-check\lib\cjs\check\runner\utils\RunDetailsFormatter.js:171:11)
    at reportRunDetails (D:\Desktop\AI-Based-Quality-Check-On-Project-Code-And-Architecture\frontend\node_modules\fast-check\lib\cjs\check\runner\utils\RunDetailsFormatter.js:184:16)
    at Object.assert (D:\Desktop\AI-Based-Quality-Check-On-Project-Code-And-Architecture\frontend\node_modules\fast-check\lib\cjs\check\runner\Runner.js:65:55)
    at Object.assert (D:\Desktop\AI-Based-Quality-Check-On-Project-Code-And-Architecture\frontend\src\lib\__tests__\auth.property.test.ts:437:10)
    at Promise.finally.completed (D:\Desktop\AI-Based-Quality-Check-On-Project-Code-And-Architecture\frontend\node_modules\jest-circus\build\jestAdapterInit.js:1557:28)
    at new Promise (&lt;anonymous&gt;)
    at callAsyncCircusFn (D:\Desktop\AI-Based-Quality-Check-On-Project-Code-And-Architecture\frontend\node_modules\jest-circus\build\jestAdapterInit.js:1497:10)
    at _callCircusTest (D:\Desktop\AI-Based-Quality-Check-On-Project-Code-And-Architecture\frontend\node_modules\jest-circus\build\jestAdapterInit.js:1007:40)
    at _runTest (D:\Desktop\AI-Based-Quality-Check-On-Project-Code-And-Architecture\frontend\node_modules\jest-circus\build\jestAdapterInit.js:947:3)
    at D:\Desktop\AI-Based-Quality-Check-On-Project-Code-And-Architecture\frontend\node_modules\jest-circus\build\jestAdapterInit.js:849:7
    at _runTestsForDescribeBlock (D:\Desktop\AI-Based-Quality-Check-On-Project-Code-And-Architecture\frontend\node_modules\jest-circus\build\jestAdapterInit.js:862:11)
    at _runTestsForDescribeBlock (D:\Desktop\AI-Based-Quality-Check-On-Project-Code-And-Architecture\frontend\node_modules\jest-circus\build\jestAdapterInit.js:857:11)
    at _runTestsForDescribeBlock (D:\Desktop\AI-Based-Quality-Check-On-Project-Code-And-Architecture\frontend\node_modules\jest-circus\build\jestAdapterInit.js:857:11)
    at run (D:\Desktop\AI-Based-Quality-Check-On-Project-Code-And-Architecture\frontend\node_modules\jest-circus\build\jestAdapterInit.js:761:3)
    at runAndTransformResultsToJestFormat (D:\Desktop\AI-Based-Quality-Check-On-Project-Code-And-Architecture\frontend\node_modules\jest-circus\build\jestAdapterInit.js:1918:21)
    at jestAdapter (D:\Desktop\AI-Based-Quality-Check-On-Project-Code-And-Architecture\frontend\node_modules\jest-circus\build\runner.js:101:19)
    at runTestInternal (D:\Desktop\AI-Based-Quality-Check-On-Project-Code-And-Architecture\frontend\node_modules\jest-runner\build\index.js:275:16)
    at runTest (D:\Desktop\AI-Based-Quality-Check-On-Project-Code-And-Architecture\frontend\node_modules\jest-runner\build\index.js:343:7)</failure>
    </testcase>
    <testcase classname="Property-Based Tests: Authentication Service › Additional Property: Password Validation" name="should consistently validate password strength" time="0.046">
    </testcase>
    <testcase classname="Property-Based Tests: Authentication Service › Additional Property: Password Validation" name="should always return consistent error messages for weak passwords" time="0.081">
    </testcase>
    <testcase classname="Property-Based Tests: Authentication Service › Additional Property: Credentials Validation" name="should consistently validate complete credentials" time="0.125">
    </testcase>
  </testsuite>
  <testsuite name="RegisterPage" errors="0" failures="12" skipped="0" timestamp="2026-03-08T07:40:38" time="2.888" tests="13">
    <testcase classname="RegisterPage" name="renders registration form with all required fields" time="0.22">
      <failure>TestingLibraryElementError: Unable to find an accessible element with the role &quot;button&quot; and name `/create account/i`

Here are the accessible roles:

  main:

  Name &quot;Create an account&quot;:
  &lt;div
    aria-labelledby=&quot;register-title&quot;
    class=&quot;rounded-lg border bg-card text-card-foreground shadow-sm w-full max-w-md&quot;
    role=&quot;main&quot;
  /&gt;

  --------------------------------------------------
  img:

  Name &quot;AI Reviewer Logo&quot;:
  &lt;div
    aria-label=&quot;AI Reviewer Logo&quot;
    class=&quot;h-12 w-12 rounded-lg bg-primary flex items-center justify-center&quot;
    role=&quot;img&quot;
  /&gt;

  --------------------------------------------------
  heading:

  Name &quot;Create an account&quot;:
  &lt;h3
    class=&quot;font-semibold tracking-tight text-2xl text-center&quot;
    id=&quot;register-title&quot;
  /&gt;

  --------------------------------------------------
  paragraph:

  Name &quot;&quot;:
  &lt;p
    class=&quot;text-sm text-muted-foreground text-center&quot;
  /&gt;

  Name &quot;&quot;:
  &lt;p
    class=&quot;text-sm text-center w-full text-muted-foreground&quot;
  /&gt;

  --------------------------------------------------
  form:

  Name &quot;Registration form&quot;:
  &lt;form
    aria-label=&quot;Registration form&quot;
    class=&quot;space-y-4&quot;
  /&gt;

  --------------------------------------------------
  textbox:

  Name &quot;Full Name&quot;:
  &lt;input
    autocomplete=&quot;name&quot;
    class=&quot;flex h-10 w-full rounded-md border border-input bg-background px-3 py-2 text-sm ring-offset-background file:border-0 file:bg-transparent file:text-sm file:font-medium placeholder:text-muted-foreground focus-visible:outline-none focus-visible:ring-2 focus-visible:ring-ring focus-visible:ring-offset-2 disabled:cursor-not-allowed disabled:opacity-50&quot;
    id=&quot;name&quot;
    name=&quot;name&quot;
    placeholder=&quot;John Doe&quot;
    type=&quot;text&quot;
  /&gt;

  Name &quot;Email&quot;:
  &lt;input
    autocomplete=&quot;email&quot;
    class=&quot;flex h-10 w-full rounded-md border border-input bg-background px-3 py-2 text-sm ring-offset-background file:border-0 file:bg-transparent file:text-sm file:font-medium placeholder:text-muted-foreground focus-visible:outline-none focus-visible:ring-2 focus-visible:ring-ring focus-visible:ring-offset-2 disabled:cursor-not-allowed disabled:opacity-50&quot;
    id=&quot;email&quot;
    name=&quot;email&quot;
    placeholder=&quot;name@example.com&quot;
    type=&quot;email&quot;
  /&gt;

  --------------------------------------------------
  checkbox:

  Name &quot;I agree to the Terms of Service and Privacy Policy&quot;:
  &lt;button
    aria-checked=&quot;false&quot;
    class=&quot;peer h-4 w-4 shrink-0 rounded-sm border border-primary ring-offset-background focus-visible:outline-none focus-visible:ring-2 focus-visible:ring-ring focus-visible:ring-offset-2 disabled:cursor-not-allowed disabled:opacity-50 data-[state=checked]:bg-primary data-[state=checked]:text-primary-foreground mt-1&quot;
    data-state=&quot;unchecked&quot;
    id=&quot;acceptTerms&quot;
    role=&quot;checkbox&quot;
    type=&quot;button&quot;
    value=&quot;on&quot;
  /&gt;

  --------------------------------------------------
  link:

  Name &quot;Terms of Service&quot;:
  &lt;a
    class=&quot;text-primary hover:underline&quot;
    href=&quot;/terms&quot;
  /&gt;

  Name &quot;Privacy Policy&quot;:
  &lt;a
    class=&quot;text-primary hover:underline&quot;
    href=&quot;/privacy&quot;
  /&gt;

  Name &quot;Sign in&quot;:
  &lt;a
    class=&quot;text-primary hover:underline&quot;
    href=&quot;/login&quot;
  /&gt;

  --------------------------------------------------
  button:

  Name &quot;Create your account&quot;:
  &lt;button
    aria-label=&quot;Create your account&quot;
    class=&quot;inline-flex items-center justify-center whitespace-nowrap rounded-md text-sm font-medium ring-offset-background transition-colors focus-visible:outline-none focus-visible:ring-2 focus-visible:ring-ring focus-visible:ring-offset-2 disabled:pointer-events-none disabled:opacity-50 bg-primary text-primary-foreground hover:bg-primary/90 h-10 px-4 py-2 w-full&quot;
    type=&quot;submit&quot;
  /&gt;

  --------------------------------------------------

Ignored nodes: comments, script, style
&lt;body&gt;
  &lt;div&gt;
    &lt;div
      class=&quot;flex min-h-screen items-center justify-center bg-gradient-to-br from-slate-50 to-slate-100 dark:from-slate-900 dark:to-slate-800 p-4&quot;
    &gt;
      &lt;div
        aria-labelledby=&quot;register-title&quot;
        class=&quot;rounded-lg border bg-card text-card-foreground shadow-sm w-full max-w-md&quot;
        role=&quot;main&quot;
      &gt;
        &lt;div
          class=&quot;flex flex-col p-6 space-y-1&quot;
        &gt;
          &lt;div
            class=&quot;flex items-center justify-center mb-4&quot;
          &gt;
            &lt;div
              aria-label=&quot;AI Reviewer Logo&quot;
              class=&quot;h-12 w-12 rounded-lg bg-primary flex items-center justify-center&quot;
              role=&quot;img&quot;
            &gt;
              &lt;span
                aria-hidden=&quot;true&quot;
                class=&quot;text-primary-foreground font-bold text-2xl&quot;
              &gt;
                AI
              &lt;/span&gt;
            &lt;/div&gt;
          &lt;/div&gt;
          &lt;h3
            class=&quot;font-semibold tracking-tight text-2xl text-center&quot;
            id=&quot;register-title&quot;
          &gt;
            Create an account
          &lt;/h3&gt;
          &lt;p
            class=&quot;text-sm text-muted-foreground text-center&quot;
          &gt;
            Enter your information to get started
          &lt;/p&gt;
        &lt;/div&gt;
        &lt;div
          class=&quot;p-6 pt-0&quot;
        &gt;
          &lt;form
            aria-label=&quot;Registration form&quot;
            class=&quot;space-y-4&quot;
          &gt;
            &lt;div
              class=&quot;space-y-2&quot;
            &gt;
              &lt;label
                class=&quot;text-sm font-medium leading-none peer-disabled:cursor-not-allowed peer-disabled:opacity-70&quot;
                for=&quot;name&quot;
              &gt;
                Full Name
              &lt;/label&gt;
              &lt;input
                autocomplete=&quot;name&quot;
                class=&quot;flex h-10 w-full rounded-md border border-input bg-background px-3 py-2 text-sm ring-offset-background file:border-0 file:bg-transparent file:text-sm file:font-medium placeholder:text-muted-foreground focus-visible:outline-none focus-visible:ring-2 focus-visible:ring-ring focus-visible:ring-offset-2 disabled:cursor-not-allowed disabled:opacity-50&quot;
                id=&quot;name&quot;
                name=&quot;name&quot;
                placeholder=&quot;John Doe&quot;
                type=&quot;text&quot;
              /&gt;
            &lt;/div&gt;
            &lt;div
              class=&quot;space-y-2&quot;
            &gt;
              &lt;label
                class=&quot;text-sm font-medium leading-none peer-disabled:cursor-not-allowed peer-disabled:opacity-70&quot;
                for=&quot;email&quot;
              &gt;
                Email
              &lt;/label&gt;
              &lt;input
                autocomplete=&quot;email&quot;
                class=&quot;flex h-10 w-full rounded-md border border-input bg-background px-3 py-2 text-sm ring-offset-background file:border-0 file:bg-transparent file:text-sm file:font-medium placeholder:text-muted-foreground focus-visible:outline-none focus-visible:ring-2 focus-visible:ring-ring focus-visible:ring-offset-2 disabled:cursor-not-allowed disabled:opacity-50&quot;
                id=&quot;email&quot;
                name=&quot;email&quot;
                placeholder=&quot;name@example.com&quot;
                type=&quot;email&quot;
              /&gt;
            &lt;/div&gt;
            &lt;div
              class=&quot;space-y-2&quot;
            &gt;
              &lt;label
                class=&quot;text-sm font-medium leading-none peer-disabled:cursor-not-allowed peer-disabled:opacity-70&quot;
                for=&quot;password&quot;
              &gt;
                Password
              &lt;/label&gt;
              &lt;input
                aria-invalid=&quot;false&quot;
                aria-required=&quot;true&quot;
                autocomplete=&quot;new-password&quot;
                class=&quot;flex h-10 w-full rounded-md border border-input bg-background px-3 py-2 text-sm ring-offset-background file:border-0 file:bg-transparent file:text-sm file:font-medium placeholder:text-muted-foreground focus-visible:outline-none focus-visible:ring-2 focus-visible:ring-ring focus-visible:ring-offset-2 disabled:cursor-not-allowed disabled:opacity-50&quot;
                id=&quot;password&quot;
                name=&quot;password&quot;
                placeholder=&quot;Create a strong password&quot;
                type=&quot;password&quot;
              /&gt;
            &lt;/div&gt;
            &lt;div
              class=&quot;space-y-2&quot;
            &gt;
              &lt;label
                class=&quot;text-sm font-medium leading-none peer-disabled:cursor-not-allowed peer-disabled:opacity-70&quot;
                for=&quot;confirmPassword&quot;
              &gt;
                Confirm Password
              &lt;/label&gt;
              &lt;input
                autocomplete=&quot;new-password&quot;
                class=&quot;flex h-10 w-full rounded-md border border-input bg-background px-3 py-2 text-sm ring-offset-background file:border-0 file:bg-transparent file:text-sm file:font-medium placeholder:text-muted-foreground focus-visible:outline-none focus-visible:ring-2 focus-visible:ring-ring focus-visible:ring-offset-2 disabled:cursor-not-allowed disabled:opacity-50&quot;
                id=&quot;confirmPassword&quot;
                name=&quot;confirmPassword&quot;
                placeholder=&quot;Confirm your password&quot;
                type=&quot;password&quot;
              /&gt;
            &lt;/div&gt;
            &lt;div
              class=&quot;flex items-start space-x-2&quot;
            &gt;
              &lt;button
                aria-checked=&quot;false&quot;
                class=&quot;peer h-4 w-4 shrink-0 rounded-sm border border-primary ring-offset-background focus-visible:outline-none focus-visible:ring-2 focus-visible:ring-ring focus-visible:ring-offset-2 disabled:cursor-not-allowed disabled:opacity-50 data-[state=checked]:bg-primary data-[state=checked]:text-primary-foreground mt-1&quot;
                data-state=&quot;unchecked&quot;
                id=&quot;acceptTerms&quot;
                role=&quot;checkbox&quot;
                type=&quot;button&quot;
                value=&quot;on&quot;
              /&gt;
              &lt;input
                aria-hidden=&quot;true&quot;
                style=&quot;position: absolute; pointer-events: none; opacity: 0; margin: 0px; transform: translateX(-100%); width: 0px; height: 0px;&quot;
                tabindex=&quot;-1&quot;
                type=&quot;checkbox&quot;
                value=&quot;on&quot;
              /&gt;
              &lt;label
                class=&quot;peer-disabled:cursor-not-allowed peer-disabled:opacity-70 text-sm font-normal cursor-pointer leading-relaxed&quot;
                for=&quot;acceptTerms&quot;
              &gt;
                I agree to the
                 
                &lt;a
                  class=&quot;text-primary hover:underline&quot;
                  href=&quot;/terms&quot;
                &gt;
                  Terms of Service
                &lt;/a&gt;
                 
                and
                 
                &lt;a
                  class=&quot;text-primary hover:underline&quot;
                  href=&quot;/privacy&quot;
                &gt;
                  Privacy Policy
                &lt;/a&gt;
              &lt;/label&gt;
            &lt;/div&gt;
            &lt;button
              aria-label=&quot;Create your account&quot;
              class=&quot;inline-flex items-center justify-center whitespace-nowrap rounded-md text-sm font-medium ring-offset-background transition-colors focus-visible:outline-none focus-visible:ring-2 focus-visible:ring-ring focus-visible:ring-offset-2 disabled:pointer-events-none disabled:opacity-50 bg-primary text-primary-foreground hover:bg-primary/90 h-10 px-4 py-2 w-full&quot;
              type=&quot;submit&quot;
            &gt;
              Create account
            &lt;/button&gt;
          &lt;/form&gt;
        &lt;/div&gt;
        &lt;div
          class=&quot;flex items-center p-6 pt-0&quot;
        &gt;
          &lt;p
            class=&quot;text-sm text-center w-full text-muted-foreground&quot;
          &gt;
            Already have an account?
             
            &lt;a
              class=&quot;text-primary hover:underline&quot;
              href=&quot;/login&quot;
            &gt;
              Sign in
            &lt;/a&gt;
          &lt;/p&gt;
        &lt;/div&gt;
      &lt;/div&gt;
    &lt;/div&gt;
  &lt;/div&gt;
&lt;/body&gt;
    at Object.getElementError (D:\Desktop\AI-Based-Quality-Check-On-Project-Code-And-Architecture\frontend\node_modules\@testing-library\dom\dist\config.js:37:19)
    at D:\Desktop\AI-Based-Quality-Check-On-Project-Code-And-Architecture\frontend\node_modules\@testing-library\dom\dist\query-helpers.js:76:38
    at D:\Desktop\AI-Based-Quality-Check-On-Project-Code-And-Architecture\frontend\node_modules\@testing-library\dom\dist\query-helpers.js:52:17
    at D:\Desktop\AI-Based-Quality-Check-On-Project-Code-And-Architecture\frontend\node_modules\@testing-library\dom\dist\query-helpers.js:95:19
    at Object.getByRole (D:\Desktop\AI-Based-Quality-Check-On-Project-Code-And-Architecture\frontend\src\app\register\__tests__\page.test.tsx:45:19)
    at Promise.finally.completed (D:\Desktop\AI-Based-Quality-Check-On-Project-Code-And-Architecture\frontend\node_modules\jest-circus\build\jestAdapterInit.js:1557:28)
    at new Promise (&lt;anonymous&gt;)
    at callAsyncCircusFn (D:\Desktop\AI-Based-Quality-Check-On-Project-Code-And-Architecture\frontend\node_modules\jest-circus\build\jestAdapterInit.js:1497:10)
    at _callCircusTest (D:\Desktop\AI-Based-Quality-Check-On-Project-Code-And-Architecture\frontend\node_modules\jest-circus\build\jestAdapterInit.js:1007:40)
    at _runTest (D:\Desktop\AI-Based-Quality-Check-On-Project-Code-And-Architecture\frontend\node_modules\jest-circus\build\jestAdapterInit.js:947:3)
    at D:\Desktop\AI-Based-Quality-Check-On-Project-Code-And-Architecture\frontend\node_modules\jest-circus\build\jestAdapterInit.js:849:7
    at _runTestsForDescribeBlock (D:\Desktop\AI-Based-Quality-Check-On-Project-Code-And-Architecture\frontend\node_modules\jest-circus\build\jestAdapterInit.js:862:11)
    at _runTestsForDescribeBlock (D:\Desktop\AI-Based-Quality-Check-On-Project-Code-And-Architecture\frontend\node_modules\jest-circus\build\jestAdapterInit.js:857:11)
    at run (D:\Desktop\AI-Based-Quality-Check-On-Project-Code-And-Architecture\frontend\node_modules\jest-circus\build\jestAdapterInit.js:761:3)
    at runAndTransformResultsToJestFormat (D:\Desktop\AI-Based-Quality-Check-On-Project-Code-And-Architecture\frontend\node_modules\jest-circus\build\jestAdapterInit.js:1918:21)
    at jestAdapter (D:\Desktop\AI-Based-Quality-Check-On-Project-Code-And-Architecture\frontend\node_modules\jest-circus\build\runner.js:101:19)
    at runTestInternal (D:\Desktop\AI-Based-Quality-Check-On-Project-Code-And-Architecture\frontend\node_modules\jest-runner\build\index.js:275:16)
    at runTest (D:\Desktop\AI-Based-Quality-Check-On-Project-Code-And-Architecture\frontend\node_modules\jest-runner\build\index.js:343:7)</failure>
    </testcase>
    <testcase classname="RegisterPage" name="validates name length" time="0.27">
      <failure>TestingLibraryElementError: Unable to find an accessible element with the role &quot;button&quot; and name `/create account/i`

Here are the accessible roles:

  main:

  Name &quot;Create an account&quot;:
  &lt;div
    aria-labelledby=&quot;register-title&quot;
    class=&quot;rounded-lg border bg-card text-card-foreground shadow-sm w-full max-w-md&quot;
    role=&quot;main&quot;
  /&gt;

  --------------------------------------------------
  img:

  Name &quot;AI Reviewer Logo&quot;:
  &lt;div
    aria-label=&quot;AI Reviewer Logo&quot;
    class=&quot;h-12 w-12 rounded-lg bg-primary flex items-center justify-center&quot;
    role=&quot;img&quot;
  /&gt;

  --------------------------------------------------
  heading:

  Name &quot;Create an account&quot;:
  &lt;h3
    class=&quot;font-semibold tracking-tight text-2xl text-center&quot;
    id=&quot;register-title&quot;
  /&gt;

  --------------------------------------------------
  paragraph:

  Name &quot;&quot;:
  &lt;p
    class=&quot;text-sm text-muted-foreground text-center&quot;
  /&gt;

  Name &quot;&quot;:
  &lt;p
    class=&quot;text-sm text-center w-full text-muted-foreground&quot;
  /&gt;

  --------------------------------------------------
  form:

  Name &quot;Registration form&quot;:
  &lt;form
    aria-label=&quot;Registration form&quot;
    class=&quot;space-y-4&quot;
  /&gt;

  --------------------------------------------------
  textbox:

  Name &quot;Full Name&quot;:
  &lt;input
    autocomplete=&quot;name&quot;
    class=&quot;flex h-10 w-full rounded-md border border-input bg-background px-3 py-2 text-sm ring-offset-background file:border-0 file:bg-transparent file:text-sm file:font-medium placeholder:text-muted-foreground focus-visible:outline-none focus-visible:ring-2 focus-visible:ring-ring focus-visible:ring-offset-2 disabled:cursor-not-allowed disabled:opacity-50&quot;
    id=&quot;name&quot;
    name=&quot;name&quot;
    placeholder=&quot;John Doe&quot;
    type=&quot;text&quot;
  /&gt;

  Name &quot;Email&quot;:
  &lt;input
    autocomplete=&quot;email&quot;
    class=&quot;flex h-10 w-full rounded-md border border-input bg-background px-3 py-2 text-sm ring-offset-background file:border-0 file:bg-transparent file:text-sm file:font-medium placeholder:text-muted-foreground focus-visible:outline-none focus-visible:ring-2 focus-visible:ring-ring focus-visible:ring-offset-2 disabled:cursor-not-allowed disabled:opacity-50&quot;
    id=&quot;email&quot;
    name=&quot;email&quot;
    placeholder=&quot;name@example.com&quot;
    type=&quot;email&quot;
  /&gt;

  --------------------------------------------------
  checkbox:

  Name &quot;I agree to the Terms of Service and Privacy Policy&quot;:
  &lt;button
    aria-checked=&quot;false&quot;
    class=&quot;peer h-4 w-4 shrink-0 rounded-sm border border-primary ring-offset-background focus-visible:outline-none focus-visible:ring-2 focus-visible:ring-ring focus-visible:ring-offset-2 disabled:cursor-not-allowed disabled:opacity-50 data-[state=checked]:bg-primary data-[state=checked]:text-primary-foreground mt-1&quot;
    data-state=&quot;unchecked&quot;
    id=&quot;acceptTerms&quot;
    role=&quot;checkbox&quot;
    type=&quot;button&quot;
    value=&quot;on&quot;
  /&gt;

  --------------------------------------------------
  link:

  Name &quot;Terms of Service&quot;:
  &lt;a
    class=&quot;text-primary hover:underline&quot;
    href=&quot;/terms&quot;
  /&gt;

  Name &quot;Privacy Policy&quot;:
  &lt;a
    class=&quot;text-primary hover:underline&quot;
    href=&quot;/privacy&quot;
  /&gt;

  Name &quot;Sign in&quot;:
  &lt;a
    class=&quot;text-primary hover:underline&quot;
    href=&quot;/login&quot;
  /&gt;

  --------------------------------------------------
  button:

  Name &quot;Create your account&quot;:
  &lt;button
    aria-label=&quot;Create your account&quot;
    class=&quot;inline-flex items-center justify-center whitespace-nowrap rounded-md text-sm font-medium ring-offset-background transition-colors focus-visible:outline-none focus-visible:ring-2 focus-visible:ring-ring focus-visible:ring-offset-2 disabled:pointer-events-none disabled:opacity-50 bg-primary text-primary-foreground hover:bg-primary/90 h-10 px-4 py-2 w-full&quot;
    type=&quot;submit&quot;
  /&gt;

  --------------------------------------------------

Ignored nodes: comments, script, style
&lt;body&gt;
  &lt;div&gt;
    &lt;div
      class=&quot;flex min-h-screen items-center justify-center bg-gradient-to-br from-slate-50 to-slate-100 dark:from-slate-900 dark:to-slate-800 p-4&quot;
    &gt;
      &lt;div
        aria-labelledby=&quot;register-title&quot;
        class=&quot;rounded-lg border bg-card text-card-foreground shadow-sm w-full max-w-md&quot;
        role=&quot;main&quot;
      &gt;
        &lt;div
          class=&quot;flex flex-col p-6 space-y-1&quot;
        &gt;
          &lt;div
            class=&quot;flex items-center justify-center mb-4&quot;
          &gt;
            &lt;div
              aria-label=&quot;AI Reviewer Logo&quot;
              class=&quot;h-12 w-12 rounded-lg bg-primary flex items-center justify-center&quot;
              role=&quot;img&quot;
            &gt;
              &lt;span
                aria-hidden=&quot;true&quot;
                class=&quot;text-primary-foreground font-bold text-2xl&quot;
              &gt;
                AI
              &lt;/span&gt;
            &lt;/div&gt;
          &lt;/div&gt;
          &lt;h3
            class=&quot;font-semibold tracking-tight text-2xl text-center&quot;
            id=&quot;register-title&quot;
          &gt;
            Create an account
          &lt;/h3&gt;
          &lt;p
            class=&quot;text-sm text-muted-foreground text-center&quot;
          &gt;
            Enter your information to get started
          &lt;/p&gt;
        &lt;/div&gt;
        &lt;div
          class=&quot;p-6 pt-0&quot;
        &gt;
          &lt;form
            aria-label=&quot;Registration form&quot;
            class=&quot;space-y-4&quot;
          &gt;
            &lt;div
              class=&quot;space-y-2&quot;
            &gt;
              &lt;label
                class=&quot;text-sm font-medium leading-none peer-disabled:cursor-not-allowed peer-disabled:opacity-70&quot;
                for=&quot;name&quot;
              &gt;
                Full Name
              &lt;/label&gt;
              &lt;input
                autocomplete=&quot;name&quot;
                class=&quot;flex h-10 w-full rounded-md border border-input bg-background px-3 py-2 text-sm ring-offset-background file:border-0 file:bg-transparent file:text-sm file:font-medium placeholder:text-muted-foreground focus-visible:outline-none focus-visible:ring-2 focus-visible:ring-ring focus-visible:ring-offset-2 disabled:cursor-not-allowed disabled:opacity-50&quot;
                id=&quot;name&quot;
                name=&quot;name&quot;
                placeholder=&quot;John Doe&quot;
                type=&quot;text&quot;
              /&gt;
            &lt;/div&gt;
            &lt;div
              class=&quot;space-y-2&quot;
            &gt;
              &lt;label
                class=&quot;text-sm font-medium leading-none peer-disabled:cursor-not-allowed peer-disabled:opacity-70&quot;
                for=&quot;email&quot;
              &gt;
                Email
              &lt;/label&gt;
              &lt;input
                autocomplete=&quot;email&quot;
                class=&quot;flex h-10 w-full rounded-md border border-input bg-background px-3 py-2 text-sm ring-offset-background file:border-0 file:bg-transparent file:text-sm file:font-medium placeholder:text-muted-foreground focus-visible:outline-none focus-visible:ring-2 focus-visible:ring-ring focus-visible:ring-offset-2 disabled:cursor-not-allowed disabled:opacity-50&quot;
                id=&quot;email&quot;
                name=&quot;email&quot;
                placeholder=&quot;name@example.com&quot;
                type=&quot;email&quot;
              /&gt;
            &lt;/div&gt;
            &lt;div
              class=&quot;space-y-2&quot;
            &gt;
              &lt;label
                class=&quot;text-sm font-medium leading-none peer-disabled:cursor-not-allowed peer-disabled:opacity-70&quot;
                for=&quot;password&quot;
              &gt;
                Password
              &lt;/label&gt;
              &lt;input
                aria-invalid=&quot;false&quot;
                aria-required=&quot;true&quot;
                autocomplete=&quot;new-password&quot;
                class=&quot;flex h-10 w-full rounded-md border border-input bg-background px-3 py-2 text-sm ring-offset-background file:border-0 file:bg-transparent file:text-sm file:font-medium placeholder:text-muted-foreground focus-visible:outline-none focus-visible:ring-2 focus-visible:ring-ring focus-visible:ring-offset-2 disabled:cursor-not-allowed disabled:opacity-50&quot;
                id=&quot;password&quot;
                name=&quot;password&quot;
                placeholder=&quot;Create a strong password&quot;
                type=&quot;password&quot;
              /&gt;
            &lt;/div&gt;
            &lt;div
              class=&quot;space-y-2&quot;
            &gt;
              &lt;label
                class=&quot;text-sm font-medium leading-none peer-disabled:cursor-not-allowed peer-disabled:opacity-70&quot;
                for=&quot;confirmPassword&quot;
              &gt;
                Confirm Password
              &lt;/label&gt;
              &lt;input
                autocomplete=&quot;new-password&quot;
                class=&quot;flex h-10 w-full rounded-md border border-input bg-background px-3 py-2 text-sm ring-offset-background file:border-0 file:bg-transparent file:text-sm file:font-medium placeholder:text-muted-foreground focus-visible:outline-none focus-visible:ring-2 focus-visible:ring-ring focus-visible:ring-offset-2 disabled:cursor-not-allowed disabled:opacity-50&quot;
                id=&quot;confirmPassword&quot;
                name=&quot;confirmPassword&quot;
                placeholder=&quot;Confirm your password&quot;
                type=&quot;password&quot;
              /&gt;
            &lt;/div&gt;
            &lt;div
              class=&quot;flex items-start space-x-2&quot;
            &gt;
              &lt;button
                aria-checked=&quot;false&quot;
                class=&quot;peer h-4 w-4 shrink-0 rounded-sm border border-primary ring-offset-background focus-visible:outline-none focus-visible:ring-2 focus-visible:ring-ring focus-visible:ring-offset-2 disabled:cursor-not-allowed disabled:opacity-50 data-[state=checked]:bg-primary data-[state=checked]:text-primary-foreground mt-1&quot;
                data-state=&quot;unchecked&quot;
                id=&quot;acceptTerms&quot;
                role=&quot;checkbox&quot;
                type=&quot;button&quot;
                value=&quot;on&quot;
              /&gt;
              &lt;input
                aria-hidden=&quot;true&quot;
                style=&quot;position: absolute; pointer-events: none; opacity: 0; margin: 0px; transform: translateX(-100%); width: 0px; height: 0px;&quot;
                tabindex=&quot;-1&quot;
                type=&quot;checkbox&quot;
                value=&quot;on&quot;
              /&gt;
              &lt;label
                class=&quot;peer-disabled:cursor-not-allowed peer-disabled:opacity-70 text-sm font-normal cursor-pointer leading-relaxed&quot;
                for=&quot;acceptTerms&quot;
              &gt;
                I agree to the
                 
                &lt;a
                  class=&quot;text-primary hover:underline&quot;
                  href=&quot;/terms&quot;
                &gt;
                  Terms of Service
                &lt;/a&gt;
                 
                and
                 
                &lt;a
                  class=&quot;text-primary hover:underline&quot;
                  href=&quot;/privacy&quot;
                &gt;
                  Privacy Policy
                &lt;/a&gt;
              &lt;/label&gt;
            &lt;/div&gt;
            &lt;button
              aria-label=&quot;Create your account&quot;
              class=&quot;inline-flex items-center justify-center whitespace-nowrap rounded-md text-sm font-medium ring-offset-background transition-colors focus-visible:outline-none focus-visible:ring-2 focus-visible:ring-ring focus-visible:ring-offset-2 disabled:pointer-events-none disabled:opacity-50 bg-primary text-primary-foreground hover:bg-primary/90 h-10 px-4 py-2 w-full&quot;
              type=&quot;submit&quot;
            &gt;
              Create account
            &lt;/button&gt;
          &lt;/form&gt;
        &lt;/div&gt;
        &lt;div
          class=&quot;flex items-center p-6 pt-0&quot;
        &gt;
          &lt;p
            class=&quot;text-sm text-center w-full text-muted-foreground&quot;
          &gt;
            Already have an account?
             
            &lt;a
              class=&quot;text-primary hover:underline&quot;
              href=&quot;/login&quot;
            &gt;
              Sign in
            &lt;/a&gt;
          &lt;/p&gt;
        &lt;/div&gt;
      &lt;/div&gt;
    &lt;/div&gt;
  &lt;/div&gt;
&lt;/body&gt;
    at Object.getElementError (D:\Desktop\AI-Based-Quality-Check-On-Project-Code-And-Architecture\frontend\node_modules\@testing-library\dom\dist\config.js:37:19)
    at D:\Desktop\AI-Based-Quality-Check-On-Project-Code-And-Architecture\frontend\node_modules\@testing-library\dom\dist\query-helpers.js:76:38
    at D:\Desktop\AI-Based-Quality-Check-On-Project-Code-And-Architecture\frontend\node_modules\@testing-library\dom\dist\query-helpers.js:52:17
    at D:\Desktop\AI-Based-Quality-Check-On-Project-Code-And-Architecture\frontend\node_modules\@testing-library\dom\dist\query-helpers.js:95:19
    at Object.getByRole (D:\Desktop\AI-Based-Quality-Check-On-Project-Code-And-Architecture\frontend\src\app\register\__tests__\page.test.tsx:53:33)
    at Promise.finally.completed (D:\Desktop\AI-Based-Quality-Check-On-Project-Code-And-Architecture\frontend\node_modules\jest-circus\build\jestAdapterInit.js:1557:28)
    at new Promise (&lt;anonymous&gt;)
    at callAsyncCircusFn (D:\Desktop\AI-Based-Quality-Check-On-Project-Code-And-Architecture\frontend\node_modules\jest-circus\build\jestAdapterInit.js:1497:10)
    at _callCircusTest (D:\Desktop\AI-Based-Quality-Check-On-Project-Code-And-Architecture\frontend\node_modules\jest-circus\build\jestAdapterInit.js:1007:40)
    at _runTest (D:\Desktop\AI-Based-Quality-Check-On-Project-Code-And-Architecture\frontend\node_modules\jest-circus\build\jestAdapterInit.js:947:3)
    at D:\Desktop\AI-Based-Quality-Check-On-Project-Code-And-Architecture\frontend\node_modules\jest-circus\build\jestAdapterInit.js:849:7
    at _runTestsForDescribeBlock (D:\Desktop\AI-Based-Quality-Check-On-Project-Code-And-Architecture\frontend\node_modules\jest-circus\build\jestAdapterInit.js:862:11)
    at _runTestsForDescribeBlock (D:\Desktop\AI-Based-Quality-Check-On-Project-Code-And-Architecture\frontend\node_modules\jest-circus\build\jestAdapterInit.js:857:11)
    at run (D:\Desktop\AI-Based-Quality-Check-On-Project-Code-And-Architecture\frontend\node_modules\jest-circus\build\jestAdapterInit.js:761:3)
    at runAndTransformResultsToJestFormat (D:\Desktop\AI-Based-Quality-Check-On-Project-Code-And-Architecture\frontend\node_modules\jest-circus\build\jestAdapterInit.js:1918:21)
    at jestAdapter (D:\Desktop\AI-Based-Quality-Check-On-Project-Code-And-Architecture\frontend\node_modules\jest-circus\build\runner.js:101:19)
    at runTestInternal (D:\Desktop\AI-Based-Quality-Check-On-Project-Code-And-Architecture\frontend\node_modules\jest-runner\build\index.js:275:16)
    at runTest (D:\Desktop\AI-Based-Quality-Check-On-Project-Code-And-Architecture\frontend\node_modules\jest-runner\build\index.js:343:7)</failure>
    </testcase>
    <testcase classname="RegisterPage" name="validates email format" time="0.121">
      <failure>TestingLibraryElementError: Unable to find an accessible element with the role &quot;button&quot; and name `/create account/i`

Here are the accessible roles:

  main:

  Name &quot;Create an account&quot;:
  &lt;div
    aria-labelledby=&quot;register-title&quot;
    class=&quot;rounded-lg border bg-card text-card-foreground shadow-sm w-full max-w-md&quot;
    role=&quot;main&quot;
  /&gt;

  --------------------------------------------------
  img:

  Name &quot;AI Reviewer Logo&quot;:
  &lt;div
    aria-label=&quot;AI Reviewer Logo&quot;
    class=&quot;h-12 w-12 rounded-lg bg-primary flex items-center justify-center&quot;
    role=&quot;img&quot;
  /&gt;

  --------------------------------------------------
  heading:

  Name &quot;Create an account&quot;:
  &lt;h3
    class=&quot;font-semibold tracking-tight text-2xl text-center&quot;
    id=&quot;register-title&quot;
  /&gt;

  --------------------------------------------------
  paragraph:

  Name &quot;&quot;:
  &lt;p
    class=&quot;text-sm text-muted-foreground text-center&quot;
  /&gt;

  Name &quot;&quot;:
  &lt;p
    class=&quot;text-sm text-center w-full text-muted-foreground&quot;
  /&gt;

  --------------------------------------------------
  form:

  Name &quot;Registration form&quot;:
  &lt;form
    aria-label=&quot;Registration form&quot;
    class=&quot;space-y-4&quot;
  /&gt;

  --------------------------------------------------
  textbox:

  Name &quot;Full Name&quot;:
  &lt;input
    autocomplete=&quot;name&quot;
    class=&quot;flex h-10 w-full rounded-md border border-input bg-background px-3 py-2 text-sm ring-offset-background file:border-0 file:bg-transparent file:text-sm file:font-medium placeholder:text-muted-foreground focus-visible:outline-none focus-visible:ring-2 focus-visible:ring-ring focus-visible:ring-offset-2 disabled:cursor-not-allowed disabled:opacity-50&quot;
    id=&quot;name&quot;
    name=&quot;name&quot;
    placeholder=&quot;John Doe&quot;
    type=&quot;text&quot;
  /&gt;

  Name &quot;Email&quot;:
  &lt;input
    autocomplete=&quot;email&quot;
    class=&quot;flex h-10 w-full rounded-md border border-input bg-background px-3 py-2 text-sm ring-offset-background file:border-0 file:bg-transparent file:text-sm file:font-medium placeholder:text-muted-foreground focus-visible:outline-none focus-visible:ring-2 focus-visible:ring-ring focus-visible:ring-offset-2 disabled:cursor-not-allowed disabled:opacity-50&quot;
    id=&quot;email&quot;
    name=&quot;email&quot;
    placeholder=&quot;name@example.com&quot;
    type=&quot;email&quot;
  /&gt;

  --------------------------------------------------
  checkbox:

  Name &quot;I agree to the Terms of Service and Privacy Policy&quot;:
  &lt;button
    aria-checked=&quot;false&quot;
    class=&quot;peer h-4 w-4 shrink-0 rounded-sm border border-primary ring-offset-background focus-visible:outline-none focus-visible:ring-2 focus-visible:ring-ring focus-visible:ring-offset-2 disabled:cursor-not-allowed disabled:opacity-50 data-[state=checked]:bg-primary data-[state=checked]:text-primary-foreground mt-1&quot;
    data-state=&quot;unchecked&quot;
    id=&quot;acceptTerms&quot;
    role=&quot;checkbox&quot;
    type=&quot;button&quot;
    value=&quot;on&quot;
  /&gt;

  --------------------------------------------------
  link:

  Name &quot;Terms of Service&quot;:
  &lt;a
    class=&quot;text-primary hover:underline&quot;
    href=&quot;/terms&quot;
  /&gt;

  Name &quot;Privacy Policy&quot;:
  &lt;a
    class=&quot;text-primary hover:underline&quot;
    href=&quot;/privacy&quot;
  /&gt;

  Name &quot;Sign in&quot;:
  &lt;a
    class=&quot;text-primary hover:underline&quot;
    href=&quot;/login&quot;
  /&gt;

  --------------------------------------------------
  button:

  Name &quot;Create your account&quot;:
  &lt;button
    aria-label=&quot;Create your account&quot;
    class=&quot;inline-flex items-center justify-center whitespace-nowrap rounded-md text-sm font-medium ring-offset-background transition-colors focus-visible:outline-none focus-visible:ring-2 focus-visible:ring-ring focus-visible:ring-offset-2 disabled:pointer-events-none disabled:opacity-50 bg-primary text-primary-foreground hover:bg-primary/90 h-10 px-4 py-2 w-full&quot;
    type=&quot;submit&quot;
  /&gt;

  --------------------------------------------------

Ignored nodes: comments, script, style
&lt;body&gt;
  &lt;div&gt;
    &lt;div
      class=&quot;flex min-h-screen items-center justify-center bg-gradient-to-br from-slate-50 to-slate-100 dark:from-slate-900 dark:to-slate-800 p-4&quot;
    &gt;
      &lt;div
        aria-labelledby=&quot;register-title&quot;
        class=&quot;rounded-lg border bg-card text-card-foreground shadow-sm w-full max-w-md&quot;
        role=&quot;main&quot;
      &gt;
        &lt;div
          class=&quot;flex flex-col p-6 space-y-1&quot;
        &gt;
          &lt;div
            class=&quot;flex items-center justify-center mb-4&quot;
          &gt;
            &lt;div
              aria-label=&quot;AI Reviewer Logo&quot;
              class=&quot;h-12 w-12 rounded-lg bg-primary flex items-center justify-center&quot;
              role=&quot;img&quot;
            &gt;
              &lt;span
                aria-hidden=&quot;true&quot;
                class=&quot;text-primary-foreground font-bold text-2xl&quot;
              &gt;
                AI
              &lt;/span&gt;
            &lt;/div&gt;
          &lt;/div&gt;
          &lt;h3
            class=&quot;font-semibold tracking-tight text-2xl text-center&quot;
            id=&quot;register-title&quot;
          &gt;
            Create an account
          &lt;/h3&gt;
          &lt;p
            class=&quot;text-sm text-muted-foreground text-center&quot;
          &gt;
            Enter your information to get started
          &lt;/p&gt;
        &lt;/div&gt;
        &lt;div
          class=&quot;p-6 pt-0&quot;
        &gt;
          &lt;form
            aria-label=&quot;Registration form&quot;
            class=&quot;space-y-4&quot;
          &gt;
            &lt;div
              class=&quot;space-y-2&quot;
            &gt;
              &lt;label
                class=&quot;text-sm font-medium leading-none peer-disabled:cursor-not-allowed peer-disabled:opacity-70&quot;
                for=&quot;name&quot;
              &gt;
                Full Name
              &lt;/label&gt;
              &lt;input
                autocomplete=&quot;name&quot;
                class=&quot;flex h-10 w-full rounded-md border border-input bg-background px-3 py-2 text-sm ring-offset-background file:border-0 file:bg-transparent file:text-sm file:font-medium placeholder:text-muted-foreground focus-visible:outline-none focus-visible:ring-2 focus-visible:ring-ring focus-visible:ring-offset-2 disabled:cursor-not-allowed disabled:opacity-50&quot;
                id=&quot;name&quot;
                name=&quot;name&quot;
                placeholder=&quot;John Doe&quot;
                type=&quot;text&quot;
              /&gt;
            &lt;/div&gt;
            &lt;div
              class=&quot;space-y-2&quot;
            &gt;
              &lt;label
                class=&quot;text-sm font-medium leading-none peer-disabled:cursor-not-allowed peer-disabled:opacity-70&quot;
                for=&quot;email&quot;
              &gt;
                Email
              &lt;/label&gt;
              &lt;input
                autocomplete=&quot;email&quot;
                class=&quot;flex h-10 w-full rounded-md border border-input bg-background px-3 py-2 text-sm ring-offset-background file:border-0 file:bg-transparent file:text-sm file:font-medium placeholder:text-muted-foreground focus-visible:outline-none focus-visible:ring-2 focus-visible:ring-ring focus-visible:ring-offset-2 disabled:cursor-not-allowed disabled:opacity-50&quot;
                id=&quot;email&quot;
                name=&quot;email&quot;
                placeholder=&quot;name@example.com&quot;
                type=&quot;email&quot;
              /&gt;
            &lt;/div&gt;
            &lt;div
              class=&quot;space-y-2&quot;
            &gt;
              &lt;label
                class=&quot;text-sm font-medium leading-none peer-disabled:cursor-not-allowed peer-disabled:opacity-70&quot;
                for=&quot;password&quot;
              &gt;
                Password
              &lt;/label&gt;
              &lt;input
                aria-invalid=&quot;false&quot;
                aria-required=&quot;true&quot;
                autocomplete=&quot;new-password&quot;
                class=&quot;flex h-10 w-full rounded-md border border-input bg-background px-3 py-2 text-sm ring-offset-background file:border-0 file:bg-transparent file:text-sm file:font-medium placeholder:text-muted-foreground focus-visible:outline-none focus-visible:ring-2 focus-visible:ring-ring focus-visible:ring-offset-2 disabled:cursor-not-allowed disabled:opacity-50&quot;
                id=&quot;password&quot;
                name=&quot;password&quot;
                placeholder=&quot;Create a strong password&quot;
                type=&quot;password&quot;
              /&gt;
            &lt;/div&gt;
            &lt;div
              class=&quot;space-y-2&quot;
            &gt;
              &lt;label
                class=&quot;text-sm font-medium leading-none peer-disabled:cursor-not-allowed peer-disabled:opacity-70&quot;
                for=&quot;confirmPassword&quot;
              &gt;
                Confirm Password
              &lt;/label&gt;
              &lt;input
                autocomplete=&quot;new-password&quot;
                class=&quot;flex h-10 w-full rounded-md border border-input bg-background px-3 py-2 text-sm ring-offset-background file:border-0 file:bg-transparent file:text-sm file:font-medium placeholder:text-muted-foreground focus-visible:outline-none focus-visible:ring-2 focus-visible:ring-ring focus-visible:ring-offset-2 disabled:cursor-not-allowed disabled:opacity-50&quot;
                id=&quot;confirmPassword&quot;
                name=&quot;confirmPassword&quot;
                placeholder=&quot;Confirm your password&quot;
                type=&quot;password&quot;
              /&gt;
            &lt;/div&gt;
            &lt;div
              class=&quot;flex items-start space-x-2&quot;
            &gt;
              &lt;button
                aria-checked=&quot;false&quot;
                class=&quot;peer h-4 w-4 shrink-0 rounded-sm border border-primary ring-offset-background focus-visible:outline-none focus-visible:ring-2 focus-visible:ring-ring focus-visible:ring-offset-2 disabled:cursor-not-allowed disabled:opacity-50 data-[state=checked]:bg-primary data-[state=checked]:text-primary-foreground mt-1&quot;
                data-state=&quot;unchecked&quot;
                id=&quot;acceptTerms&quot;
                role=&quot;checkbox&quot;
                type=&quot;button&quot;
                value=&quot;on&quot;
              /&gt;
              &lt;input
                aria-hidden=&quot;true&quot;
                style=&quot;position: absolute; pointer-events: none; opacity: 0; margin: 0px; transform: translateX(-100%); width: 0px; height: 0px;&quot;
                tabindex=&quot;-1&quot;
                type=&quot;checkbox&quot;
                value=&quot;on&quot;
              /&gt;
              &lt;label
                class=&quot;peer-disabled:cursor-not-allowed peer-disabled:opacity-70 text-sm font-normal cursor-pointer leading-relaxed&quot;
                for=&quot;acceptTerms&quot;
              &gt;
                I agree to the
                 
                &lt;a
                  class=&quot;text-primary hover:underline&quot;
                  href=&quot;/terms&quot;
                &gt;
                  Terms of Service
                &lt;/a&gt;
                 
                and
                 
                &lt;a
                  class=&quot;text-primary hover:underline&quot;
                  href=&quot;/privacy&quot;
                &gt;
                  Privacy Policy
                &lt;/a&gt;
              &lt;/label&gt;
            &lt;/div&gt;
            &lt;button
              aria-label=&quot;Create your account&quot;
              class=&quot;inline-flex items-center justify-center whitespace-nowrap rounded-md text-sm font-medium ring-offset-background transition-colors focus-visible:outline-none focus-visible:ring-2 focus-visible:ring-ring focus-visible:ring-offset-2 disabled:pointer-events-none disabled:opacity-50 bg-primary text-primary-foreground hover:bg-primary/90 h-10 px-4 py-2 w-full&quot;
              type=&quot;submit&quot;
            &gt;
              Create account
            &lt;/button&gt;
          &lt;/form&gt;
        &lt;/div&gt;
        &lt;div
          class=&quot;flex items-center p-6 pt-0&quot;
        &gt;
          &lt;p
            class=&quot;text-sm text-center w-full text-muted-foreground&quot;
          &gt;
            Already have an account?
             
            &lt;a
              class=&quot;text-primary hover:underline&quot;
              href=&quot;/login&quot;
            &gt;
              Sign in
            &lt;/a&gt;
          &lt;/p&gt;
        &lt;/div&gt;
      &lt;/div&gt;
    &lt;/div&gt;
  &lt;/div&gt;
&lt;/body&gt;
    at Object.getElementError (D:\Desktop\AI-Based-Quality-Check-On-Project-Code-And-Architecture\frontend\node_modules\@testing-library\dom\dist\config.js:37:19)
    at D:\Desktop\AI-Based-Quality-Check-On-Project-Code-And-Architecture\frontend\node_modules\@testing-library\dom\dist\query-helpers.js:76:38
    at D:\Desktop\AI-Based-Quality-Check-On-Project-Code-And-Architecture\frontend\node_modules\@testing-library\dom\dist\query-helpers.js:52:17
    at D:\Desktop\AI-Based-Quality-Check-On-Project-Code-And-Architecture\frontend\node_modules\@testing-library\dom\dist\query-helpers.js:95:19
    at Object.getByRole (D:\Desktop\AI-Based-Quality-Check-On-Project-Code-And-Architecture\frontend\src\app\register\__tests__\page.test.tsx:68:33)
    at Promise.finally.completed (D:\Desktop\AI-Based-Quality-Check-On-Project-Code-And-Architecture\frontend\node_modules\jest-circus\build\jestAdapterInit.js:1557:28)
    at new Promise (&lt;anonymous&gt;)
    at callAsyncCircusFn (D:\Desktop\AI-Based-Quality-Check-On-Project-Code-And-Architecture\frontend\node_modules\jest-circus\build\jestAdapterInit.js:1497:10)
    at _callCircusTest (D:\Desktop\AI-Based-Quality-Check-On-Project-Code-And-Architecture\frontend\node_modules\jest-circus\build\jestAdapterInit.js:1007:40)
    at _runTest (D:\Desktop\AI-Based-Quality-Check-On-Project-Code-And-Architecture\frontend\node_modules\jest-circus\build\jestAdapterInit.js:947:3)
    at D:\Desktop\AI-Based-Quality-Check-On-Project-Code-And-Architecture\frontend\node_modules\jest-circus\build\jestAdapterInit.js:849:7
    at _runTestsForDescribeBlock (D:\Desktop\AI-Based-Quality-Check-On-Project-Code-And-Architecture\frontend\node_modules\jest-circus\build\jestAdapterInit.js:862:11)
    at _runTestsForDescribeBlock (D:\Desktop\AI-Based-Quality-Check-On-Project-Code-And-Architecture\frontend\node_modules\jest-circus\build\jestAdapterInit.js:857:11)
    at run (D:\Desktop\AI-Based-Quality-Check-On-Project-Code-And-Architecture\frontend\node_modules\jest-circus\build\jestAdapterInit.js:761:3)
    at runAndTransformResultsToJestFormat (D:\Desktop\AI-Based-Quality-Check-On-Project-Code-And-Architecture\frontend\node_modules\jest-circus\build\jestAdapterInit.js:1918:21)
    at jestAdapter (D:\Desktop\AI-Based-Quality-Check-On-Project-Code-And-Architecture\frontend\node_modules\jest-circus\build\runner.js:101:19)
    at runTestInternal (D:\Desktop\AI-Based-Quality-Check-On-Project-Code-And-Architecture\frontend\node_modules\jest-runner\build\index.js:275:16)
    at runTest (D:\Desktop\AI-Based-Quality-Check-On-Project-Code-And-Architecture\frontend\node_modules\jest-runner\build\index.js:343:7)</failure>
    </testcase>
    <testcase classname="RegisterPage" name="validates password requirements" time="0.114">
      <failure>TestingLibraryElementError: Unable to find an accessible element with the role &quot;button&quot; and name `/create account/i`

Here are the accessible roles:

  main:

  Name &quot;Create an account&quot;:
  &lt;div
    aria-labelledby=&quot;register-title&quot;
    class=&quot;rounded-lg border bg-card text-card-foreground shadow-sm w-full max-w-md&quot;
    role=&quot;main&quot;
  /&gt;

  --------------------------------------------------
  img:

  Name &quot;AI Reviewer Logo&quot;:
  &lt;div
    aria-label=&quot;AI Reviewer Logo&quot;
    class=&quot;h-12 w-12 rounded-lg bg-primary flex items-center justify-center&quot;
    role=&quot;img&quot;
  /&gt;

  --------------------------------------------------
  heading:

  Name &quot;Create an account&quot;:
  &lt;h3
    class=&quot;font-semibold tracking-tight text-2xl text-center&quot;
    id=&quot;register-title&quot;
  /&gt;

  --------------------------------------------------
  paragraph:

  Name &quot;&quot;:
  &lt;p
    class=&quot;text-sm text-muted-foreground text-center&quot;
  /&gt;

  Name &quot;&quot;:
  &lt;p
    class=&quot;text-sm text-center w-full text-muted-foreground&quot;
  /&gt;

  --------------------------------------------------
  form:

  Name &quot;Registration form&quot;:
  &lt;form
    aria-label=&quot;Registration form&quot;
    class=&quot;space-y-4&quot;
  /&gt;

  --------------------------------------------------
  textbox:

  Name &quot;Full Name&quot;:
  &lt;input
    autocomplete=&quot;name&quot;
    class=&quot;flex h-10 w-full rounded-md border border-input bg-background px-3 py-2 text-sm ring-offset-background file:border-0 file:bg-transparent file:text-sm file:font-medium placeholder:text-muted-foreground focus-visible:outline-none focus-visible:ring-2 focus-visible:ring-ring focus-visible:ring-offset-2 disabled:cursor-not-allowed disabled:opacity-50&quot;
    id=&quot;name&quot;
    name=&quot;name&quot;
    placeholder=&quot;John Doe&quot;
    type=&quot;text&quot;
  /&gt;

  Name &quot;Email&quot;:
  &lt;input
    autocomplete=&quot;email&quot;
    class=&quot;flex h-10 w-full rounded-md border border-input bg-background px-3 py-2 text-sm ring-offset-background file:border-0 file:bg-transparent file:text-sm file:font-medium placeholder:text-muted-foreground focus-visible:outline-none focus-visible:ring-2 focus-visible:ring-ring focus-visible:ring-offset-2 disabled:cursor-not-allowed disabled:opacity-50&quot;
    id=&quot;email&quot;
    name=&quot;email&quot;
    placeholder=&quot;name@example.com&quot;
    type=&quot;email&quot;
  /&gt;

  --------------------------------------------------
  checkbox:

  Name &quot;I agree to the Terms of Service and Privacy Policy&quot;:
  &lt;button
    aria-checked=&quot;false&quot;
    class=&quot;peer h-4 w-4 shrink-0 rounded-sm border border-primary ring-offset-background focus-visible:outline-none focus-visible:ring-2 focus-visible:ring-ring focus-visible:ring-offset-2 disabled:cursor-not-allowed disabled:opacity-50 data-[state=checked]:bg-primary data-[state=checked]:text-primary-foreground mt-1&quot;
    data-state=&quot;unchecked&quot;
    id=&quot;acceptTerms&quot;
    role=&quot;checkbox&quot;
    type=&quot;button&quot;
    value=&quot;on&quot;
  /&gt;

  --------------------------------------------------
  link:

  Name &quot;Terms of Service&quot;:
  &lt;a
    class=&quot;text-primary hover:underline&quot;
    href=&quot;/terms&quot;
  /&gt;

  Name &quot;Privacy Policy&quot;:
  &lt;a
    class=&quot;text-primary hover:underline&quot;
    href=&quot;/privacy&quot;
  /&gt;

  Name &quot;Sign in&quot;:
  &lt;a
    class=&quot;text-primary hover:underline&quot;
    href=&quot;/login&quot;
  /&gt;

  --------------------------------------------------
  button:

  Name &quot;Create your account&quot;:
  &lt;button
    aria-label=&quot;Create your account&quot;
    class=&quot;inline-flex items-center justify-center whitespace-nowrap rounded-md text-sm font-medium ring-offset-background transition-colors focus-visible:outline-none focus-visible:ring-2 focus-visible:ring-ring focus-visible:ring-offset-2 disabled:pointer-events-none disabled:opacity-50 bg-primary text-primary-foreground hover:bg-primary/90 h-10 px-4 py-2 w-full&quot;
    type=&quot;submit&quot;
  /&gt;

  --------------------------------------------------

Ignored nodes: comments, script, style
&lt;body&gt;
  &lt;div&gt;
    &lt;div
      class=&quot;flex min-h-screen items-center justify-center bg-gradient-to-br from-slate-50 to-slate-100 dark:from-slate-900 dark:to-slate-800 p-4&quot;
    &gt;
      &lt;div
        aria-labelledby=&quot;register-title&quot;
        class=&quot;rounded-lg border bg-card text-card-foreground shadow-sm w-full max-w-md&quot;
        role=&quot;main&quot;
      &gt;
        &lt;div
          class=&quot;flex flex-col p-6 space-y-1&quot;
        &gt;
          &lt;div
            class=&quot;flex items-center justify-center mb-4&quot;
          &gt;
            &lt;div
              aria-label=&quot;AI Reviewer Logo&quot;
              class=&quot;h-12 w-12 rounded-lg bg-primary flex items-center justify-center&quot;
              role=&quot;img&quot;
            &gt;
              &lt;span
                aria-hidden=&quot;true&quot;
                class=&quot;text-primary-foreground font-bold text-2xl&quot;
              &gt;
                AI
              &lt;/span&gt;
            &lt;/div&gt;
          &lt;/div&gt;
          &lt;h3
            class=&quot;font-semibold tracking-tight text-2xl text-center&quot;
            id=&quot;register-title&quot;
          &gt;
            Create an account
          &lt;/h3&gt;
          &lt;p
            class=&quot;text-sm text-muted-foreground text-center&quot;
          &gt;
            Enter your information to get started
          &lt;/p&gt;
        &lt;/div&gt;
        &lt;div
          class=&quot;p-6 pt-0&quot;
        &gt;
          &lt;form
            aria-label=&quot;Registration form&quot;
            class=&quot;space-y-4&quot;
          &gt;
            &lt;div
              class=&quot;space-y-2&quot;
            &gt;
              &lt;label
                class=&quot;text-sm font-medium leading-none peer-disabled:cursor-not-allowed peer-disabled:opacity-70&quot;
                for=&quot;name&quot;
              &gt;
                Full Name
              &lt;/label&gt;
              &lt;input
                autocomplete=&quot;name&quot;
                class=&quot;flex h-10 w-full rounded-md border border-input bg-background px-3 py-2 text-sm ring-offset-background file:border-0 file:bg-transparent file:text-sm file:font-medium placeholder:text-muted-foreground focus-visible:outline-none focus-visible:ring-2 focus-visible:ring-ring focus-visible:ring-offset-2 disabled:cursor-not-allowed disabled:opacity-50&quot;
                id=&quot;name&quot;
                name=&quot;name&quot;
                placeholder=&quot;John Doe&quot;
                type=&quot;text&quot;
              /&gt;
            &lt;/div&gt;
            &lt;div
              class=&quot;space-y-2&quot;
            &gt;
              &lt;label
                class=&quot;text-sm font-medium leading-none peer-disabled:cursor-not-allowed peer-disabled:opacity-70&quot;
                for=&quot;email&quot;
              &gt;
                Email
              &lt;/label&gt;
              &lt;input
                autocomplete=&quot;email&quot;
                class=&quot;flex h-10 w-full rounded-md border border-input bg-background px-3 py-2 text-sm ring-offset-background file:border-0 file:bg-transparent file:text-sm file:font-medium placeholder:text-muted-foreground focus-visible:outline-none focus-visible:ring-2 focus-visible:ring-ring focus-visible:ring-offset-2 disabled:cursor-not-allowed disabled:opacity-50&quot;
                id=&quot;email&quot;
                name=&quot;email&quot;
                placeholder=&quot;name@example.com&quot;
                type=&quot;email&quot;
              /&gt;
            &lt;/div&gt;
            &lt;div
              class=&quot;space-y-2&quot;
            &gt;
              &lt;label
                class=&quot;text-sm font-medium leading-none peer-disabled:cursor-not-allowed peer-disabled:opacity-70&quot;
                for=&quot;password&quot;
              &gt;
                Password
              &lt;/label&gt;
              &lt;input
                aria-invalid=&quot;false&quot;
                aria-required=&quot;true&quot;
                autocomplete=&quot;new-password&quot;
                class=&quot;flex h-10 w-full rounded-md border border-input bg-background px-3 py-2 text-sm ring-offset-background file:border-0 file:bg-transparent file:text-sm file:font-medium placeholder:text-muted-foreground focus-visible:outline-none focus-visible:ring-2 focus-visible:ring-ring focus-visible:ring-offset-2 disabled:cursor-not-allowed disabled:opacity-50&quot;
                id=&quot;password&quot;
                name=&quot;password&quot;
                placeholder=&quot;Create a strong password&quot;
                type=&quot;password&quot;
              /&gt;
            &lt;/div&gt;
            &lt;div
              class=&quot;space-y-2&quot;
            &gt;
              &lt;label
                class=&quot;text-sm font-medium leading-none peer-disabled:cursor-not-allowed peer-disabled:opacity-70&quot;
                for=&quot;confirmPassword&quot;
              &gt;
                Confirm Password
              &lt;/label&gt;
              &lt;input
                autocomplete=&quot;new-password&quot;
                class=&quot;flex h-10 w-full rounded-md border border-input bg-background px-3 py-2 text-sm ring-offset-background file:border-0 file:bg-transparent file:text-sm file:font-medium placeholder:text-muted-foreground focus-visible:outline-none focus-visible:ring-2 focus-visible:ring-ring focus-visible:ring-offset-2 disabled:cursor-not-allowed disabled:opacity-50&quot;
                id=&quot;confirmPassword&quot;
                name=&quot;confirmPassword&quot;
                placeholder=&quot;Confirm your password&quot;
                type=&quot;password&quot;
              /&gt;
            &lt;/div&gt;
            &lt;div
              class=&quot;flex items-start space-x-2&quot;
            &gt;
              &lt;button
                aria-checked=&quot;false&quot;
                class=&quot;peer h-4 w-4 shrink-0 rounded-sm border border-primary ring-offset-background focus-visible:outline-none focus-visible:ring-2 focus-visible:ring-ring focus-visible:ring-offset-2 disabled:cursor-not-allowed disabled:opacity-50 data-[state=checked]:bg-primary data-[state=checked]:text-primary-foreground mt-1&quot;
                data-state=&quot;unchecked&quot;
                id=&quot;acceptTerms&quot;
                role=&quot;checkbox&quot;
                type=&quot;button&quot;
                value=&quot;on&quot;
              /&gt;
              &lt;input
                aria-hidden=&quot;true&quot;
                style=&quot;position: absolute; pointer-events: none; opacity: 0; margin: 0px; transform: translateX(-100%); width: 0px; height: 0px;&quot;
                tabindex=&quot;-1&quot;
                type=&quot;checkbox&quot;
                value=&quot;on&quot;
              /&gt;
              &lt;label
                class=&quot;peer-disabled:cursor-not-allowed peer-disabled:opacity-70 text-sm font-normal cursor-pointer leading-relaxed&quot;
                for=&quot;acceptTerms&quot;
              &gt;
                I agree to the
                 
                &lt;a
                  class=&quot;text-primary hover:underline&quot;
                  href=&quot;/terms&quot;
                &gt;
                  Terms of Service
                &lt;/a&gt;
                 
                and
                 
                &lt;a
                  class=&quot;text-primary hover:underline&quot;
                  href=&quot;/privacy&quot;
                &gt;
                  Privacy Policy
                &lt;/a&gt;
              &lt;/label&gt;
            &lt;/div&gt;
            &lt;button
              aria-label=&quot;Create your account&quot;
              class=&quot;inline-flex items-center justify-center whitespace-nowrap rounded-md text-sm font-medium ring-offset-background transition-colors focus-visible:outline-none focus-visible:ring-2 focus-visible:ring-ring focus-visible:ring-offset-2 disabled:pointer-events-none disabled:opacity-50 bg-primary text-primary-foreground hover:bg-primary/90 h-10 px-4 py-2 w-full&quot;
              type=&quot;submit&quot;
            &gt;
              Create account
            &lt;/button&gt;
          &lt;/form&gt;
        &lt;/div&gt;
        &lt;div
          class=&quot;flex items-center p-6 pt-0&quot;
        &gt;
          &lt;p
            class=&quot;text-sm text-center w-full text-muted-foreground&quot;
          &gt;
            Already have an account?
             
            &lt;a
              class=&quot;text-primary hover:underline&quot;
              href=&quot;/login&quot;
            &gt;
              Sign in
            &lt;/a&gt;
          &lt;/p&gt;
        &lt;/div&gt;
      &lt;/div&gt;
    &lt;/div&gt;
  &lt;/div&gt;
&lt;/body&gt;
    at Object.getElementError (D:\Desktop\AI-Based-Quality-Check-On-Project-Code-And-Architecture\frontend\node_modules\@testing-library\dom\dist\config.js:37:19)
    at D:\Desktop\AI-Based-Quality-Check-On-Project-Code-And-Architecture\frontend\node_modules\@testing-library\dom\dist\query-helpers.js:76:38
    at D:\Desktop\AI-Based-Quality-Check-On-Project-Code-And-Architecture\frontend\node_modules\@testing-library\dom\dist\query-helpers.js:52:17
    at D:\Desktop\AI-Based-Quality-Check-On-Project-Code-And-Architecture\frontend\node_modules\@testing-library\dom\dist\query-helpers.js:95:19
    at Object.getByRole (D:\Desktop\AI-Based-Quality-Check-On-Project-Code-And-Architecture\frontend\src\app\register\__tests__\page.test.tsx:83:33)
    at Promise.finally.completed (D:\Desktop\AI-Based-Quality-Check-On-Project-Code-And-Architecture\frontend\node_modules\jest-circus\build\jestAdapterInit.js:1557:28)
    at new Promise (&lt;anonymous&gt;)
    at callAsyncCircusFn (D:\Desktop\AI-Based-Quality-Check-On-Project-Code-And-Architecture\frontend\node_modules\jest-circus\build\jestAdapterInit.js:1497:10)
    at _callCircusTest (D:\Desktop\AI-Based-Quality-Check-On-Project-Code-And-Architecture\frontend\node_modules\jest-circus\build\jestAdapterInit.js:1007:40)
    at _runTest (D:\Desktop\AI-Based-Quality-Check-On-Project-Code-And-Architecture\frontend\node_modules\jest-circus\build\jestAdapterInit.js:947:3)
    at D:\Desktop\AI-Based-Quality-Check-On-Project-Code-And-Architecture\frontend\node_modules\jest-circus\build\jestAdapterInit.js:849:7
    at _runTestsForDescribeBlock (D:\Desktop\AI-Based-Quality-Check-On-Project-Code-And-Architecture\frontend\node_modules\jest-circus\build\jestAdapterInit.js:862:11)
    at _runTestsForDescribeBlock (D:\Desktop\AI-Based-Quality-Check-On-Project-Code-And-Architecture\frontend\node_modules\jest-circus\build\jestAdapterInit.js:857:11)
    at run (D:\Desktop\AI-Based-Quality-Check-On-Project-Code-And-Architecture\frontend\node_modules\jest-circus\build\jestAdapterInit.js:761:3)
    at runAndTransformResultsToJestFormat (D:\Desktop\AI-Based-Quality-Check-On-Project-Code-And-Architecture\frontend\node_modules\jest-circus\build\jestAdapterInit.js:1918:21)
    at jestAdapter (D:\Desktop\AI-Based-Quality-Check-On-Project-Code-And-Architecture\frontend\node_modules\jest-circus\build\runner.js:101:19)
    at runTestInternal (D:\Desktop\AI-Based-Quality-Check-On-Project-Code-And-Architecture\frontend\node_modules\jest-runner\build\index.js:275:16)
    at runTest (D:\Desktop\AI-Based-Quality-Check-On-Project-Code-And-Architecture\frontend\node_modules\jest-runner\build\index.js:343:7)</failure>
    </testcase>
    <testcase classname="RegisterPage" name="displays password strength indicator" time="0.198">
      <failure>Error: Element type is invalid: expected a string (for built-in components) or a class/function (for composite components) but got: undefined. You likely forgot to export your component from the file it&apos;s defined in, or you might have mixed up default and named imports.

Check the render method of `RegisterPage`.
    at createFiberFromTypeAndProps (D:\Desktop\AI-Based-Quality-Check-On-Project-Code-And-Architecture\frontend\node_modules\react-dom\cjs\react-dom-client.development.js:5021:28)
    at createFiberFromElement (D:\Desktop\AI-Based-Quality-Check-On-Project-Code-And-Architecture\frontend\node_modules\react-dom\cjs\react-dom-client.development.js:5035:14)
    at createChild (D:\Desktop\AI-Based-Quality-Check-On-Project-Code-And-Architecture\frontend\node_modules\react-dom\cjs\react-dom-client.development.js:6338:26)
    at reconcileChildrenArray (D:\Desktop\AI-Based-Quality-Check-On-Project-Code-And-Architecture\frontend\node_modules\react-dom\cjs\react-dom-client.development.js:6670:25)
    at reconcileChildFibersImpl (D:\Desktop\AI-Based-Quality-Check-On-Project-Code-And-Architecture\frontend\node_modules\react-dom\cjs\react-dom-client.development.js:6993:30)
    at D:\Desktop\AI-Based-Quality-Check-On-Project-Code-And-Architecture\frontend\node_modules\react-dom\cjs\react-dom-client.development.js:7098:33
    at reconcileChildren (D:\Desktop\AI-Based-Quality-Check-On-Project-Code-And-Architecture\frontend\node_modules\react-dom\cjs\react-dom-client.development.js:9701:13)
    at beginWork (D:\Desktop\AI-Based-Quality-Check-On-Project-Code-And-Architecture\frontend\node_modules\react-dom\cjs\react-dom-client.development.js:12049:13)
    at runWithFiberInDEV (D:\Desktop\AI-Based-Quality-Check-On-Project-Code-And-Architecture\frontend\node_modules\react-dom\cjs\react-dom-client.development.js:874:13)
    at performUnitOfWork (D:\Desktop\AI-Based-Quality-Check-On-Project-Code-And-Architecture\frontend\node_modules\react-dom\cjs\react-dom-client.development.js:17641:22)
    at workLoopSync (D:\Desktop\AI-Based-Quality-Check-On-Project-Code-And-Architecture\frontend\node_modules\react-dom\cjs\react-dom-client.development.js:17469:41)
    at renderRootSync (D:\Desktop\AI-Based-Quality-Check-On-Project-Code-And-Architecture\frontend\node_modules\react-dom\cjs\react-dom-client.development.js:17450:11)
    at performWorkOnRoot (D:\Desktop\AI-Based-Quality-Check-On-Project-Code-And-Architecture\frontend\node_modules\react-dom\cjs\react-dom-client.development.js:16583:35)
    at performSyncWorkOnRoot (D:\Desktop\AI-Based-Quality-Check-On-Project-Code-And-Architecture\frontend\node_modules\react-dom\cjs\react-dom-client.development.js:18972:7)
    at flushSyncWorkAcrossRoots_impl (D:\Desktop\AI-Based-Quality-Check-On-Project-Code-And-Architecture\frontend\node_modules\react-dom\cjs\react-dom-client.development.js:18814:21)
    at flushSyncWork$1 (D:\Desktop\AI-Based-Quality-Check-On-Project-Code-And-Architecture\frontend\node_modules\react-dom\cjs\react-dom-client.development.js:16898:12)
    at batchedUpdates$1 (D:\Desktop\AI-Based-Quality-Check-On-Project-Code-And-Architecture\frontend\node_modules\react-dom\cjs\react-dom-client.development.js:3263:14)
    at dispatchEventForPluginEventSystem (D:\Desktop\AI-Based-Quality-Check-On-Project-Code-And-Architecture\frontend\node_modules\react-dom\cjs\react-dom-client.development.js:19320:7)
    at dispatchEvent (D:\Desktop\AI-Based-Quality-Check-On-Project-Code-And-Architecture\frontend\node_modules\react-dom\cjs\react-dom-client.development.js:23585:11)
    at dispatchDiscreteEvent (D:\Desktop\AI-Based-Quality-Check-On-Project-Code-And-Architecture\frontend\node_modules\react-dom\cjs\react-dom-client.development.js:23553:11)
    at HTMLDivElement.callTheUserObjectsOperation (D:\Desktop\AI-Based-Quality-Check-On-Project-Code-And-Architecture\frontend\node_modules\jsdom\lib\jsdom\living\generated\EventListener.js:26:30)
    at innerInvokeEventListeners (D:\Desktop\AI-Based-Quality-Check-On-Project-Code-And-Architecture\frontend\node_modules\jsdom\lib\jsdom\living\events\EventTarget-impl.js:350:25)
    at invokeEventListeners (D:\Desktop\AI-Based-Quality-Check-On-Project-Code-And-Architecture\frontend\node_modules\jsdom\lib\jsdom\living\events\EventTarget-impl.js:286:3)
    at HTMLInputElementImpl._dispatch (D:\Desktop\AI-Based-Quality-Check-On-Project-Code-And-Architecture\frontend\node_modules\jsdom\lib\jsdom\living\events\EventTarget-impl.js:233:9)
    at HTMLInputElementImpl.dispatchEvent (D:\Desktop\AI-Based-Quality-Check-On-Project-Code-And-Architecture\frontend\node_modules\jsdom\lib\jsdom\living\events\EventTarget-impl.js:104:17)
    at HTMLInputElement.dispatchEvent (D:\Desktop\AI-Based-Quality-Check-On-Project-Code-And-Architecture\frontend\node_modules\jsdom\lib\jsdom\living\generated\EventTarget.js:241:34)
    at D:\Desktop\AI-Based-Quality-Check-On-Project-Code-And-Architecture\frontend\node_modules\@testing-library\user-event\dist\cjs\event\dispatchEvent.js:45:43
    at D:\Desktop\AI-Based-Quality-Check-On-Project-Code-And-Architecture\frontend\node_modules\@testing-library\react\dist\pure.js:107:16
    at D:\Desktop\AI-Based-Quality-Check-On-Project-Code-And-Architecture\frontend\node_modules\@testing-library\react\dist\act-compat.js:47:24
    at process.env.NODE_ENV.exports.act (D:\Desktop\AI-Based-Quality-Check-On-Project-Code-And-Architecture\frontend\node_modules\react\cjs\react.development.js:814:22)
    at D:\Desktop\AI-Based-Quality-Check-On-Project-Code-And-Architecture\frontend\node_modules\@testing-library\react\dist\act-compat.js:46:25
    at Object.eventWrapper (D:\Desktop\AI-Based-Quality-Check-On-Project-Code-And-Architecture\frontend\node_modules\@testing-library\react\dist\pure.js:106:28)
    at Object.wrapEvent (D:\Desktop\AI-Based-Quality-Check-On-Project-Code-And-Architecture\frontend\node_modules\@testing-library\user-event\dist\cjs\event\wrapEvent.js:6:28)
    at Object.dispatchEvent (D:\Desktop\AI-Based-Quality-Check-On-Project-Code-And-Architecture\frontend\node_modules\@testing-library\user-event\dist\cjs\event\dispatchEvent.js:45:22)
    at Object.dispatchUIEvent (D:\Desktop\AI-Based-Quality-Check-On-Project-Code-And-Architecture\frontend\node_modules\@testing-library\user-event\dist\cjs\event\dispatchEvent.js:22:26)
    at commitInput (D:\Desktop\AI-Based-Quality-Check-On-Project-Code-And-Architecture\frontend\node_modules\@testing-library\user-event\dist\cjs\event\input.js:145:14)
    at editInputElement (D:\Desktop\AI-Based-Quality-Check-On-Project-Code-And-Architecture\frontend\node_modules\@testing-library\user-event\dist\cjs\event\input.js:115:9)
    at Object.input (D:\Desktop\AI-Based-Quality-Check-On-Project-Code-And-Architecture\frontend\node_modules\@testing-library\user-event\dist\cjs\event\input.js:37:9)
    at D:\Desktop\AI-Based-Quality-Check-On-Project-Code-And-Architecture\frontend\node_modules\@testing-library\user-event\dist\cjs\event\behavior\keypress.js:31:26
    at Object.dispatchEvent (D:\Desktop\AI-Based-Quality-Check-On-Project-Code-And-Architecture\frontend\node_modules\@testing-library\user-event\dist\cjs\event\dispatchEvent.js:41:13)
    at Object.dispatchUIEvent (D:\Desktop\AI-Based-Quality-Check-On-Project-Code-And-Architecture\frontend\node_modules\@testing-library\user-event\dist\cjs\event\dispatchEvent.js:22:26)
    at KeyboardHost.keydown (D:\Desktop\AI-Based-Quality-Check-On-Project-Code-And-Architecture\frontend\node_modules\@testing-library\user-event\dist\cjs\system\keyboard.js:76:22)
    at keyboardAction (D:\Desktop\AI-Based-Quality-Check-On-Project-Code-And-Architecture\frontend\node_modules\@testing-library\user-event\dist\cjs\keyboard\index.js:22:35)
    at Object.keyboard (D:\Desktop\AI-Based-Quality-Check-On-Project-Code-And-Architecture\frontend\node_modules\@testing-library\user-event\dist\cjs\keyboard\index.js:11:15)
    at Object.type (D:\Desktop\AI-Based-Quality-Check-On-Project-Code-And-Architecture\frontend\node_modules\@testing-library\user-event\dist\cjs\utility\type.js:17:5)
    at Object.asyncWrapper (D:\Desktop\AI-Based-Quality-Check-On-Project-Code-And-Architecture\frontend\node_modules\@testing-library\react\dist\pure.js:87:22)
    at Object.&lt;anonymous&gt; (D:\Desktop\AI-Based-Quality-Check-On-Project-Code-And-Architecture\frontend\src\app\register\__tests__\page.test.tsx:101:5)</failure>
    </testcase>
    <testcase classname="RegisterPage" name="validates password confirmation match" time="0.107">
      <failure>TestingLibraryElementError: Unable to find an accessible element with the role &quot;button&quot; and name `/create account/i`

Here are the accessible roles:

  main:

  Name &quot;Create an account&quot;:
  &lt;div
    aria-labelledby=&quot;register-title&quot;
    class=&quot;rounded-lg border bg-card text-card-foreground shadow-sm w-full max-w-md&quot;
    role=&quot;main&quot;
  /&gt;

  --------------------------------------------------
  img:

  Name &quot;AI Reviewer Logo&quot;:
  &lt;div
    aria-label=&quot;AI Reviewer Logo&quot;
    class=&quot;h-12 w-12 rounded-lg bg-primary flex items-center justify-center&quot;
    role=&quot;img&quot;
  /&gt;

  --------------------------------------------------
  heading:

  Name &quot;Create an account&quot;:
  &lt;h3
    class=&quot;font-semibold tracking-tight text-2xl text-center&quot;
    id=&quot;register-title&quot;
  /&gt;

  --------------------------------------------------
  paragraph:

  Name &quot;&quot;:
  &lt;p
    class=&quot;text-sm text-muted-foreground text-center&quot;
  /&gt;

  Name &quot;&quot;:
  &lt;p
    class=&quot;text-sm text-center w-full text-muted-foreground&quot;
  /&gt;

  --------------------------------------------------
  form:

  Name &quot;Registration form&quot;:
  &lt;form
    aria-label=&quot;Registration form&quot;
    class=&quot;space-y-4&quot;
  /&gt;

  --------------------------------------------------
  textbox:

  Name &quot;Full Name&quot;:
  &lt;input
    autocomplete=&quot;name&quot;
    class=&quot;flex h-10 w-full rounded-md border border-input bg-background px-3 py-2 text-sm ring-offset-background file:border-0 file:bg-transparent file:text-sm file:font-medium placeholder:text-muted-foreground focus-visible:outline-none focus-visible:ring-2 focus-visible:ring-ring focus-visible:ring-offset-2 disabled:cursor-not-allowed disabled:opacity-50&quot;
    id=&quot;name&quot;
    name=&quot;name&quot;
    placeholder=&quot;John Doe&quot;
    type=&quot;text&quot;
  /&gt;

  Name &quot;Email&quot;:
  &lt;input
    autocomplete=&quot;email&quot;
    class=&quot;flex h-10 w-full rounded-md border border-input bg-background px-3 py-2 text-sm ring-offset-background file:border-0 file:bg-transparent file:text-sm file:font-medium placeholder:text-muted-foreground focus-visible:outline-none focus-visible:ring-2 focus-visible:ring-ring focus-visible:ring-offset-2 disabled:cursor-not-allowed disabled:opacity-50&quot;
    id=&quot;email&quot;
    name=&quot;email&quot;
    placeholder=&quot;name@example.com&quot;
    type=&quot;email&quot;
  /&gt;

  --------------------------------------------------
  checkbox:

  Name &quot;I agree to the Terms of Service and Privacy Policy&quot;:
  &lt;button
    aria-checked=&quot;false&quot;
    class=&quot;peer h-4 w-4 shrink-0 rounded-sm border border-primary ring-offset-background focus-visible:outline-none focus-visible:ring-2 focus-visible:ring-ring focus-visible:ring-offset-2 disabled:cursor-not-allowed disabled:opacity-50 data-[state=checked]:bg-primary data-[state=checked]:text-primary-foreground mt-1&quot;
    data-state=&quot;unchecked&quot;
    id=&quot;acceptTerms&quot;
    role=&quot;checkbox&quot;
    type=&quot;button&quot;
    value=&quot;on&quot;
  /&gt;

  --------------------------------------------------
  link:

  Name &quot;Terms of Service&quot;:
  &lt;a
    class=&quot;text-primary hover:underline&quot;
    href=&quot;/terms&quot;
  /&gt;

  Name &quot;Privacy Policy&quot;:
  &lt;a
    class=&quot;text-primary hover:underline&quot;
    href=&quot;/privacy&quot;
  /&gt;

  Name &quot;Sign in&quot;:
  &lt;a
    class=&quot;text-primary hover:underline&quot;
    href=&quot;/login&quot;
  /&gt;

  --------------------------------------------------
  button:

  Name &quot;Create your account&quot;:
  &lt;button
    aria-label=&quot;Create your account&quot;
    class=&quot;inline-flex items-center justify-center whitespace-nowrap rounded-md text-sm font-medium ring-offset-background transition-colors focus-visible:outline-none focus-visible:ring-2 focus-visible:ring-ring focus-visible:ring-offset-2 disabled:pointer-events-none disabled:opacity-50 bg-primary text-primary-foreground hover:bg-primary/90 h-10 px-4 py-2 w-full&quot;
    type=&quot;submit&quot;
  /&gt;

  --------------------------------------------------

Ignored nodes: comments, script, style
&lt;body&gt;
  &lt;div&gt;
    &lt;div
      class=&quot;flex min-h-screen items-center justify-center bg-gradient-to-br from-slate-50 to-slate-100 dark:from-slate-900 dark:to-slate-800 p-4&quot;
    &gt;
      &lt;div
        aria-labelledby=&quot;register-title&quot;
        class=&quot;rounded-lg border bg-card text-card-foreground shadow-sm w-full max-w-md&quot;
        role=&quot;main&quot;
      &gt;
        &lt;div
          class=&quot;flex flex-col p-6 space-y-1&quot;
        &gt;
          &lt;div
            class=&quot;flex items-center justify-center mb-4&quot;
          &gt;
            &lt;div
              aria-label=&quot;AI Reviewer Logo&quot;
              class=&quot;h-12 w-12 rounded-lg bg-primary flex items-center justify-center&quot;
              role=&quot;img&quot;
            &gt;
              &lt;span
                aria-hidden=&quot;true&quot;
                class=&quot;text-primary-foreground font-bold text-2xl&quot;
              &gt;
                AI
              &lt;/span&gt;
            &lt;/div&gt;
          &lt;/div&gt;
          &lt;h3
            class=&quot;font-semibold tracking-tight text-2xl text-center&quot;
            id=&quot;register-title&quot;
          &gt;
            Create an account
          &lt;/h3&gt;
          &lt;p
            class=&quot;text-sm text-muted-foreground text-center&quot;
          &gt;
            Enter your information to get started
          &lt;/p&gt;
        &lt;/div&gt;
        &lt;div
          class=&quot;p-6 pt-0&quot;
        &gt;
          &lt;form
            aria-label=&quot;Registration form&quot;
            class=&quot;space-y-4&quot;
          &gt;
            &lt;div
              class=&quot;space-y-2&quot;
            &gt;
              &lt;label
                class=&quot;text-sm font-medium leading-none peer-disabled:cursor-not-allowed peer-disabled:opacity-70&quot;
                for=&quot;name&quot;
              &gt;
                Full Name
              &lt;/label&gt;
              &lt;input
                autocomplete=&quot;name&quot;
                class=&quot;flex h-10 w-full rounded-md border border-input bg-background px-3 py-2 text-sm ring-offset-background file:border-0 file:bg-transparent file:text-sm file:font-medium placeholder:text-muted-foreground focus-visible:outline-none focus-visible:ring-2 focus-visible:ring-ring focus-visible:ring-offset-2 disabled:cursor-not-allowed disabled:opacity-50&quot;
                id=&quot;name&quot;
                name=&quot;name&quot;
                placeholder=&quot;John Doe&quot;
                type=&quot;text&quot;
              /&gt;
            &lt;/div&gt;
            &lt;div
              class=&quot;space-y-2&quot;
            &gt;
              &lt;label
                class=&quot;text-sm font-medium leading-none peer-disabled:cursor-not-allowed peer-disabled:opacity-70&quot;
                for=&quot;email&quot;
              &gt;
                Email
              &lt;/label&gt;
              &lt;input
                autocomplete=&quot;email&quot;
                class=&quot;flex h-10 w-full rounded-md border border-input bg-background px-3 py-2 text-sm ring-offset-background file:border-0 file:bg-transparent file:text-sm file:font-medium placeholder:text-muted-foreground focus-visible:outline-none focus-visible:ring-2 focus-visible:ring-ring focus-visible:ring-offset-2 disabled:cursor-not-allowed disabled:opacity-50&quot;
                id=&quot;email&quot;
                name=&quot;email&quot;
                placeholder=&quot;name@example.com&quot;
                type=&quot;email&quot;
              /&gt;
            &lt;/div&gt;
            &lt;div
              class=&quot;space-y-2&quot;
            &gt;
              &lt;label
                class=&quot;text-sm font-medium leading-none peer-disabled:cursor-not-allowed peer-disabled:opacity-70&quot;
                for=&quot;password&quot;
              &gt;
                Password
              &lt;/label&gt;
              &lt;input
                aria-invalid=&quot;false&quot;
                aria-required=&quot;true&quot;
                autocomplete=&quot;new-password&quot;
                class=&quot;flex h-10 w-full rounded-md border border-input bg-background px-3 py-2 text-sm ring-offset-background file:border-0 file:bg-transparent file:text-sm file:font-medium placeholder:text-muted-foreground focus-visible:outline-none focus-visible:ring-2 focus-visible:ring-ring focus-visible:ring-offset-2 disabled:cursor-not-allowed disabled:opacity-50&quot;
                id=&quot;password&quot;
                name=&quot;password&quot;
                placeholder=&quot;Create a strong password&quot;
                type=&quot;password&quot;
              /&gt;
            &lt;/div&gt;
            &lt;div
              class=&quot;space-y-2&quot;
            &gt;
              &lt;label
                class=&quot;text-sm font-medium leading-none peer-disabled:cursor-not-allowed peer-disabled:opacity-70&quot;
                for=&quot;confirmPassword&quot;
              &gt;
                Confirm Password
              &lt;/label&gt;
              &lt;input
                autocomplete=&quot;new-password&quot;
                class=&quot;flex h-10 w-full rounded-md border border-input bg-background px-3 py-2 text-sm ring-offset-background file:border-0 file:bg-transparent file:text-sm file:font-medium placeholder:text-muted-foreground focus-visible:outline-none focus-visible:ring-2 focus-visible:ring-ring focus-visible:ring-offset-2 disabled:cursor-not-allowed disabled:opacity-50&quot;
                id=&quot;confirmPassword&quot;
                name=&quot;confirmPassword&quot;
                placeholder=&quot;Confirm your password&quot;
                type=&quot;password&quot;
              /&gt;
            &lt;/div&gt;
            &lt;div
              class=&quot;flex items-start space-x-2&quot;
            &gt;
              &lt;button
                aria-checked=&quot;false&quot;
                class=&quot;peer h-4 w-4 shrink-0 rounded-sm border border-primary ring-offset-background focus-visible:outline-none focus-visible:ring-2 focus-visible:ring-ring focus-visible:ring-offset-2 disabled:cursor-not-allowed disabled:opacity-50 data-[state=checked]:bg-primary data-[state=checked]:text-primary-foreground mt-1&quot;
                data-state=&quot;unchecked&quot;
                id=&quot;acceptTerms&quot;
                role=&quot;checkbox&quot;
                type=&quot;button&quot;
                value=&quot;on&quot;
              /&gt;
              &lt;input
                aria-hidden=&quot;true&quot;
                style=&quot;position: absolute; pointer-events: none; opacity: 0; margin: 0px; transform: translateX(-100%); width: 0px; height: 0px;&quot;
                tabindex=&quot;-1&quot;
                type=&quot;checkbox&quot;
                value=&quot;on&quot;
              /&gt;
              &lt;label
                class=&quot;peer-disabled:cursor-not-allowed peer-disabled:opacity-70 text-sm font-normal cursor-pointer leading-relaxed&quot;
                for=&quot;acceptTerms&quot;
              &gt;
                I agree to the
                 
                &lt;a
                  class=&quot;text-primary hover:underline&quot;
                  href=&quot;/terms&quot;
                &gt;
                  Terms of Service
                &lt;/a&gt;
                 
                and
                 
                &lt;a
                  class=&quot;text-primary hover:underline&quot;
                  href=&quot;/privacy&quot;
                &gt;
                  Privacy Policy
                &lt;/a&gt;
              &lt;/label&gt;
            &lt;/div&gt;
            &lt;button
              aria-label=&quot;Create your account&quot;
              class=&quot;inline-flex items-center justify-center whitespace-nowrap rounded-md text-sm font-medium ring-offset-background transition-colors focus-visible:outline-none focus-visible:ring-2 focus-visible:ring-ring focus-visible:ring-offset-2 disabled:pointer-events-none disabled:opacity-50 bg-primary text-primary-foreground hover:bg-primary/90 h-10 px-4 py-2 w-full&quot;
              type=&quot;submit&quot;
            &gt;
              Create account
            &lt;/button&gt;
          &lt;/form&gt;
        &lt;/div&gt;
        &lt;div
          class=&quot;flex items-center p-6 pt-0&quot;
        &gt;
          &lt;p
            class=&quot;text-sm text-center w-full text-muted-foreground&quot;
          &gt;
            Already have an account?
             
            &lt;a
              class=&quot;text-primary hover:underline&quot;
              href=&quot;/login&quot;
            &gt;
              Sign in
            &lt;/a&gt;
          &lt;/p&gt;
        &lt;/div&gt;
      &lt;/div&gt;
    &lt;/div&gt;
  &lt;/div&gt;
&lt;/body&gt;
    at Object.getElementError (D:\Desktop\AI-Based-Quality-Check-On-Project-Code-And-Architecture\frontend\node_modules\@testing-library\dom\dist\config.js:37:19)
    at D:\Desktop\AI-Based-Quality-Check-On-Project-Code-And-Architecture\frontend\node_modules\@testing-library\dom\dist\query-helpers.js:76:38
    at D:\Desktop\AI-Based-Quality-Check-On-Project-Code-And-Architecture\frontend\node_modules\@testing-library\dom\dist\query-helpers.js:52:17
    at D:\Desktop\AI-Based-Quality-Check-On-Project-Code-And-Architecture\frontend\node_modules\@testing-library\dom\dist\query-helpers.js:95:19
    at Object.getByRole (D:\Desktop\AI-Based-Quality-Check-On-Project-Code-And-Architecture\frontend\src\app\register\__tests__\page.test.tsx:119:33)
    at Promise.finally.completed (D:\Desktop\AI-Based-Quality-Check-On-Project-Code-And-Architecture\frontend\node_modules\jest-circus\build\jestAdapterInit.js:1557:28)
    at new Promise (&lt;anonymous&gt;)
    at callAsyncCircusFn (D:\Desktop\AI-Based-Quality-Check-On-Project-Code-And-Architecture\frontend\node_modules\jest-circus\build\jestAdapterInit.js:1497:10)
    at _callCircusTest (D:\Desktop\AI-Based-Quality-Check-On-Project-Code-And-Architecture\frontend\node_modules\jest-circus\build\jestAdapterInit.js:1007:40)
    at _runTest (D:\Desktop\AI-Based-Quality-Check-On-Project-Code-And-Architecture\frontend\node_modules\jest-circus\build\jestAdapterInit.js:947:3)
    at D:\Desktop\AI-Based-Quality-Check-On-Project-Code-And-Architecture\frontend\node_modules\jest-circus\build\jestAdapterInit.js:849:7
    at _runTestsForDescribeBlock (D:\Desktop\AI-Based-Quality-Check-On-Project-Code-And-Architecture\frontend\node_modules\jest-circus\build\jestAdapterInit.js:862:11)
    at _runTestsForDescribeBlock (D:\Desktop\AI-Based-Quality-Check-On-Project-Code-And-Architecture\frontend\node_modules\jest-circus\build\jestAdapterInit.js:857:11)
    at run (D:\Desktop\AI-Based-Quality-Check-On-Project-Code-And-Architecture\frontend\node_modules\jest-circus\build\jestAdapterInit.js:761:3)
    at runAndTransformResultsToJestFormat (D:\Desktop\AI-Based-Quality-Check-On-Project-Code-And-Architecture\frontend\node_modules\jest-circus\build\jestAdapterInit.js:1918:21)
    at jestAdapter (D:\Desktop\AI-Based-Quality-Check-On-Project-Code-And-Architecture\frontend\node_modules\jest-circus\build\runner.js:101:19)
    at runTestInternal (D:\Desktop\AI-Based-Quality-Check-On-Project-Code-And-Architecture\frontend\node_modules\jest-runner\build\index.js:275:16)
    at runTest (D:\Desktop\AI-Based-Quality-Check-On-Project-Code-And-Architecture\frontend\node_modules\jest-runner\build\index.js:343:7)</failure>
    </testcase>
    <testcase classname="RegisterPage" name="requires terms acceptance" time="0.095">
      <failure>TestingLibraryElementError: Unable to find an accessible element with the role &quot;button&quot; and name `/create account/i`

Here are the accessible roles:

  main:

  Name &quot;Create an account&quot;:
  &lt;div
    aria-labelledby=&quot;register-title&quot;
    class=&quot;rounded-lg border bg-card text-card-foreground shadow-sm w-full max-w-md&quot;
    role=&quot;main&quot;
  /&gt;

  --------------------------------------------------
  img:

  Name &quot;AI Reviewer Logo&quot;:
  &lt;div
    aria-label=&quot;AI Reviewer Logo&quot;
    class=&quot;h-12 w-12 rounded-lg bg-primary flex items-center justify-center&quot;
    role=&quot;img&quot;
  /&gt;

  --------------------------------------------------
  heading:

  Name &quot;Create an account&quot;:
  &lt;h3
    class=&quot;font-semibold tracking-tight text-2xl text-center&quot;
    id=&quot;register-title&quot;
  /&gt;

  --------------------------------------------------
  paragraph:

  Name &quot;&quot;:
  &lt;p
    class=&quot;text-sm text-muted-foreground text-center&quot;
  /&gt;

  Name &quot;&quot;:
  &lt;p
    class=&quot;text-sm text-center w-full text-muted-foreground&quot;
  /&gt;

  --------------------------------------------------
  form:

  Name &quot;Registration form&quot;:
  &lt;form
    aria-label=&quot;Registration form&quot;
    class=&quot;space-y-4&quot;
  /&gt;

  --------------------------------------------------
  textbox:

  Name &quot;Full Name&quot;:
  &lt;input
    autocomplete=&quot;name&quot;
    class=&quot;flex h-10 w-full rounded-md border border-input bg-background px-3 py-2 text-sm ring-offset-background file:border-0 file:bg-transparent file:text-sm file:font-medium placeholder:text-muted-foreground focus-visible:outline-none focus-visible:ring-2 focus-visible:ring-ring focus-visible:ring-offset-2 disabled:cursor-not-allowed disabled:opacity-50&quot;
    id=&quot;name&quot;
    name=&quot;name&quot;
    placeholder=&quot;John Doe&quot;
    type=&quot;text&quot;
  /&gt;

  Name &quot;Email&quot;:
  &lt;input
    autocomplete=&quot;email&quot;
    class=&quot;flex h-10 w-full rounded-md border border-input bg-background px-3 py-2 text-sm ring-offset-background file:border-0 file:bg-transparent file:text-sm file:font-medium placeholder:text-muted-foreground focus-visible:outline-none focus-visible:ring-2 focus-visible:ring-ring focus-visible:ring-offset-2 disabled:cursor-not-allowed disabled:opacity-50&quot;
    id=&quot;email&quot;
    name=&quot;email&quot;
    placeholder=&quot;name@example.com&quot;
    type=&quot;email&quot;
  /&gt;

  --------------------------------------------------
  checkbox:

  Name &quot;I agree to the Terms of Service and Privacy Policy&quot;:
  &lt;button
    aria-checked=&quot;false&quot;
    class=&quot;peer h-4 w-4 shrink-0 rounded-sm border border-primary ring-offset-background focus-visible:outline-none focus-visible:ring-2 focus-visible:ring-ring focus-visible:ring-offset-2 disabled:cursor-not-allowed disabled:opacity-50 data-[state=checked]:bg-primary data-[state=checked]:text-primary-foreground mt-1&quot;
    data-state=&quot;unchecked&quot;
    id=&quot;acceptTerms&quot;
    role=&quot;checkbox&quot;
    type=&quot;button&quot;
    value=&quot;on&quot;
  /&gt;

  --------------------------------------------------
  link:

  Name &quot;Terms of Service&quot;:
  &lt;a
    class=&quot;text-primary hover:underline&quot;
    href=&quot;/terms&quot;
  /&gt;

  Name &quot;Privacy Policy&quot;:
  &lt;a
    class=&quot;text-primary hover:underline&quot;
    href=&quot;/privacy&quot;
  /&gt;

  Name &quot;Sign in&quot;:
  &lt;a
    class=&quot;text-primary hover:underline&quot;
    href=&quot;/login&quot;
  /&gt;

  --------------------------------------------------
  button:

  Name &quot;Create your account&quot;:
  &lt;button
    aria-label=&quot;Create your account&quot;
    class=&quot;inline-flex items-center justify-center whitespace-nowrap rounded-md text-sm font-medium ring-offset-background transition-colors focus-visible:outline-none focus-visible:ring-2 focus-visible:ring-ring focus-visible:ring-offset-2 disabled:pointer-events-none disabled:opacity-50 bg-primary text-primary-foreground hover:bg-primary/90 h-10 px-4 py-2 w-full&quot;
    type=&quot;submit&quot;
  /&gt;

  --------------------------------------------------

Ignored nodes: comments, script, style
&lt;body&gt;
  &lt;div&gt;
    &lt;div
      class=&quot;flex min-h-screen items-center justify-center bg-gradient-to-br from-slate-50 to-slate-100 dark:from-slate-900 dark:to-slate-800 p-4&quot;
    &gt;
      &lt;div
        aria-labelledby=&quot;register-title&quot;
        class=&quot;rounded-lg border bg-card text-card-foreground shadow-sm w-full max-w-md&quot;
        role=&quot;main&quot;
      &gt;
        &lt;div
          class=&quot;flex flex-col p-6 space-y-1&quot;
        &gt;
          &lt;div
            class=&quot;flex items-center justify-center mb-4&quot;
          &gt;
            &lt;div
              aria-label=&quot;AI Reviewer Logo&quot;
              class=&quot;h-12 w-12 rounded-lg bg-primary flex items-center justify-center&quot;
              role=&quot;img&quot;
            &gt;
              &lt;span
                aria-hidden=&quot;true&quot;
                class=&quot;text-primary-foreground font-bold text-2xl&quot;
              &gt;
                AI
              &lt;/span&gt;
            &lt;/div&gt;
          &lt;/div&gt;
          &lt;h3
            class=&quot;font-semibold tracking-tight text-2xl text-center&quot;
            id=&quot;register-title&quot;
          &gt;
            Create an account
          &lt;/h3&gt;
          &lt;p
            class=&quot;text-sm text-muted-foreground text-center&quot;
          &gt;
            Enter your information to get started
          &lt;/p&gt;
        &lt;/div&gt;
        &lt;div
          class=&quot;p-6 pt-0&quot;
        &gt;
          &lt;form
            aria-label=&quot;Registration form&quot;
            class=&quot;space-y-4&quot;
          &gt;
            &lt;div
              class=&quot;space-y-2&quot;
            &gt;
              &lt;label
                class=&quot;text-sm font-medium leading-none peer-disabled:cursor-not-allowed peer-disabled:opacity-70&quot;
                for=&quot;name&quot;
              &gt;
                Full Name
              &lt;/label&gt;
              &lt;input
                autocomplete=&quot;name&quot;
                class=&quot;flex h-10 w-full rounded-md border border-input bg-background px-3 py-2 text-sm ring-offset-background file:border-0 file:bg-transparent file:text-sm file:font-medium placeholder:text-muted-foreground focus-visible:outline-none focus-visible:ring-2 focus-visible:ring-ring focus-visible:ring-offset-2 disabled:cursor-not-allowed disabled:opacity-50&quot;
                id=&quot;name&quot;
                name=&quot;name&quot;
                placeholder=&quot;John Doe&quot;
                type=&quot;text&quot;
              /&gt;
            &lt;/div&gt;
            &lt;div
              class=&quot;space-y-2&quot;
            &gt;
              &lt;label
                class=&quot;text-sm font-medium leading-none peer-disabled:cursor-not-allowed peer-disabled:opacity-70&quot;
                for=&quot;email&quot;
              &gt;
                Email
              &lt;/label&gt;
              &lt;input
                autocomplete=&quot;email&quot;
                class=&quot;flex h-10 w-full rounded-md border border-input bg-background px-3 py-2 text-sm ring-offset-background file:border-0 file:bg-transparent file:text-sm file:font-medium placeholder:text-muted-foreground focus-visible:outline-none focus-visible:ring-2 focus-visible:ring-ring focus-visible:ring-offset-2 disabled:cursor-not-allowed disabled:opacity-50&quot;
                id=&quot;email&quot;
                name=&quot;email&quot;
                placeholder=&quot;name@example.com&quot;
                type=&quot;email&quot;
              /&gt;
            &lt;/div&gt;
            &lt;div
              class=&quot;space-y-2&quot;
            &gt;
              &lt;label
                class=&quot;text-sm font-medium leading-none peer-disabled:cursor-not-allowed peer-disabled:opacity-70&quot;
                for=&quot;password&quot;
              &gt;
                Password
              &lt;/label&gt;
              &lt;input
                aria-invalid=&quot;false&quot;
                aria-required=&quot;true&quot;
                autocomplete=&quot;new-password&quot;
                class=&quot;flex h-10 w-full rounded-md border border-input bg-background px-3 py-2 text-sm ring-offset-background file:border-0 file:bg-transparent file:text-sm file:font-medium placeholder:text-muted-foreground focus-visible:outline-none focus-visible:ring-2 focus-visible:ring-ring focus-visible:ring-offset-2 disabled:cursor-not-allowed disabled:opacity-50&quot;
                id=&quot;password&quot;
                name=&quot;password&quot;
                placeholder=&quot;Create a strong password&quot;
                type=&quot;password&quot;
              /&gt;
            &lt;/div&gt;
            &lt;div
              class=&quot;space-y-2&quot;
            &gt;
              &lt;label
                class=&quot;text-sm font-medium leading-none peer-disabled:cursor-not-allowed peer-disabled:opacity-70&quot;
                for=&quot;confirmPassword&quot;
              &gt;
                Confirm Password
              &lt;/label&gt;
              &lt;input
                autocomplete=&quot;new-password&quot;
                class=&quot;flex h-10 w-full rounded-md border border-input bg-background px-3 py-2 text-sm ring-offset-background file:border-0 file:bg-transparent file:text-sm file:font-medium placeholder:text-muted-foreground focus-visible:outline-none focus-visible:ring-2 focus-visible:ring-ring focus-visible:ring-offset-2 disabled:cursor-not-allowed disabled:opacity-50&quot;
                id=&quot;confirmPassword&quot;
                name=&quot;confirmPassword&quot;
                placeholder=&quot;Confirm your password&quot;
                type=&quot;password&quot;
              /&gt;
            &lt;/div&gt;
            &lt;div
              class=&quot;flex items-start space-x-2&quot;
            &gt;
              &lt;button
                aria-checked=&quot;false&quot;
                class=&quot;peer h-4 w-4 shrink-0 rounded-sm border border-primary ring-offset-background focus-visible:outline-none focus-visible:ring-2 focus-visible:ring-ring focus-visible:ring-offset-2 disabled:cursor-not-allowed disabled:opacity-50 data-[state=checked]:bg-primary data-[state=checked]:text-primary-foreground mt-1&quot;
                data-state=&quot;unchecked&quot;
                id=&quot;acceptTerms&quot;
                role=&quot;checkbox&quot;
                type=&quot;button&quot;
                value=&quot;on&quot;
              /&gt;
              &lt;input
                aria-hidden=&quot;true&quot;
                style=&quot;position: absolute; pointer-events: none; opacity: 0; margin: 0px; transform: translateX(-100%); width: 0px; height: 0px;&quot;
                tabindex=&quot;-1&quot;
                type=&quot;checkbox&quot;
                value=&quot;on&quot;
              /&gt;
              &lt;label
                class=&quot;peer-disabled:cursor-not-allowed peer-disabled:opacity-70 text-sm font-normal cursor-pointer leading-relaxed&quot;
                for=&quot;acceptTerms&quot;
              &gt;
                I agree to the
                 
                &lt;a
                  class=&quot;text-primary hover:underline&quot;
                  href=&quot;/terms&quot;
                &gt;
                  Terms of Service
                &lt;/a&gt;
                 
                and
                 
                &lt;a
                  class=&quot;text-primary hover:underline&quot;
                  href=&quot;/privacy&quot;
                &gt;
                  Privacy Policy
                &lt;/a&gt;
              &lt;/label&gt;
            &lt;/div&gt;
            &lt;button
              aria-label=&quot;Create your account&quot;
              class=&quot;inline-flex items-center justify-center whitespace-nowrap rounded-md text-sm font-medium ring-offset-background transition-colors focus-visible:outline-none focus-visible:ring-2 focus-visible:ring-ring focus-visible:ring-offset-2 disabled:pointer-events-none disabled:opacity-50 bg-primary text-primary-foreground hover:bg-primary/90 h-10 px-4 py-2 w-full&quot;
              type=&quot;submit&quot;
            &gt;
              Create account
            &lt;/button&gt;
          &lt;/form&gt;
        &lt;/div&gt;
        &lt;div
          class=&quot;flex items-center p-6 pt-0&quot;
        &gt;
          &lt;p
            class=&quot;text-sm text-center w-full text-muted-foreground&quot;
          &gt;
            Already have an account?
             
            &lt;a
              class=&quot;text-primary hover:underline&quot;
              href=&quot;/login&quot;
            &gt;
              Sign in
            &lt;/a&gt;
          &lt;/p&gt;
        &lt;/div&gt;
      &lt;/div&gt;
    &lt;/div&gt;
  &lt;/div&gt;
&lt;/body&gt;
    at Object.getElementError (D:\Desktop\AI-Based-Quality-Check-On-Project-Code-And-Architecture\frontend\node_modules\@testing-library\dom\dist\config.js:37:19)
    at D:\Desktop\AI-Based-Quality-Check-On-Project-Code-And-Architecture\frontend\node_modules\@testing-library\dom\dist\query-helpers.js:76:38
    at D:\Desktop\AI-Based-Quality-Check-On-Project-Code-And-Architecture\frontend\node_modules\@testing-library\dom\dist\query-helpers.js:52:17
    at D:\Desktop\AI-Based-Quality-Check-On-Project-Code-And-Architecture\frontend\node_modules\@testing-library\dom\dist\query-helpers.js:95:19
    at Object.getByRole (D:\Desktop\AI-Based-Quality-Check-On-Project-Code-And-Architecture\frontend\src\app\register\__tests__\page.test.tsx:138:33)
    at Promise.finally.completed (D:\Desktop\AI-Based-Quality-Check-On-Project-Code-And-Architecture\frontend\node_modules\jest-circus\build\jestAdapterInit.js:1557:28)
    at new Promise (&lt;anonymous&gt;)
    at callAsyncCircusFn (D:\Desktop\AI-Based-Quality-Check-On-Project-Code-And-Architecture\frontend\node_modules\jest-circus\build\jestAdapterInit.js:1497:10)
    at _callCircusTest (D:\Desktop\AI-Based-Quality-Check-On-Project-Code-And-Architecture\frontend\node_modules\jest-circus\build\jestAdapterInit.js:1007:40)
    at _runTest (D:\Desktop\AI-Based-Quality-Check-On-Project-Code-And-Architecture\frontend\node_modules\jest-circus\build\jestAdapterInit.js:947:3)
    at D:\Desktop\AI-Based-Quality-Check-On-Project-Code-And-Architecture\frontend\node_modules\jest-circus\build\jestAdapterInit.js:849:7
    at _runTestsForDescribeBlock (D:\Desktop\AI-Based-Quality-Check-On-Project-Code-And-Architecture\frontend\node_modules\jest-circus\build\jestAdapterInit.js:862:11)
    at _runTestsForDescribeBlock (D:\Desktop\AI-Based-Quality-Check-On-Project-Code-And-Architecture\frontend\node_modules\jest-circus\build\jestAdapterInit.js:857:11)
    at run (D:\Desktop\AI-Based-Quality-Check-On-Project-Code-And-Architecture\frontend\node_modules\jest-circus\build\jestAdapterInit.js:761:3)
    at runAndTransformResultsToJestFormat (D:\Desktop\AI-Based-Quality-Check-On-Project-Code-And-Architecture\frontend\node_modules\jest-circus\build\jestAdapterInit.js:1918:21)
    at jestAdapter (D:\Desktop\AI-Based-Quality-Check-On-Project-Code-And-Architecture\frontend\node_modules\jest-circus\build\runner.js:101:19)
    at runTestInternal (D:\Desktop\AI-Based-Quality-Check-On-Project-Code-And-Architecture\frontend\node_modules\jest-runner\build\index.js:275:16)
    at runTest (D:\Desktop\AI-Based-Quality-Check-On-Project-Code-And-Architecture\frontend\node_modules\jest-runner\build\index.js:343:7)</failure>
    </testcase>
    <testcase classname="RegisterPage" name="calls register function with correct data" time="0.123">
      <failure>TestingLibraryElementError: Unable to find an accessible element with the role &quot;button&quot; and name `/create account/i`

Here are the accessible roles:

  main:

  Name &quot;Create an account&quot;:
  &lt;div
    aria-labelledby=&quot;register-title&quot;
    class=&quot;rounded-lg border bg-card text-card-foreground shadow-sm w-full max-w-md&quot;
    role=&quot;main&quot;
  /&gt;

  --------------------------------------------------
  img:

  Name &quot;AI Reviewer Logo&quot;:
  &lt;div
    aria-label=&quot;AI Reviewer Logo&quot;
    class=&quot;h-12 w-12 rounded-lg bg-primary flex items-center justify-center&quot;
    role=&quot;img&quot;
  /&gt;

  --------------------------------------------------
  heading:

  Name &quot;Create an account&quot;:
  &lt;h3
    class=&quot;font-semibold tracking-tight text-2xl text-center&quot;
    id=&quot;register-title&quot;
  /&gt;

  --------------------------------------------------
  paragraph:

  Name &quot;&quot;:
  &lt;p
    class=&quot;text-sm text-muted-foreground text-center&quot;
  /&gt;

  Name &quot;&quot;:
  &lt;p
    class=&quot;text-sm text-center w-full text-muted-foreground&quot;
  /&gt;

  --------------------------------------------------
  form:

  Name &quot;Registration form&quot;:
  &lt;form
    aria-label=&quot;Registration form&quot;
    class=&quot;space-y-4&quot;
  /&gt;

  --------------------------------------------------
  textbox:

  Name &quot;Full Name&quot;:
  &lt;input
    autocomplete=&quot;name&quot;
    class=&quot;flex h-10 w-full rounded-md border border-input bg-background px-3 py-2 text-sm ring-offset-background file:border-0 file:bg-transparent file:text-sm file:font-medium placeholder:text-muted-foreground focus-visible:outline-none focus-visible:ring-2 focus-visible:ring-ring focus-visible:ring-offset-2 disabled:cursor-not-allowed disabled:opacity-50&quot;
    id=&quot;name&quot;
    name=&quot;name&quot;
    placeholder=&quot;John Doe&quot;
    type=&quot;text&quot;
  /&gt;

  Name &quot;Email&quot;:
  &lt;input
    autocomplete=&quot;email&quot;
    class=&quot;flex h-10 w-full rounded-md border border-input bg-background px-3 py-2 text-sm ring-offset-background file:border-0 file:bg-transparent file:text-sm file:font-medium placeholder:text-muted-foreground focus-visible:outline-none focus-visible:ring-2 focus-visible:ring-ring focus-visible:ring-offset-2 disabled:cursor-not-allowed disabled:opacity-50&quot;
    id=&quot;email&quot;
    name=&quot;email&quot;
    placeholder=&quot;name@example.com&quot;
    type=&quot;email&quot;
  /&gt;

  --------------------------------------------------
  checkbox:

  Name &quot;I agree to the Terms of Service and Privacy Policy&quot;:
  &lt;button
    aria-checked=&quot;false&quot;
    class=&quot;peer h-4 w-4 shrink-0 rounded-sm border border-primary ring-offset-background focus-visible:outline-none focus-visible:ring-2 focus-visible:ring-ring focus-visible:ring-offset-2 disabled:cursor-not-allowed disabled:opacity-50 data-[state=checked]:bg-primary data-[state=checked]:text-primary-foreground mt-1&quot;
    data-state=&quot;unchecked&quot;
    id=&quot;acceptTerms&quot;
    role=&quot;checkbox&quot;
    type=&quot;button&quot;
    value=&quot;on&quot;
  /&gt;

  --------------------------------------------------
  link:

  Name &quot;Terms of Service&quot;:
  &lt;a
    class=&quot;text-primary hover:underline&quot;
    href=&quot;/terms&quot;
  /&gt;

  Name &quot;Privacy Policy&quot;:
  &lt;a
    class=&quot;text-primary hover:underline&quot;
    href=&quot;/privacy&quot;
  /&gt;

  Name &quot;Sign in&quot;:
  &lt;a
    class=&quot;text-primary hover:underline&quot;
    href=&quot;/login&quot;
  /&gt;

  --------------------------------------------------
  button:

  Name &quot;Create your account&quot;:
  &lt;button
    aria-label=&quot;Create your account&quot;
    class=&quot;inline-flex items-center justify-center whitespace-nowrap rounded-md text-sm font-medium ring-offset-background transition-colors focus-visible:outline-none focus-visible:ring-2 focus-visible:ring-ring focus-visible:ring-offset-2 disabled:pointer-events-none disabled:opacity-50 bg-primary text-primary-foreground hover:bg-primary/90 h-10 px-4 py-2 w-full&quot;
    type=&quot;submit&quot;
  /&gt;

  --------------------------------------------------

Ignored nodes: comments, script, style
&lt;body&gt;
  &lt;div&gt;
    &lt;div
      class=&quot;flex min-h-screen items-center justify-center bg-gradient-to-br from-slate-50 to-slate-100 dark:from-slate-900 dark:to-slate-800 p-4&quot;
    &gt;
      &lt;div
        aria-labelledby=&quot;register-title&quot;
        class=&quot;rounded-lg border bg-card text-card-foreground shadow-sm w-full max-w-md&quot;
        role=&quot;main&quot;
      &gt;
        &lt;div
          class=&quot;flex flex-col p-6 space-y-1&quot;
        &gt;
          &lt;div
            class=&quot;flex items-center justify-center mb-4&quot;
          &gt;
            &lt;div
              aria-label=&quot;AI Reviewer Logo&quot;
              class=&quot;h-12 w-12 rounded-lg bg-primary flex items-center justify-center&quot;
              role=&quot;img&quot;
            &gt;
              &lt;span
                aria-hidden=&quot;true&quot;
                class=&quot;text-primary-foreground font-bold text-2xl&quot;
              &gt;
                AI
              &lt;/span&gt;
            &lt;/div&gt;
          &lt;/div&gt;
          &lt;h3
            class=&quot;font-semibold tracking-tight text-2xl text-center&quot;
            id=&quot;register-title&quot;
          &gt;
            Create an account
          &lt;/h3&gt;
          &lt;p
            class=&quot;text-sm text-muted-foreground text-center&quot;
          &gt;
            Enter your information to get started
          &lt;/p&gt;
        &lt;/div&gt;
        &lt;div
          class=&quot;p-6 pt-0&quot;
        &gt;
          &lt;form
            aria-label=&quot;Registration form&quot;
            class=&quot;space-y-4&quot;
          &gt;
            &lt;div
              class=&quot;space-y-2&quot;
            &gt;
              &lt;label
                class=&quot;text-sm font-medium leading-none peer-disabled:cursor-not-allowed peer-disabled:opacity-70&quot;
                for=&quot;name&quot;
              &gt;
                Full Name
              &lt;/label&gt;
              &lt;input
                autocomplete=&quot;name&quot;
                class=&quot;flex h-10 w-full rounded-md border border-input bg-background px-3 py-2 text-sm ring-offset-background file:border-0 file:bg-transparent file:text-sm file:font-medium placeholder:text-muted-foreground focus-visible:outline-none focus-visible:ring-2 focus-visible:ring-ring focus-visible:ring-offset-2 disabled:cursor-not-allowed disabled:opacity-50&quot;
                id=&quot;name&quot;
                name=&quot;name&quot;
                placeholder=&quot;John Doe&quot;
                type=&quot;text&quot;
              /&gt;
            &lt;/div&gt;
            &lt;div
              class=&quot;space-y-2&quot;
            &gt;
              &lt;label
                class=&quot;text-sm font-medium leading-none peer-disabled:cursor-not-allowed peer-disabled:opacity-70&quot;
                for=&quot;email&quot;
              &gt;
                Email
              &lt;/label&gt;
              &lt;input
                autocomplete=&quot;email&quot;
                class=&quot;flex h-10 w-full rounded-md border border-input bg-background px-3 py-2 text-sm ring-offset-background file:border-0 file:bg-transparent file:text-sm file:font-medium placeholder:text-muted-foreground focus-visible:outline-none focus-visible:ring-2 focus-visible:ring-ring focus-visible:ring-offset-2 disabled:cursor-not-allowed disabled:opacity-50&quot;
                id=&quot;email&quot;
                name=&quot;email&quot;
                placeholder=&quot;name@example.com&quot;
                type=&quot;email&quot;
              /&gt;
            &lt;/div&gt;
            &lt;div
              class=&quot;space-y-2&quot;
            &gt;
              &lt;label
                class=&quot;text-sm font-medium leading-none peer-disabled:cursor-not-allowed peer-disabled:opacity-70&quot;
                for=&quot;password&quot;
              &gt;
                Password
              &lt;/label&gt;
              &lt;input
                aria-invalid=&quot;false&quot;
                aria-required=&quot;true&quot;
                autocomplete=&quot;new-password&quot;
                class=&quot;flex h-10 w-full rounded-md border border-input bg-background px-3 py-2 text-sm ring-offset-background file:border-0 file:bg-transparent file:text-sm file:font-medium placeholder:text-muted-foreground focus-visible:outline-none focus-visible:ring-2 focus-visible:ring-ring focus-visible:ring-offset-2 disabled:cursor-not-allowed disabled:opacity-50&quot;
                id=&quot;password&quot;
                name=&quot;password&quot;
                placeholder=&quot;Create a strong password&quot;
                type=&quot;password&quot;
              /&gt;
            &lt;/div&gt;
            &lt;div
              class=&quot;space-y-2&quot;
            &gt;
              &lt;label
                class=&quot;text-sm font-medium leading-none peer-disabled:cursor-not-allowed peer-disabled:opacity-70&quot;
                for=&quot;confirmPassword&quot;
              &gt;
                Confirm Password
              &lt;/label&gt;
              &lt;input
                autocomplete=&quot;new-password&quot;
                class=&quot;flex h-10 w-full rounded-md border border-input bg-background px-3 py-2 text-sm ring-offset-background file:border-0 file:bg-transparent file:text-sm file:font-medium placeholder:text-muted-foreground focus-visible:outline-none focus-visible:ring-2 focus-visible:ring-ring focus-visible:ring-offset-2 disabled:cursor-not-allowed disabled:opacity-50&quot;
                id=&quot;confirmPassword&quot;
                name=&quot;confirmPassword&quot;
                placeholder=&quot;Confirm your password&quot;
                type=&quot;password&quot;
              /&gt;
            &lt;/div&gt;
            &lt;div
              class=&quot;flex items-start space-x-2&quot;
            &gt;
              &lt;button
                aria-checked=&quot;false&quot;
                class=&quot;peer h-4 w-4 shrink-0 rounded-sm border border-primary ring-offset-background focus-visible:outline-none focus-visible:ring-2 focus-visible:ring-ring focus-visible:ring-offset-2 disabled:cursor-not-allowed disabled:opacity-50 data-[state=checked]:bg-primary data-[state=checked]:text-primary-foreground mt-1&quot;
                data-state=&quot;unchecked&quot;
                id=&quot;acceptTerms&quot;
                role=&quot;checkbox&quot;
                type=&quot;button&quot;
                value=&quot;on&quot;
              /&gt;
              &lt;input
                aria-hidden=&quot;true&quot;
                style=&quot;position: absolute; pointer-events: none; opacity: 0; margin: 0px; transform: translateX(-100%); width: 0px; height: 0px;&quot;
                tabindex=&quot;-1&quot;
                type=&quot;checkbox&quot;
                value=&quot;on&quot;
              /&gt;
              &lt;label
                class=&quot;peer-disabled:cursor-not-allowed peer-disabled:opacity-70 text-sm font-normal cursor-pointer leading-relaxed&quot;
                for=&quot;acceptTerms&quot;
              &gt;
                I agree to the
                 
                &lt;a
                  class=&quot;text-primary hover:underline&quot;
                  href=&quot;/terms&quot;
                &gt;
                  Terms of Service
                &lt;/a&gt;
                 
                and
                 
                &lt;a
                  class=&quot;text-primary hover:underline&quot;
                  href=&quot;/privacy&quot;
                &gt;
                  Privacy Policy
                &lt;/a&gt;
              &lt;/label&gt;
            &lt;/div&gt;
            &lt;button
              aria-label=&quot;Create your account&quot;
              class=&quot;inline-flex items-center justify-center whitespace-nowrap rounded-md text-sm font-medium ring-offset-background transition-colors focus-visible:outline-none focus-visible:ring-2 focus-visible:ring-ring focus-visible:ring-offset-2 disabled:pointer-events-none disabled:opacity-50 bg-primary text-primary-foreground hover:bg-primary/90 h-10 px-4 py-2 w-full&quot;
              type=&quot;submit&quot;
            &gt;
              Create account
            &lt;/button&gt;
          &lt;/form&gt;
        &lt;/div&gt;
        &lt;div
          class=&quot;flex items-center p-6 pt-0&quot;
        &gt;
          &lt;p
            class=&quot;text-sm text-center w-full text-muted-foreground&quot;
          &gt;
            Already have an account?
             
            &lt;a
              class=&quot;text-primary hover:underline&quot;
              href=&quot;/login&quot;
            &gt;
              Sign in
            &lt;/a&gt;
          &lt;/p&gt;
        &lt;/div&gt;
      &lt;/div&gt;
    &lt;/div&gt;
  &lt;/div&gt;
&lt;/body&gt;
    at Object.getElementError (D:\Desktop\AI-Based-Quality-Check-On-Project-Code-And-Architecture\frontend\node_modules\@testing-library\dom\dist\config.js:37:19)
    at D:\Desktop\AI-Based-Quality-Check-On-Project-Code-And-Architecture\frontend\node_modules\@testing-library\dom\dist\query-helpers.js:76:38
    at D:\Desktop\AI-Based-Quality-Check-On-Project-Code-And-Architecture\frontend\node_modules\@testing-library\dom\dist\query-helpers.js:52:17
    at D:\Desktop\AI-Based-Quality-Check-On-Project-Code-And-Architecture\frontend\node_modules\@testing-library\dom\dist\query-helpers.js:95:19
    at Object.getByRole (D:\Desktop\AI-Based-Quality-Check-On-Project-Code-And-Architecture\frontend\src\app\register\__tests__\page.test.tsx:161:33)
    at Promise.finally.completed (D:\Desktop\AI-Based-Quality-Check-On-Project-Code-And-Architecture\frontend\node_modules\jest-circus\build\jestAdapterInit.js:1557:28)
    at new Promise (&lt;anonymous&gt;)
    at callAsyncCircusFn (D:\Desktop\AI-Based-Quality-Check-On-Project-Code-And-Architecture\frontend\node_modules\jest-circus\build\jestAdapterInit.js:1497:10)
    at _callCircusTest (D:\Desktop\AI-Based-Quality-Check-On-Project-Code-And-Architecture\frontend\node_modules\jest-circus\build\jestAdapterInit.js:1007:40)
    at _runTest (D:\Desktop\AI-Based-Quality-Check-On-Project-Code-And-Architecture\frontend\node_modules\jest-circus\build\jestAdapterInit.js:947:3)
    at D:\Desktop\AI-Based-Quality-Check-On-Project-Code-And-Architecture\frontend\node_modules\jest-circus\build\jestAdapterInit.js:849:7
    at _runTestsForDescribeBlock (D:\Desktop\AI-Based-Quality-Check-On-Project-Code-And-Architecture\frontend\node_modules\jest-circus\build\jestAdapterInit.js:862:11)
    at _runTestsForDescribeBlock (D:\Desktop\AI-Based-Quality-Check-On-Project-Code-And-Architecture\frontend\node_modules\jest-circus\build\jestAdapterInit.js:857:11)
    at run (D:\Desktop\AI-Based-Quality-Check-On-Project-Code-And-Architecture\frontend\node_modules\jest-circus\build\jestAdapterInit.js:761:3)
    at runAndTransformResultsToJestFormat (D:\Desktop\AI-Based-Quality-Check-On-Project-Code-And-Architecture\frontend\node_modules\jest-circus\build\jestAdapterInit.js:1918:21)
    at jestAdapter (D:\Desktop\AI-Based-Quality-Check-On-Project-Code-And-Architecture\frontend\node_modules\jest-circus\build\runner.js:101:19)
    at runTestInternal (D:\Desktop\AI-Based-Quality-Check-On-Project-Code-And-Architecture\frontend\node_modules\jest-runner\build\index.js:275:16)
    at runTest (D:\Desktop\AI-Based-Quality-Check-On-Project-Code-And-Architecture\frontend\node_modules\jest-runner\build\index.js:343:7)</failure>
    </testcase>
    <testcase classname="RegisterPage" name="displays error message on registration failure" time="0.117">
      <failure>TestingLibraryElementError: Unable to find an accessible element with the role &quot;button&quot; and name `/create account/i`

Here are the accessible roles:

  main:

  Name &quot;Create an account&quot;:
  &lt;div
    aria-labelledby=&quot;register-title&quot;
    class=&quot;rounded-lg border bg-card text-card-foreground shadow-sm w-full max-w-md&quot;
    role=&quot;main&quot;
  /&gt;

  --------------------------------------------------
  img:

  Name &quot;AI Reviewer Logo&quot;:
  &lt;div
    aria-label=&quot;AI Reviewer Logo&quot;
    class=&quot;h-12 w-12 rounded-lg bg-primary flex items-center justify-center&quot;
    role=&quot;img&quot;
  /&gt;

  --------------------------------------------------
  heading:

  Name &quot;Create an account&quot;:
  &lt;h3
    class=&quot;font-semibold tracking-tight text-2xl text-center&quot;
    id=&quot;register-title&quot;
  /&gt;

  --------------------------------------------------
  paragraph:

  Name &quot;&quot;:
  &lt;p
    class=&quot;text-sm text-muted-foreground text-center&quot;
  /&gt;

  Name &quot;&quot;:
  &lt;p
    class=&quot;text-sm text-center w-full text-muted-foreground&quot;
  /&gt;

  --------------------------------------------------
  form:

  Name &quot;Registration form&quot;:
  &lt;form
    aria-label=&quot;Registration form&quot;
    class=&quot;space-y-4&quot;
  /&gt;

  --------------------------------------------------
  textbox:

  Name &quot;Full Name&quot;:
  &lt;input
    autocomplete=&quot;name&quot;
    class=&quot;flex h-10 w-full rounded-md border border-input bg-background px-3 py-2 text-sm ring-offset-background file:border-0 file:bg-transparent file:text-sm file:font-medium placeholder:text-muted-foreground focus-visible:outline-none focus-visible:ring-2 focus-visible:ring-ring focus-visible:ring-offset-2 disabled:cursor-not-allowed disabled:opacity-50&quot;
    id=&quot;name&quot;
    name=&quot;name&quot;
    placeholder=&quot;John Doe&quot;
    type=&quot;text&quot;
  /&gt;

  Name &quot;Email&quot;:
  &lt;input
    autocomplete=&quot;email&quot;
    class=&quot;flex h-10 w-full rounded-md border border-input bg-background px-3 py-2 text-sm ring-offset-background file:border-0 file:bg-transparent file:text-sm file:font-medium placeholder:text-muted-foreground focus-visible:outline-none focus-visible:ring-2 focus-visible:ring-ring focus-visible:ring-offset-2 disabled:cursor-not-allowed disabled:opacity-50&quot;
    id=&quot;email&quot;
    name=&quot;email&quot;
    placeholder=&quot;name@example.com&quot;
    type=&quot;email&quot;
  /&gt;

  --------------------------------------------------
  checkbox:

  Name &quot;I agree to the Terms of Service and Privacy Policy&quot;:
  &lt;button
    aria-checked=&quot;false&quot;
    class=&quot;peer h-4 w-4 shrink-0 rounded-sm border border-primary ring-offset-background focus-visible:outline-none focus-visible:ring-2 focus-visible:ring-ring focus-visible:ring-offset-2 disabled:cursor-not-allowed disabled:opacity-50 data-[state=checked]:bg-primary data-[state=checked]:text-primary-foreground mt-1&quot;
    data-state=&quot;unchecked&quot;
    id=&quot;acceptTerms&quot;
    role=&quot;checkbox&quot;
    type=&quot;button&quot;
    value=&quot;on&quot;
  /&gt;

  --------------------------------------------------
  link:

  Name &quot;Terms of Service&quot;:
  &lt;a
    class=&quot;text-primary hover:underline&quot;
    href=&quot;/terms&quot;
  /&gt;

  Name &quot;Privacy Policy&quot;:
  &lt;a
    class=&quot;text-primary hover:underline&quot;
    href=&quot;/privacy&quot;
  /&gt;

  Name &quot;Sign in&quot;:
  &lt;a
    class=&quot;text-primary hover:underline&quot;
    href=&quot;/login&quot;
  /&gt;

  --------------------------------------------------
  button:

  Name &quot;Create your account&quot;:
  &lt;button
    aria-label=&quot;Create your account&quot;
    class=&quot;inline-flex items-center justify-center whitespace-nowrap rounded-md text-sm font-medium ring-offset-background transition-colors focus-visible:outline-none focus-visible:ring-2 focus-visible:ring-ring focus-visible:ring-offset-2 disabled:pointer-events-none disabled:opacity-50 bg-primary text-primary-foreground hover:bg-primary/90 h-10 px-4 py-2 w-full&quot;
    type=&quot;submit&quot;
  /&gt;

  --------------------------------------------------

Ignored nodes: comments, script, style
&lt;body&gt;
  &lt;div&gt;
    &lt;div
      class=&quot;flex min-h-screen items-center justify-center bg-gradient-to-br from-slate-50 to-slate-100 dark:from-slate-900 dark:to-slate-800 p-4&quot;
    &gt;
      &lt;div
        aria-labelledby=&quot;register-title&quot;
        class=&quot;rounded-lg border bg-card text-card-foreground shadow-sm w-full max-w-md&quot;
        role=&quot;main&quot;
      &gt;
        &lt;div
          class=&quot;flex flex-col p-6 space-y-1&quot;
        &gt;
          &lt;div
            class=&quot;flex items-center justify-center mb-4&quot;
          &gt;
            &lt;div
              aria-label=&quot;AI Reviewer Logo&quot;
              class=&quot;h-12 w-12 rounded-lg bg-primary flex items-center justify-center&quot;
              role=&quot;img&quot;
            &gt;
              &lt;span
                aria-hidden=&quot;true&quot;
                class=&quot;text-primary-foreground font-bold text-2xl&quot;
              &gt;
                AI
              &lt;/span&gt;
            &lt;/div&gt;
          &lt;/div&gt;
          &lt;h3
            class=&quot;font-semibold tracking-tight text-2xl text-center&quot;
            id=&quot;register-title&quot;
          &gt;
            Create an account
          &lt;/h3&gt;
          &lt;p
            class=&quot;text-sm text-muted-foreground text-center&quot;
          &gt;
            Enter your information to get started
          &lt;/p&gt;
        &lt;/div&gt;
        &lt;div
          class=&quot;p-6 pt-0&quot;
        &gt;
          &lt;form
            aria-label=&quot;Registration form&quot;
            class=&quot;space-y-4&quot;
          &gt;
            &lt;div
              class=&quot;space-y-2&quot;
            &gt;
              &lt;label
                class=&quot;text-sm font-medium leading-none peer-disabled:cursor-not-allowed peer-disabled:opacity-70&quot;
                for=&quot;name&quot;
              &gt;
                Full Name
              &lt;/label&gt;
              &lt;input
                autocomplete=&quot;name&quot;
                class=&quot;flex h-10 w-full rounded-md border border-input bg-background px-3 py-2 text-sm ring-offset-background file:border-0 file:bg-transparent file:text-sm file:font-medium placeholder:text-muted-foreground focus-visible:outline-none focus-visible:ring-2 focus-visible:ring-ring focus-visible:ring-offset-2 disabled:cursor-not-allowed disabled:opacity-50&quot;
                id=&quot;name&quot;
                name=&quot;name&quot;
                placeholder=&quot;John Doe&quot;
                type=&quot;text&quot;
              /&gt;
            &lt;/div&gt;
            &lt;div
              class=&quot;space-y-2&quot;
            &gt;
              &lt;label
                class=&quot;text-sm font-medium leading-none peer-disabled:cursor-not-allowed peer-disabled:opacity-70&quot;
                for=&quot;email&quot;
              &gt;
                Email
              &lt;/label&gt;
              &lt;input
                autocomplete=&quot;email&quot;
                class=&quot;flex h-10 w-full rounded-md border border-input bg-background px-3 py-2 text-sm ring-offset-background file:border-0 file:bg-transparent file:text-sm file:font-medium placeholder:text-muted-foreground focus-visible:outline-none focus-visible:ring-2 focus-visible:ring-ring focus-visible:ring-offset-2 disabled:cursor-not-allowed disabled:opacity-50&quot;
                id=&quot;email&quot;
                name=&quot;email&quot;
                placeholder=&quot;name@example.com&quot;
                type=&quot;email&quot;
              /&gt;
            &lt;/div&gt;
            &lt;div
              class=&quot;space-y-2&quot;
            &gt;
              &lt;label
                class=&quot;text-sm font-medium leading-none peer-disabled:cursor-not-allowed peer-disabled:opacity-70&quot;
                for=&quot;password&quot;
              &gt;
                Password
              &lt;/label&gt;
              &lt;input
                aria-invalid=&quot;false&quot;
                aria-required=&quot;true&quot;
                autocomplete=&quot;new-password&quot;
                class=&quot;flex h-10 w-full rounded-md border border-input bg-background px-3 py-2 text-sm ring-offset-background file:border-0 file:bg-transparent file:text-sm file:font-medium placeholder:text-muted-foreground focus-visible:outline-none focus-visible:ring-2 focus-visible:ring-ring focus-visible:ring-offset-2 disabled:cursor-not-allowed disabled:opacity-50&quot;
                id=&quot;password&quot;
                name=&quot;password&quot;
                placeholder=&quot;Create a strong password&quot;
                type=&quot;password&quot;
              /&gt;
            &lt;/div&gt;
            &lt;div
              class=&quot;space-y-2&quot;
            &gt;
              &lt;label
                class=&quot;text-sm font-medium leading-none peer-disabled:cursor-not-allowed peer-disabled:opacity-70&quot;
                for=&quot;confirmPassword&quot;
              &gt;
                Confirm Password
              &lt;/label&gt;
              &lt;input
                autocomplete=&quot;new-password&quot;
                class=&quot;flex h-10 w-full rounded-md border border-input bg-background px-3 py-2 text-sm ring-offset-background file:border-0 file:bg-transparent file:text-sm file:font-medium placeholder:text-muted-foreground focus-visible:outline-none focus-visible:ring-2 focus-visible:ring-ring focus-visible:ring-offset-2 disabled:cursor-not-allowed disabled:opacity-50&quot;
                id=&quot;confirmPassword&quot;
                name=&quot;confirmPassword&quot;
                placeholder=&quot;Confirm your password&quot;
                type=&quot;password&quot;
              /&gt;
            &lt;/div&gt;
            &lt;div
              class=&quot;flex items-start space-x-2&quot;
            &gt;
              &lt;button
                aria-checked=&quot;false&quot;
                class=&quot;peer h-4 w-4 shrink-0 rounded-sm border border-primary ring-offset-background focus-visible:outline-none focus-visible:ring-2 focus-visible:ring-ring focus-visible:ring-offset-2 disabled:cursor-not-allowed disabled:opacity-50 data-[state=checked]:bg-primary data-[state=checked]:text-primary-foreground mt-1&quot;
                data-state=&quot;unchecked&quot;
                id=&quot;acceptTerms&quot;
                role=&quot;checkbox&quot;
                type=&quot;button&quot;
                value=&quot;on&quot;
              /&gt;
              &lt;input
                aria-hidden=&quot;true&quot;
                style=&quot;position: absolute; pointer-events: none; opacity: 0; margin: 0px; transform: translateX(-100%); width: 0px; height: 0px;&quot;
                tabindex=&quot;-1&quot;
                type=&quot;checkbox&quot;
                value=&quot;on&quot;
              /&gt;
              &lt;label
                class=&quot;peer-disabled:cursor-not-allowed peer-disabled:opacity-70 text-sm font-normal cursor-pointer leading-relaxed&quot;
                for=&quot;acceptTerms&quot;
              &gt;
                I agree to the
                 
                &lt;a
                  class=&quot;text-primary hover:underline&quot;
                  href=&quot;/terms&quot;
                &gt;
                  Terms of Service
                &lt;/a&gt;
                 
                and
                 
                &lt;a
                  class=&quot;text-primary hover:underline&quot;
                  href=&quot;/privacy&quot;
                &gt;
                  Privacy Policy
                &lt;/a&gt;
              &lt;/label&gt;
            &lt;/div&gt;
            &lt;button
              aria-label=&quot;Create your account&quot;
              class=&quot;inline-flex items-center justify-center whitespace-nowrap rounded-md text-sm font-medium ring-offset-background transition-colors focus-visible:outline-none focus-visible:ring-2 focus-visible:ring-ring focus-visible:ring-offset-2 disabled:pointer-events-none disabled:opacity-50 bg-primary text-primary-foreground hover:bg-primary/90 h-10 px-4 py-2 w-full&quot;
              type=&quot;submit&quot;
            &gt;
              Create account
            &lt;/button&gt;
          &lt;/form&gt;
        &lt;/div&gt;
        &lt;div
          class=&quot;flex items-center p-6 pt-0&quot;
        &gt;
          &lt;p
            class=&quot;text-sm text-center w-full text-muted-foreground&quot;
          &gt;
            Already have an account?
             
            &lt;a
              class=&quot;text-primary hover:underline&quot;
              href=&quot;/login&quot;
            &gt;
              Sign in
            &lt;/a&gt;
          &lt;/p&gt;
        &lt;/div&gt;
      &lt;/div&gt;
    &lt;/div&gt;
  &lt;/div&gt;
&lt;/body&gt;
    at Object.getElementError (D:\Desktop\AI-Based-Quality-Check-On-Project-Code-And-Architecture\frontend\node_modules\@testing-library\dom\dist\config.js:37:19)
    at D:\Desktop\AI-Based-Quality-Check-On-Project-Code-And-Architecture\frontend\node_modules\@testing-library\dom\dist\query-helpers.js:76:38
    at D:\Desktop\AI-Based-Quality-Check-On-Project-Code-And-Architecture\frontend\node_modules\@testing-library\dom\dist\query-helpers.js:52:17
    at D:\Desktop\AI-Based-Quality-Check-On-Project-Code-And-Architecture\frontend\node_modules\@testing-library\dom\dist\query-helpers.js:95:19
    at Object.getByRole (D:\Desktop\AI-Based-Quality-Check-On-Project-Code-And-Architecture\frontend\src\app\register\__tests__\page.test.tsx:186:33)
    at Promise.finally.completed (D:\Desktop\AI-Based-Quality-Check-On-Project-Code-And-Architecture\frontend\node_modules\jest-circus\build\jestAdapterInit.js:1557:28)
    at new Promise (&lt;anonymous&gt;)
    at callAsyncCircusFn (D:\Desktop\AI-Based-Quality-Check-On-Project-Code-And-Architecture\frontend\node_modules\jest-circus\build\jestAdapterInit.js:1497:10)
    at _callCircusTest (D:\Desktop\AI-Based-Quality-Check-On-Project-Code-And-Architecture\frontend\node_modules\jest-circus\build\jestAdapterInit.js:1007:40)
    at _runTest (D:\Desktop\AI-Based-Quality-Check-On-Project-Code-And-Architecture\frontend\node_modules\jest-circus\build\jestAdapterInit.js:947:3)
    at D:\Desktop\AI-Based-Quality-Check-On-Project-Code-And-Architecture\frontend\node_modules\jest-circus\build\jestAdapterInit.js:849:7
    at _runTestsForDescribeBlock (D:\Desktop\AI-Based-Quality-Check-On-Project-Code-And-Architecture\frontend\node_modules\jest-circus\build\jestAdapterInit.js:862:11)
    at _runTestsForDescribeBlock (D:\Desktop\AI-Based-Quality-Check-On-Project-Code-And-Architecture\frontend\node_modules\jest-circus\build\jestAdapterInit.js:857:11)
    at run (D:\Desktop\AI-Based-Quality-Check-On-Project-Code-And-Architecture\frontend\node_modules\jest-circus\build\jestAdapterInit.js:761:3)
    at runAndTransformResultsToJestFormat (D:\Desktop\AI-Based-Quality-Check-On-Project-Code-And-Architecture\frontend\node_modules\jest-circus\build\jestAdapterInit.js:1918:21)
    at jestAdapter (D:\Desktop\AI-Based-Quality-Check-On-Project-Code-And-Architecture\frontend\node_modules\jest-circus\build\runner.js:101:19)
    at runTestInternal (D:\Desktop\AI-Based-Quality-Check-On-Project-Code-And-Architecture\frontend\node_modules\jest-runner\build\index.js:275:16)
    at runTest (D:\Desktop\AI-Based-Quality-Check-On-Project-Code-And-Architecture\frontend\node_modules\jest-runner\build\index.js:343:7)</failure>
    </testcase>
    <testcase classname="RegisterPage" name="disables form inputs while loading" time="0.038">
      <failure>Error: Element type is invalid: expected a string (for built-in components) or a class/function (for composite components) but got: undefined. You likely forgot to export your component from the file it&apos;s defined in, or you might have mixed up default and named imports.

Check the render method of `RegisterPage`.
    at createFiberFromTypeAndProps (D:\Desktop\AI-Based-Quality-Check-On-Project-Code-And-Architecture\frontend\node_modules\react-dom\cjs\react-dom-client.development.js:5021:28)
    at createFiberFromElement (D:\Desktop\AI-Based-Quality-Check-On-Project-Code-And-Architecture\frontend\node_modules\react-dom\cjs\react-dom-client.development.js:5035:14)
    at createChild (D:\Desktop\AI-Based-Quality-Check-On-Project-Code-And-Architecture\frontend\node_modules\react-dom\cjs\react-dom-client.development.js:6338:26)
    at reconcileChildrenArray (D:\Desktop\AI-Based-Quality-Check-On-Project-Code-And-Architecture\frontend\node_modules\react-dom\cjs\react-dom-client.development.js:6670:25)
    at reconcileChildFibersImpl (D:\Desktop\AI-Based-Quality-Check-On-Project-Code-And-Architecture\frontend\node_modules\react-dom\cjs\react-dom-client.development.js:6993:30)
    at D:\Desktop\AI-Based-Quality-Check-On-Project-Code-And-Architecture\frontend\node_modules\react-dom\cjs\react-dom-client.development.js:7098:33
    at reconcileChildren (D:\Desktop\AI-Based-Quality-Check-On-Project-Code-And-Architecture\frontend\node_modules\react-dom\cjs\react-dom-client.development.js:9701:13)
    at beginWork (D:\Desktop\AI-Based-Quality-Check-On-Project-Code-And-Architecture\frontend\node_modules\react-dom\cjs\react-dom-client.development.js:12049:13)
    at runWithFiberInDEV (D:\Desktop\AI-Based-Quality-Check-On-Project-Code-And-Architecture\frontend\node_modules\react-dom\cjs\react-dom-client.development.js:874:13)
    at performUnitOfWork (D:\Desktop\AI-Based-Quality-Check-On-Project-Code-And-Architecture\frontend\node_modules\react-dom\cjs\react-dom-client.development.js:17641:22)
    at workLoopSync (D:\Desktop\AI-Based-Quality-Check-On-Project-Code-And-Architecture\frontend\node_modules\react-dom\cjs\react-dom-client.development.js:17469:41)
    at renderRootSync (D:\Desktop\AI-Based-Quality-Check-On-Project-Code-And-Architecture\frontend\node_modules\react-dom\cjs\react-dom-client.development.js:17450:11)
    at performWorkOnRoot (D:\Desktop\AI-Based-Quality-Check-On-Project-Code-And-Architecture\frontend\node_modules\react-dom\cjs\react-dom-client.development.js:16583:35)
    at performWorkOnRootViaSchedulerTask (D:\Desktop\AI-Based-Quality-Check-On-Project-Code-And-Architecture\frontend\node_modules\react-dom\cjs\react-dom-client.development.js:18957:7)
    at flushActQueue (D:\Desktop\AI-Based-Quality-Check-On-Project-Code-And-Architecture\frontend\node_modules\react\cjs\react.development.js:590:34)
    at process.env.NODE_ENV.exports.act (D:\Desktop\AI-Based-Quality-Check-On-Project-Code-And-Architecture\frontend\node_modules\react\cjs\react.development.js:884:10)
    at D:\Desktop\AI-Based-Quality-Check-On-Project-Code-And-Architecture\frontend\node_modules\@testing-library\react\dist\act-compat.js:46:25
    at renderRoot (D:\Desktop\AI-Based-Quality-Check-On-Project-Code-And-Architecture\frontend\node_modules\@testing-library\react\dist\pure.js:189:26)
    at render (D:\Desktop\AI-Based-Quality-Check-On-Project-Code-And-Architecture\frontend\node_modules\@testing-library\react\dist\pure.js:291:10)
    at Object.&lt;anonymous&gt; (D:\Desktop\AI-Based-Quality-Check-On-Project-Code-And-Architecture\frontend\src\app\register\__tests__\page.test.tsx:205:11)
    at Promise.finally.completed (D:\Desktop\AI-Based-Quality-Check-On-Project-Code-And-Architecture\frontend\node_modules\jest-circus\build\jestAdapterInit.js:1557:28)
    at new Promise (&lt;anonymous&gt;)
    at callAsyncCircusFn (D:\Desktop\AI-Based-Quality-Check-On-Project-Code-And-Architecture\frontend\node_modules\jest-circus\build\jestAdapterInit.js:1497:10)
    at _callCircusTest (D:\Desktop\AI-Based-Quality-Check-On-Project-Code-And-Architecture\frontend\node_modules\jest-circus\build\jestAdapterInit.js:1007:40)
    at _runTest (D:\Desktop\AI-Based-Quality-Check-On-Project-Code-And-Architecture\frontend\node_modules\jest-circus\build\jestAdapterInit.js:947:3)
    at D:\Desktop\AI-Based-Quality-Check-On-Project-Code-And-Architecture\frontend\node_modules\jest-circus\build\jestAdapterInit.js:849:7
    at _runTestsForDescribeBlock (D:\Desktop\AI-Based-Quality-Check-On-Project-Code-And-Architecture\frontend\node_modules\jest-circus\build\jestAdapterInit.js:862:11)
    at _runTestsForDescribeBlock (D:\Desktop\AI-Based-Quality-Check-On-Project-Code-And-Architecture\frontend\node_modules\jest-circus\build\jestAdapterInit.js:857:11)
    at run (D:\Desktop\AI-Based-Quality-Check-On-Project-Code-And-Architecture\frontend\node_modules\jest-circus\build\jestAdapterInit.js:761:3)
    at runAndTransformResultsToJestFormat (D:\Desktop\AI-Based-Quality-Check-On-Project-Code-And-Architecture\frontend\node_modules\jest-circus\build\jestAdapterInit.js:1918:21)
    at jestAdapter (D:\Desktop\AI-Based-Quality-Check-On-Project-Code-And-Architecture\frontend\node_modules\jest-circus\build\runner.js:101:19)
    at runTestInternal (D:\Desktop\AI-Based-Quality-Check-On-Project-Code-And-Architecture\frontend\node_modules\jest-runner\build\index.js:275:16)
    at runTest (D:\Desktop\AI-Based-Quality-Check-On-Project-Code-And-Architecture\frontend\node_modules\jest-runner\build\index.js:343:7)</failure>
    </testcase>
    <testcase classname="RegisterPage" name="has link to login page" time="0.042">
    </testcase>
    <testcase classname="RegisterPage" name="shows password strength as weak for simple passwords" time="0.102">
      <failure>Error: Element type is invalid: expected a string (for built-in components) or a class/function (for composite components) but got: undefined. You likely forgot to export your component from the file it&apos;s defined in, or you might have mixed up default and named imports.

Check the render method of `RegisterPage`.
    at createFiberFromTypeAndProps (D:\Desktop\AI-Based-Quality-Check-On-Project-Code-And-Architecture\frontend\node_modules\react-dom\cjs\react-dom-client.development.js:5021:28)
    at createFiberFromElement (D:\Desktop\AI-Based-Quality-Check-On-Project-Code-And-Architecture\frontend\node_modules\react-dom\cjs\react-dom-client.development.js:5035:14)
    at createChild (D:\Desktop\AI-Based-Quality-Check-On-Project-Code-And-Architecture\frontend\node_modules\react-dom\cjs\react-dom-client.development.js:6338:26)
    at reconcileChildrenArray (D:\Desktop\AI-Based-Quality-Check-On-Project-Code-And-Architecture\frontend\node_modules\react-dom\cjs\react-dom-client.development.js:6670:25)
    at reconcileChildFibersImpl (D:\Desktop\AI-Based-Quality-Check-On-Project-Code-And-Architecture\frontend\node_modules\react-dom\cjs\react-dom-client.development.js:6993:30)
    at D:\Desktop\AI-Based-Quality-Check-On-Project-Code-And-Architecture\frontend\node_modules\react-dom\cjs\react-dom-client.development.js:7098:33
    at reconcileChildren (D:\Desktop\AI-Based-Quality-Check-On-Project-Code-And-Architecture\frontend\node_modules\react-dom\cjs\react-dom-client.development.js:9701:13)
    at beginWork (D:\Desktop\AI-Based-Quality-Check-On-Project-Code-And-Architecture\frontend\node_modules\react-dom\cjs\react-dom-client.development.js:12049:13)
    at runWithFiberInDEV (D:\Desktop\AI-Based-Quality-Check-On-Project-Code-And-Architecture\frontend\node_modules\react-dom\cjs\react-dom-client.development.js:874:13)
    at performUnitOfWork (D:\Desktop\AI-Based-Quality-Check-On-Project-Code-And-Architecture\frontend\node_modules\react-dom\cjs\react-dom-client.development.js:17641:22)
    at workLoopSync (D:\Desktop\AI-Based-Quality-Check-On-Project-Code-And-Architecture\frontend\node_modules\react-dom\cjs\react-dom-client.development.js:17469:41)
    at renderRootSync (D:\Desktop\AI-Based-Quality-Check-On-Project-Code-And-Architecture\frontend\node_modules\react-dom\cjs\react-dom-client.development.js:17450:11)
    at performWorkOnRoot (D:\Desktop\AI-Based-Quality-Check-On-Project-Code-And-Architecture\frontend\node_modules\react-dom\cjs\react-dom-client.development.js:16583:35)
    at performSyncWorkOnRoot (D:\Desktop\AI-Based-Quality-Check-On-Project-Code-And-Architecture\frontend\node_modules\react-dom\cjs\react-dom-client.development.js:18972:7)
    at flushSyncWorkAcrossRoots_impl (D:\Desktop\AI-Based-Quality-Check-On-Project-Code-And-Architecture\frontend\node_modules\react-dom\cjs\react-dom-client.development.js:18814:21)
    at flushSyncWork$1 (D:\Desktop\AI-Based-Quality-Check-On-Project-Code-And-Architecture\frontend\node_modules\react-dom\cjs\react-dom-client.development.js:16898:12)
    at batchedUpdates$1 (D:\Desktop\AI-Based-Quality-Check-On-Project-Code-And-Architecture\frontend\node_modules\react-dom\cjs\react-dom-client.development.js:3263:14)
    at dispatchEventForPluginEventSystem (D:\Desktop\AI-Based-Quality-Check-On-Project-Code-And-Architecture\frontend\node_modules\react-dom\cjs\react-dom-client.development.js:19320:7)
    at dispatchEvent (D:\Desktop\AI-Based-Quality-Check-On-Project-Code-And-Architecture\frontend\node_modules\react-dom\cjs\react-dom-client.development.js:23585:11)
    at dispatchDiscreteEvent (D:\Desktop\AI-Based-Quality-Check-On-Project-Code-And-Architecture\frontend\node_modules\react-dom\cjs\react-dom-client.development.js:23553:11)
    at HTMLDivElement.callTheUserObjectsOperation (D:\Desktop\AI-Based-Quality-Check-On-Project-Code-And-Architecture\frontend\node_modules\jsdom\lib\jsdom\living\generated\EventListener.js:26:30)
    at innerInvokeEventListeners (D:\Desktop\AI-Based-Quality-Check-On-Project-Code-And-Architecture\frontend\node_modules\jsdom\lib\jsdom\living\events\EventTarget-impl.js:350:25)
    at invokeEventListeners (D:\Desktop\AI-Based-Quality-Check-On-Project-Code-And-Architecture\frontend\node_modules\jsdom\lib\jsdom\living\events\EventTarget-impl.js:286:3)
    at HTMLInputElementImpl._dispatch (D:\Desktop\AI-Based-Quality-Check-On-Project-Code-And-Architecture\frontend\node_modules\jsdom\lib\jsdom\living\events\EventTarget-impl.js:233:9)
    at HTMLInputElementImpl.dispatchEvent (D:\Desktop\AI-Based-Quality-Check-On-Project-Code-And-Architecture\frontend\node_modules\jsdom\lib\jsdom\living\events\EventTarget-impl.js:104:17)
    at HTMLInputElement.dispatchEvent (D:\Desktop\AI-Based-Quality-Check-On-Project-Code-And-Architecture\frontend\node_modules\jsdom\lib\jsdom\living\generated\EventTarget.js:241:34)
    at D:\Desktop\AI-Based-Quality-Check-On-Project-Code-And-Architecture\frontend\node_modules\@testing-library\user-event\dist\cjs\event\dispatchEvent.js:45:43
    at D:\Desktop\AI-Based-Quality-Check-On-Project-Code-And-Architecture\frontend\node_modules\@testing-library\react\dist\pure.js:107:16
    at D:\Desktop\AI-Based-Quality-Check-On-Project-Code-And-Architecture\frontend\node_modules\@testing-library\react\dist\act-compat.js:47:24
    at process.env.NODE_ENV.exports.act (D:\Desktop\AI-Based-Quality-Check-On-Project-Code-And-Architecture\frontend\node_modules\react\cjs\react.development.js:814:22)
    at D:\Desktop\AI-Based-Quality-Check-On-Project-Code-And-Architecture\frontend\node_modules\@testing-library\react\dist\act-compat.js:46:25
    at Object.eventWrapper (D:\Desktop\AI-Based-Quality-Check-On-Project-Code-And-Architecture\frontend\node_modules\@testing-library\react\dist\pure.js:106:28)
    at Object.wrapEvent (D:\Desktop\AI-Based-Quality-Check-On-Project-Code-And-Architecture\frontend\node_modules\@testing-library\user-event\dist\cjs\event\wrapEvent.js:6:28)
    at Object.dispatchEvent (D:\Desktop\AI-Based-Quality-Check-On-Project-Code-And-Architecture\frontend\node_modules\@testing-library\user-event\dist\cjs\event\dispatchEvent.js:45:22)
    at Object.dispatchUIEvent (D:\Desktop\AI-Based-Quality-Check-On-Project-Code-And-Architecture\frontend\node_modules\@testing-library\user-event\dist\cjs\event\dispatchEvent.js:22:26)
    at commitInput (D:\Desktop\AI-Based-Quality-Check-On-Project-Code-And-Architecture\frontend\node_modules\@testing-library\user-event\dist\cjs\event\input.js:145:14)
    at editInputElement (D:\Desktop\AI-Based-Quality-Check-On-Project-Code-And-Architecture\frontend\node_modules\@testing-library\user-event\dist\cjs\event\input.js:115:9)
    at Object.input (D:\Desktop\AI-Based-Quality-Check-On-Project-Code-And-Architecture\frontend\node_modules\@testing-library\user-event\dist\cjs\event\input.js:37:9)
    at D:\Desktop\AI-Based-Quality-Check-On-Project-Code-And-Architecture\frontend\node_modules\@testing-library\user-event\dist\cjs\event\behavior\keypress.js:31:26
    at Object.dispatchEvent (D:\Desktop\AI-Based-Quality-Check-On-Project-Code-And-Architecture\frontend\node_modules\@testing-library\user-event\dist\cjs\event\dispatchEvent.js:41:13)
    at Object.dispatchUIEvent (D:\Desktop\AI-Based-Quality-Check-On-Project-Code-And-Architecture\frontend\node_modules\@testing-library\user-event\dist\cjs\event\dispatchEvent.js:22:26)
    at KeyboardHost.keydown (D:\Desktop\AI-Based-Quality-Check-On-Project-Code-And-Architecture\frontend\node_modules\@testing-library\user-event\dist\cjs\system\keyboard.js:76:22)
    at keyboardAction (D:\Desktop\AI-Based-Quality-Check-On-Project-Code-And-Architecture\frontend\node_modules\@testing-library\user-event\dist\cjs\keyboard\index.js:22:35)
    at Object.keyboard (D:\Desktop\AI-Based-Quality-Check-On-Project-Code-And-Architecture\frontend\node_modules\@testing-library\user-event\dist\cjs\keyboard\index.js:11:15)
    at Object.type (D:\Desktop\AI-Based-Quality-Check-On-Project-Code-And-Architecture\frontend\node_modules\@testing-library\user-event\dist\cjs\utility\type.js:17:5)
    at Object.asyncWrapper (D:\Desktop\AI-Based-Quality-Check-On-Project-Code-And-Architecture\frontend\node_modules\@testing-library\react\dist\pure.js:87:22)
    at Object.&lt;anonymous&gt; (D:\Desktop\AI-Based-Quality-Check-On-Project-Code-And-Architecture\frontend\src\app\register\__tests__\page.test.tsx:230:5)</failure>
    </testcase>
    <testcase classname="RegisterPage" name="shows password strength as strong for complex passwords" time="0.116">
      <failure>Error: Element type is invalid: expected a string (for built-in components) or a class/function (for composite components) but got: undefined. You likely forgot to export your component from the file it&apos;s defined in, or you might have mixed up default and named imports.

Check the render method of `RegisterPage`.
    at createFiberFromTypeAndProps (D:\Desktop\AI-Based-Quality-Check-On-Project-Code-And-Architecture\frontend\node_modules\react-dom\cjs\react-dom-client.development.js:5021:28)
    at createFiberFromElement (D:\Desktop\AI-Based-Quality-Check-On-Project-Code-And-Architecture\frontend\node_modules\react-dom\cjs\react-dom-client.development.js:5035:14)
    at createChild (D:\Desktop\AI-Based-Quality-Check-On-Project-Code-And-Architecture\frontend\node_modules\react-dom\cjs\react-dom-client.development.js:6338:26)
    at reconcileChildrenArray (D:\Desktop\AI-Based-Quality-Check-On-Project-Code-And-Architecture\frontend\node_modules\react-dom\cjs\react-dom-client.development.js:6670:25)
    at reconcileChildFibersImpl (D:\Desktop\AI-Based-Quality-Check-On-Project-Code-And-Architecture\frontend\node_modules\react-dom\cjs\react-dom-client.development.js:6993:30)
    at D:\Desktop\AI-Based-Quality-Check-On-Project-Code-And-Architecture\frontend\node_modules\react-dom\cjs\react-dom-client.development.js:7098:33
    at reconcileChildren (D:\Desktop\AI-Based-Quality-Check-On-Project-Code-And-Architecture\frontend\node_modules\react-dom\cjs\react-dom-client.development.js:9701:13)
    at beginWork (D:\Desktop\AI-Based-Quality-Check-On-Project-Code-And-Architecture\frontend\node_modules\react-dom\cjs\react-dom-client.development.js:12049:13)
    at runWithFiberInDEV (D:\Desktop\AI-Based-Quality-Check-On-Project-Code-And-Architecture\frontend\node_modules\react-dom\cjs\react-dom-client.development.js:874:13)
    at performUnitOfWork (D:\Desktop\AI-Based-Quality-Check-On-Project-Code-And-Architecture\frontend\node_modules\react-dom\cjs\react-dom-client.development.js:17641:22)
    at workLoopSync (D:\Desktop\AI-Based-Quality-Check-On-Project-Code-And-Architecture\frontend\node_modules\react-dom\cjs\react-dom-client.development.js:17469:41)
    at renderRootSync (D:\Desktop\AI-Based-Quality-Check-On-Project-Code-And-Architecture\frontend\node_modules\react-dom\cjs\react-dom-client.development.js:17450:11)
    at performWorkOnRoot (D:\Desktop\AI-Based-Quality-Check-On-Project-Code-And-Architecture\frontend\node_modules\react-dom\cjs\react-dom-client.development.js:16583:35)
    at performSyncWorkOnRoot (D:\Desktop\AI-Based-Quality-Check-On-Project-Code-And-Architecture\frontend\node_modules\react-dom\cjs\react-dom-client.development.js:18972:7)
    at flushSyncWorkAcrossRoots_impl (D:\Desktop\AI-Based-Quality-Check-On-Project-Code-And-Architecture\frontend\node_modules\react-dom\cjs\react-dom-client.development.js:18814:21)
    at flushSyncWork$1 (D:\Desktop\AI-Based-Quality-Check-On-Project-Code-And-Architecture\frontend\node_modules\react-dom\cjs\react-dom-client.development.js:16898:12)
    at batchedUpdates$1 (D:\Desktop\AI-Based-Quality-Check-On-Project-Code-And-Architecture\frontend\node_modules\react-dom\cjs\react-dom-client.development.js:3263:14)
    at dispatchEventForPluginEventSystem (D:\Desktop\AI-Based-Quality-Check-On-Project-Code-And-Architecture\frontend\node_modules\react-dom\cjs\react-dom-client.development.js:19320:7)
    at dispatchEvent (D:\Desktop\AI-Based-Quality-Check-On-Project-Code-And-Architecture\frontend\node_modules\react-dom\cjs\react-dom-client.development.js:23585:11)
    at dispatchDiscreteEvent (D:\Desktop\AI-Based-Quality-Check-On-Project-Code-And-Architecture\frontend\node_modules\react-dom\cjs\react-dom-client.development.js:23553:11)
    at HTMLDivElement.callTheUserObjectsOperation (D:\Desktop\AI-Based-Quality-Check-On-Project-Code-And-Architecture\frontend\node_modules\jsdom\lib\jsdom\living\generated\EventListener.js:26:30)
    at innerInvokeEventListeners (D:\Desktop\AI-Based-Quality-Check-On-Project-Code-And-Architecture\frontend\node_modules\jsdom\lib\jsdom\living\events\EventTarget-impl.js:350:25)
    at invokeEventListeners (D:\Desktop\AI-Based-Quality-Check-On-Project-Code-And-Architecture\frontend\node_modules\jsdom\lib\jsdom\living\events\EventTarget-impl.js:286:3)
    at HTMLInputElementImpl._dispatch (D:\Desktop\AI-Based-Quality-Check-On-Project-Code-And-Architecture\frontend\node_modules\jsdom\lib\jsdom\living\events\EventTarget-impl.js:233:9)
    at HTMLInputElementImpl.dispatchEvent (D:\Desktop\AI-Based-Quality-Check-On-Project-Code-And-Architecture\frontend\node_modules\jsdom\lib\jsdom\living\events\EventTarget-impl.js:104:17)
    at HTMLInputElement.dispatchEvent (D:\Desktop\AI-Based-Quality-Check-On-Project-Code-And-Architecture\frontend\node_modules\jsdom\lib\jsdom\living\generated\EventTarget.js:241:34)
    at D:\Desktop\AI-Based-Quality-Check-On-Project-Code-And-Architecture\frontend\node_modules\@testing-library\user-event\dist\cjs\event\dispatchEvent.js:45:43
    at D:\Desktop\AI-Based-Quality-Check-On-Project-Code-And-Architecture\frontend\node_modules\@testing-library\react\dist\pure.js:107:16
    at D:\Desktop\AI-Based-Quality-Check-On-Project-Code-And-Architecture\frontend\node_modules\@testing-library\react\dist\act-compat.js:47:24
    at process.env.NODE_ENV.exports.act (D:\Desktop\AI-Based-Quality-Check-On-Project-Code-And-Architecture\frontend\node_modules\react\cjs\react.development.js:814:22)
    at D:\Desktop\AI-Based-Quality-Check-On-Project-Code-And-Architecture\frontend\node_modules\@testing-library\react\dist\act-compat.js:46:25
    at Object.eventWrapper (D:\Desktop\AI-Based-Quality-Check-On-Project-Code-And-Architecture\frontend\node_modules\@testing-library\react\dist\pure.js:106:28)
    at Object.wrapEvent (D:\Desktop\AI-Based-Quality-Check-On-Project-Code-And-Architecture\frontend\node_modules\@testing-library\user-event\dist\cjs\event\wrapEvent.js:6:28)
    at Object.dispatchEvent (D:\Desktop\AI-Based-Quality-Check-On-Project-Code-And-Architecture\frontend\node_modules\@testing-library\user-event\dist\cjs\event\dispatchEvent.js:45:22)
    at Object.dispatchUIEvent (D:\Desktop\AI-Based-Quality-Check-On-Project-Code-And-Architecture\frontend\node_modules\@testing-library\user-event\dist\cjs\event\dispatchEvent.js:22:26)
    at commitInput (D:\Desktop\AI-Based-Quality-Check-On-Project-Code-And-Architecture\frontend\node_modules\@testing-library\user-event\dist\cjs\event\input.js:145:14)
    at editInputElement (D:\Desktop\AI-Based-Quality-Check-On-Project-Code-And-Architecture\frontend\node_modules\@testing-library\user-event\dist\cjs\event\input.js:115:9)
    at Object.input (D:\Desktop\AI-Based-Quality-Check-On-Project-Code-And-Architecture\frontend\node_modules\@testing-library\user-event\dist\cjs\event\input.js:37:9)
    at D:\Desktop\AI-Based-Quality-Check-On-Project-Code-And-Architecture\frontend\node_modules\@testing-library\user-event\dist\cjs\event\behavior\keypress.js:31:26
    at Object.dispatchEvent (D:\Desktop\AI-Based-Quality-Check-On-Project-Code-And-Architecture\frontend\node_modules\@testing-library\user-event\dist\cjs\event\dispatchEvent.js:41:13)
    at Object.dispatchUIEvent (D:\Desktop\AI-Based-Quality-Check-On-Project-Code-And-Architecture\frontend\node_modules\@testing-library\user-event\dist\cjs\event\dispatchEvent.js:22:26)
    at KeyboardHost.keydown (D:\Desktop\AI-Based-Quality-Check-On-Project-Code-And-Architecture\frontend\node_modules\@testing-library\user-event\dist\cjs\system\keyboard.js:76:22)
    at keyboardAction (D:\Desktop\AI-Based-Quality-Check-On-Project-Code-And-Architecture\frontend\node_modules\@testing-library\user-event\dist\cjs\keyboard\index.js:22:35)
    at Object.keyboard (D:\Desktop\AI-Based-Quality-Check-On-Project-Code-And-Architecture\frontend\node_modules\@testing-library\user-event\dist\cjs\keyboard\index.js:11:15)
    at Object.type (D:\Desktop\AI-Based-Quality-Check-On-Project-Code-And-Architecture\frontend\node_modules\@testing-library\user-event\dist\cjs\utility\type.js:17:5)
    at Object.asyncWrapper (D:\Desktop\AI-Based-Quality-Check-On-Project-Code-And-Architecture\frontend\node_modules\@testing-library\react\dist\pure.js:87:22)
    at Object.&lt;anonymous&gt; (D:\Desktop\AI-Based-Quality-Check-On-Project-Code-And-Architecture\frontend\src\app\register\__tests__\page.test.tsx:242:5)</failure>
    </testcase>
  </testsuite>
  <testsuite name="RouteGuard" errors="0" failures="2" skipped="0" timestamp="2026-03-08T07:40:41" time="1.886" tests="13">
    <testcase classname="RouteGuard › Loading State" name="should show loading spinner while authentication is loading" time="0.049">
      <failure>Error: Element type is invalid: expected a string (for built-in components) or a class/function (for composite components) but got: undefined. You likely forgot to export your component from the file it&apos;s defined in, or you might have mixed up default and named imports.

Check the render method of `RouteGuard`.
    at createFiberFromTypeAndProps (D:\Desktop\AI-Based-Quality-Check-On-Project-Code-And-Architecture\frontend\node_modules\react-dom\cjs\react-dom-client.development.js:5021:28)
    at createFiberFromElement (D:\Desktop\AI-Based-Quality-Check-On-Project-Code-And-Architecture\frontend\node_modules\react-dom\cjs\react-dom-client.development.js:5035:14)
    at createChild (D:\Desktop\AI-Based-Quality-Check-On-Project-Code-And-Architecture\frontend\node_modules\react-dom\cjs\react-dom-client.development.js:6338:26)
    at reconcileChildrenArray (D:\Desktop\AI-Based-Quality-Check-On-Project-Code-And-Architecture\frontend\node_modules\react-dom\cjs\react-dom-client.development.js:6670:25)
    at reconcileChildFibersImpl (D:\Desktop\AI-Based-Quality-Check-On-Project-Code-And-Architecture\frontend\node_modules\react-dom\cjs\react-dom-client.development.js:6993:30)
    at D:\Desktop\AI-Based-Quality-Check-On-Project-Code-And-Architecture\frontend\node_modules\react-dom\cjs\react-dom-client.development.js:7098:33
    at reconcileChildren (D:\Desktop\AI-Based-Quality-Check-On-Project-Code-And-Architecture\frontend\node_modules\react-dom\cjs\react-dom-client.development.js:9701:13)
    at beginWork (D:\Desktop\AI-Based-Quality-Check-On-Project-Code-And-Architecture\frontend\node_modules\react-dom\cjs\react-dom-client.development.js:12049:13)
    at runWithFiberInDEV (D:\Desktop\AI-Based-Quality-Check-On-Project-Code-And-Architecture\frontend\node_modules\react-dom\cjs\react-dom-client.development.js:874:13)
    at performUnitOfWork (D:\Desktop\AI-Based-Quality-Check-On-Project-Code-And-Architecture\frontend\node_modules\react-dom\cjs\react-dom-client.development.js:17641:22)
    at workLoopSync (D:\Desktop\AI-Based-Quality-Check-On-Project-Code-And-Architecture\frontend\node_modules\react-dom\cjs\react-dom-client.development.js:17469:41)
    at renderRootSync (D:\Desktop\AI-Based-Quality-Check-On-Project-Code-And-Architecture\frontend\node_modules\react-dom\cjs\react-dom-client.development.js:17450:11)
    at performWorkOnRoot (D:\Desktop\AI-Based-Quality-Check-On-Project-Code-And-Architecture\frontend\node_modules\react-dom\cjs\react-dom-client.development.js:16583:35)
    at performWorkOnRootViaSchedulerTask (D:\Desktop\AI-Based-Quality-Check-On-Project-Code-And-Architecture\frontend\node_modules\react-dom\cjs\react-dom-client.development.js:18957:7)
    at flushActQueue (D:\Desktop\AI-Based-Quality-Check-On-Project-Code-And-Architecture\frontend\node_modules\react\cjs\react.development.js:590:34)
    at process.env.NODE_ENV.exports.act (D:\Desktop\AI-Based-Quality-Check-On-Project-Code-And-Architecture\frontend\node_modules\react\cjs\react.development.js:884:10)
    at D:\Desktop\AI-Based-Quality-Check-On-Project-Code-And-Architecture\frontend\node_modules\@testing-library\react\dist\act-compat.js:46:25
    at renderRoot (D:\Desktop\AI-Based-Quality-Check-On-Project-Code-And-Architecture\frontend\node_modules\@testing-library\react\dist\pure.js:189:26)
    at render (D:\Desktop\AI-Based-Quality-Check-On-Project-Code-And-Architecture\frontend\node_modules\@testing-library\react\dist\pure.js:291:10)
    at Object.&lt;anonymous&gt; (D:\Desktop\AI-Based-Quality-Check-On-Project-Code-And-Architecture\frontend\src\components\auth\__tests__\RouteGuard.test.tsx:48:13)
    at Promise.finally.completed (D:\Desktop\AI-Based-Quality-Check-On-Project-Code-And-Architecture\frontend\node_modules\jest-circus\build\jestAdapterInit.js:1557:28)
    at new Promise (&lt;anonymous&gt;)
    at callAsyncCircusFn (D:\Desktop\AI-Based-Quality-Check-On-Project-Code-And-Architecture\frontend\node_modules\jest-circus\build\jestAdapterInit.js:1497:10)
    at _callCircusTest (D:\Desktop\AI-Based-Quality-Check-On-Project-Code-And-Architecture\frontend\node_modules\jest-circus\build\jestAdapterInit.js:1007:40)
    at _runTest (D:\Desktop\AI-Based-Quality-Check-On-Project-Code-And-Architecture\frontend\node_modules\jest-circus\build\jestAdapterInit.js:947:3)
    at D:\Desktop\AI-Based-Quality-Check-On-Project-Code-And-Architecture\frontend\node_modules\jest-circus\build\jestAdapterInit.js:849:7
    at _runTestsForDescribeBlock (D:\Desktop\AI-Based-Quality-Check-On-Project-Code-And-Architecture\frontend\node_modules\jest-circus\build\jestAdapterInit.js:862:11)
    at _runTestsForDescribeBlock (D:\Desktop\AI-Based-Quality-Check-On-Project-Code-And-Architecture\frontend\node_modules\jest-circus\build\jestAdapterInit.js:857:11)
    at _runTestsForDescribeBlock (D:\Desktop\AI-Based-Quality-Check-On-Project-Code-And-Architecture\frontend\node_modules\jest-circus\build\jestAdapterInit.js:857:11)
    at run (D:\Desktop\AI-Based-Quality-Check-On-Project-Code-And-Architecture\frontend\node_modules\jest-circus\build\jestAdapterInit.js:761:3)
    at runAndTransformResultsToJestFormat (D:\Desktop\AI-Based-Quality-Check-On-Project-Code-And-Architecture\frontend\node_modules\jest-circus\build\jestAdapterInit.js:1918:21)
    at jestAdapter (D:\Desktop\AI-Based-Quality-Check-On-Project-Code-And-Architecture\frontend\node_modules\jest-circus\build\runner.js:101:19)
    at runTestInternal (D:\Desktop\AI-Based-Quality-Check-On-Project-Code-And-Architecture\frontend\node_modules\jest-runner\build\index.js:275:16)
    at runTest (D:\Desktop\AI-Based-Quality-Check-On-Project-Code-And-Architecture\frontend\node_modules\jest-runner\build\index.js:343:7)</failure>
    </testcase>
    <testcase classname="RouteGuard › Authentication - Requirement 3.4" name="should redirect unauthenticated users to login page" time="0.027">
    </testcase>
    <testcase classname="RouteGuard › Authentication - Requirement 3.4" name="should redirect to custom path when redirectTo is specified" time="0.028">
    </testcase>
    <testcase classname="RouteGuard › Authentication - Requirement 3.4" name="should render content for authenticated users" time="0.011">
    </testcase>
    <testcase classname="RouteGuard › Authentication - Requirement 3.4" name="should use dashboard as default returnUrl when on login page" time="0.045">
    </testcase>
    <testcase classname="RouteGuard › Role-Based Authorization - Requirement 3.5" name="should redirect users without required role to unauthorized page" time="0.02">
    </testcase>
    <testcase classname="RouteGuard › Role-Based Authorization - Requirement 3.5" name="should render content for users with required role" time="0.01">
    </testcase>
    <testcase classname="RouteGuard › Permission-Based Authorization - Requirement 3.5" name="should redirect users without required permission to unauthorized page" time="1.026">
      <failure>Error: expect(jest.fn()).toHaveBeenCalledWith(...expected)

Expected: &quot;/unauthorized&quot;

Number of calls: 0

Ignored nodes: comments, script, style
&lt;html&gt;
  &lt;head /&gt;
  &lt;body&gt;
    &lt;div&gt;
      &lt;div&gt;
        Project Edit Content
      &lt;/div&gt;
    &lt;/div&gt;
  &lt;/body&gt;
&lt;/html&gt;
    at toHaveBeenCalledWith (D:\Desktop\AI-Based-Quality-Check-On-Project-Code-And-Architecture\frontend\src\components\auth\__tests__\RouteGuard.test.tsx:260:26)
    at runWithExpensiveErrorDiagnosticsDisabled (D:\Desktop\AI-Based-Quality-Check-On-Project-Code-And-Architecture\frontend\node_modules\@testing-library\dom\dist\config.js:47:12)
    at checkCallback (D:\Desktop\AI-Based-Quality-Check-On-Project-Code-And-Architecture\frontend\node_modules\@testing-library\dom\dist\wait-for.js:124:77)
    at checkRealTimersCallback (D:\Desktop\AI-Based-Quality-Check-On-Project-Code-And-Architecture\frontend\node_modules\@testing-library\dom\dist\wait-for.js:118:16)
    at Timeout.task [as _onTimeout] (D:\Desktop\AI-Based-Quality-Check-On-Project-Code-And-Architecture\frontend\node_modules\jsdom\lib\jsdom\browser\Window.js:579:19)
    at listOnTimeout (node:internal/timers:605:17)
    at processTimers (node:internal/timers:541:7)</failure>
    </testcase>
    <testcase classname="RouteGuard › Permission-Based Authorization - Requirement 3.5" name="should render content for users with required permission" time="0.013">
    </testcase>
    <testcase classname="RouteGuard › Combined Role and Permission Checks" name="should check both role and permission when both are specified" time="0.025">
    </testcase>
    <testcase classname="RouteGuard › Combined Role and Permission Checks" name="should render when both role and permission requirements are met" time="0.011">
    </testcase>
    <testcase classname="RouteGuard › Edge Cases" name="should not redirect when loading completes and user is authenticated" time="0.017">
    </testcase>
    <testcase classname="RouteGuard › Edge Cases" name="should handle null user gracefully" time="0.017">
    </testcase>
  </testsuite>
  <testsuite name="useProjects" errors="0" failures="4" skipped="0" timestamp="2026-03-08T07:40:43" time="1.681" tests="14">
    <testcase classname="useProjects" name="should fetch all projects successfully" time="0.107">
      <failure>Error: expect(jest.fn()).toHaveBeenCalledWith(...expected)

Expected: &quot;/api/v1/rbac/projects&quot;
Received: &quot;/rbac/projects&quot;

Number of calls: 1
    at Object.toHaveBeenCalledWith (D:\Desktop\AI-Based-Quality-Check-On-Project-Code-And-Architecture\frontend\src\hooks\__tests__\useProjects.test.tsx:64:31)</failure>
    </testcase>
    <testcase classname="useProjects" name="should handle fetch error" time="0.086">
    </testcase>
    <testcase classname="useProjects" name="should show loading state initially" time="0.011">
    </testcase>
    <testcase classname="useProject" name="should fetch single project successfully" time="0.095">
      <failure>Error: expect(jest.fn()).toHaveBeenCalledWith(...expected)

Expected: &quot;/api/v1/rbac/projects/1&quot;
Received: &quot;/rbac/projects/1&quot;

Number of calls: 1
    at Object.toHaveBeenCalledWith (D:\Desktop\AI-Based-Quality-Check-On-Project-Code-And-Architecture\frontend\src\hooks\__tests__\useProjects.test.tsx:106:31)</failure>
    </testcase>
    <testcase classname="useProject" name="should not fetch when projectId is empty" time="0.011">
    </testcase>
    <testcase classname="useProject" name="should handle 404 error" time="0.079">
    </testcase>
    <testcase classname="useSyncProject" name="should sync project successfully" time="0.091">
    </testcase>
    <testcase classname="useSyncProject" name="should handle sync error" time="0.092">
    </testcase>
    <testcase classname="useSyncProject" name="should show pending state during sync" time="0.078">
    </testcase>
    <testcase classname="useCreateProject" name="should create project successfully" time="0.093">
      <failure>Error: expect(jest.fn()).toHaveBeenCalledWith(...expected)

- Expected
+ Received

- &quot;/api/v1/rbac/projects&quot;,
+ &quot;/rbac/projects&quot;,
  {&quot;description&quot;: &quot;New Description&quot;, &quot;github_repo_url&quot;: &quot;https://github.com/test/new&quot;, &quot;name&quot;: &quot;New Project&quot;},

Number of calls: 1
    at Object.toHaveBeenCalledWith (D:\Desktop\AI-Based-Quality-Check-On-Project-Code-And-Architecture\frontend\src\hooks\__tests__\useProjects.test.tsx:197:32)</failure>
    </testcase>
    <testcase classname="useCreateProject" name="should handle validation error" time="0.076">
    </testcase>
    <testcase classname="useDeleteProject" name="should delete project successfully" time="0.094">
      <failure>Error: expect(jest.fn()).toHaveBeenCalledWith(...expected)

Expected: &quot;/api/v1/rbac/projects/1&quot;
Received: &quot;/rbac/projects/1&quot;

Number of calls: 1
    at Object.toHaveBeenCalledWith (D:\Desktop\AI-Based-Quality-Check-On-Project-Code-And-Architecture\frontend\src\hooks\__tests__\useProjects.test.tsx:230:34)</failure>
    </testcase>
    <testcase classname="useDeleteProject" name="should handle delete error" time="0.092">
    </testcase>
    <testcase classname="useDeleteProject" name="should handle 403 forbidden error" time="0.089">
    </testcase>
  </testsuite>
  <testsuite name="Property 16: 架构节点展开" errors="0" failures="10" skipped="0" timestamp="2026-03-08T07:40:45" time="2.327" tests="10">
    <testcase classname="Property 16: 架构节点展开" name="应该为任何包含子节点的节点显示展开指示器" time="0.201">
      <failure>Error: Property failed after 1 tests
{ seed: 1312863145, path: &quot;0:0:0:0:0:0:0:0:0:0:0:0:0:0:0:0:0:0:0:0:0:0:0:0:0:0:0:0:0:0:0:0:0:0&quot;, endOnFailure: true }
Counterexample: [{&quot;id&quot;:&quot;00000000-0000-1000-8000-000000000000&quot;,&quot;name&quot;:&quot;!&quot;,&quot;type&quot;:&quot;service&quot;,&quot;description&quot;:undefined,&quot;children&quot;:[{&quot;id&quot;:&quot;00000000-0000-1000-8000-000000000000&quot;,&quot;name&quot;:&quot;!&quot;,&quot;type&quot;:&quot;service&quot;,&quot;description&quot;:undefined,&quot;children&quot;:[],&quot;dependencies&quot;:[],&quot;metrics&quot;:undefined}],&quot;dependencies&quot;:[],&quot;metrics&quot;:undefined}]
Shrunk 33 time(s)

Hint: Enable verbose mode in order to have the list of all failing values encountered during the run
    at buildError (D:\Desktop\AI-Based-Quality-Check-On-Project-Code-And-Architecture\frontend\node_modules\fast-check\lib\cjs\check\runner\utils\RunDetailsFormatter.js:162:19)
    at asyncThrowIfFailed (D:\Desktop\AI-Based-Quality-Check-On-Project-Code-And-Architecture\frontend\node_modules\fast-check\lib\cjs\check\runner\utils\RunDetailsFormatter.js:176:11)</failure>
    </testcase>
    <testcase classname="Property 16: 架构节点展开" name="应该在点击包含子节点的节点后展开显示子节点" time="0.136">
      <failure>Error: Property failed after 1 tests
{ seed: 560408473, path: &quot;0:0:0:0:0:0:0:0:0:0:0:0:0:0:0:0:0:0:0:0:0:0:0:0:0:0:0:0&quot;, endOnFailure: true }
Counterexample: [{&quot;id&quot;:&quot;00000000-0000-1000-8000-000000000000&quot;,&quot;name&quot;:&quot;!&quot;,&quot;type&quot;:&quot;service&quot;,&quot;description&quot;:undefined,&quot;children&quot;:[{&quot;id&quot;:&quot;00000000-0000-1000-8000-000000000000&quot;,&quot;name&quot;:&quot;!&quot;,&quot;type&quot;:&quot;service&quot;,&quot;description&quot;:undefined,&quot;children&quot;:[],&quot;dependencies&quot;:[],&quot;metrics&quot;:undefined}],&quot;dependencies&quot;:[],&quot;metrics&quot;:undefined}]
Shrunk 27 time(s)

Hint: Enable verbose mode in order to have the list of all failing values encountered during the run
    at buildError (D:\Desktop\AI-Based-Quality-Check-On-Project-Code-And-Architecture\frontend\node_modules\fast-check\lib\cjs\check\runner\utils\RunDetailsFormatter.js:162:19)
    at asyncThrowIfFailed (D:\Desktop\AI-Based-Quality-Check-On-Project-Code-And-Architecture\frontend\node_modules\fast-check\lib\cjs\check\runner\utils\RunDetailsFormatter.js:176:11)</failure>
    </testcase>
    <testcase classname="Property 16: 架构节点展开" name="应该在再次点击已展开的节点后折叠隐藏子节点" time="0.137">
      <failure>Error: Property failed after 1 tests
{ seed: -1202700730, path: &quot;0:0:0:0:0:0:0:0:0:0:0:0:0:0:0:0:0:0:0:0:0:0:0:0:0:0:0:0&quot;, endOnFailure: true }
Counterexample: [{&quot;id&quot;:&quot;00000000-0000-1000-8000-000000000000&quot;,&quot;name&quot;:&quot;!&quot;,&quot;type&quot;:&quot;service&quot;,&quot;description&quot;:undefined,&quot;children&quot;:[{&quot;id&quot;:&quot;00000000-0000-1000-8000-000000000000&quot;,&quot;name&quot;:&quot;!&quot;,&quot;type&quot;:&quot;service&quot;,&quot;description&quot;:undefined,&quot;children&quot;:[],&quot;dependencies&quot;:[],&quot;metrics&quot;:undefined}],&quot;dependencies&quot;:[],&quot;metrics&quot;:undefined}]
Shrunk 27 time(s)

Hint: Enable verbose mode in order to have the list of all failing values encountered during the run
    at buildError (D:\Desktop\AI-Based-Quality-Check-On-Project-Code-And-Architecture\frontend\node_modules\fast-check\lib\cjs\check\runner\utils\RunDetailsFormatter.js:162:19)
    at asyncThrowIfFailed (D:\Desktop\AI-Based-Quality-Check-On-Project-Code-And-Architecture\frontend\node_modules\fast-check\lib\cjs\check\runner\utils\RunDetailsFormatter.js:176:11)</failure>
    </testcase>
    <testcase classname="Property 16: 架构节点展开" name="应该为没有子节点的节点不显示展开指示器" time="0.086">
      <failure>Error: Property failed after 1 tests
{ seed: 1774816798, path: &quot;0:0:0:0:0:0:0:0:0:0:0:0:0:0:0:0:0&quot;, endOnFailure: true }
Counterexample: [{&quot;id&quot;:&quot;00000000-0000-1000-8000-000000000000&quot;,&quot;name&quot;:&quot;!&quot;,&quot;type&quot;:&quot;service&quot;,&quot;description&quot;:undefined,&quot;children&quot;:[],&quot;dependencies&quot;:[],&quot;metrics&quot;:undefined}]
Shrunk 16 time(s)

Hint: Enable verbose mode in order to have the list of all failing values encountered during the run
    at buildError (D:\Desktop\AI-Based-Quality-Check-On-Project-Code-And-Architecture\frontend\node_modules\fast-check\lib\cjs\check\runner\utils\RunDetailsFormatter.js:162:19)
    at asyncThrowIfFailed (D:\Desktop\AI-Based-Quality-Check-On-Project-Code-And-Architecture\frontend\node_modules\fast-check\lib\cjs\check\runner\utils\RunDetailsFormatter.js:176:11)</failure>
    </testcase>
    <testcase classname="Property 16: 架构节点展开" name="应该在展开后显示所有子节点的完整信息" time="0.173">
      <failure>Error: Property failed after 1 tests
{ seed: -412028597, path: &quot;0:0:0:0:0:0:0:0:0:0:0:0:0:0:0:0:0:0:0:0:0:0:0:0:0:0:0:0&quot;, endOnFailure: true }
Counterexample: [{&quot;id&quot;:&quot;00000000-0000-1000-8000-000000000000&quot;,&quot;name&quot;:&quot;!&quot;,&quot;type&quot;:&quot;service&quot;,&quot;description&quot;:undefined,&quot;children&quot;:[{&quot;id&quot;:&quot;00000000-0000-1000-8000-000000000000&quot;,&quot;name&quot;:&quot;!&quot;,&quot;type&quot;:&quot;service&quot;,&quot;description&quot;:undefined,&quot;children&quot;:[],&quot;dependencies&quot;:[],&quot;metrics&quot;:undefined}],&quot;dependencies&quot;:[],&quot;metrics&quot;:undefined}]
Shrunk 27 time(s)

Hint: Enable verbose mode in order to have the list of all failing values encountered during the run
    at buildError (D:\Desktop\AI-Based-Quality-Check-On-Project-Code-And-Architecture\frontend\node_modules\fast-check\lib\cjs\check\runner\utils\RunDetailsFormatter.js:162:19)
    at asyncThrowIfFailed (D:\Desktop\AI-Based-Quality-Check-On-Project-Code-And-Architecture\frontend\node_modules\fast-check\lib\cjs\check\runner\utils\RunDetailsFormatter.js:176:11)</failure>
    </testcase>
    <testcase classname="Property 16: 架构节点展开" name="应该支持多个节点同时展开" time="0.335">
      <failure>Error: Property failed after 1 tests
{ seed: 1922440460, path: &quot;0:0:0:0:0:0:0:0:0:0:0:0:0:0:0:0:0:0:0:0:0:0:0:0:0:0:0:0:0:0:0:0:0:0:0:0:0:0:0:0:0:0:0:0:0:0:0:0:0:0:0:0:0:0:0:0:0:0:0:0:0:0:0:0&quot;, endOnFailure: true }
Counterexample: [[{&quot;id&quot;:&quot;00000000-0000-1000-8000-000000000000&quot;,&quot;name&quot;:&quot;!&quot;,&quot;type&quot;:&quot;service&quot;,&quot;description&quot;:undefined,&quot;children&quot;:[{&quot;id&quot;:&quot;00000000-0000-1000-8000-000000000000&quot;,&quot;name&quot;:&quot;!&quot;,&quot;type&quot;:&quot;service&quot;,&quot;description&quot;:undefined,&quot;children&quot;:[],&quot;dependencies&quot;:[],&quot;metrics&quot;:undefined}],&quot;dependencies&quot;:[],&quot;metrics&quot;:undefined},{&quot;id&quot;:&quot;00000000-0000-1000-8000-000000000000&quot;,&quot;name&quot;:&quot;!&quot;,&quot;type&quot;:&quot;service&quot;,&quot;description&quot;:undefined,&quot;children&quot;:[{&quot;id&quot;:&quot;00000000-0000-1000-8000-000000000000&quot;,&quot;name&quot;:&quot;!&quot;,&quot;type&quot;:&quot;service&quot;,&quot;description&quot;:undefined,&quot;children&quot;:[],&quot;dependencies&quot;:[],&quot;metrics&quot;:undefined}],&quot;dependencies&quot;:[],&quot;metrics&quot;:undefined}]]
Shrunk 63 time(s)

Hint: Enable verbose mode in order to have the list of all failing values encountered during the run
    at buildError (D:\Desktop\AI-Based-Quality-Check-On-Project-Code-And-Architecture\frontend\node_modules\fast-check\lib\cjs\check\runner\utils\RunDetailsFormatter.js:162:19)
    at asyncThrowIfFailed (D:\Desktop\AI-Based-Quality-Check-On-Project-Code-And-Architecture\frontend\node_modules\fast-check\lib\cjs\check\runner\utils\RunDetailsFormatter.js:176:11)</failure>
    </testcase>
    <testcase classname="Property 16: 架构节点展开" name="应该在展开节点时调用onNodeClick回调" time="0.09">
      <failure>Error: Property failed after 1 tests
{ seed: -120306314, path: &quot;0:0:0:0:0:0:0:0:0:0:0:0:0:0:0:0:0:0:0:0:0:0:0:0:0:0:0:0:0:0:0&quot;, endOnFailure: true }
Counterexample: [{&quot;id&quot;:&quot;00000000-0000-1000-8000-000000000000&quot;,&quot;name&quot;:&quot;!&quot;,&quot;type&quot;:&quot;service&quot;,&quot;description&quot;:undefined,&quot;children&quot;:[{&quot;id&quot;:&quot;00000000-0000-1000-8000-000000000000&quot;,&quot;name&quot;:&quot;!&quot;,&quot;type&quot;:&quot;service&quot;,&quot;description&quot;:undefined,&quot;children&quot;:[],&quot;dependencies&quot;:[],&quot;metrics&quot;:undefined}],&quot;dependencies&quot;:[],&quot;metrics&quot;:undefined}]
Shrunk 30 time(s)

Hint: Enable verbose mode in order to have the list of all failing values encountered during the run
    at buildError (D:\Desktop\AI-Based-Quality-Check-On-Project-Code-And-Architecture\frontend\node_modules\fast-check\lib\cjs\check\runner\utils\RunDetailsFormatter.js:162:19)
    at asyncThrowIfFailed (D:\Desktop\AI-Based-Quality-Check-On-Project-Code-And-Architecture\frontend\node_modules\fast-check\lib\cjs\check\runner\utils\RunDetailsFormatter.js:176:11)</failure>
    </testcase>
    <testcase classname="Property 16: 架构节点展开" name="应该在不同节点类型上正确处理展开" time="0.059">
      <failure>Error: Property failed after 1 tests
{ seed: 1009031151, path: &quot;0:0:0:0:0:0:0:0:0:0:0:0:0:0:0:0:0:0&quot;, endOnFailure: true }
Counterexample: [&quot;service&quot;,[{&quot;id&quot;:&quot;00000000-0000-1000-8000-000000000000&quot;,&quot;name&quot;:&quot;!&quot;,&quot;type&quot;:&quot;service&quot;,&quot;description&quot;:undefined,&quot;children&quot;:[],&quot;dependencies&quot;:[],&quot;metrics&quot;:undefined}]]
Shrunk 17 time(s)

Hint: Enable verbose mode in order to have the list of all failing values encountered during the run
    at buildError (D:\Desktop\AI-Based-Quality-Check-On-Project-Code-And-Architecture\frontend\node_modules\fast-check\lib\cjs\check\runner\utils\RunDetailsFormatter.js:162:19)
    at asyncThrowIfFailed (D:\Desktop\AI-Based-Quality-Check-On-Project-Code-And-Architecture\frontend\node_modules\fast-check\lib\cjs\check\runner\utils\RunDetailsFormatter.js:176:11)</failure>
    </testcase>
    <testcase classname="Property 16: 架构节点展开" name="应该在展开节点时保持节点的其他属性不变" time="0.079">
      <failure>Error: Property failed after 1 tests
{ seed: -376652142, path: &quot;0:0:0:0:0:0:0:0:0:0:0:0:0:0:0:0:0:0:0:0:0:0:0:0:0:0:0:0:0:0:0&quot;, endOnFailure: true }
Counterexample: [{&quot;id&quot;:&quot;00000000-0000-1000-8000-000000000000&quot;,&quot;name&quot;:&quot;!&quot;,&quot;type&quot;:&quot;service&quot;,&quot;description&quot;:undefined,&quot;children&quot;:[{&quot;id&quot;:&quot;00000000-0000-1000-8000-000000000000&quot;,&quot;name&quot;:&quot;!&quot;,&quot;type&quot;:&quot;service&quot;,&quot;description&quot;:undefined,&quot;children&quot;:[],&quot;dependencies&quot;:[],&quot;metrics&quot;:undefined}],&quot;dependencies&quot;:[],&quot;metrics&quot;:undefined}]
Shrunk 30 time(s)

Hint: Enable verbose mode in order to have the list of all failing values encountered during the run
    at buildError (D:\Desktop\AI-Based-Quality-Check-On-Project-Code-And-Architecture\frontend\node_modules\fast-check\lib\cjs\check\runner\utils\RunDetailsFormatter.js:162:19)
    at asyncThrowIfFailed (D:\Desktop\AI-Based-Quality-Check-On-Project-Code-And-Architecture\frontend\node_modules\fast-check\lib\cjs\check\runner\utils\RunDetailsFormatter.js:176:11)</failure>
    </testcase>
    <testcase classname="Property 16: 架构节点展开" name="应该在快速连续点击时正确切换展开状态" time="0.114">
      <failure>Error: Property failed after 1 tests
{ seed: 1343480588, path: &quot;0:0:0:0:0:0:0:0:0:0:0:0:0:0:0:0:0:0:0:0:0:0:0:0:0:0:0:0:0:0:0:0:0:0&quot;, endOnFailure: true }
Counterexample: [{&quot;id&quot;:&quot;00000000-0000-1000-8000-000000000000&quot;,&quot;name&quot;:&quot;!&quot;,&quot;type&quot;:&quot;service&quot;,&quot;description&quot;:undefined,&quot;children&quot;:[{&quot;id&quot;:&quot;00000000-0000-1000-8000-000000000000&quot;,&quot;name&quot;:&quot;!&quot;,&quot;type&quot;:&quot;service&quot;,&quot;description&quot;:undefined,&quot;children&quot;:[],&quot;dependencies&quot;:[],&quot;metrics&quot;:undefined}],&quot;dependencies&quot;:[],&quot;metrics&quot;:undefined},2]
Shrunk 33 time(s)

Hint: Enable verbose mode in order to have the list of all failing values encountered during the run
    at buildError (D:\Desktop\AI-Based-Quality-Check-On-Project-Code-And-Architecture\frontend\node_modules\fast-check\lib\cjs\check\runner\utils\RunDetailsFormatter.js:162:19)
    at asyncThrowIfFailed (D:\Desktop\AI-Based-Quality-Check-On-Project-Code-And-Architecture\frontend\node_modules\fast-check\lib\cjs\check\runner\utils\RunDetailsFormatter.js:176:11)</failure>
    </testcase>
  </testsuite>
  <testsuite name="Navbar" errors="0" failures="9" skipped="0" timestamp="2026-03-08T07:40:47" time="1.494" tests="16">
    <testcase classname="Navbar › Rendering" name="should render logo and brand name" time="0.043">
    </testcase>
    <testcase classname="Navbar › Rendering" name="should render theme toggle" time="0.018">
    </testcase>
    <testcase classname="Navbar › Rendering" name="should render notification bell" time="0.025">
    </testcase>
    <testcase classname="Navbar › Rendering" name="should render user menu button" time="0.024">
    </testcase>
    <testcase classname="Navbar › User Session" name="should display user name when logged in" time="0.062">
      <failure>TestingLibraryElementError: Unable to find an element with the text: John Doe. This could be because the text is broken up by multiple elements. In this case, you can provide a function for your text matcher to make your matcher more flexible.

Ignored nodes: comments, script, style
&lt;body&gt;
  &lt;div&gt;
    &lt;header
      class=&quot;sticky top-0 z-50 w-full border-b bg-background/95 backdrop-blur supports-[backdrop-filter]:bg-background/60&quot;
    &gt;
      &lt;div
        class=&quot;container flex h-16 items-center&quot;
      &gt;
        &lt;a
          href=&quot;/dashboard&quot;
        &gt;
          &lt;div
            class=&quot;h-8 w-8 rounded-lg bg-primary flex items-center justify-center&quot;
          &gt;
            &lt;span
              class=&quot;text-primary-foreground font-bold text-lg&quot;
            &gt;
              AI
            &lt;/span&gt;
          &lt;/div&gt;
          &lt;span
            class=&quot;hidden font-bold sm:inline-block&quot;
          &gt;
            Code Review Platform
          &lt;/span&gt;
        &lt;/a&gt;
        &lt;div
          class=&quot;flex-1&quot;
        /&gt;
        &lt;div
          class=&quot;flex items-center space-x-4&quot;
        &gt;
          &lt;div&gt;
            Theme Toggle
          &lt;/div&gt;
          &lt;button
            class=&quot;inline-flex items-center justify-center whitespace-nowrap rounded-md text-sm font-medium ring-offset-background transition-colors focus-visible:outline-none focus-visible:ring-2 focus-visible:ring-ring focus-visible:ring-offset-2 disabled:pointer-events-none disabled:opacity-50 hover:bg-accent hover:text-accent-foreground h-10 w-10 relative&quot;
          &gt;
            &lt;svg
              data-testid=&quot;bell-icon&quot;
            /&gt;
            &lt;span
              class=&quot;absolute right-1 top-1 h-2 w-2 rounded-full bg-destructive&quot;
            /&gt;
          &lt;/button&gt;
          &lt;div&gt;
            Notification Center
          &lt;/div&gt;
          &lt;button
            aria-expanded=&quot;false&quot;
            aria-haspopup=&quot;menu&quot;
            class=&quot;inline-flex items-center justify-center whitespace-nowrap rounded-md text-sm font-medium ring-offset-background transition-colors focus-visible:outline-none focus-visible:ring-2 focus-visible:ring-ring focus-visible:ring-offset-2 disabled:pointer-events-none disabled:opacity-50 hover:bg-accent hover:text-accent-foreground h-10 w-10&quot;
            data-state=&quot;closed&quot;
            id=&quot;radix-_r_8_&quot;
            type=&quot;button&quot;
          &gt;
            &lt;svg
              data-testid=&quot;user-icon&quot;
            /&gt;
          &lt;/button&gt;
        &lt;/div&gt;
      &lt;/div&gt;
    &lt;/header&gt;
  &lt;/div&gt;
&lt;/body&gt;
    at Object.getElementError (D:\Desktop\AI-Based-Quality-Check-On-Project-Code-And-Architecture\frontend\node_modules\@testing-library\dom\dist\config.js:37:19)
    at D:\Desktop\AI-Based-Quality-Check-On-Project-Code-And-Architecture\frontend\node_modules\@testing-library\dom\dist\query-helpers.js:76:38
    at D:\Desktop\AI-Based-Quality-Check-On-Project-Code-And-Architecture\frontend\node_modules\@testing-library\dom\dist\query-helpers.js:52:17
    at D:\Desktop\AI-Based-Quality-Check-On-Project-Code-And-Architecture\frontend\node_modules\@testing-library\dom\dist\query-helpers.js:95:19
    at Object.getByText (D:\Desktop\AI-Based-Quality-Check-On-Project-Code-And-Architecture\frontend\src\components\layout\__tests__\navbar.test.tsx:112:23)
    at Promise.finally.completed (D:\Desktop\AI-Based-Quality-Check-On-Project-Code-And-Architecture\frontend\node_modules\jest-circus\build\jestAdapterInit.js:1557:28)
    at new Promise (&lt;anonymous&gt;)
    at callAsyncCircusFn (D:\Desktop\AI-Based-Quality-Check-On-Project-Code-And-Architecture\frontend\node_modules\jest-circus\build\jestAdapterInit.js:1497:10)
    at _callCircusTest (D:\Desktop\AI-Based-Quality-Check-On-Project-Code-And-Architecture\frontend\node_modules\jest-circus\build\jestAdapterInit.js:1007:40)
    at _runTest (D:\Desktop\AI-Based-Quality-Check-On-Project-Code-And-Architecture\frontend\node_modules\jest-circus\build\jestAdapterInit.js:947:3)
    at D:\Desktop\AI-Based-Quality-Check-On-Project-Code-And-Architecture\frontend\node_modules\jest-circus\build\jestAdapterInit.js:849:7
    at _runTestsForDescribeBlock (D:\Desktop\AI-Based-Quality-Check-On-Project-Code-And-Architecture\frontend\node_modules\jest-circus\build\jestAdapterInit.js:862:11)
    at _runTestsForDescribeBlock (D:\Desktop\AI-Based-Quality-Check-On-Project-Code-And-Architecture\frontend\node_modules\jest-circus\build\jestAdapterInit.js:857:11)
    at _runTestsForDescribeBlock (D:\Desktop\AI-Based-Quality-Check-On-Project-Code-And-Architecture\frontend\node_modules\jest-circus\build\jestAdapterInit.js:857:11)
    at run (D:\Desktop\AI-Based-Quality-Check-On-Project-Code-And-Architecture\frontend\node_modules\jest-circus\build\jestAdapterInit.js:761:3)
    at runAndTransformResultsToJestFormat (D:\Desktop\AI-Based-Quality-Check-On-Project-Code-And-Architecture\frontend\node_modules\jest-circus\build\jestAdapterInit.js:1918:21)
    at jestAdapter (D:\Desktop\AI-Based-Quality-Check-On-Project-Code-And-Architecture\frontend\node_modules\jest-circus\build\runner.js:101:19)
    at runTestInternal (D:\Desktop\AI-Based-Quality-Check-On-Project-Code-And-Architecture\frontend\node_modules\jest-runner\build\index.js:275:16)
    at runTest (D:\Desktop\AI-Based-Quality-Check-On-Project-Code-And-Architecture\frontend\node_modules\jest-runner\build\index.js:343:7)</failure>
    </testcase>
    <testcase classname="Navbar › User Session" name="should display user email when logged in" time="0.031">
      <failure>TestingLibraryElementError: Unable to find an element with the text: john@example.com. This could be because the text is broken up by multiple elements. In this case, you can provide a function for your text matcher to make your matcher more flexible.

Ignored nodes: comments, script, style
&lt;body&gt;
  &lt;div&gt;
    &lt;header
      class=&quot;sticky top-0 z-50 w-full border-b bg-background/95 backdrop-blur supports-[backdrop-filter]:bg-background/60&quot;
    &gt;
      &lt;div
        class=&quot;container flex h-16 items-center&quot;
      &gt;
        &lt;a
          href=&quot;/dashboard&quot;
        &gt;
          &lt;div
            class=&quot;h-8 w-8 rounded-lg bg-primary flex items-center justify-center&quot;
          &gt;
            &lt;span
              class=&quot;text-primary-foreground font-bold text-lg&quot;
            &gt;
              AI
            &lt;/span&gt;
          &lt;/div&gt;
          &lt;span
            class=&quot;hidden font-bold sm:inline-block&quot;
          &gt;
            Code Review Platform
          &lt;/span&gt;
        &lt;/a&gt;
        &lt;div
          class=&quot;flex-1&quot;
        /&gt;
        &lt;div
          class=&quot;flex items-center space-x-4&quot;
        &gt;
          &lt;div&gt;
            Theme Toggle
          &lt;/div&gt;
          &lt;button
            class=&quot;inline-flex items-center justify-center whitespace-nowrap rounded-md text-sm font-medium ring-offset-background transition-colors focus-visible:outline-none focus-visible:ring-2 focus-visible:ring-ring focus-visible:ring-offset-2 disabled:pointer-events-none disabled:opacity-50 hover:bg-accent hover:text-accent-foreground h-10 w-10 relative&quot;
          &gt;
            &lt;svg
              data-testid=&quot;bell-icon&quot;
            /&gt;
            &lt;span
              class=&quot;absolute right-1 top-1 h-2 w-2 rounded-full bg-destructive&quot;
            /&gt;
          &lt;/button&gt;
          &lt;div&gt;
            Notification Center
          &lt;/div&gt;
          &lt;button
            aria-expanded=&quot;false&quot;
            aria-haspopup=&quot;menu&quot;
            class=&quot;inline-flex items-center justify-center whitespace-nowrap rounded-md text-sm font-medium ring-offset-background transition-colors focus-visible:outline-none focus-visible:ring-2 focus-visible:ring-ring focus-visible:ring-offset-2 disabled:pointer-events-none disabled:opacity-50 hover:bg-accent hover:text-accent-foreground h-10 w-10&quot;
            data-state=&quot;closed&quot;
            id=&quot;radix-_r_a_&quot;
            type=&quot;button&quot;
          &gt;
            &lt;svg
              data-testid=&quot;user-icon&quot;
            /&gt;
          &lt;/button&gt;
        &lt;/div&gt;
      &lt;/div&gt;
    &lt;/header&gt;
  &lt;/div&gt;
&lt;/body&gt;
    at Object.getElementError (D:\Desktop\AI-Based-Quality-Check-On-Project-Code-And-Architecture\frontend\node_modules\@testing-library\dom\dist\config.js:37:19)
    at D:\Desktop\AI-Based-Quality-Check-On-Project-Code-And-Architecture\frontend\node_modules\@testing-library\dom\dist\query-helpers.js:76:38
    at D:\Desktop\AI-Based-Quality-Check-On-Project-Code-And-Architecture\frontend\node_modules\@testing-library\dom\dist\query-helpers.js:52:17
    at D:\Desktop\AI-Based-Quality-Check-On-Project-Code-And-Architecture\frontend\node_modules\@testing-library\dom\dist\query-helpers.js:95:19
    at Object.getByText (D:\Desktop\AI-Based-Quality-Check-On-Project-Code-And-Architecture\frontend\src\components\layout\__tests__\navbar.test.tsx:134:23)
    at Promise.finally.completed (D:\Desktop\AI-Based-Quality-Check-On-Project-Code-And-Architecture\frontend\node_modules\jest-circus\build\jestAdapterInit.js:1557:28)
    at new Promise (&lt;anonymous&gt;)
    at callAsyncCircusFn (D:\Desktop\AI-Based-Quality-Check-On-Project-Code-And-Architecture\frontend\node_modules\jest-circus\build\jestAdapterInit.js:1497:10)
    at _callCircusTest (D:\Desktop\AI-Based-Quality-Check-On-Project-Code-And-Architecture\frontend\node_modules\jest-circus\build\jestAdapterInit.js:1007:40)
    at _runTest (D:\Desktop\AI-Based-Quality-Check-On-Project-Code-And-Architecture\frontend\node_modules\jest-circus\build\jestAdapterInit.js:947:3)
    at D:\Desktop\AI-Based-Quality-Check-On-Project-Code-And-Architecture\frontend\node_modules\jest-circus\build\jestAdapterInit.js:849:7
    at _runTestsForDescribeBlock (D:\Desktop\AI-Based-Quality-Check-On-Project-Code-And-Architecture\frontend\node_modules\jest-circus\build\jestAdapterInit.js:862:11)
    at _runTestsForDescribeBlock (D:\Desktop\AI-Based-Quality-Check-On-Project-Code-And-Architecture\frontend\node_modules\jest-circus\build\jestAdapterInit.js:857:11)
    at _runTestsForDescribeBlock (D:\Desktop\AI-Based-Quality-Check-On-Project-Code-And-Architecture\frontend\node_modules\jest-circus\build\jestAdapterInit.js:857:11)
    at run (D:\Desktop\AI-Based-Quality-Check-On-Project-Code-And-Architecture\frontend\node_modules\jest-circus\build\jestAdapterInit.js:761:3)
    at runAndTransformResultsToJestFormat (D:\Desktop\AI-Based-Quality-Check-On-Project-Code-And-Architecture\frontend\node_modules\jest-circus\build\jestAdapterInit.js:1918:21)
    at jestAdapter (D:\Desktop\AI-Based-Quality-Check-On-Project-Code-And-Architecture\frontend\node_modules\jest-circus\build\runner.js:101:19)
    at runTestInternal (D:\Desktop\AI-Based-Quality-Check-On-Project-Code-And-Architecture\frontend\node_modules\jest-runner\build\index.js:275:16)
    at runTest (D:\Desktop\AI-Based-Quality-Check-On-Project-Code-And-Architecture\frontend\node_modules\jest-runner\build\index.js:343:7)</failure>
    </testcase>
    <testcase classname="Navbar › User Session" name="should display &quot;User&quot; when name is not available" time="0.028">
      <failure>TestingLibraryElementError: Unable to find an element with the text: User. This could be because the text is broken up by multiple elements. In this case, you can provide a function for your text matcher to make your matcher more flexible.

Ignored nodes: comments, script, style
&lt;body&gt;
  &lt;div&gt;
    &lt;header
      class=&quot;sticky top-0 z-50 w-full border-b bg-background/95 backdrop-blur supports-[backdrop-filter]:bg-background/60&quot;
    &gt;
      &lt;div
        class=&quot;container flex h-16 items-center&quot;
      &gt;
        &lt;a
          href=&quot;/dashboard&quot;
        &gt;
          &lt;div
            class=&quot;h-8 w-8 rounded-lg bg-primary flex items-center justify-center&quot;
          &gt;
            &lt;span
              class=&quot;text-primary-foreground font-bold text-lg&quot;
            &gt;
              AI
            &lt;/span&gt;
          &lt;/div&gt;
          &lt;span
            class=&quot;hidden font-bold sm:inline-block&quot;
          &gt;
            Code Review Platform
          &lt;/span&gt;
        &lt;/a&gt;
        &lt;div
          class=&quot;flex-1&quot;
        /&gt;
        &lt;div
          class=&quot;flex items-center space-x-4&quot;
        &gt;
          &lt;div&gt;
            Theme Toggle
          &lt;/div&gt;
          &lt;button
            class=&quot;inline-flex items-center justify-center whitespace-nowrap rounded-md text-sm font-medium ring-offset-background transition-colors focus-visible:outline-none focus-visible:ring-2 focus-visible:ring-ring focus-visible:ring-offset-2 disabled:pointer-events-none disabled:opacity-50 hover:bg-accent hover:text-accent-foreground h-10 w-10 relative&quot;
          &gt;
            &lt;svg
              data-testid=&quot;bell-icon&quot;
            /&gt;
            &lt;span
              class=&quot;absolute right-1 top-1 h-2 w-2 rounded-full bg-destructive&quot;
            /&gt;
          &lt;/button&gt;
          &lt;div&gt;
            Notification Center
          &lt;/div&gt;
          &lt;button
            aria-expanded=&quot;false&quot;
            aria-haspopup=&quot;menu&quot;
            class=&quot;inline-flex items-center justify-center whitespace-nowrap rounded-md text-sm font-medium ring-offset-background transition-colors focus-visible:outline-none focus-visible:ring-2 focus-visible:ring-ring focus-visible:ring-offset-2 disabled:pointer-events-none disabled:opacity-50 hover:bg-accent hover:text-accent-foreground h-10 w-10&quot;
            data-state=&quot;closed&quot;
            id=&quot;radix-_r_c_&quot;
            type=&quot;button&quot;
          &gt;
            &lt;svg
              data-testid=&quot;user-icon&quot;
            /&gt;
          &lt;/button&gt;
        &lt;/div&gt;
      &lt;/div&gt;
    &lt;/header&gt;
  &lt;/div&gt;
&lt;/body&gt;
    at Object.getElementError (D:\Desktop\AI-Based-Quality-Check-On-Project-Code-And-Architecture\frontend\node_modules\@testing-library\dom\dist\config.js:37:19)
    at D:\Desktop\AI-Based-Quality-Check-On-Project-Code-And-Architecture\frontend\node_modules\@testing-library\dom\dist\query-helpers.js:76:38
    at D:\Desktop\AI-Based-Quality-Check-On-Project-Code-And-Architecture\frontend\node_modules\@testing-library\dom\dist\query-helpers.js:52:17
    at D:\Desktop\AI-Based-Quality-Check-On-Project-Code-And-Architecture\frontend\node_modules\@testing-library\dom\dist\query-helpers.js:95:19
    at Object.getByText (D:\Desktop\AI-Based-Quality-Check-On-Project-Code-And-Architecture\frontend\src\components\layout\__tests__\navbar.test.tsx:155:23)
    at Promise.finally.completed (D:\Desktop\AI-Based-Quality-Check-On-Project-Code-And-Architecture\frontend\node_modules\jest-circus\build\jestAdapterInit.js:1557:28)
    at new Promise (&lt;anonymous&gt;)
    at callAsyncCircusFn (D:\Desktop\AI-Based-Quality-Check-On-Project-Code-And-Architecture\frontend\node_modules\jest-circus\build\jestAdapterInit.js:1497:10)
    at _callCircusTest (D:\Desktop\AI-Based-Quality-Check-On-Project-Code-And-Architecture\frontend\node_modules\jest-circus\build\jestAdapterInit.js:1007:40)
    at _runTest (D:\Desktop\AI-Based-Quality-Check-On-Project-Code-And-Architecture\frontend\node_modules\jest-circus\build\jestAdapterInit.js:947:3)
    at D:\Desktop\AI-Based-Quality-Check-On-Project-Code-And-Architecture\frontend\node_modules\jest-circus\build\jestAdapterInit.js:849:7
    at _runTestsForDescribeBlock (D:\Desktop\AI-Based-Quality-Check-On-Project-Code-And-Architecture\frontend\node_modules\jest-circus\build\jestAdapterInit.js:862:11)
    at _runTestsForDescribeBlock (D:\Desktop\AI-Based-Quality-Check-On-Project-Code-And-Architecture\frontend\node_modules\jest-circus\build\jestAdapterInit.js:857:11)
    at _runTestsForDescribeBlock (D:\Desktop\AI-Based-Quality-Check-On-Project-Code-And-Architecture\frontend\node_modules\jest-circus\build\jestAdapterInit.js:857:11)
    at run (D:\Desktop\AI-Based-Quality-Check-On-Project-Code-And-Architecture\frontend\node_modules\jest-circus\build\jestAdapterInit.js:761:3)
    at runAndTransformResultsToJestFormat (D:\Desktop\AI-Based-Quality-Check-On-Project-Code-And-Architecture\frontend\node_modules\jest-circus\build\jestAdapterInit.js:1918:21)
    at jestAdapter (D:\Desktop\AI-Based-Quality-Check-On-Project-Code-And-Architecture\frontend\node_modules\jest-circus\build\runner.js:101:19)
    at runTestInternal (D:\Desktop\AI-Based-Quality-Check-On-Project-Code-And-Architecture\frontend\node_modules\jest-runner\build\index.js:275:16)
    at runTest (D:\Desktop\AI-Based-Quality-Check-On-Project-Code-And-Architecture\frontend\node_modules\jest-runner\build\index.js:343:7)</failure>
    </testcase>
    <testcase classname="Navbar › Notification Center" name="should open notification center when bell is clicked" time="0.024">
    </testcase>
    <testcase classname="Navbar › Notification Center" name="should show notification badge" time="0.013">
    </testcase>
    <testcase classname="Navbar › User Menu" name="should show Profile menu item" time="0.027">
      <failure>TestingLibraryElementError: Unable to find an element with the text: Profile. This could be because the text is broken up by multiple elements. In this case, you can provide a function for your text matcher to make your matcher more flexible.

Ignored nodes: comments, script, style
&lt;body&gt;
  &lt;div&gt;
    &lt;header
      class=&quot;sticky top-0 z-50 w-full border-b bg-background/95 backdrop-blur supports-[backdrop-filter]:bg-background/60&quot;
    &gt;
      &lt;div
        class=&quot;container flex h-16 items-center&quot;
      &gt;
        &lt;a
          href=&quot;/dashboard&quot;
        &gt;
          &lt;div
            class=&quot;h-8 w-8 rounded-lg bg-primary flex items-center justify-center&quot;
          &gt;
            &lt;span
              class=&quot;text-primary-foreground font-bold text-lg&quot;
            &gt;
              AI
            &lt;/span&gt;
          &lt;/div&gt;
          &lt;span
            class=&quot;hidden font-bold sm:inline-block&quot;
          &gt;
            Code Review Platform
          &lt;/span&gt;
        &lt;/a&gt;
        &lt;div
          class=&quot;flex-1&quot;
        /&gt;
        &lt;div
          class=&quot;flex items-center space-x-4&quot;
        &gt;
          &lt;div&gt;
            Theme Toggle
          &lt;/div&gt;
          &lt;button
            class=&quot;inline-flex items-center justify-center whitespace-nowrap rounded-md text-sm font-medium ring-offset-background transition-colors focus-visible:outline-none focus-visible:ring-2 focus-visible:ring-ring focus-visible:ring-offset-2 disabled:pointer-events-none disabled:opacity-50 hover:bg-accent hover:text-accent-foreground h-10 w-10 relative&quot;
          &gt;
            &lt;svg
              data-testid=&quot;bell-icon&quot;
            /&gt;
            &lt;span
              class=&quot;absolute right-1 top-1 h-2 w-2 rounded-full bg-destructive&quot;
            /&gt;
          &lt;/button&gt;
          &lt;div&gt;
            Notification Center
          &lt;/div&gt;
          &lt;button
            aria-expanded=&quot;false&quot;
            aria-haspopup=&quot;menu&quot;
            class=&quot;inline-flex items-center justify-center whitespace-nowrap rounded-md text-sm font-medium ring-offset-background transition-colors focus-visible:outline-none focus-visible:ring-2 focus-visible:ring-ring focus-visible:ring-offset-2 disabled:pointer-events-none disabled:opacity-50 hover:bg-accent hover:text-accent-foreground h-10 w-10&quot;
            data-state=&quot;closed&quot;
            id=&quot;radix-_r_i_&quot;
            type=&quot;button&quot;
          &gt;
            &lt;svg
              data-testid=&quot;user-icon&quot;
            /&gt;
          &lt;/button&gt;
        &lt;/div&gt;
      &lt;/div&gt;
    &lt;/header&gt;
  &lt;/div&gt;
&lt;/body&gt;
    at Object.getElementError (D:\Desktop\AI-Based-Quality-Check-On-Project-Code-And-Architecture\frontend\node_modules\@testing-library\dom\dist\config.js:37:19)
    at D:\Desktop\AI-Based-Quality-Check-On-Project-Code-And-Architecture\frontend\node_modules\@testing-library\dom\dist\query-helpers.js:76:38
    at D:\Desktop\AI-Based-Quality-Check-On-Project-Code-And-Architecture\frontend\node_modules\@testing-library\dom\dist\query-helpers.js:52:17
    at D:\Desktop\AI-Based-Quality-Check-On-Project-Code-And-Architecture\frontend\node_modules\@testing-library\dom\dist\query-helpers.js:95:19
    at Object.getByText (D:\Desktop\AI-Based-Quality-Check-On-Project-Code-And-Architecture\frontend\src\components\layout\__tests__\navbar.test.tsx:208:23)
    at Promise.finally.completed (D:\Desktop\AI-Based-Quality-Check-On-Project-Code-And-Architecture\frontend\node_modules\jest-circus\build\jestAdapterInit.js:1557:28)
    at new Promise (&lt;anonymous&gt;)
    at callAsyncCircusFn (D:\Desktop\AI-Based-Quality-Check-On-Project-Code-And-Architecture\frontend\node_modules\jest-circus\build\jestAdapterInit.js:1497:10)
    at _callCircusTest (D:\Desktop\AI-Based-Quality-Check-On-Project-Code-And-Architecture\frontend\node_modules\jest-circus\build\jestAdapterInit.js:1007:40)
    at _runTest (D:\Desktop\AI-Based-Quality-Check-On-Project-Code-And-Architecture\frontend\node_modules\jest-circus\build\jestAdapterInit.js:947:3)
    at D:\Desktop\AI-Based-Quality-Check-On-Project-Code-And-Architecture\frontend\node_modules\jest-circus\build\jestAdapterInit.js:849:7
    at _runTestsForDescribeBlock (D:\Desktop\AI-Based-Quality-Check-On-Project-Code-And-Architecture\frontend\node_modules\jest-circus\build\jestAdapterInit.js:862:11)
    at _runTestsForDescribeBlock (D:\Desktop\AI-Based-Quality-Check-On-Project-Code-And-Architecture\frontend\node_modules\jest-circus\build\jestAdapterInit.js:857:11)
    at _runTestsForDescribeBlock (D:\Desktop\AI-Based-Quality-Check-On-Project-Code-And-Architecture\frontend\node_modules\jest-circus\build\jestAdapterInit.js:857:11)
    at run (D:\Desktop\AI-Based-Quality-Check-On-Project-Code-And-Architecture\frontend\node_modules\jest-circus\build\jestAdapterInit.js:761:3)
    at runAndTransformResultsToJestFormat (D:\Desktop\AI-Based-Quality-Check-On-Project-Code-And-Architecture\frontend\node_modules\jest-circus\build\jestAdapterInit.js:1918:21)
    at jestAdapter (D:\Desktop\AI-Based-Quality-Check-On-Project-Code-And-Architecture\frontend\node_modules\jest-circus\build\runner.js:101:19)
    at runTestInternal (D:\Desktop\AI-Based-Quality-Check-On-Project-Code-And-Architecture\frontend\node_modules\jest-runner\build\index.js:275:16)
    at runTest (D:\Desktop\AI-Based-Quality-Check-On-Project-Code-And-Architecture\frontend\node_modules\jest-runner\build\index.js:343:7)</failure>
    </testcase>
    <testcase classname="Navbar › User Menu" name="should show Settings menu item" time="0.037">
      <failure>TestingLibraryElementError: Unable to find an element with the text: Settings. This could be because the text is broken up by multiple elements. In this case, you can provide a function for your text matcher to make your matcher more flexible.

Ignored nodes: comments, script, style
&lt;body&gt;
  &lt;div&gt;
    &lt;header
      class=&quot;sticky top-0 z-50 w-full border-b bg-background/95 backdrop-blur supports-[backdrop-filter]:bg-background/60&quot;
    &gt;
      &lt;div
        class=&quot;container flex h-16 items-center&quot;
      &gt;
        &lt;a
          href=&quot;/dashboard&quot;
        &gt;
          &lt;div
            class=&quot;h-8 w-8 rounded-lg bg-primary flex items-center justify-center&quot;
          &gt;
            &lt;span
              class=&quot;text-primary-foreground font-bold text-lg&quot;
            &gt;
              AI
            &lt;/span&gt;
          &lt;/div&gt;
          &lt;span
            class=&quot;hidden font-bold sm:inline-block&quot;
          &gt;
            Code Review Platform
          &lt;/span&gt;
        &lt;/a&gt;
        &lt;div
          class=&quot;flex-1&quot;
        /&gt;
        &lt;div
          class=&quot;flex items-center space-x-4&quot;
        &gt;
          &lt;div&gt;
            Theme Toggle
          &lt;/div&gt;
          &lt;button
            class=&quot;inline-flex items-center justify-center whitespace-nowrap rounded-md text-sm font-medium ring-offset-background transition-colors focus-visible:outline-none focus-visible:ring-2 focus-visible:ring-ring focus-visible:ring-offset-2 disabled:pointer-events-none disabled:opacity-50 hover:bg-accent hover:text-accent-foreground h-10 w-10 relative&quot;
          &gt;
            &lt;svg
              data-testid=&quot;bell-icon&quot;
            /&gt;
            &lt;span
              class=&quot;absolute right-1 top-1 h-2 w-2 rounded-full bg-destructive&quot;
            /&gt;
          &lt;/button&gt;
          &lt;div&gt;
            Notification Center
          &lt;/div&gt;
          &lt;button
            aria-expanded=&quot;false&quot;
            aria-haspopup=&quot;menu&quot;
            class=&quot;inline-flex items-center justify-center whitespace-nowrap rounded-md text-sm font-medium ring-offset-background transition-colors focus-visible:outline-none focus-visible:ring-2 focus-visible:ring-ring focus-visible:ring-offset-2 disabled:pointer-events-none disabled:opacity-50 hover:bg-accent hover:text-accent-foreground h-10 w-10&quot;
            data-state=&quot;closed&quot;
            id=&quot;radix-_r_k_&quot;
            type=&quot;button&quot;
          &gt;
            &lt;svg
              data-testid=&quot;user-icon&quot;
            /&gt;
          &lt;/button&gt;
        &lt;/div&gt;
      &lt;/div&gt;
    &lt;/header&gt;
  &lt;/div&gt;
&lt;/body&gt;
    at Object.getElementError (D:\Desktop\AI-Based-Quality-Check-On-Project-Code-And-Architecture\frontend\node_modules\@testing-library\dom\dist\config.js:37:19)
    at D:\Desktop\AI-Based-Quality-Check-On-Project-Code-And-Architecture\frontend\node_modules\@testing-library\dom\dist\query-helpers.js:76:38
    at D:\Desktop\AI-Based-Quality-Check-On-Project-Code-And-Architecture\frontend\node_modules\@testing-library\dom\dist\query-helpers.js:52:17
    at D:\Desktop\AI-Based-Quality-Check-On-Project-Code-And-Architecture\frontend\node_modules\@testing-library\dom\dist\query-helpers.js:95:19
    at Object.getByText (D:\Desktop\AI-Based-Quality-Check-On-Project-Code-And-Architecture\frontend\src\components\layout\__tests__\navbar.test.tsx:227:23)
    at Promise.finally.completed (D:\Desktop\AI-Based-Quality-Check-On-Project-Code-And-Architecture\frontend\node_modules\jest-circus\build\jestAdapterInit.js:1557:28)
    at new Promise (&lt;anonymous&gt;)
    at callAsyncCircusFn (D:\Desktop\AI-Based-Quality-Check-On-Project-Code-And-Architecture\frontend\node_modules\jest-circus\build\jestAdapterInit.js:1497:10)
    at _callCircusTest (D:\Desktop\AI-Based-Quality-Check-On-Project-Code-And-Architecture\frontend\node_modules\jest-circus\build\jestAdapterInit.js:1007:40)
    at _runTest (D:\Desktop\AI-Based-Quality-Check-On-Project-Code-And-Architecture\frontend\node_modules\jest-circus\build\jestAdapterInit.js:947:3)
    at D:\Desktop\AI-Based-Quality-Check-On-Project-Code-And-Architecture\frontend\node_modules\jest-circus\build\jestAdapterInit.js:849:7
    at _runTestsForDescribeBlock (D:\Desktop\AI-Based-Quality-Check-On-Project-Code-And-Architecture\frontend\node_modules\jest-circus\build\jestAdapterInit.js:862:11)
    at _runTestsForDescribeBlock (D:\Desktop\AI-Based-Quality-Check-On-Project-Code-And-Architecture\frontend\node_modules\jest-circus\build\jestAdapterInit.js:857:11)
    at _runTestsForDescribeBlock (D:\Desktop\AI-Based-Quality-Check-On-Project-Code-And-Architecture\frontend\node_modules\jest-circus\build\jestAdapterInit.js:857:11)
    at run (D:\Desktop\AI-Based-Quality-Check-On-Project-Code-And-Architecture\frontend\node_modules\jest-circus\build\jestAdapterInit.js:761:3)
    at runAndTransformResultsToJestFormat (D:\Desktop\AI-Based-Quality-Check-On-Project-Code-And-Architecture\frontend\node_modules\jest-circus\build\jestAdapterInit.js:1918:21)
    at jestAdapter (D:\Desktop\AI-Based-Quality-Check-On-Project-Code-And-Architecture\frontend\node_modules\jest-circus\build\runner.js:101:19)
    at runTestInternal (D:\Desktop\AI-Based-Quality-Check-On-Project-Code-And-Architecture\frontend\node_modules\jest-runner\build\index.js:275:16)
    at runTest (D:\Desktop\AI-Based-Quality-Check-On-Project-Code-And-Architecture\frontend\node_modules\jest-runner\build\index.js:343:7)</failure>
    </testcase>
    <testcase classname="Navbar › User Menu" name="should show Sign out menu item" time="0.032">
      <failure>TestingLibraryElementError: Unable to find an element with the text: Sign out. This could be because the text is broken up by multiple elements. In this case, you can provide a function for your text matcher to make your matcher more flexible.

Ignored nodes: comments, script, style
&lt;body&gt;
  &lt;div&gt;
    &lt;header
      class=&quot;sticky top-0 z-50 w-full border-b bg-background/95 backdrop-blur supports-[backdrop-filter]:bg-background/60&quot;
    &gt;
      &lt;div
        class=&quot;container flex h-16 items-center&quot;
      &gt;
        &lt;a
          href=&quot;/dashboard&quot;
        &gt;
          &lt;div
            class=&quot;h-8 w-8 rounded-lg bg-primary flex items-center justify-center&quot;
          &gt;
            &lt;span
              class=&quot;text-primary-foreground font-bold text-lg&quot;
            &gt;
              AI
            &lt;/span&gt;
          &lt;/div&gt;
          &lt;span
            class=&quot;hidden font-bold sm:inline-block&quot;
          &gt;
            Code Review Platform
          &lt;/span&gt;
        &lt;/a&gt;
        &lt;div
          class=&quot;flex-1&quot;
        /&gt;
        &lt;div
          class=&quot;flex items-center space-x-4&quot;
        &gt;
          &lt;div&gt;
            Theme Toggle
          &lt;/div&gt;
          &lt;button
            class=&quot;inline-flex items-center justify-center whitespace-nowrap rounded-md text-sm font-medium ring-offset-background transition-colors focus-visible:outline-none focus-visible:ring-2 focus-visible:ring-ring focus-visible:ring-offset-2 disabled:pointer-events-none disabled:opacity-50 hover:bg-accent hover:text-accent-foreground h-10 w-10 relative&quot;
          &gt;
            &lt;svg
              data-testid=&quot;bell-icon&quot;
            /&gt;
            &lt;span
              class=&quot;absolute right-1 top-1 h-2 w-2 rounded-full bg-destructive&quot;
            /&gt;
          &lt;/button&gt;
          &lt;div&gt;
            Notification Center
          &lt;/div&gt;
          &lt;button
            aria-expanded=&quot;false&quot;
            aria-haspopup=&quot;menu&quot;
            class=&quot;inline-flex items-center justify-center whitespace-nowrap rounded-md text-sm font-medium ring-offset-background transition-colors focus-visible:outline-none focus-visible:ring-2 focus-visible:ring-ring focus-visible:ring-offset-2 disabled:pointer-events-none disabled:opacity-50 hover:bg-accent hover:text-accent-foreground h-10 w-10&quot;
            data-state=&quot;closed&quot;
            id=&quot;radix-_r_m_&quot;
            type=&quot;button&quot;
          &gt;
            &lt;svg
              data-testid=&quot;user-icon&quot;
            /&gt;
          &lt;/button&gt;
        &lt;/div&gt;
      &lt;/div&gt;
    &lt;/header&gt;
  &lt;/div&gt;
&lt;/body&gt;
    at Object.getElementError (D:\Desktop\AI-Based-Quality-Check-On-Project-Code-And-Architecture\frontend\node_modules\@testing-library\dom\dist\config.js:37:19)
    at D:\Desktop\AI-Based-Quality-Check-On-Project-Code-And-Architecture\frontend\node_modules\@testing-library\dom\dist\query-helpers.js:76:38
    at D:\Desktop\AI-Based-Quality-Check-On-Project-Code-And-Architecture\frontend\node_modules\@testing-library\dom\dist\query-helpers.js:52:17
    at D:\Desktop\AI-Based-Quality-Check-On-Project-Code-And-Architecture\frontend\node_modules\@testing-library\dom\dist\query-helpers.js:95:19
    at Object.getByText (D:\Desktop\AI-Based-Quality-Check-On-Project-Code-And-Architecture\frontend\src\components\layout\__tests__\navbar.test.tsx:246:23)
    at Promise.finally.completed (D:\Desktop\AI-Based-Quality-Check-On-Project-Code-And-Architecture\frontend\node_modules\jest-circus\build\jestAdapterInit.js:1557:28)
    at new Promise (&lt;anonymous&gt;)
    at callAsyncCircusFn (D:\Desktop\AI-Based-Quality-Check-On-Project-Code-And-Architecture\frontend\node_modules\jest-circus\build\jestAdapterInit.js:1497:10)
    at _callCircusTest (D:\Desktop\AI-Based-Quality-Check-On-Project-Code-And-Architecture\frontend\node_modules\jest-circus\build\jestAdapterInit.js:1007:40)
    at _runTest (D:\Desktop\AI-Based-Quality-Check-On-Project-Code-And-Architecture\frontend\node_modules\jest-circus\build\jestAdapterInit.js:947:3)
    at D:\Desktop\AI-Based-Quality-Check-On-Project-Code-And-Architecture\frontend\node_modules\jest-circus\build\jestAdapterInit.js:849:7
    at _runTestsForDescribeBlock (D:\Desktop\AI-Based-Quality-Check-On-Project-Code-And-Architecture\frontend\node_modules\jest-circus\build\jestAdapterInit.js:862:11)
    at _runTestsForDescribeBlock (D:\Desktop\AI-Based-Quality-Check-On-Project-Code-And-Architecture\frontend\node_modules\jest-circus\build\jestAdapterInit.js:857:11)
    at _runTestsForDescribeBlock (D:\Desktop\AI-Based-Quality-Check-On-Project-Code-And-Architecture\frontend\node_modules\jest-circus\build\jestAdapterInit.js:857:11)
    at run (D:\Desktop\AI-Based-Quality-Check-On-Project-Code-And-Architecture\frontend\node_modules\jest-circus\build\jestAdapterInit.js:761:3)
    at runAndTransformResultsToJestFormat (D:\Desktop\AI-Based-Quality-Check-On-Project-Code-And-Architecture\frontend\node_modules\jest-circus\build\jestAdapterInit.js:1918:21)
    at jestAdapter (D:\Desktop\AI-Based-Quality-Check-On-Project-Code-And-Architecture\frontend\node_modules\jest-circus\build\runner.js:101:19)
    at runTestInternal (D:\Desktop\AI-Based-Quality-Check-On-Project-Code-And-Architecture\frontend\node_modules\jest-runner\build\index.js:275:16)
    at runTest (D:\Desktop\AI-Based-Quality-Check-On-Project-Code-And-Architecture\frontend\node_modules\jest-runner\build\index.js:343:7)</failure>
    </testcase>
    <testcase classname="Navbar › User Menu" name="should call signOut when Sign out is clicked" time="0.033">
      <failure>TestingLibraryElementError: Unable to find an element with the text: Sign out. This could be because the text is broken up by multiple elements. In this case, you can provide a function for your text matcher to make your matcher more flexible.

Ignored nodes: comments, script, style
&lt;body&gt;
  &lt;div&gt;
    &lt;header
      class=&quot;sticky top-0 z-50 w-full border-b bg-background/95 backdrop-blur supports-[backdrop-filter]:bg-background/60&quot;
    &gt;
      &lt;div
        class=&quot;container flex h-16 items-center&quot;
      &gt;
        &lt;a
          href=&quot;/dashboard&quot;
        &gt;
          &lt;div
            class=&quot;h-8 w-8 rounded-lg bg-primary flex items-center justify-center&quot;
          &gt;
            &lt;span
              class=&quot;text-primary-foreground font-bold text-lg&quot;
            &gt;
              AI
            &lt;/span&gt;
          &lt;/div&gt;
          &lt;span
            class=&quot;hidden font-bold sm:inline-block&quot;
          &gt;
            Code Review Platform
          &lt;/span&gt;
        &lt;/a&gt;
        &lt;div
          class=&quot;flex-1&quot;
        /&gt;
        &lt;div
          class=&quot;flex items-center space-x-4&quot;
        &gt;
          &lt;div&gt;
            Theme Toggle
          &lt;/div&gt;
          &lt;button
            class=&quot;inline-flex items-center justify-center whitespace-nowrap rounded-md text-sm font-medium ring-offset-background transition-colors focus-visible:outline-none focus-visible:ring-2 focus-visible:ring-ring focus-visible:ring-offset-2 disabled:pointer-events-none disabled:opacity-50 hover:bg-accent hover:text-accent-foreground h-10 w-10 relative&quot;
          &gt;
            &lt;svg
              data-testid=&quot;bell-icon&quot;
            /&gt;
            &lt;span
              class=&quot;absolute right-1 top-1 h-2 w-2 rounded-full bg-destructive&quot;
            /&gt;
          &lt;/button&gt;
          &lt;div&gt;
            Notification Center
          &lt;/div&gt;
          &lt;button
            aria-expanded=&quot;false&quot;
            aria-haspopup=&quot;menu&quot;
            class=&quot;inline-flex items-center justify-center whitespace-nowrap rounded-md text-sm font-medium ring-offset-background transition-colors focus-visible:outline-none focus-visible:ring-2 focus-visible:ring-ring focus-visible:ring-offset-2 disabled:pointer-events-none disabled:opacity-50 hover:bg-accent hover:text-accent-foreground h-10 w-10&quot;
            data-state=&quot;closed&quot;
            id=&quot;radix-_r_o_&quot;
            type=&quot;button&quot;
          &gt;
            &lt;svg
              data-testid=&quot;user-icon&quot;
            /&gt;
          &lt;/button&gt;
        &lt;/div&gt;
      &lt;/div&gt;
    &lt;/header&gt;
  &lt;/div&gt;
&lt;/body&gt;
    at Object.getElementError (D:\Desktop\AI-Based-Quality-Check-On-Project-Code-And-Architecture\frontend\node_modules\@testing-library\dom\dist\config.js:37:19)
    at D:\Desktop\AI-Based-Quality-Check-On-Project-Code-And-Architecture\frontend\node_modules\@testing-library\dom\dist\query-helpers.js:76:38
    at D:\Desktop\AI-Based-Quality-Check-On-Project-Code-And-Architecture\frontend\node_modules\@testing-library\dom\dist\query-helpers.js:52:17
    at D:\Desktop\AI-Based-Quality-Check-On-Project-Code-And-Architecture\frontend\node_modules\@testing-library\dom\dist\query-helpers.js:95:19
    at Object.getByText (D:\Desktop\AI-Based-Quality-Check-On-Project-Code-And-Architecture\frontend\src\components\layout\__tests__\navbar.test.tsx:265:38)
    at Promise.finally.completed (D:\Desktop\AI-Based-Quality-Check-On-Project-Code-And-Architecture\frontend\node_modules\jest-circus\build\jestAdapterInit.js:1557:28)
    at new Promise (&lt;anonymous&gt;)
    at callAsyncCircusFn (D:\Desktop\AI-Based-Quality-Check-On-Project-Code-And-Architecture\frontend\node_modules\jest-circus\build\jestAdapterInit.js:1497:10)
    at _callCircusTest (D:\Desktop\AI-Based-Quality-Check-On-Project-Code-And-Architecture\frontend\node_modules\jest-circus\build\jestAdapterInit.js:1007:40)
    at _runTest (D:\Desktop\AI-Based-Quality-Check-On-Project-Code-And-Architecture\frontend\node_modules\jest-circus\build\jestAdapterInit.js:947:3)
    at D:\Desktop\AI-Based-Quality-Check-On-Project-Code-And-Architecture\frontend\node_modules\jest-circus\build\jestAdapterInit.js:849:7
    at _runTestsForDescribeBlock (D:\Desktop\AI-Based-Quality-Check-On-Project-Code-And-Architecture\frontend\node_modules\jest-circus\build\jestAdapterInit.js:862:11)
    at _runTestsForDescribeBlock (D:\Desktop\AI-Based-Quality-Check-On-Project-Code-And-Architecture\frontend\node_modules\jest-circus\build\jestAdapterInit.js:857:11)
    at _runTestsForDescribeBlock (D:\Desktop\AI-Based-Quality-Check-On-Project-Code-And-Architecture\frontend\node_modules\jest-circus\build\jestAdapterInit.js:857:11)
    at run (D:\Desktop\AI-Based-Quality-Check-On-Project-Code-And-Architecture\frontend\node_modules\jest-circus\build\jestAdapterInit.js:761:3)
    at runAndTransformResultsToJestFormat (D:\Desktop\AI-Based-Quality-Check-On-Project-Code-And-Architecture\frontend\node_modules\jest-circus\build\jestAdapterInit.js:1918:21)
    at jestAdapter (D:\Desktop\AI-Based-Quality-Check-On-Project-Code-And-Architecture\frontend\node_modules\jest-circus\build\runner.js:101:19)
    at runTestInternal (D:\Desktop\AI-Based-Quality-Check-On-Project-Code-And-Architecture\frontend\node_modules\jest-runner\build\index.js:275:16)
    at runTest (D:\Desktop\AI-Based-Quality-Check-On-Project-Code-And-Architecture\frontend\node_modules\jest-runner\build\index.js:343:7)</failure>
    </testcase>
    <testcase classname="Navbar › User Menu" name="should link to profile page" time="0.029">
      <failure>TestingLibraryElementError: Unable to find an element with the text: Profile. This could be because the text is broken up by multiple elements. In this case, you can provide a function for your text matcher to make your matcher more flexible.

Ignored nodes: comments, script, style
&lt;body&gt;
  &lt;div&gt;
    &lt;header
      class=&quot;sticky top-0 z-50 w-full border-b bg-background/95 backdrop-blur supports-[backdrop-filter]:bg-background/60&quot;
    &gt;
      &lt;div
        class=&quot;container flex h-16 items-center&quot;
      &gt;
        &lt;a
          href=&quot;/dashboard&quot;
        &gt;
          &lt;div
            class=&quot;h-8 w-8 rounded-lg bg-primary flex items-center justify-center&quot;
          &gt;
            &lt;span
              class=&quot;text-primary-foreground font-bold text-lg&quot;
            &gt;
              AI
            &lt;/span&gt;
          &lt;/div&gt;
          &lt;span
            class=&quot;hidden font-bold sm:inline-block&quot;
          &gt;
            Code Review Platform
          &lt;/span&gt;
        &lt;/a&gt;
        &lt;div
          class=&quot;flex-1&quot;
        /&gt;
        &lt;div
          class=&quot;flex items-center space-x-4&quot;
        &gt;
          &lt;div&gt;
            Theme Toggle
          &lt;/div&gt;
          &lt;button
            class=&quot;inline-flex items-center justify-center whitespace-nowrap rounded-md text-sm font-medium ring-offset-background transition-colors focus-visible:outline-none focus-visible:ring-2 focus-visible:ring-ring focus-visible:ring-offset-2 disabled:pointer-events-none disabled:opacity-50 hover:bg-accent hover:text-accent-foreground h-10 w-10 relative&quot;
          &gt;
            &lt;svg
              data-testid=&quot;bell-icon&quot;
            /&gt;
            &lt;span
              class=&quot;absolute right-1 top-1 h-2 w-2 rounded-full bg-destructive&quot;
            /&gt;
          &lt;/button&gt;
          &lt;div&gt;
            Notification Center
          &lt;/div&gt;
          &lt;button
            aria-expanded=&quot;false&quot;
            aria-haspopup=&quot;menu&quot;
            class=&quot;inline-flex items-center justify-center whitespace-nowrap rounded-md text-sm font-medium ring-offset-background transition-colors focus-visible:outline-none focus-visible:ring-2 focus-visible:ring-ring focus-visible:ring-offset-2 disabled:pointer-events-none disabled:opacity-50 hover:bg-accent hover:text-accent-foreground h-10 w-10&quot;
            data-state=&quot;closed&quot;
            id=&quot;radix-_r_q_&quot;
            type=&quot;button&quot;
          &gt;
            &lt;svg
              data-testid=&quot;user-icon&quot;
            /&gt;
          &lt;/button&gt;
        &lt;/div&gt;
      &lt;/div&gt;
    &lt;/header&gt;
  &lt;/div&gt;
&lt;/body&gt;
    at Object.getElementError (D:\Desktop\AI-Based-Quality-Check-On-Project-Code-And-Architecture\frontend\node_modules\@testing-library\dom\dist\config.js:37:19)
    at D:\Desktop\AI-Based-Quality-Check-On-Project-Code-And-Architecture\frontend\node_modules\@testing-library\dom\dist\query-helpers.js:76:38
    at D:\Desktop\AI-Based-Quality-Check-On-Project-Code-And-Architecture\frontend\node_modules\@testing-library\dom\dist\query-helpers.js:52:17
    at D:\Desktop\AI-Based-Quality-Check-On-Project-Code-And-Architecture\frontend\node_modules\@testing-library\dom\dist\query-helpers.js:95:19
    at Object.getByText (D:\Desktop\AI-Based-Quality-Check-On-Project-Code-And-Architecture\frontend\src\components\layout\__tests__\navbar.test.tsx:286:36)
    at Promise.finally.completed (D:\Desktop\AI-Based-Quality-Check-On-Project-Code-And-Architecture\frontend\node_modules\jest-circus\build\jestAdapterInit.js:1557:28)
    at new Promise (&lt;anonymous&gt;)
    at callAsyncCircusFn (D:\Desktop\AI-Based-Quality-Check-On-Project-Code-And-Architecture\frontend\node_modules\jest-circus\build\jestAdapterInit.js:1497:10)
    at _callCircusTest (D:\Desktop\AI-Based-Quality-Check-On-Project-Code-And-Architecture\frontend\node_modules\jest-circus\build\jestAdapterInit.js:1007:40)
    at _runTest (D:\Desktop\AI-Based-Quality-Check-On-Project-Code-And-Architecture\frontend\node_modules\jest-circus\build\jestAdapterInit.js:947:3)
    at D:\Desktop\AI-Based-Quality-Check-On-Project-Code-And-Architecture\frontend\node_modules\jest-circus\build\jestAdapterInit.js:849:7
    at _runTestsForDescribeBlock (D:\Desktop\AI-Based-Quality-Check-On-Project-Code-And-Architecture\frontend\node_modules\jest-circus\build\jestAdapterInit.js:862:11)
    at _runTestsForDescribeBlock (D:\Desktop\AI-Based-Quality-Check-On-Project-Code-And-Architecture\frontend\node_modules\jest-circus\build\jestAdapterInit.js:857:11)
    at _runTestsForDescribeBlock (D:\Desktop\AI-Based-Quality-Check-On-Project-Code-And-Architecture\frontend\node_modules\jest-circus\build\jestAdapterInit.js:857:11)
    at run (D:\Desktop\AI-Based-Quality-Check-On-Project-Code-And-Architecture\frontend\node_modules\jest-circus\build\jestAdapterInit.js:761:3)
    at runAndTransformResultsToJestFormat (D:\Desktop\AI-Based-Quality-Check-On-Project-Code-And-Architecture\frontend\node_modules\jest-circus\build\jestAdapterInit.js:1918:21)
    at jestAdapter (D:\Desktop\AI-Based-Quality-Check-On-Project-Code-And-Architecture\frontend\node_modules\jest-circus\build\runner.js:101:19)
    at runTestInternal (D:\Desktop\AI-Based-Quality-Check-On-Project-Code-And-Architecture\frontend\node_modules\jest-runner\build\index.js:275:16)
    at runTest (D:\Desktop\AI-Based-Quality-Check-On-Project-Code-And-Architecture\frontend\node_modules\jest-runner\build\index.js:343:7)</failure>
    </testcase>
    <testcase classname="Navbar › User Menu" name="should link to settings page" time="0.028">
      <failure>TestingLibraryElementError: Unable to find an element with the text: Settings. This could be because the text is broken up by multiple elements. In this case, you can provide a function for your text matcher to make your matcher more flexible.

Ignored nodes: comments, script, style
&lt;body&gt;
  &lt;div&gt;
    &lt;header
      class=&quot;sticky top-0 z-50 w-full border-b bg-background/95 backdrop-blur supports-[backdrop-filter]:bg-background/60&quot;
    &gt;
      &lt;div
        class=&quot;container flex h-16 items-center&quot;
      &gt;
        &lt;a
          href=&quot;/dashboard&quot;
        &gt;
          &lt;div
            class=&quot;h-8 w-8 rounded-lg bg-primary flex items-center justify-center&quot;
          &gt;
            &lt;span
              class=&quot;text-primary-foreground font-bold text-lg&quot;
            &gt;
              AI
            &lt;/span&gt;
          &lt;/div&gt;
          &lt;span
            class=&quot;hidden font-bold sm:inline-block&quot;
          &gt;
            Code Review Platform
          &lt;/span&gt;
        &lt;/a&gt;
        &lt;div
          class=&quot;flex-1&quot;
        /&gt;
        &lt;div
          class=&quot;flex items-center space-x-4&quot;
        &gt;
          &lt;div&gt;
            Theme Toggle
          &lt;/div&gt;
          &lt;button
            class=&quot;inline-flex items-center justify-center whitespace-nowrap rounded-md text-sm font-medium ring-offset-background transition-colors focus-visible:outline-none focus-visible:ring-2 focus-visible:ring-ring focus-visible:ring-offset-2 disabled:pointer-events-none disabled:opacity-50 hover:bg-accent hover:text-accent-foreground h-10 w-10 relative&quot;
          &gt;
            &lt;svg
              data-testid=&quot;bell-icon&quot;
            /&gt;
            &lt;span
              class=&quot;absolute right-1 top-1 h-2 w-2 rounded-full bg-destructive&quot;
            /&gt;
          &lt;/button&gt;
          &lt;div&gt;
            Notification Center
          &lt;/div&gt;
          &lt;button
            aria-expanded=&quot;false&quot;
            aria-haspopup=&quot;menu&quot;
            class=&quot;inline-flex items-center justify-center whitespace-nowrap rounded-md text-sm font-medium ring-offset-background transition-colors focus-visible:outline-none focus-visible:ring-2 focus-visible:ring-ring focus-visible:ring-offset-2 disabled:pointer-events-none disabled:opacity-50 hover:bg-accent hover:text-accent-foreground h-10 w-10&quot;
            data-state=&quot;closed&quot;
            id=&quot;radix-_r_s_&quot;
            type=&quot;button&quot;
          &gt;
            &lt;svg
              data-testid=&quot;user-icon&quot;
            /&gt;
          &lt;/button&gt;
        &lt;/div&gt;
      &lt;/div&gt;
    &lt;/header&gt;
  &lt;/div&gt;
&lt;/body&gt;
    at Object.getElementError (D:\Desktop\AI-Based-Quality-Check-On-Project-Code-And-Architecture\frontend\node_modules\@testing-library\dom\dist\config.js:37:19)
    at D:\Desktop\AI-Based-Quality-Check-On-Project-Code-And-Architecture\frontend\node_modules\@testing-library\dom\dist\query-helpers.js:76:38
    at D:\Desktop\AI-Based-Quality-Check-On-Project-Code-And-Architecture\frontend\node_modules\@testing-library\dom\dist\query-helpers.js:52:17
    at D:\Desktop\AI-Based-Quality-Check-On-Project-Code-And-Architecture\frontend\node_modules\@testing-library\dom\dist\query-helpers.js:95:19
    at Object.getByText (D:\Desktop\AI-Based-Quality-Check-On-Project-Code-And-Architecture\frontend\src\components\layout\__tests__\navbar.test.tsx:306:37)
    at Promise.finally.completed (D:\Desktop\AI-Based-Quality-Check-On-Project-Code-And-Architecture\frontend\node_modules\jest-circus\build\jestAdapterInit.js:1557:28)
    at new Promise (&lt;anonymous&gt;)
    at callAsyncCircusFn (D:\Desktop\AI-Based-Quality-Check-On-Project-Code-And-Architecture\frontend\node_modules\jest-circus\build\jestAdapterInit.js:1497:10)
    at _callCircusTest (D:\Desktop\AI-Based-Quality-Check-On-Project-Code-And-Architecture\frontend\node_modules\jest-circus\build\jestAdapterInit.js:1007:40)
    at _runTest (D:\Desktop\AI-Based-Quality-Check-On-Project-Code-And-Architecture\frontend\node_modules\jest-circus\build\jestAdapterInit.js:947:3)
    at D:\Desktop\AI-Based-Quality-Check-On-Project-Code-And-Architecture\frontend\node_modules\jest-circus\build\jestAdapterInit.js:849:7
    at _runTestsForDescribeBlock (D:\Desktop\AI-Based-Quality-Check-On-Project-Code-And-Architecture\frontend\node_modules\jest-circus\build\jestAdapterInit.js:862:11)
    at _runTestsForDescribeBlock (D:\Desktop\AI-Based-Quality-Check-On-Project-Code-And-Architecture\frontend\node_modules\jest-circus\build\jestAdapterInit.js:857:11)
    at _runTestsForDescribeBlock (D:\Desktop\AI-Based-Quality-Check-On-Project-Code-And-Architecture\frontend\node_modules\jest-circus\build\jestAdapterInit.js:857:11)
    at run (D:\Desktop\AI-Based-Quality-Check-On-Project-Code-And-Architecture\frontend\node_modules\jest-circus\build\jestAdapterInit.js:761:3)
    at runAndTransformResultsToJestFormat (D:\Desktop\AI-Based-Quality-Check-On-Project-Code-And-Architecture\frontend\node_modules\jest-circus\build\jestAdapterInit.js:1918:21)
    at jestAdapter (D:\Desktop\AI-Based-Quality-Check-On-Project-Code-And-Architecture\frontend\node_modules\jest-circus\build\runner.js:101:19)
    at runTestInternal (D:\Desktop\AI-Based-Quality-Check-On-Project-Code-And-Architecture\frontend\node_modules\jest-runner\build\index.js:275:16)
    at runTest (D:\Desktop\AI-Based-Quality-Check-On-Project-Code-And-Architecture\frontend\node_modules\jest-runner\build\index.js:343:7)</failure>
    </testcase>
    <testcase classname="Navbar › Logo Link" name="should link to dashboard" time="0.016">
    </testcase>
  </testsuite>
  <testsuite name="DependencyGraphVisualization" errors="0" failures="28" skipped="0" timestamp="2026-03-08T07:40:49" time="1.201" tests="28">
    <testcase classname="DependencyGraphVisualization › Basic Rendering" name="should render the component with title" time="0.012">
      <failure>Error: No QueryClient set, use QueryClientProvider to set one
    at useQueryClient (D:\Desktop\AI-Based-Quality-Check-On-Project-Code-And-Architecture\frontend\node_modules\@tanstack\react-query\src\QueryClientProvider.tsx:18:11)
    at useBaseQuery (D:\Desktop\AI-Based-Quality-Check-On-Project-Code-And-Architecture\frontend\node_modules\@tanstack\react-query\src\useBaseQuery.ts:54:18)
    at useQuery (D:\Desktop\AI-Based-Quality-Check-On-Project-Code-And-Architecture\frontend\node_modules\@tanstack\react-query\src\useQuery.ts:51:10)
    at DependencyGraphVisualization (D:\Desktop\AI-Based-Quality-Check-On-Project-Code-And-Architecture\frontend\src\components\visualizations\DependencyGraphVisualization.tsx:102:15)
    at Object.react_stack_bottom_frame (D:\Desktop\AI-Based-Quality-Check-On-Project-Code-And-Architecture\frontend\node_modules\react-dom\cjs\react-dom-client.development.js:25904:20)
    at renderWithHooks (D:\Desktop\AI-Based-Quality-Check-On-Project-Code-And-Architecture\frontend\node_modules\react-dom\cjs\react-dom-client.development.js:7662:22)
    at updateFunctionComponent (D:\Desktop\AI-Based-Quality-Check-On-Project-Code-And-Architecture\frontend\node_modules\react-dom\cjs\react-dom-client.development.js:10166:19)
    at beginWork (D:\Desktop\AI-Based-Quality-Check-On-Project-Code-And-Architecture\frontend\node_modules\react-dom\cjs\react-dom-client.development.js:11778:18)
    at runWithFiberInDEV (D:\Desktop\AI-Based-Quality-Check-On-Project-Code-And-Architecture\frontend\node_modules\react-dom\cjs\react-dom-client.development.js:874:13)
    at performUnitOfWork (D:\Desktop\AI-Based-Quality-Check-On-Project-Code-And-Architecture\frontend\node_modules\react-dom\cjs\react-dom-client.development.js:17641:22)
    at workLoopSync (D:\Desktop\AI-Based-Quality-Check-On-Project-Code-And-Architecture\frontend\node_modules\react-dom\cjs\react-dom-client.development.js:17469:41)
    at renderRootSync (D:\Desktop\AI-Based-Quality-Check-On-Project-Code-And-Architecture\frontend\node_modules\react-dom\cjs\react-dom-client.development.js:17450:11)
    at performWorkOnRoot (D:\Desktop\AI-Based-Quality-Check-On-Project-Code-And-Architecture\frontend\node_modules\react-dom\cjs\react-dom-client.development.js:16583:35)
    at performWorkOnRootViaSchedulerTask (D:\Desktop\AI-Based-Quality-Check-On-Project-Code-And-Architecture\frontend\node_modules\react-dom\cjs\react-dom-client.development.js:18957:7)
    at flushActQueue (D:\Desktop\AI-Based-Quality-Check-On-Project-Code-And-Architecture\frontend\node_modules\react\cjs\react.development.js:590:34)
    at process.env.NODE_ENV.exports.act (D:\Desktop\AI-Based-Quality-Check-On-Project-Code-And-Architecture\frontend\node_modules\react\cjs\react.development.js:884:10)
    at D:\Desktop\AI-Based-Quality-Check-On-Project-Code-And-Architecture\frontend\node_modules\@testing-library\react\dist\act-compat.js:46:25
    at renderRoot (D:\Desktop\AI-Based-Quality-Check-On-Project-Code-And-Architecture\frontend\node_modules\@testing-library\react\dist\pure.js:189:26)
    at render (D:\Desktop\AI-Based-Quality-Check-On-Project-Code-And-Architecture\frontend\node_modules\@testing-library\react\dist\pure.js:291:10)
    at Object.&lt;anonymous&gt; (D:\Desktop\AI-Based-Quality-Check-On-Project-Code-And-Architecture\frontend\src\components\visualizations\__tests__\DependencyGraphVisualization.test.tsx:91:13)
    at Promise.finally.completed (D:\Desktop\AI-Based-Quality-Check-On-Project-Code-And-Architecture\frontend\node_modules\jest-circus\build\jestAdapterInit.js:1557:28)
    at new Promise (&lt;anonymous&gt;)
    at callAsyncCircusFn (D:\Desktop\AI-Based-Quality-Check-On-Project-Code-And-Architecture\frontend\node_modules\jest-circus\build\jestAdapterInit.js:1497:10)
    at _callCircusTest (D:\Desktop\AI-Based-Quality-Check-On-Project-Code-And-Architecture\frontend\node_modules\jest-circus\build\jestAdapterInit.js:1007:40)
    at _runTest (D:\Desktop\AI-Based-Quality-Check-On-Project-Code-And-Architecture\frontend\node_modules\jest-circus\build\jestAdapterInit.js:947:3)
    at D:\Desktop\AI-Based-Quality-Check-On-Project-Code-And-Architecture\frontend\node_modules\jest-circus\build\jestAdapterInit.js:849:7
    at _runTestsForDescribeBlock (D:\Desktop\AI-Based-Quality-Check-On-Project-Code-And-Architecture\frontend\node_modules\jest-circus\build\jestAdapterInit.js:862:11)
    at _runTestsForDescribeBlock (D:\Desktop\AI-Based-Quality-Check-On-Project-Code-And-Architecture\frontend\node_modules\jest-circus\build\jestAdapterInit.js:857:11)
    at _runTestsForDescribeBlock (D:\Desktop\AI-Based-Quality-Check-On-Project-Code-And-Architecture\frontend\node_modules\jest-circus\build\jestAdapterInit.js:857:11)
    at run (D:\Desktop\AI-Based-Quality-Check-On-Project-Code-And-Architecture\frontend\node_modules\jest-circus\build\jestAdapterInit.js:761:3)
    at runAndTransformResultsToJestFormat (D:\Desktop\AI-Based-Quality-Check-On-Project-Code-And-Architecture\frontend\node_modules\jest-circus\build\jestAdapterInit.js:1918:21)
    at jestAdapter (D:\Desktop\AI-Based-Quality-Check-On-Project-Code-And-Architecture\frontend\node_modules\jest-circus\build\runner.js:101:19)
    at runTestInternal (D:\Desktop\AI-Based-Quality-Check-On-Project-Code-And-Architecture\frontend\node_modules\jest-runner\build\index.js:275:16)
    at runTest (D:\Desktop\AI-Based-Quality-Check-On-Project-Code-And-Architecture\frontend\node_modules\jest-runner\build\index.js:343:7)</failure>
    </testcase>
    <testcase classname="DependencyGraphVisualization › Basic Rendering" name="should display statistics" time="0.006">
      <failure>Error: No QueryClient set, use QueryClientProvider to set one
    at useQueryClient (D:\Desktop\AI-Based-Quality-Check-On-Project-Code-And-Architecture\frontend\node_modules\@tanstack\react-query\src\QueryClientProvider.tsx:18:11)
    at useBaseQuery (D:\Desktop\AI-Based-Quality-Check-On-Project-Code-And-Architecture\frontend\node_modules\@tanstack\react-query\src\useBaseQuery.ts:54:18)
    at useQuery (D:\Desktop\AI-Based-Quality-Check-On-Project-Code-And-Architecture\frontend\node_modules\@tanstack\react-query\src\useQuery.ts:51:10)
    at DependencyGraphVisualization (D:\Desktop\AI-Based-Quality-Check-On-Project-Code-And-Architecture\frontend\src\components\visualizations\DependencyGraphVisualization.tsx:102:15)
    at Object.react_stack_bottom_frame (D:\Desktop\AI-Based-Quality-Check-On-Project-Code-And-Architecture\frontend\node_modules\react-dom\cjs\react-dom-client.development.js:25904:20)
    at renderWithHooks (D:\Desktop\AI-Based-Quality-Check-On-Project-Code-And-Architecture\frontend\node_modules\react-dom\cjs\react-dom-client.development.js:7662:22)
    at updateFunctionComponent (D:\Desktop\AI-Based-Quality-Check-On-Project-Code-And-Architecture\frontend\node_modules\react-dom\cjs\react-dom-client.development.js:10166:19)
    at beginWork (D:\Desktop\AI-Based-Quality-Check-On-Project-Code-And-Architecture\frontend\node_modules\react-dom\cjs\react-dom-client.development.js:11778:18)
    at runWithFiberInDEV (D:\Desktop\AI-Based-Quality-Check-On-Project-Code-And-Architecture\frontend\node_modules\react-dom\cjs\react-dom-client.development.js:874:13)
    at performUnitOfWork (D:\Desktop\AI-Based-Quality-Check-On-Project-Code-And-Architecture\frontend\node_modules\react-dom\cjs\react-dom-client.development.js:17641:22)
    at workLoopSync (D:\Desktop\AI-Based-Quality-Check-On-Project-Code-And-Architecture\frontend\node_modules\react-dom\cjs\react-dom-client.development.js:17469:41)
    at renderRootSync (D:\Desktop\AI-Based-Quality-Check-On-Project-Code-And-Architecture\frontend\node_modules\react-dom\cjs\react-dom-client.development.js:17450:11)
    at performWorkOnRoot (D:\Desktop\AI-Based-Quality-Check-On-Project-Code-And-Architecture\frontend\node_modules\react-dom\cjs\react-dom-client.development.js:16583:35)
    at performWorkOnRootViaSchedulerTask (D:\Desktop\AI-Based-Quality-Check-On-Project-Code-And-Architecture\frontend\node_modules\react-dom\cjs\react-dom-client.development.js:18957:7)
    at flushActQueue (D:\Desktop\AI-Based-Quality-Check-On-Project-Code-And-Architecture\frontend\node_modules\react\cjs\react.development.js:590:34)
    at process.env.NODE_ENV.exports.act (D:\Desktop\AI-Based-Quality-Check-On-Project-Code-And-Architecture\frontend\node_modules\react\cjs\react.development.js:884:10)
    at D:\Desktop\AI-Based-Quality-Check-On-Project-Code-And-Architecture\frontend\node_modules\@testing-library\react\dist\act-compat.js:46:25
    at renderRoot (D:\Desktop\AI-Based-Quality-Check-On-Project-Code-And-Architecture\frontend\node_modules\@testing-library\react\dist\pure.js:189:26)
    at render (D:\Desktop\AI-Based-Quality-Check-On-Project-Code-And-Architecture\frontend\node_modules\@testing-library\react\dist\pure.js:291:10)
    at Object.&lt;anonymous&gt; (D:\Desktop\AI-Based-Quality-Check-On-Project-Code-And-Architecture\frontend\src\components\visualizations\__tests__\DependencyGraphVisualization.test.tsx:96:13)
    at Promise.finally.completed (D:\Desktop\AI-Based-Quality-Check-On-Project-Code-And-Architecture\frontend\node_modules\jest-circus\build\jestAdapterInit.js:1557:28)
    at new Promise (&lt;anonymous&gt;)
    at callAsyncCircusFn (D:\Desktop\AI-Based-Quality-Check-On-Project-Code-And-Architecture\frontend\node_modules\jest-circus\build\jestAdapterInit.js:1497:10)
    at _callCircusTest (D:\Desktop\AI-Based-Quality-Check-On-Project-Code-And-Architecture\frontend\node_modules\jest-circus\build\jestAdapterInit.js:1007:40)
    at _runTest (D:\Desktop\AI-Based-Quality-Check-On-Project-Code-And-Architecture\frontend\node_modules\jest-circus\build\jestAdapterInit.js:947:3)
    at D:\Desktop\AI-Based-Quality-Check-On-Project-Code-And-Architecture\frontend\node_modules\jest-circus\build\jestAdapterInit.js:849:7
    at _runTestsForDescribeBlock (D:\Desktop\AI-Based-Quality-Check-On-Project-Code-And-Architecture\frontend\node_modules\jest-circus\build\jestAdapterInit.js:862:11)
    at _runTestsForDescribeBlock (D:\Desktop\AI-Based-Quality-Check-On-Project-Code-And-Architecture\frontend\node_modules\jest-circus\build\jestAdapterInit.js:857:11)
    at _runTestsForDescribeBlock (D:\Desktop\AI-Based-Quality-Check-On-Project-Code-And-Architecture\frontend\node_modules\jest-circus\build\jestAdapterInit.js:857:11)
    at run (D:\Desktop\AI-Based-Quality-Check-On-Project-Code-And-Architecture\frontend\node_modules\jest-circus\build\jestAdapterInit.js:761:3)
    at runAndTransformResultsToJestFormat (D:\Desktop\AI-Based-Quality-Check-On-Project-Code-And-Architecture\frontend\node_modules\jest-circus\build\jestAdapterInit.js:1918:21)
    at jestAdapter (D:\Desktop\AI-Based-Quality-Check-On-Project-Code-And-Architecture\frontend\node_modules\jest-circus\build\runner.js:101:19)
    at runTestInternal (D:\Desktop\AI-Based-Quality-Check-On-Project-Code-And-Architecture\frontend\node_modules\jest-runner\build\index.js:275:16)
    at runTest (D:\Desktop\AI-Based-Quality-Check-On-Project-Code-And-Architecture\frontend\node_modules\jest-runner\build\index.js:343:7)</failure>
    </testcase>
    <testcase classname="DependencyGraphVisualization › Basic Rendering" name="should render the force graph" time="0.006">
      <failure>Error: No QueryClient set, use QueryClientProvider to set one
    at useQueryClient (D:\Desktop\AI-Based-Quality-Check-On-Project-Code-And-Architecture\frontend\node_modules\@tanstack\react-query\src\QueryClientProvider.tsx:18:11)
    at useBaseQuery (D:\Desktop\AI-Based-Quality-Check-On-Project-Code-And-Architecture\frontend\node_modules\@tanstack\react-query\src\useBaseQuery.ts:54:18)
    at useQuery (D:\Desktop\AI-Based-Quality-Check-On-Project-Code-And-Architecture\frontend\node_modules\@tanstack\react-query\src\useQuery.ts:51:10)
    at DependencyGraphVisualization (D:\Desktop\AI-Based-Quality-Check-On-Project-Code-And-Architecture\frontend\src\components\visualizations\DependencyGraphVisualization.tsx:102:15)
    at Object.react_stack_bottom_frame (D:\Desktop\AI-Based-Quality-Check-On-Project-Code-And-Architecture\frontend\node_modules\react-dom\cjs\react-dom-client.development.js:25904:20)
    at renderWithHooks (D:\Desktop\AI-Based-Quality-Check-On-Project-Code-And-Architecture\frontend\node_modules\react-dom\cjs\react-dom-client.development.js:7662:22)
    at updateFunctionComponent (D:\Desktop\AI-Based-Quality-Check-On-Project-Code-And-Architecture\frontend\node_modules\react-dom\cjs\react-dom-client.development.js:10166:19)
    at beginWork (D:\Desktop\AI-Based-Quality-Check-On-Project-Code-And-Architecture\frontend\node_modules\react-dom\cjs\react-dom-client.development.js:11778:18)
    at runWithFiberInDEV (D:\Desktop\AI-Based-Quality-Check-On-Project-Code-And-Architecture\frontend\node_modules\react-dom\cjs\react-dom-client.development.js:874:13)
    at performUnitOfWork (D:\Desktop\AI-Based-Quality-Check-On-Project-Code-And-Architecture\frontend\node_modules\react-dom\cjs\react-dom-client.development.js:17641:22)
    at workLoopSync (D:\Desktop\AI-Based-Quality-Check-On-Project-Code-And-Architecture\frontend\node_modules\react-dom\cjs\react-dom-client.development.js:17469:41)
    at renderRootSync (D:\Desktop\AI-Based-Quality-Check-On-Project-Code-And-Architecture\frontend\node_modules\react-dom\cjs\react-dom-client.development.js:17450:11)
    at performWorkOnRoot (D:\Desktop\AI-Based-Quality-Check-On-Project-Code-And-Architecture\frontend\node_modules\react-dom\cjs\react-dom-client.development.js:16583:35)
    at performWorkOnRootViaSchedulerTask (D:\Desktop\AI-Based-Quality-Check-On-Project-Code-And-Architecture\frontend\node_modules\react-dom\cjs\react-dom-client.development.js:18957:7)
    at flushActQueue (D:\Desktop\AI-Based-Quality-Check-On-Project-Code-And-Architecture\frontend\node_modules\react\cjs\react.development.js:590:34)
    at process.env.NODE_ENV.exports.act (D:\Desktop\AI-Based-Quality-Check-On-Project-Code-And-Architecture\frontend\node_modules\react\cjs\react.development.js:884:10)
    at D:\Desktop\AI-Based-Quality-Check-On-Project-Code-And-Architecture\frontend\node_modules\@testing-library\react\dist\act-compat.js:46:25
    at renderRoot (D:\Desktop\AI-Based-Quality-Check-On-Project-Code-And-Architecture\frontend\node_modules\@testing-library\react\dist\pure.js:189:26)
    at render (D:\Desktop\AI-Based-Quality-Check-On-Project-Code-And-Architecture\frontend\node_modules\@testing-library\react\dist\pure.js:291:10)
    at Object.&lt;anonymous&gt; (D:\Desktop\AI-Based-Quality-Check-On-Project-Code-And-Architecture\frontend\src\components\visualizations\__tests__\DependencyGraphVisualization.test.tsx:107:13)
    at Promise.finally.completed (D:\Desktop\AI-Based-Quality-Check-On-Project-Code-And-Architecture\frontend\node_modules\jest-circus\build\jestAdapterInit.js:1557:28)
    at new Promise (&lt;anonymous&gt;)
    at callAsyncCircusFn (D:\Desktop\AI-Based-Quality-Check-On-Project-Code-And-Architecture\frontend\node_modules\jest-circus\build\jestAdapterInit.js:1497:10)
    at _callCircusTest (D:\Desktop\AI-Based-Quality-Check-On-Project-Code-And-Architecture\frontend\node_modules\jest-circus\build\jestAdapterInit.js:1007:40)
    at _runTest (D:\Desktop\AI-Based-Quality-Check-On-Project-Code-And-Architecture\frontend\node_modules\jest-circus\build\jestAdapterInit.js:947:3)
    at D:\Desktop\AI-Based-Quality-Check-On-Project-Code-And-Architecture\frontend\node_modules\jest-circus\build\jestAdapterInit.js:849:7
    at _runTestsForDescribeBlock (D:\Desktop\AI-Based-Quality-Check-On-Project-Code-And-Architecture\frontend\node_modules\jest-circus\build\jestAdapterInit.js:862:11)
    at _runTestsForDescribeBlock (D:\Desktop\AI-Based-Quality-Check-On-Project-Code-And-Architecture\frontend\node_modules\jest-circus\build\jestAdapterInit.js:857:11)
    at _runTestsForDescribeBlock (D:\Desktop\AI-Based-Quality-Check-On-Project-Code-And-Architecture\frontend\node_modules\jest-circus\build\jestAdapterInit.js:857:11)
    at run (D:\Desktop\AI-Based-Quality-Check-On-Project-Code-And-Architecture\frontend\node_modules\jest-circus\build\jestAdapterInit.js:761:3)
    at runAndTransformResultsToJestFormat (D:\Desktop\AI-Based-Quality-Check-On-Project-Code-And-Architecture\frontend\node_modules\jest-circus\build\jestAdapterInit.js:1918:21)
    at jestAdapter (D:\Desktop\AI-Based-Quality-Check-On-Project-Code-And-Architecture\frontend\node_modules\jest-circus\build\runner.js:101:19)
    at runTestInternal (D:\Desktop\AI-Based-Quality-Check-On-Project-Code-And-Architecture\frontend\node_modules\jest-runner\build\index.js:275:16)
    at runTest (D:\Desktop\AI-Based-Quality-Check-On-Project-Code-And-Architecture\frontend\node_modules\jest-runner\build\index.js:343:7)</failure>
    </testcase>
    <testcase classname="DependencyGraphVisualization › Zoom Controls (Requirement 3.8)" name="should support zoom range from 0.1x to 10x" time="0.007">
      <failure>Error: No QueryClient set, use QueryClientProvider to set one
    at useQueryClient (D:\Desktop\AI-Based-Quality-Check-On-Project-Code-And-Architecture\frontend\node_modules\@tanstack\react-query\src\QueryClientProvider.tsx:18:11)
    at useBaseQuery (D:\Desktop\AI-Based-Quality-Check-On-Project-Code-And-Architecture\frontend\node_modules\@tanstack\react-query\src\useBaseQuery.ts:54:18)
    at useQuery (D:\Desktop\AI-Based-Quality-Check-On-Project-Code-And-Architecture\frontend\node_modules\@tanstack\react-query\src\useQuery.ts:51:10)
    at DependencyGraphVisualization (D:\Desktop\AI-Based-Quality-Check-On-Project-Code-And-Architecture\frontend\src\components\visualizations\DependencyGraphVisualization.tsx:102:15)
    at Object.react_stack_bottom_frame (D:\Desktop\AI-Based-Quality-Check-On-Project-Code-And-Architecture\frontend\node_modules\react-dom\cjs\react-dom-client.development.js:25904:20)
    at renderWithHooks (D:\Desktop\AI-Based-Quality-Check-On-Project-Code-And-Architecture\frontend\node_modules\react-dom\cjs\react-dom-client.development.js:7662:22)
    at updateFunctionComponent (D:\Desktop\AI-Based-Quality-Check-On-Project-Code-And-Architecture\frontend\node_modules\react-dom\cjs\react-dom-client.development.js:10166:19)
    at beginWork (D:\Desktop\AI-Based-Quality-Check-On-Project-Code-And-Architecture\frontend\node_modules\react-dom\cjs\react-dom-client.development.js:11778:18)
    at runWithFiberInDEV (D:\Desktop\AI-Based-Quality-Check-On-Project-Code-And-Architecture\frontend\node_modules\react-dom\cjs\react-dom-client.development.js:874:13)
    at performUnitOfWork (D:\Desktop\AI-Based-Quality-Check-On-Project-Code-And-Architecture\frontend\node_modules\react-dom\cjs\react-dom-client.development.js:17641:22)
    at workLoopSync (D:\Desktop\AI-Based-Quality-Check-On-Project-Code-And-Architecture\frontend\node_modules\react-dom\cjs\react-dom-client.development.js:17469:41)
    at renderRootSync (D:\Desktop\AI-Based-Quality-Check-On-Project-Code-And-Architecture\frontend\node_modules\react-dom\cjs\react-dom-client.development.js:17450:11)
    at performWorkOnRoot (D:\Desktop\AI-Based-Quality-Check-On-Project-Code-And-Architecture\frontend\node_modules\react-dom\cjs\react-dom-client.development.js:16583:35)
    at performWorkOnRootViaSchedulerTask (D:\Desktop\AI-Based-Quality-Check-On-Project-Code-And-Architecture\frontend\node_modules\react-dom\cjs\react-dom-client.development.js:18957:7)
    at flushActQueue (D:\Desktop\AI-Based-Quality-Check-On-Project-Code-And-Architecture\frontend\node_modules\react\cjs\react.development.js:590:34)
    at process.env.NODE_ENV.exports.act (D:\Desktop\AI-Based-Quality-Check-On-Project-Code-And-Architecture\frontend\node_modules\react\cjs\react.development.js:884:10)
    at D:\Desktop\AI-Based-Quality-Check-On-Project-Code-And-Architecture\frontend\node_modules\@testing-library\react\dist\act-compat.js:46:25
    at renderRoot (D:\Desktop\AI-Based-Quality-Check-On-Project-Code-And-Architecture\frontend\node_modules\@testing-library\react\dist\pure.js:189:26)
    at render (D:\Desktop\AI-Based-Quality-Check-On-Project-Code-And-Architecture\frontend\node_modules\@testing-library\react\dist\pure.js:291:10)
    at Object.&lt;anonymous&gt; (D:\Desktop\AI-Based-Quality-Check-On-Project-Code-And-Architecture\frontend\src\components\visualizations\__tests__\DependencyGraphVisualization.test.tsx:117:13)
    at Promise.finally.completed (D:\Desktop\AI-Based-Quality-Check-On-Project-Code-And-Architecture\frontend\node_modules\jest-circus\build\jestAdapterInit.js:1557:28)
    at new Promise (&lt;anonymous&gt;)
    at callAsyncCircusFn (D:\Desktop\AI-Based-Quality-Check-On-Project-Code-And-Architecture\frontend\node_modules\jest-circus\build\jestAdapterInit.js:1497:10)
    at _callCircusTest (D:\Desktop\AI-Based-Quality-Check-On-Project-Code-And-Architecture\frontend\node_modules\jest-circus\build\jestAdapterInit.js:1007:40)
    at _runTest (D:\Desktop\AI-Based-Quality-Check-On-Project-Code-And-Architecture\frontend\node_modules\jest-circus\build\jestAdapterInit.js:947:3)
    at D:\Desktop\AI-Based-Quality-Check-On-Project-Code-And-Architecture\frontend\node_modules\jest-circus\build\jestAdapterInit.js:849:7
    at _runTestsForDescribeBlock (D:\Desktop\AI-Based-Quality-Check-On-Project-Code-And-Architecture\frontend\node_modules\jest-circus\build\jestAdapterInit.js:862:11)
    at _runTestsForDescribeBlock (D:\Desktop\AI-Based-Quality-Check-On-Project-Code-And-Architecture\frontend\node_modules\jest-circus\build\jestAdapterInit.js:857:11)
    at _runTestsForDescribeBlock (D:\Desktop\AI-Based-Quality-Check-On-Project-Code-And-Architecture\frontend\node_modules\jest-circus\build\jestAdapterInit.js:857:11)
    at run (D:\Desktop\AI-Based-Quality-Check-On-Project-Code-And-Architecture\frontend\node_modules\jest-circus\build\jestAdapterInit.js:761:3)
    at runAndTransformResultsToJestFormat (D:\Desktop\AI-Based-Quality-Check-On-Project-Code-And-Architecture\frontend\node_modules\jest-circus\build\jestAdapterInit.js:1918:21)
    at jestAdapter (D:\Desktop\AI-Based-Quality-Check-On-Project-Code-And-Architecture\frontend\node_modules\jest-circus\build\runner.js:101:19)
    at runTestInternal (D:\Desktop\AI-Based-Quality-Check-On-Project-Code-And-Architecture\frontend\node_modules\jest-runner\build\index.js:275:16)
    at runTest (D:\Desktop\AI-Based-Quality-Check-On-Project-Code-And-Architecture\frontend\node_modules\jest-runner\build\index.js:343:7)</failure>
    </testcase>
    <testcase classname="DependencyGraphVisualization › Zoom Controls (Requirement 3.8)" name="should have zoom in button" time="0.007">
      <failure>Error: No QueryClient set, use QueryClientProvider to set one
    at useQueryClient (D:\Desktop\AI-Based-Quality-Check-On-Project-Code-And-Architecture\frontend\node_modules\@tanstack\react-query\src\QueryClientProvider.tsx:18:11)
    at useBaseQuery (D:\Desktop\AI-Based-Quality-Check-On-Project-Code-And-Architecture\frontend\node_modules\@tanstack\react-query\src\useBaseQuery.ts:54:18)
    at useQuery (D:\Desktop\AI-Based-Quality-Check-On-Project-Code-And-Architecture\frontend\node_modules\@tanstack\react-query\src\useQuery.ts:51:10)
    at DependencyGraphVisualization (D:\Desktop\AI-Based-Quality-Check-On-Project-Code-And-Architecture\frontend\src\components\visualizations\DependencyGraphVisualization.tsx:102:15)
    at Object.react_stack_bottom_frame (D:\Desktop\AI-Based-Quality-Check-On-Project-Code-And-Architecture\frontend\node_modules\react-dom\cjs\react-dom-client.development.js:25904:20)
    at renderWithHooks (D:\Desktop\AI-Based-Quality-Check-On-Project-Code-And-Architecture\frontend\node_modules\react-dom\cjs\react-dom-client.development.js:7662:22)
    at updateFunctionComponent (D:\Desktop\AI-Based-Quality-Check-On-Project-Code-And-Architecture\frontend\node_modules\react-dom\cjs\react-dom-client.development.js:10166:19)
    at beginWork (D:\Desktop\AI-Based-Quality-Check-On-Project-Code-And-Architecture\frontend\node_modules\react-dom\cjs\react-dom-client.development.js:11778:18)
    at runWithFiberInDEV (D:\Desktop\AI-Based-Quality-Check-On-Project-Code-And-Architecture\frontend\node_modules\react-dom\cjs\react-dom-client.development.js:874:13)
    at performUnitOfWork (D:\Desktop\AI-Based-Quality-Check-On-Project-Code-And-Architecture\frontend\node_modules\react-dom\cjs\react-dom-client.development.js:17641:22)
    at workLoopSync (D:\Desktop\AI-Based-Quality-Check-On-Project-Code-And-Architecture\frontend\node_modules\react-dom\cjs\react-dom-client.development.js:17469:41)
    at renderRootSync (D:\Desktop\AI-Based-Quality-Check-On-Project-Code-And-Architecture\frontend\node_modules\react-dom\cjs\react-dom-client.development.js:17450:11)
    at performWorkOnRoot (D:\Desktop\AI-Based-Quality-Check-On-Project-Code-And-Architecture\frontend\node_modules\react-dom\cjs\react-dom-client.development.js:16583:35)
    at performWorkOnRootViaSchedulerTask (D:\Desktop\AI-Based-Quality-Check-On-Project-Code-And-Architecture\frontend\node_modules\react-dom\cjs\react-dom-client.development.js:18957:7)
    at flushActQueue (D:\Desktop\AI-Based-Quality-Check-On-Project-Code-And-Architecture\frontend\node_modules\react\cjs\react.development.js:590:34)
    at process.env.NODE_ENV.exports.act (D:\Desktop\AI-Based-Quality-Check-On-Project-Code-And-Architecture\frontend\node_modules\react\cjs\react.development.js:884:10)
    at D:\Desktop\AI-Based-Quality-Check-On-Project-Code-And-Architecture\frontend\node_modules\@testing-library\react\dist\act-compat.js:46:25
    at renderRoot (D:\Desktop\AI-Based-Quality-Check-On-Project-Code-And-Architecture\frontend\node_modules\@testing-library\react\dist\pure.js:189:26)
    at render (D:\Desktop\AI-Based-Quality-Check-On-Project-Code-And-Architecture\frontend\node_modules\@testing-library\react\dist\pure.js:291:10)
    at Object.&lt;anonymous&gt; (D:\Desktop\AI-Based-Quality-Check-On-Project-Code-And-Architecture\frontend\src\components\visualizations\__tests__\DependencyGraphVisualization.test.tsx:125:13)
    at Promise.finally.completed (D:\Desktop\AI-Based-Quality-Check-On-Project-Code-And-Architecture\frontend\node_modules\jest-circus\build\jestAdapterInit.js:1557:28)
    at new Promise (&lt;anonymous&gt;)
    at callAsyncCircusFn (D:\Desktop\AI-Based-Quality-Check-On-Project-Code-And-Architecture\frontend\node_modules\jest-circus\build\jestAdapterInit.js:1497:10)
    at _callCircusTest (D:\Desktop\AI-Based-Quality-Check-On-Project-Code-And-Architecture\frontend\node_modules\jest-circus\build\jestAdapterInit.js:1007:40)
    at _runTest (D:\Desktop\AI-Based-Quality-Check-On-Project-Code-And-Architecture\frontend\node_modules\jest-circus\build\jestAdapterInit.js:947:3)
    at D:\Desktop\AI-Based-Quality-Check-On-Project-Code-And-Architecture\frontend\node_modules\jest-circus\build\jestAdapterInit.js:849:7
    at _runTestsForDescribeBlock (D:\Desktop\AI-Based-Quality-Check-On-Project-Code-And-Architecture\frontend\node_modules\jest-circus\build\jestAdapterInit.js:862:11)
    at _runTestsForDescribeBlock (D:\Desktop\AI-Based-Quality-Check-On-Project-Code-And-Architecture\frontend\node_modules\jest-circus\build\jestAdapterInit.js:857:11)
    at _runTestsForDescribeBlock (D:\Desktop\AI-Based-Quality-Check-On-Project-Code-And-Architecture\frontend\node_modules\jest-circus\build\jestAdapterInit.js:857:11)
    at run (D:\Desktop\AI-Based-Quality-Check-On-Project-Code-And-Architecture\frontend\node_modules\jest-circus\build\jestAdapterInit.js:761:3)
    at runAndTransformResultsToJestFormat (D:\Desktop\AI-Based-Quality-Check-On-Project-Code-And-Architecture\frontend\node_modules\jest-circus\build\jestAdapterInit.js:1918:21)
    at jestAdapter (D:\Desktop\AI-Based-Quality-Check-On-Project-Code-And-Architecture\frontend\node_modules\jest-circus\build\runner.js:101:19)
    at runTestInternal (D:\Desktop\AI-Based-Quality-Check-On-Project-Code-And-Architecture\frontend\node_modules\jest-runner\build\index.js:275:16)
    at runTest (D:\Desktop\AI-Based-Quality-Check-On-Project-Code-And-Architecture\frontend\node_modules\jest-runner\build\index.js:343:7)</failure>
    </testcase>
    <testcase classname="DependencyGraphVisualization › Zoom Controls (Requirement 3.8)" name="should have zoom out button" time="0.007">
      <failure>Error: No QueryClient set, use QueryClientProvider to set one
    at useQueryClient (D:\Desktop\AI-Based-Quality-Check-On-Project-Code-And-Architecture\frontend\node_modules\@tanstack\react-query\src\QueryClientProvider.tsx:18:11)
    at useBaseQuery (D:\Desktop\AI-Based-Quality-Check-On-Project-Code-And-Architecture\frontend\node_modules\@tanstack\react-query\src\useBaseQuery.ts:54:18)
    at useQuery (D:\Desktop\AI-Based-Quality-Check-On-Project-Code-And-Architecture\frontend\node_modules\@tanstack\react-query\src\useQuery.ts:51:10)
    at DependencyGraphVisualization (D:\Desktop\AI-Based-Quality-Check-On-Project-Code-And-Architecture\frontend\src\components\visualizations\DependencyGraphVisualization.tsx:102:15)
    at Object.react_stack_bottom_frame (D:\Desktop\AI-Based-Quality-Check-On-Project-Code-And-Architecture\frontend\node_modules\react-dom\cjs\react-dom-client.development.js:25904:20)
    at renderWithHooks (D:\Desktop\AI-Based-Quality-Check-On-Project-Code-And-Architecture\frontend\node_modules\react-dom\cjs\react-dom-client.development.js:7662:22)
    at updateFunctionComponent (D:\Desktop\AI-Based-Quality-Check-On-Project-Code-And-Architecture\frontend\node_modules\react-dom\cjs\react-dom-client.development.js:10166:19)
    at beginWork (D:\Desktop\AI-Based-Quality-Check-On-Project-Code-And-Architecture\frontend\node_modules\react-dom\cjs\react-dom-client.development.js:11778:18)
    at runWithFiberInDEV (D:\Desktop\AI-Based-Quality-Check-On-Project-Code-And-Architecture\frontend\node_modules\react-dom\cjs\react-dom-client.development.js:874:13)
    at performUnitOfWork (D:\Desktop\AI-Based-Quality-Check-On-Project-Code-And-Architecture\frontend\node_modules\react-dom\cjs\react-dom-client.development.js:17641:22)
    at workLoopSync (D:\Desktop\AI-Based-Quality-Check-On-Project-Code-And-Architecture\frontend\node_modules\react-dom\cjs\react-dom-client.development.js:17469:41)
    at renderRootSync (D:\Desktop\AI-Based-Quality-Check-On-Project-Code-And-Architecture\frontend\node_modules\react-dom\cjs\react-dom-client.development.js:17450:11)
    at performWorkOnRoot (D:\Desktop\AI-Based-Quality-Check-On-Project-Code-And-Architecture\frontend\node_modules\react-dom\cjs\react-dom-client.development.js:16583:35)
    at performWorkOnRootViaSchedulerTask (D:\Desktop\AI-Based-Quality-Check-On-Project-Code-And-Architecture\frontend\node_modules\react-dom\cjs\react-dom-client.development.js:18957:7)
    at flushActQueue (D:\Desktop\AI-Based-Quality-Check-On-Project-Code-And-Architecture\frontend\node_modules\react\cjs\react.development.js:590:34)
    at process.env.NODE_ENV.exports.act (D:\Desktop\AI-Based-Quality-Check-On-Project-Code-And-Architecture\frontend\node_modules\react\cjs\react.development.js:884:10)
    at D:\Desktop\AI-Based-Quality-Check-On-Project-Code-And-Architecture\frontend\node_modules\@testing-library\react\dist\act-compat.js:46:25
    at renderRoot (D:\Desktop\AI-Based-Quality-Check-On-Project-Code-And-Architecture\frontend\node_modules\@testing-library\react\dist\pure.js:189:26)
    at render (D:\Desktop\AI-Based-Quality-Check-On-Project-Code-And-Architecture\frontend\node_modules\@testing-library\react\dist\pure.js:291:10)
    at Object.&lt;anonymous&gt; (D:\Desktop\AI-Based-Quality-Check-On-Project-Code-And-Architecture\frontend\src\components\visualizations\__tests__\DependencyGraphVisualization.test.tsx:138:13)
    at Promise.finally.completed (D:\Desktop\AI-Based-Quality-Check-On-Project-Code-And-Architecture\frontend\node_modules\jest-circus\build\jestAdapterInit.js:1557:28)
    at new Promise (&lt;anonymous&gt;)
    at callAsyncCircusFn (D:\Desktop\AI-Based-Quality-Check-On-Project-Code-And-Architecture\frontend\node_modules\jest-circus\build\jestAdapterInit.js:1497:10)
    at _callCircusTest (D:\Desktop\AI-Based-Quality-Check-On-Project-Code-And-Architecture\frontend\node_modules\jest-circus\build\jestAdapterInit.js:1007:40)
    at _runTest (D:\Desktop\AI-Based-Quality-Check-On-Project-Code-And-Architecture\frontend\node_modules\jest-circus\build\jestAdapterInit.js:947:3)
    at D:\Desktop\AI-Based-Quality-Check-On-Project-Code-And-Architecture\frontend\node_modules\jest-circus\build\jestAdapterInit.js:849:7
    at _runTestsForDescribeBlock (D:\Desktop\AI-Based-Quality-Check-On-Project-Code-And-Architecture\frontend\node_modules\jest-circus\build\jestAdapterInit.js:862:11)
    at _runTestsForDescribeBlock (D:\Desktop\AI-Based-Quality-Check-On-Project-Code-And-Architecture\frontend\node_modules\jest-circus\build\jestAdapterInit.js:857:11)
    at _runTestsForDescribeBlock (D:\Desktop\AI-Based-Quality-Check-On-Project-Code-And-Architecture\frontend\node_modules\jest-circus\build\jestAdapterInit.js:857:11)
    at run (D:\Desktop\AI-Based-Quality-Check-On-Project-Code-And-Architecture\frontend\node_modules\jest-circus\build\jestAdapterInit.js:761:3)
    at runAndTransformResultsToJestFormat (D:\Desktop\AI-Based-Quality-Check-On-Project-Code-And-Architecture\frontend\node_modules\jest-circus\build\jestAdapterInit.js:1918:21)
    at jestAdapter (D:\Desktop\AI-Based-Quality-Check-On-Project-Code-And-Architecture\frontend\node_modules\jest-circus\build\runner.js:101:19)
    at runTestInternal (D:\Desktop\AI-Based-Quality-Check-On-Project-Code-And-Architecture\frontend\node_modules\jest-runner\build\index.js:275:16)
    at runTest (D:\Desktop\AI-Based-Quality-Check-On-Project-Code-And-Architecture\frontend\node_modules\jest-runner\build\index.js:343:7)</failure>
    </testcase>
    <testcase classname="DependencyGraphVisualization › Zoom Controls (Requirement 3.8)" name="should have reset view button" time="0.006">
      <failure>Error: No QueryClient set, use QueryClientProvider to set one
    at useQueryClient (D:\Desktop\AI-Based-Quality-Check-On-Project-Code-And-Architecture\frontend\node_modules\@tanstack\react-query\src\QueryClientProvider.tsx:18:11)
    at useBaseQuery (D:\Desktop\AI-Based-Quality-Check-On-Project-Code-And-Architecture\frontend\node_modules\@tanstack\react-query\src\useBaseQuery.ts:54:18)
    at useQuery (D:\Desktop\AI-Based-Quality-Check-On-Project-Code-And-Architecture\frontend\node_modules\@tanstack\react-query\src\useQuery.ts:51:10)
    at DependencyGraphVisualization (D:\Desktop\AI-Based-Quality-Check-On-Project-Code-And-Architecture\frontend\src\components\visualizations\DependencyGraphVisualization.tsx:102:15)
    at Object.react_stack_bottom_frame (D:\Desktop\AI-Based-Quality-Check-On-Project-Code-And-Architecture\frontend\node_modules\react-dom\cjs\react-dom-client.development.js:25904:20)
    at renderWithHooks (D:\Desktop\AI-Based-Quality-Check-On-Project-Code-And-Architecture\frontend\node_modules\react-dom\cjs\react-dom-client.development.js:7662:22)
    at updateFunctionComponent (D:\Desktop\AI-Based-Quality-Check-On-Project-Code-And-Architecture\frontend\node_modules\react-dom\cjs\react-dom-client.development.js:10166:19)
    at beginWork (D:\Desktop\AI-Based-Quality-Check-On-Project-Code-And-Architecture\frontend\node_modules\react-dom\cjs\react-dom-client.development.js:11778:18)
    at runWithFiberInDEV (D:\Desktop\AI-Based-Quality-Check-On-Project-Code-And-Architecture\frontend\node_modules\react-dom\cjs\react-dom-client.development.js:874:13)
    at performUnitOfWork (D:\Desktop\AI-Based-Quality-Check-On-Project-Code-And-Architecture\frontend\node_modules\react-dom\cjs\react-dom-client.development.js:17641:22)
    at workLoopSync (D:\Desktop\AI-Based-Quality-Check-On-Project-Code-And-Architecture\frontend\node_modules\react-dom\cjs\react-dom-client.development.js:17469:41)
    at renderRootSync (D:\Desktop\AI-Based-Quality-Check-On-Project-Code-And-Architecture\frontend\node_modules\react-dom\cjs\react-dom-client.development.js:17450:11)
    at performWorkOnRoot (D:\Desktop\AI-Based-Quality-Check-On-Project-Code-And-Architecture\frontend\node_modules\react-dom\cjs\react-dom-client.development.js:16583:35)
    at performWorkOnRootViaSchedulerTask (D:\Desktop\AI-Based-Quality-Check-On-Project-Code-And-Architecture\frontend\node_modules\react-dom\cjs\react-dom-client.development.js:18957:7)
    at flushActQueue (D:\Desktop\AI-Based-Quality-Check-On-Project-Code-And-Architecture\frontend\node_modules\react\cjs\react.development.js:590:34)
    at process.env.NODE_ENV.exports.act (D:\Desktop\AI-Based-Quality-Check-On-Project-Code-And-Architecture\frontend\node_modules\react\cjs\react.development.js:884:10)
    at D:\Desktop\AI-Based-Quality-Check-On-Project-Code-And-Architecture\frontend\node_modules\@testing-library\react\dist\act-compat.js:46:25
    at renderRoot (D:\Desktop\AI-Based-Quality-Check-On-Project-Code-And-Architecture\frontend\node_modules\@testing-library\react\dist\pure.js:189:26)
    at render (D:\Desktop\AI-Based-Quality-Check-On-Project-Code-And-Architecture\frontend\node_modules\@testing-library\react\dist\pure.js:291:10)
    at Object.&lt;anonymous&gt; (D:\Desktop\AI-Based-Quality-Check-On-Project-Code-And-Architecture\frontend\src\components\visualizations\__tests__\DependencyGraphVisualization.test.tsx:151:13)
    at Promise.finally.completed (D:\Desktop\AI-Based-Quality-Check-On-Project-Code-And-Architecture\frontend\node_modules\jest-circus\build\jestAdapterInit.js:1557:28)
    at new Promise (&lt;anonymous&gt;)
    at callAsyncCircusFn (D:\Desktop\AI-Based-Quality-Check-On-Project-Code-And-Architecture\frontend\node_modules\jest-circus\build\jestAdapterInit.js:1497:10)
    at _callCircusTest (D:\Desktop\AI-Based-Quality-Check-On-Project-Code-And-Architecture\frontend\node_modules\jest-circus\build\jestAdapterInit.js:1007:40)
    at _runTest (D:\Desktop\AI-Based-Quality-Check-On-Project-Code-And-Architecture\frontend\node_modules\jest-circus\build\jestAdapterInit.js:947:3)
    at D:\Desktop\AI-Based-Quality-Check-On-Project-Code-And-Architecture\frontend\node_modules\jest-circus\build\jestAdapterInit.js:849:7
    at _runTestsForDescribeBlock (D:\Desktop\AI-Based-Quality-Check-On-Project-Code-And-Architecture\frontend\node_modules\jest-circus\build\jestAdapterInit.js:862:11)
    at _runTestsForDescribeBlock (D:\Desktop\AI-Based-Quality-Check-On-Project-Code-And-Architecture\frontend\node_modules\jest-circus\build\jestAdapterInit.js:857:11)
    at _runTestsForDescribeBlock (D:\Desktop\AI-Based-Quality-Check-On-Project-Code-And-Architecture\frontend\node_modules\jest-circus\build\jestAdapterInit.js:857:11)
    at run (D:\Desktop\AI-Based-Quality-Check-On-Project-Code-And-Architecture\frontend\node_modules\jest-circus\build\jestAdapterInit.js:761:3)
    at runAndTransformResultsToJestFormat (D:\Desktop\AI-Based-Quality-Check-On-Project-Code-And-Architecture\frontend\node_modules\jest-circus\build\jestAdapterInit.js:1918:21)
    at jestAdapter (D:\Desktop\AI-Based-Quality-Check-On-Project-Code-And-Architecture\frontend\node_modules\jest-circus\build\runner.js:101:19)
    at runTestInternal (D:\Desktop\AI-Based-Quality-Check-On-Project-Code-And-Architecture\frontend\node_modules\jest-runner\build\index.js:275:16)
    at runTest (D:\Desktop\AI-Based-Quality-Check-On-Project-Code-And-Architecture\frontend\node_modules\jest-runner\build\index.js:343:7)</failure>
    </testcase>
    <testcase classname="DependencyGraphVisualization › Circular Dependency Highlighting (Requirement 1.7)" name="should display circular dependencies section when cycles exist" time="0.009">
      <failure>Error: No QueryClient set, use QueryClientProvider to set one
    at useQueryClient (D:\Desktop\AI-Based-Quality-Check-On-Project-Code-And-Architecture\frontend\node_modules\@tanstack\react-query\src\QueryClientProvider.tsx:18:11)
    at useBaseQuery (D:\Desktop\AI-Based-Quality-Check-On-Project-Code-And-Architecture\frontend\node_modules\@tanstack\react-query\src\useBaseQuery.ts:54:18)
    at useQuery (D:\Desktop\AI-Based-Quality-Check-On-Project-Code-And-Architecture\frontend\node_modules\@tanstack\react-query\src\useQuery.ts:51:10)
    at DependencyGraphVisualization (D:\Desktop\AI-Based-Quality-Check-On-Project-Code-And-Architecture\frontend\src\components\visualizations\DependencyGraphVisualization.tsx:102:15)
    at Object.react_stack_bottom_frame (D:\Desktop\AI-Based-Quality-Check-On-Project-Code-And-Architecture\frontend\node_modules\react-dom\cjs\react-dom-client.development.js:25904:20)
    at renderWithHooks (D:\Desktop\AI-Based-Quality-Check-On-Project-Code-And-Architecture\frontend\node_modules\react-dom\cjs\react-dom-client.development.js:7662:22)
    at updateFunctionComponent (D:\Desktop\AI-Based-Quality-Check-On-Project-Code-And-Architecture\frontend\node_modules\react-dom\cjs\react-dom-client.development.js:10166:19)
    at beginWork (D:\Desktop\AI-Based-Quality-Check-On-Project-Code-And-Architecture\frontend\node_modules\react-dom\cjs\react-dom-client.development.js:11778:18)
    at runWithFiberInDEV (D:\Desktop\AI-Based-Quality-Check-On-Project-Code-And-Architecture\frontend\node_modules\react-dom\cjs\react-dom-client.development.js:874:13)
    at performUnitOfWork (D:\Desktop\AI-Based-Quality-Check-On-Project-Code-And-Architecture\frontend\node_modules\react-dom\cjs\react-dom-client.development.js:17641:22)
    at workLoopSync (D:\Desktop\AI-Based-Quality-Check-On-Project-Code-And-Architecture\frontend\node_modules\react-dom\cjs\react-dom-client.development.js:17469:41)
    at renderRootSync (D:\Desktop\AI-Based-Quality-Check-On-Project-Code-And-Architecture\frontend\node_modules\react-dom\cjs\react-dom-client.development.js:17450:11)
    at performWorkOnRoot (D:\Desktop\AI-Based-Quality-Check-On-Project-Code-And-Architecture\frontend\node_modules\react-dom\cjs\react-dom-client.development.js:16583:35)
    at performWorkOnRootViaSchedulerTask (D:\Desktop\AI-Based-Quality-Check-On-Project-Code-And-Architecture\frontend\node_modules\react-dom\cjs\react-dom-client.development.js:18957:7)
    at flushActQueue (D:\Desktop\AI-Based-Quality-Check-On-Project-Code-And-Architecture\frontend\node_modules\react\cjs\react.development.js:590:34)
    at process.env.NODE_ENV.exports.act (D:\Desktop\AI-Based-Quality-Check-On-Project-Code-And-Architecture\frontend\node_modules\react\cjs\react.development.js:884:10)
    at D:\Desktop\AI-Based-Quality-Check-On-Project-Code-And-Architecture\frontend\node_modules\@testing-library\react\dist\act-compat.js:46:25
    at renderRoot (D:\Desktop\AI-Based-Quality-Check-On-Project-Code-And-Architecture\frontend\node_modules\@testing-library\react\dist\pure.js:189:26)
    at render (D:\Desktop\AI-Based-Quality-Check-On-Project-Code-And-Architecture\frontend\node_modules\@testing-library\react\dist\pure.js:291:10)
    at Object.&lt;anonymous&gt; (D:\Desktop\AI-Based-Quality-Check-On-Project-Code-And-Architecture\frontend\src\components\visualizations\__tests__\DependencyGraphVisualization.test.tsx:165:13)
    at Promise.finally.completed (D:\Desktop\AI-Based-Quality-Check-On-Project-Code-And-Architecture\frontend\node_modules\jest-circus\build\jestAdapterInit.js:1557:28)
    at new Promise (&lt;anonymous&gt;)
    at callAsyncCircusFn (D:\Desktop\AI-Based-Quality-Check-On-Project-Code-And-Architecture\frontend\node_modules\jest-circus\build\jestAdapterInit.js:1497:10)
    at _callCircusTest (D:\Desktop\AI-Based-Quality-Check-On-Project-Code-And-Architecture\frontend\node_modules\jest-circus\build\jestAdapterInit.js:1007:40)
    at _runTest (D:\Desktop\AI-Based-Quality-Check-On-Project-Code-And-Architecture\frontend\node_modules\jest-circus\build\jestAdapterInit.js:947:3)
    at D:\Desktop\AI-Based-Quality-Check-On-Project-Code-And-Architecture\frontend\node_modules\jest-circus\build\jestAdapterInit.js:849:7
    at _runTestsForDescribeBlock (D:\Desktop\AI-Based-Quality-Check-On-Project-Code-And-Architecture\frontend\node_modules\jest-circus\build\jestAdapterInit.js:862:11)
    at _runTestsForDescribeBlock (D:\Desktop\AI-Based-Quality-Check-On-Project-Code-And-Architecture\frontend\node_modules\jest-circus\build\jestAdapterInit.js:857:11)
    at _runTestsForDescribeBlock (D:\Desktop\AI-Based-Quality-Check-On-Project-Code-And-Architecture\frontend\node_modules\jest-circus\build\jestAdapterInit.js:857:11)
    at run (D:\Desktop\AI-Based-Quality-Check-On-Project-Code-And-Architecture\frontend\node_modules\jest-circus\build\jestAdapterInit.js:761:3)
    at runAndTransformResultsToJestFormat (D:\Desktop\AI-Based-Quality-Check-On-Project-Code-And-Architecture\frontend\node_modules\jest-circus\build\jestAdapterInit.js:1918:21)
    at jestAdapter (D:\Desktop\AI-Based-Quality-Check-On-Project-Code-And-Architecture\frontend\node_modules\jest-circus\build\runner.js:101:19)
    at runTestInternal (D:\Desktop\AI-Based-Quality-Check-On-Project-Code-And-Architecture\frontend\node_modules\jest-runner\build\index.js:275:16)
    at runTest (D:\Desktop\AI-Based-Quality-Check-On-Project-Code-And-Architecture\frontend\node_modules\jest-runner\build\index.js:343:7)</failure>
    </testcase>
    <testcase classname="DependencyGraphVisualization › Circular Dependency Highlighting (Requirement 1.7)" name="should show severity badges for circular dependencies" time="0.005">
      <failure>Error: No QueryClient set, use QueryClientProvider to set one
    at useQueryClient (D:\Desktop\AI-Based-Quality-Check-On-Project-Code-And-Architecture\frontend\node_modules\@tanstack\react-query\src\QueryClientProvider.tsx:18:11)
    at useBaseQuery (D:\Desktop\AI-Based-Quality-Check-On-Project-Code-And-Architecture\frontend\node_modules\@tanstack\react-query\src\useBaseQuery.ts:54:18)
    at useQuery (D:\Desktop\AI-Based-Quality-Check-On-Project-Code-And-Architecture\frontend\node_modules\@tanstack\react-query\src\useQuery.ts:51:10)
    at DependencyGraphVisualization (D:\Desktop\AI-Based-Quality-Check-On-Project-Code-And-Architecture\frontend\src\components\visualizations\DependencyGraphVisualization.tsx:102:15)
    at Object.react_stack_bottom_frame (D:\Desktop\AI-Based-Quality-Check-On-Project-Code-And-Architecture\frontend\node_modules\react-dom\cjs\react-dom-client.development.js:25904:20)
    at renderWithHooks (D:\Desktop\AI-Based-Quality-Check-On-Project-Code-And-Architecture\frontend\node_modules\react-dom\cjs\react-dom-client.development.js:7662:22)
    at updateFunctionComponent (D:\Desktop\AI-Based-Quality-Check-On-Project-Code-And-Architecture\frontend\node_modules\react-dom\cjs\react-dom-client.development.js:10166:19)
    at beginWork (D:\Desktop\AI-Based-Quality-Check-On-Project-Code-And-Architecture\frontend\node_modules\react-dom\cjs\react-dom-client.development.js:11778:18)
    at runWithFiberInDEV (D:\Desktop\AI-Based-Quality-Check-On-Project-Code-And-Architecture\frontend\node_modules\react-dom\cjs\react-dom-client.development.js:874:13)
    at performUnitOfWork (D:\Desktop\AI-Based-Quality-Check-On-Project-Code-And-Architecture\frontend\node_modules\react-dom\cjs\react-dom-client.development.js:17641:22)
    at workLoopSync (D:\Desktop\AI-Based-Quality-Check-On-Project-Code-And-Architecture\frontend\node_modules\react-dom\cjs\react-dom-client.development.js:17469:41)
    at renderRootSync (D:\Desktop\AI-Based-Quality-Check-On-Project-Code-And-Architecture\frontend\node_modules\react-dom\cjs\react-dom-client.development.js:17450:11)
    at performWorkOnRoot (D:\Desktop\AI-Based-Quality-Check-On-Project-Code-And-Architecture\frontend\node_modules\react-dom\cjs\react-dom-client.development.js:16583:35)
    at performWorkOnRootViaSchedulerTask (D:\Desktop\AI-Based-Quality-Check-On-Project-Code-And-Architecture\frontend\node_modules\react-dom\cjs\react-dom-client.development.js:18957:7)
    at flushActQueue (D:\Desktop\AI-Based-Quality-Check-On-Project-Code-And-Architecture\frontend\node_modules\react\cjs\react.development.js:590:34)
    at process.env.NODE_ENV.exports.act (D:\Desktop\AI-Based-Quality-Check-On-Project-Code-And-Architecture\frontend\node_modules\react\cjs\react.development.js:884:10)
    at D:\Desktop\AI-Based-Quality-Check-On-Project-Code-And-Architecture\frontend\node_modules\@testing-library\react\dist\act-compat.js:46:25
    at renderRoot (D:\Desktop\AI-Based-Quality-Check-On-Project-Code-And-Architecture\frontend\node_modules\@testing-library\react\dist\pure.js:189:26)
    at render (D:\Desktop\AI-Based-Quality-Check-On-Project-Code-And-Architecture\frontend\node_modules\@testing-library\react\dist\pure.js:291:10)
    at Object.&lt;anonymous&gt; (D:\Desktop\AI-Based-Quality-Check-On-Project-Code-And-Architecture\frontend\src\components\visualizations\__tests__\DependencyGraphVisualization.test.tsx:173:13)
    at Promise.finally.completed (D:\Desktop\AI-Based-Quality-Check-On-Project-Code-And-Architecture\frontend\node_modules\jest-circus\build\jestAdapterInit.js:1557:28)
    at new Promise (&lt;anonymous&gt;)
    at callAsyncCircusFn (D:\Desktop\AI-Based-Quality-Check-On-Project-Code-And-Architecture\frontend\node_modules\jest-circus\build\jestAdapterInit.js:1497:10)
    at _callCircusTest (D:\Desktop\AI-Based-Quality-Check-On-Project-Code-And-Architecture\frontend\node_modules\jest-circus\build\jestAdapterInit.js:1007:40)
    at _runTest (D:\Desktop\AI-Based-Quality-Check-On-Project-Code-And-Architecture\frontend\node_modules\jest-circus\build\jestAdapterInit.js:947:3)
    at D:\Desktop\AI-Based-Quality-Check-On-Project-Code-And-Architecture\frontend\node_modules\jest-circus\build\jestAdapterInit.js:849:7
    at _runTestsForDescribeBlock (D:\Desktop\AI-Based-Quality-Check-On-Project-Code-And-Architecture\frontend\node_modules\jest-circus\build\jestAdapterInit.js:862:11)
    at _runTestsForDescribeBlock (D:\Desktop\AI-Based-Quality-Check-On-Project-Code-And-Architecture\frontend\node_modules\jest-circus\build\jestAdapterInit.js:857:11)
    at _runTestsForDescribeBlock (D:\Desktop\AI-Based-Quality-Check-On-Project-Code-And-Architecture\frontend\node_modules\jest-circus\build\jestAdapterInit.js:857:11)
    at run (D:\Desktop\AI-Based-Quality-Check-On-Project-Code-And-Architecture\frontend\node_modules\jest-circus\build\jestAdapterInit.js:761:3)
    at runAndTransformResultsToJestFormat (D:\Desktop\AI-Based-Quality-Check-On-Project-Code-And-Architecture\frontend\node_modules\jest-circus\build\jestAdapterInit.js:1918:21)
    at jestAdapter (D:\Desktop\AI-Based-Quality-Check-On-Project-Code-And-Architecture\frontend\node_modules\jest-circus\build\runner.js:101:19)
    at runTestInternal (D:\Desktop\AI-Based-Quality-Check-On-Project-Code-And-Architecture\frontend\node_modules\jest-runner\build\index.js:275:16)
    at runTest (D:\Desktop\AI-Based-Quality-Check-On-Project-Code-And-Architecture\frontend\node_modules\jest-runner\build\index.js:343:7)</failure>
    </testcase>
    <testcase classname="DependencyGraphVisualization › Circular Dependency Highlighting (Requirement 1.7)" name="should allow toggling cycle highlighting" time="0.006">
      <failure>Error: No QueryClient set, use QueryClientProvider to set one
    at useQueryClient (D:\Desktop\AI-Based-Quality-Check-On-Project-Code-And-Architecture\frontend\node_modules\@tanstack\react-query\src\QueryClientProvider.tsx:18:11)
    at useBaseQuery (D:\Desktop\AI-Based-Quality-Check-On-Project-Code-And-Architecture\frontend\node_modules\@tanstack\react-query\src\useBaseQuery.ts:54:18)
    at useQuery (D:\Desktop\AI-Based-Quality-Check-On-Project-Code-And-Architecture\frontend\node_modules\@tanstack\react-query\src\useQuery.ts:51:10)
    at DependencyGraphVisualization (D:\Desktop\AI-Based-Quality-Check-On-Project-Code-And-Architecture\frontend\src\components\visualizations\DependencyGraphVisualization.tsx:102:15)
    at Object.react_stack_bottom_frame (D:\Desktop\AI-Based-Quality-Check-On-Project-Code-And-Architecture\frontend\node_modules\react-dom\cjs\react-dom-client.development.js:25904:20)
    at renderWithHooks (D:\Desktop\AI-Based-Quality-Check-On-Project-Code-And-Architecture\frontend\node_modules\react-dom\cjs\react-dom-client.development.js:7662:22)
    at updateFunctionComponent (D:\Desktop\AI-Based-Quality-Check-On-Project-Code-And-Architecture\frontend\node_modules\react-dom\cjs\react-dom-client.development.js:10166:19)
    at beginWork (D:\Desktop\AI-Based-Quality-Check-On-Project-Code-And-Architecture\frontend\node_modules\react-dom\cjs\react-dom-client.development.js:11778:18)
    at runWithFiberInDEV (D:\Desktop\AI-Based-Quality-Check-On-Project-Code-And-Architecture\frontend\node_modules\react-dom\cjs\react-dom-client.development.js:874:13)
    at performUnitOfWork (D:\Desktop\AI-Based-Quality-Check-On-Project-Code-And-Architecture\frontend\node_modules\react-dom\cjs\react-dom-client.development.js:17641:22)
    at workLoopSync (D:\Desktop\AI-Based-Quality-Check-On-Project-Code-And-Architecture\frontend\node_modules\react-dom\cjs\react-dom-client.development.js:17469:41)
    at renderRootSync (D:\Desktop\AI-Based-Quality-Check-On-Project-Code-And-Architecture\frontend\node_modules\react-dom\cjs\react-dom-client.development.js:17450:11)
    at performWorkOnRoot (D:\Desktop\AI-Based-Quality-Check-On-Project-Code-And-Architecture\frontend\node_modules\react-dom\cjs\react-dom-client.development.js:16583:35)
    at performWorkOnRootViaSchedulerTask (D:\Desktop\AI-Based-Quality-Check-On-Project-Code-And-Architecture\frontend\node_modules\react-dom\cjs\react-dom-client.development.js:18957:7)
    at flushActQueue (D:\Desktop\AI-Based-Quality-Check-On-Project-Code-And-Architecture\frontend\node_modules\react\cjs\react.development.js:590:34)
    at process.env.NODE_ENV.exports.act (D:\Desktop\AI-Based-Quality-Check-On-Project-Code-And-Architecture\frontend\node_modules\react\cjs\react.development.js:884:10)
    at D:\Desktop\AI-Based-Quality-Check-On-Project-Code-And-Architecture\frontend\node_modules\@testing-library\react\dist\act-compat.js:46:25
    at renderRoot (D:\Desktop\AI-Based-Quality-Check-On-Project-Code-And-Architecture\frontend\node_modules\@testing-library\react\dist\pure.js:189:26)
    at render (D:\Desktop\AI-Based-Quality-Check-On-Project-Code-And-Architecture\frontend\node_modules\@testing-library\react\dist\pure.js:291:10)
    at Object.&lt;anonymous&gt; (D:\Desktop\AI-Based-Quality-Check-On-Project-Code-And-Architecture\frontend\src\components\visualizations\__tests__\DependencyGraphVisualization.test.tsx:182:13)
    at Promise.finally.completed (D:\Desktop\AI-Based-Quality-Check-On-Project-Code-And-Architecture\frontend\node_modules\jest-circus\build\jestAdapterInit.js:1557:28)
    at new Promise (&lt;anonymous&gt;)
    at callAsyncCircusFn (D:\Desktop\AI-Based-Quality-Check-On-Project-Code-And-Architecture\frontend\node_modules\jest-circus\build\jestAdapterInit.js:1497:10)
    at _callCircusTest (D:\Desktop\AI-Based-Quality-Check-On-Project-Code-And-Architecture\frontend\node_modules\jest-circus\build\jestAdapterInit.js:1007:40)
    at _runTest (D:\Desktop\AI-Based-Quality-Check-On-Project-Code-And-Architecture\frontend\node_modules\jest-circus\build\jestAdapterInit.js:947:3)
    at D:\Desktop\AI-Based-Quality-Check-On-Project-Code-And-Architecture\frontend\node_modules\jest-circus\build\jestAdapterInit.js:849:7
    at _runTestsForDescribeBlock (D:\Desktop\AI-Based-Quality-Check-On-Project-Code-And-Architecture\frontend\node_modules\jest-circus\build\jestAdapterInit.js:862:11)
    at _runTestsForDescribeBlock (D:\Desktop\AI-Based-Quality-Check-On-Project-Code-And-Architecture\frontend\node_modules\jest-circus\build\jestAdapterInit.js:857:11)
    at _runTestsForDescribeBlock (D:\Desktop\AI-Based-Quality-Check-On-Project-Code-And-Architecture\frontend\node_modules\jest-circus\build\jestAdapterInit.js:857:11)
    at run (D:\Desktop\AI-Based-Quality-Check-On-Project-Code-And-Architecture\frontend\node_modules\jest-circus\build\jestAdapterInit.js:761:3)
    at runAndTransformResultsToJestFormat (D:\Desktop\AI-Based-Quality-Check-On-Project-Code-And-Architecture\frontend\node_modules\jest-circus\build\jestAdapterInit.js:1918:21)
    at jestAdapter (D:\Desktop\AI-Based-Quality-Check-On-Project-Code-And-Architecture\frontend\node_modules\jest-circus\build\runner.js:101:19)
    at runTestInternal (D:\Desktop\AI-Based-Quality-Check-On-Project-Code-And-Architecture\frontend\node_modules\jest-runner\build\index.js:275:16)
    at runTest (D:\Desktop\AI-Based-Quality-Check-On-Project-Code-And-Architecture\frontend\node_modules\jest-runner\build\index.js:343:7)</failure>
    </testcase>
    <testcase classname="DependencyGraphVisualization › Circular Dependency Highlighting (Requirement 1.7)" name="should display cycle details when cycle is selected" time="0.032">
      <failure>Error: No QueryClient set, use QueryClientProvider to set one
    at useQueryClient (D:\Desktop\AI-Based-Quality-Check-On-Project-Code-And-Architecture\frontend\node_modules\@tanstack\react-query\src\QueryClientProvider.tsx:18:11)
    at useBaseQuery (D:\Desktop\AI-Based-Quality-Check-On-Project-Code-And-Architecture\frontend\node_modules\@tanstack\react-query\src\useBaseQuery.ts:54:18)
    at useQuery (D:\Desktop\AI-Based-Quality-Check-On-Project-Code-And-Architecture\frontend\node_modules\@tanstack\react-query\src\useQuery.ts:51:10)
    at DependencyGraphVisualization (D:\Desktop\AI-Based-Quality-Check-On-Project-Code-And-Architecture\frontend\src\components\visualizations\DependencyGraphVisualization.tsx:102:15)
    at Object.react_stack_bottom_frame (D:\Desktop\AI-Based-Quality-Check-On-Project-Code-And-Architecture\frontend\node_modules\react-dom\cjs\react-dom-client.development.js:25904:20)
    at renderWithHooks (D:\Desktop\AI-Based-Quality-Check-On-Project-Code-And-Architecture\frontend\node_modules\react-dom\cjs\react-dom-client.development.js:7662:22)
    at updateFunctionComponent (D:\Desktop\AI-Based-Quality-Check-On-Project-Code-And-Architecture\frontend\node_modules\react-dom\cjs\react-dom-client.development.js:10166:19)
    at beginWork (D:\Desktop\AI-Based-Quality-Check-On-Project-Code-And-Architecture\frontend\node_modules\react-dom\cjs\react-dom-client.development.js:11778:18)
    at runWithFiberInDEV (D:\Desktop\AI-Based-Quality-Check-On-Project-Code-And-Architecture\frontend\node_modules\react-dom\cjs\react-dom-client.development.js:874:13)
    at performUnitOfWork (D:\Desktop\AI-Based-Quality-Check-On-Project-Code-And-Architecture\frontend\node_modules\react-dom\cjs\react-dom-client.development.js:17641:22)
    at workLoopSync (D:\Desktop\AI-Based-Quality-Check-On-Project-Code-And-Architecture\frontend\node_modules\react-dom\cjs\react-dom-client.development.js:17469:41)
    at renderRootSync (D:\Desktop\AI-Based-Quality-Check-On-Project-Code-And-Architecture\frontend\node_modules\react-dom\cjs\react-dom-client.development.js:17450:11)
    at performWorkOnRoot (D:\Desktop\AI-Based-Quality-Check-On-Project-Code-And-Architecture\frontend\node_modules\react-dom\cjs\react-dom-client.development.js:16583:35)
    at performWorkOnRootViaSchedulerTask (D:\Desktop\AI-Based-Quality-Check-On-Project-Code-And-Architecture\frontend\node_modules\react-dom\cjs\react-dom-client.development.js:18957:7)
    at flushActQueue (D:\Desktop\AI-Based-Quality-Check-On-Project-Code-And-Architecture\frontend\node_modules\react\cjs\react.development.js:590:34)
    at process.env.NODE_ENV.exports.act (D:\Desktop\AI-Based-Quality-Check-On-Project-Code-And-Architecture\frontend\node_modules\react\cjs\react.development.js:884:10)
    at D:\Desktop\AI-Based-Quality-Check-On-Project-Code-And-Architecture\frontend\node_modules\@testing-library\react\dist\act-compat.js:46:25
    at renderRoot (D:\Desktop\AI-Based-Quality-Check-On-Project-Code-And-Architecture\frontend\node_modules\@testing-library\react\dist\pure.js:189:26)
    at render (D:\Desktop\AI-Based-Quality-Check-On-Project-Code-And-Architecture\frontend\node_modules\@testing-library\react\dist\pure.js:291:10)
    at Object.&lt;anonymous&gt; (D:\Desktop\AI-Based-Quality-Check-On-Project-Code-And-Architecture\frontend\src\components\visualizations\__tests__\DependencyGraphVisualization.test.tsx:195:13)
    at Promise.finally.completed (D:\Desktop\AI-Based-Quality-Check-On-Project-Code-And-Architecture\frontend\node_modules\jest-circus\build\jestAdapterInit.js:1557:28)
    at new Promise (&lt;anonymous&gt;)
    at callAsyncCircusFn (D:\Desktop\AI-Based-Quality-Check-On-Project-Code-And-Architecture\frontend\node_modules\jest-circus\build\jestAdapterInit.js:1497:10)
    at _callCircusTest (D:\Desktop\AI-Based-Quality-Check-On-Project-Code-And-Architecture\frontend\node_modules\jest-circus\build\jestAdapterInit.js:1007:40)
    at _runTest (D:\Desktop\AI-Based-Quality-Check-On-Project-Code-And-Architecture\frontend\node_modules\jest-circus\build\jestAdapterInit.js:947:3)
    at D:\Desktop\AI-Based-Quality-Check-On-Project-Code-And-Architecture\frontend\node_modules\jest-circus\build\jestAdapterInit.js:849:7
    at _runTestsForDescribeBlock (D:\Desktop\AI-Based-Quality-Check-On-Project-Code-And-Architecture\frontend\node_modules\jest-circus\build\jestAdapterInit.js:862:11)
    at _runTestsForDescribeBlock (D:\Desktop\AI-Based-Quality-Check-On-Project-Code-And-Architecture\frontend\node_modules\jest-circus\build\jestAdapterInit.js:857:11)
    at _runTestsForDescribeBlock (D:\Desktop\AI-Based-Quality-Check-On-Project-Code-And-Architecture\frontend\node_modules\jest-circus\build\jestAdapterInit.js:857:11)
    at run (D:\Desktop\AI-Based-Quality-Check-On-Project-Code-And-Architecture\frontend\node_modules\jest-circus\build\jestAdapterInit.js:761:3)
    at runAndTransformResultsToJestFormat (D:\Desktop\AI-Based-Quality-Check-On-Project-Code-And-Architecture\frontend\node_modules\jest-circus\build\jestAdapterInit.js:1918:21)
    at jestAdapter (D:\Desktop\AI-Based-Quality-Check-On-Project-Code-And-Architecture\frontend\node_modules\jest-circus\build\runner.js:101:19)
    at runTestInternal (D:\Desktop\AI-Based-Quality-Check-On-Project-Code-And-Architecture\frontend\node_modules\jest-runner\build\index.js:275:16)
    at runTest (D:\Desktop\AI-Based-Quality-Check-On-Project-Code-And-Architecture\frontend\node_modules\jest-runner\build\index.js:343:7)</failure>
    </testcase>
    <testcase classname="DependencyGraphVisualization › Search and Filtering" name="should have search input" time="0.006">
      <failure>Error: No QueryClient set, use QueryClientProvider to set one
    at useQueryClient (D:\Desktop\AI-Based-Quality-Check-On-Project-Code-And-Architecture\frontend\node_modules\@tanstack\react-query\src\QueryClientProvider.tsx:18:11)
    at useBaseQuery (D:\Desktop\AI-Based-Quality-Check-On-Project-Code-And-Architecture\frontend\node_modules\@tanstack\react-query\src\useBaseQuery.ts:54:18)
    at useQuery (D:\Desktop\AI-Based-Quality-Check-On-Project-Code-And-Architecture\frontend\node_modules\@tanstack\react-query\src\useQuery.ts:51:10)
    at DependencyGraphVisualization (D:\Desktop\AI-Based-Quality-Check-On-Project-Code-And-Architecture\frontend\src\components\visualizations\DependencyGraphVisualization.tsx:102:15)
    at Object.react_stack_bottom_frame (D:\Desktop\AI-Based-Quality-Check-On-Project-Code-And-Architecture\frontend\node_modules\react-dom\cjs\react-dom-client.development.js:25904:20)
    at renderWithHooks (D:\Desktop\AI-Based-Quality-Check-On-Project-Code-And-Architecture\frontend\node_modules\react-dom\cjs\react-dom-client.development.js:7662:22)
    at updateFunctionComponent (D:\Desktop\AI-Based-Quality-Check-On-Project-Code-And-Architecture\frontend\node_modules\react-dom\cjs\react-dom-client.development.js:10166:19)
    at beginWork (D:\Desktop\AI-Based-Quality-Check-On-Project-Code-And-Architecture\frontend\node_modules\react-dom\cjs\react-dom-client.development.js:11778:18)
    at runWithFiberInDEV (D:\Desktop\AI-Based-Quality-Check-On-Project-Code-And-Architecture\frontend\node_modules\react-dom\cjs\react-dom-client.development.js:874:13)
    at performUnitOfWork (D:\Desktop\AI-Based-Quality-Check-On-Project-Code-And-Architecture\frontend\node_modules\react-dom\cjs\react-dom-client.development.js:17641:22)
    at workLoopSync (D:\Desktop\AI-Based-Quality-Check-On-Project-Code-And-Architecture\frontend\node_modules\react-dom\cjs\react-dom-client.development.js:17469:41)
    at renderRootSync (D:\Desktop\AI-Based-Quality-Check-On-Project-Code-And-Architecture\frontend\node_modules\react-dom\cjs\react-dom-client.development.js:17450:11)
    at performWorkOnRoot (D:\Desktop\AI-Based-Quality-Check-On-Project-Code-And-Architecture\frontend\node_modules\react-dom\cjs\react-dom-client.development.js:16583:35)
    at performWorkOnRootViaSchedulerTask (D:\Desktop\AI-Based-Quality-Check-On-Project-Code-And-Architecture\frontend\node_modules\react-dom\cjs\react-dom-client.development.js:18957:7)
    at flushActQueue (D:\Desktop\AI-Based-Quality-Check-On-Project-Code-And-Architecture\frontend\node_modules\react\cjs\react.development.js:590:34)
    at process.env.NODE_ENV.exports.act (D:\Desktop\AI-Based-Quality-Check-On-Project-Code-And-Architecture\frontend\node_modules\react\cjs\react.development.js:884:10)
    at D:\Desktop\AI-Based-Quality-Check-On-Project-Code-And-Architecture\frontend\node_modules\@testing-library\react\dist\act-compat.js:46:25
    at renderRoot (D:\Desktop\AI-Based-Quality-Check-On-Project-Code-And-Architecture\frontend\node_modules\@testing-library\react\dist\pure.js:189:26)
    at render (D:\Desktop\AI-Based-Quality-Check-On-Project-Code-And-Architecture\frontend\node_modules\@testing-library\react\dist\pure.js:291:10)
    at Object.&lt;anonymous&gt; (D:\Desktop\AI-Based-Quality-Check-On-Project-Code-And-Architecture\frontend\src\components\visualizations\__tests__\DependencyGraphVisualization.test.tsx:213:13)
    at Promise.finally.completed (D:\Desktop\AI-Based-Quality-Check-On-Project-Code-And-Architecture\frontend\node_modules\jest-circus\build\jestAdapterInit.js:1557:28)
    at new Promise (&lt;anonymous&gt;)
    at callAsyncCircusFn (D:\Desktop\AI-Based-Quality-Check-On-Project-Code-And-Architecture\frontend\node_modules\jest-circus\build\jestAdapterInit.js:1497:10)
    at _callCircusTest (D:\Desktop\AI-Based-Quality-Check-On-Project-Code-And-Architecture\frontend\node_modules\jest-circus\build\jestAdapterInit.js:1007:40)
    at _runTest (D:\Desktop\AI-Based-Quality-Check-On-Project-Code-And-Architecture\frontend\node_modules\jest-circus\build\jestAdapterInit.js:947:3)
    at D:\Desktop\AI-Based-Quality-Check-On-Project-Code-And-Architecture\frontend\node_modules\jest-circus\build\jestAdapterInit.js:849:7
    at _runTestsForDescribeBlock (D:\Desktop\AI-Based-Quality-Check-On-Project-Code-And-Architecture\frontend\node_modules\jest-circus\build\jestAdapterInit.js:862:11)
    at _runTestsForDescribeBlock (D:\Desktop\AI-Based-Quality-Check-On-Project-Code-And-Architecture\frontend\node_modules\jest-circus\build\jestAdapterInit.js:857:11)
    at _runTestsForDescribeBlock (D:\Desktop\AI-Based-Quality-Check-On-Project-Code-And-Architecture\frontend\node_modules\jest-circus\build\jestAdapterInit.js:857:11)
    at run (D:\Desktop\AI-Based-Quality-Check-On-Project-Code-And-Architecture\frontend\node_modules\jest-circus\build\jestAdapterInit.js:761:3)
    at runAndTransformResultsToJestFormat (D:\Desktop\AI-Based-Quality-Check-On-Project-Code-And-Architecture\frontend\node_modules\jest-circus\build\jestAdapterInit.js:1918:21)
    at jestAdapter (D:\Desktop\AI-Based-Quality-Check-On-Project-Code-And-Architecture\frontend\node_modules\jest-circus\build\runner.js:101:19)
    at runTestInternal (D:\Desktop\AI-Based-Quality-Check-On-Project-Code-And-Architecture\frontend\node_modules\jest-runner\build\index.js:275:16)
    at runTest (D:\Desktop\AI-Based-Quality-Check-On-Project-Code-And-Architecture\frontend\node_modules\jest-runner\build\index.js:343:7)</failure>
    </testcase>
    <testcase classname="DependencyGraphVisualization › Search and Filtering" name="should filter nodes based on search term" time="0.005">
      <failure>Error: No QueryClient set, use QueryClientProvider to set one
    at useQueryClient (D:\Desktop\AI-Based-Quality-Check-On-Project-Code-And-Architecture\frontend\node_modules\@tanstack\react-query\src\QueryClientProvider.tsx:18:11)
    at useBaseQuery (D:\Desktop\AI-Based-Quality-Check-On-Project-Code-And-Architecture\frontend\node_modules\@tanstack\react-query\src\useBaseQuery.ts:54:18)
    at useQuery (D:\Desktop\AI-Based-Quality-Check-On-Project-Code-And-Architecture\frontend\node_modules\@tanstack\react-query\src\useQuery.ts:51:10)
    at DependencyGraphVisualization (D:\Desktop\AI-Based-Quality-Check-On-Project-Code-And-Architecture\frontend\src\components\visualizations\DependencyGraphVisualization.tsx:102:15)
    at Object.react_stack_bottom_frame (D:\Desktop\AI-Based-Quality-Check-On-Project-Code-And-Architecture\frontend\node_modules\react-dom\cjs\react-dom-client.development.js:25904:20)
    at renderWithHooks (D:\Desktop\AI-Based-Quality-Check-On-Project-Code-And-Architecture\frontend\node_modules\react-dom\cjs\react-dom-client.development.js:7662:22)
    at updateFunctionComponent (D:\Desktop\AI-Based-Quality-Check-On-Project-Code-And-Architecture\frontend\node_modules\react-dom\cjs\react-dom-client.development.js:10166:19)
    at beginWork (D:\Desktop\AI-Based-Quality-Check-On-Project-Code-And-Architecture\frontend\node_modules\react-dom\cjs\react-dom-client.development.js:11778:18)
    at runWithFiberInDEV (D:\Desktop\AI-Based-Quality-Check-On-Project-Code-And-Architecture\frontend\node_modules\react-dom\cjs\react-dom-client.development.js:874:13)
    at performUnitOfWork (D:\Desktop\AI-Based-Quality-Check-On-Project-Code-And-Architecture\frontend\node_modules\react-dom\cjs\react-dom-client.development.js:17641:22)
    at workLoopSync (D:\Desktop\AI-Based-Quality-Check-On-Project-Code-And-Architecture\frontend\node_modules\react-dom\cjs\react-dom-client.development.js:17469:41)
    at renderRootSync (D:\Desktop\AI-Based-Quality-Check-On-Project-Code-And-Architecture\frontend\node_modules\react-dom\cjs\react-dom-client.development.js:17450:11)
    at performWorkOnRoot (D:\Desktop\AI-Based-Quality-Check-On-Project-Code-And-Architecture\frontend\node_modules\react-dom\cjs\react-dom-client.development.js:16583:35)
    at performWorkOnRootViaSchedulerTask (D:\Desktop\AI-Based-Quality-Check-On-Project-Code-And-Architecture\frontend\node_modules\react-dom\cjs\react-dom-client.development.js:18957:7)
    at flushActQueue (D:\Desktop\AI-Based-Quality-Check-On-Project-Code-And-Architecture\frontend\node_modules\react\cjs\react.development.js:590:34)
    at process.env.NODE_ENV.exports.act (D:\Desktop\AI-Based-Quality-Check-On-Project-Code-And-Architecture\frontend\node_modules\react\cjs\react.development.js:884:10)
    at D:\Desktop\AI-Based-Quality-Check-On-Project-Code-And-Architecture\frontend\node_modules\@testing-library\react\dist\act-compat.js:46:25
    at renderRoot (D:\Desktop\AI-Based-Quality-Check-On-Project-Code-And-Architecture\frontend\node_modules\@testing-library\react\dist\pure.js:189:26)
    at render (D:\Desktop\AI-Based-Quality-Check-On-Project-Code-And-Architecture\frontend\node_modules\@testing-library\react\dist\pure.js:291:10)
    at Object.&lt;anonymous&gt; (D:\Desktop\AI-Based-Quality-Check-On-Project-Code-And-Architecture\frontend\src\components\visualizations\__tests__\DependencyGraphVisualization.test.tsx:222:13)
    at Promise.finally.completed (D:\Desktop\AI-Based-Quality-Check-On-Project-Code-And-Architecture\frontend\node_modules\jest-circus\build\jestAdapterInit.js:1557:28)
    at new Promise (&lt;anonymous&gt;)
    at callAsyncCircusFn (D:\Desktop\AI-Based-Quality-Check-On-Project-Code-And-Architecture\frontend\node_modules\jest-circus\build\jestAdapterInit.js:1497:10)
    at _callCircusTest (D:\Desktop\AI-Based-Quality-Check-On-Project-Code-And-Architecture\frontend\node_modules\jest-circus\build\jestAdapterInit.js:1007:40)
    at _runTest (D:\Desktop\AI-Based-Quality-Check-On-Project-Code-And-Architecture\frontend\node_modules\jest-circus\build\jestAdapterInit.js:947:3)
    at D:\Desktop\AI-Based-Quality-Check-On-Project-Code-And-Architecture\frontend\node_modules\jest-circus\build\jestAdapterInit.js:849:7
    at _runTestsForDescribeBlock (D:\Desktop\AI-Based-Quality-Check-On-Project-Code-And-Architecture\frontend\node_modules\jest-circus\build\jestAdapterInit.js:862:11)
    at _runTestsForDescribeBlock (D:\Desktop\AI-Based-Quality-Check-On-Project-Code-And-Architecture\frontend\node_modules\jest-circus\build\jestAdapterInit.js:857:11)
    at _runTestsForDescribeBlock (D:\Desktop\AI-Based-Quality-Check-On-Project-Code-And-Architecture\frontend\node_modules\jest-circus\build\jestAdapterInit.js:857:11)
    at run (D:\Desktop\AI-Based-Quality-Check-On-Project-Code-And-Architecture\frontend\node_modules\jest-circus\build\jestAdapterInit.js:761:3)
    at runAndTransformResultsToJestFormat (D:\Desktop\AI-Based-Quality-Check-On-Project-Code-And-Architecture\frontend\node_modules\jest-circus\build\jestAdapterInit.js:1918:21)
    at jestAdapter (D:\Desktop\AI-Based-Quality-Check-On-Project-Code-And-Architecture\frontend\node_modules\jest-circus\build\runner.js:101:19)
    at runTestInternal (D:\Desktop\AI-Based-Quality-Check-On-Project-Code-And-Architecture\frontend\node_modules\jest-runner\build\index.js:275:16)
    at runTest (D:\Desktop\AI-Based-Quality-Check-On-Project-Code-And-Architecture\frontend\node_modules\jest-runner\build\index.js:343:7)</failure>
    </testcase>
    <testcase classname="DependencyGraphVisualization › Search and Filtering" name="should have circular dependency filter dropdown" time="0.006">
      <failure>Error: No QueryClient set, use QueryClientProvider to set one
    at useQueryClient (D:\Desktop\AI-Based-Quality-Check-On-Project-Code-And-Architecture\frontend\node_modules\@tanstack\react-query\src\QueryClientProvider.tsx:18:11)
    at useBaseQuery (D:\Desktop\AI-Based-Quality-Check-On-Project-Code-And-Architecture\frontend\node_modules\@tanstack\react-query\src\useBaseQuery.ts:54:18)
    at useQuery (D:\Desktop\AI-Based-Quality-Check-On-Project-Code-And-Architecture\frontend\node_modules\@tanstack\react-query\src\useQuery.ts:51:10)
    at DependencyGraphVisualization (D:\Desktop\AI-Based-Quality-Check-On-Project-Code-And-Architecture\frontend\src\components\visualizations\DependencyGraphVisualization.tsx:102:15)
    at Object.react_stack_bottom_frame (D:\Desktop\AI-Based-Quality-Check-On-Project-Code-And-Architecture\frontend\node_modules\react-dom\cjs\react-dom-client.development.js:25904:20)
    at renderWithHooks (D:\Desktop\AI-Based-Quality-Check-On-Project-Code-And-Architecture\frontend\node_modules\react-dom\cjs\react-dom-client.development.js:7662:22)
    at updateFunctionComponent (D:\Desktop\AI-Based-Quality-Check-On-Project-Code-And-Architecture\frontend\node_modules\react-dom\cjs\react-dom-client.development.js:10166:19)
    at beginWork (D:\Desktop\AI-Based-Quality-Check-On-Project-Code-And-Architecture\frontend\node_modules\react-dom\cjs\react-dom-client.development.js:11778:18)
    at runWithFiberInDEV (D:\Desktop\AI-Based-Quality-Check-On-Project-Code-And-Architecture\frontend\node_modules\react-dom\cjs\react-dom-client.development.js:874:13)
    at performUnitOfWork (D:\Desktop\AI-Based-Quality-Check-On-Project-Code-And-Architecture\frontend\node_modules\react-dom\cjs\react-dom-client.development.js:17641:22)
    at workLoopSync (D:\Desktop\AI-Based-Quality-Check-On-Project-Code-And-Architecture\frontend\node_modules\react-dom\cjs\react-dom-client.development.js:17469:41)
    at renderRootSync (D:\Desktop\AI-Based-Quality-Check-On-Project-Code-And-Architecture\frontend\node_modules\react-dom\cjs\react-dom-client.development.js:17450:11)
    at performWorkOnRoot (D:\Desktop\AI-Based-Quality-Check-On-Project-Code-And-Architecture\frontend\node_modules\react-dom\cjs\react-dom-client.development.js:16583:35)
    at performWorkOnRootViaSchedulerTask (D:\Desktop\AI-Based-Quality-Check-On-Project-Code-And-Architecture\frontend\node_modules\react-dom\cjs\react-dom-client.development.js:18957:7)
    at flushActQueue (D:\Desktop\AI-Based-Quality-Check-On-Project-Code-And-Architecture\frontend\node_modules\react\cjs\react.development.js:590:34)
    at process.env.NODE_ENV.exports.act (D:\Desktop\AI-Based-Quality-Check-On-Project-Code-And-Architecture\frontend\node_modules\react\cjs\react.development.js:884:10)
    at D:\Desktop\AI-Based-Quality-Check-On-Project-Code-And-Architecture\frontend\node_modules\@testing-library\react\dist\act-compat.js:46:25
    at renderRoot (D:\Desktop\AI-Based-Quality-Check-On-Project-Code-And-Architecture\frontend\node_modules\@testing-library\react\dist\pure.js:189:26)
    at render (D:\Desktop\AI-Based-Quality-Check-On-Project-Code-And-Architecture\frontend\node_modules\@testing-library\react\dist\pure.js:291:10)
    at Object.&lt;anonymous&gt; (D:\Desktop\AI-Based-Quality-Check-On-Project-Code-And-Architecture\frontend\src\components\visualizations\__tests__\DependencyGraphVisualization.test.tsx:233:13)
    at Promise.finally.completed (D:\Desktop\AI-Based-Quality-Check-On-Project-Code-And-Architecture\frontend\node_modules\jest-circus\build\jestAdapterInit.js:1557:28)
    at new Promise (&lt;anonymous&gt;)
    at callAsyncCircusFn (D:\Desktop\AI-Based-Quality-Check-On-Project-Code-And-Architecture\frontend\node_modules\jest-circus\build\jestAdapterInit.js:1497:10)
    at _callCircusTest (D:\Desktop\AI-Based-Quality-Check-On-Project-Code-And-Architecture\frontend\node_modules\jest-circus\build\jestAdapterInit.js:1007:40)
    at _runTest (D:\Desktop\AI-Based-Quality-Check-On-Project-Code-And-Architecture\frontend\node_modules\jest-circus\build\jestAdapterInit.js:947:3)
    at D:\Desktop\AI-Based-Quality-Check-On-Project-Code-And-Architecture\frontend\node_modules\jest-circus\build\jestAdapterInit.js:849:7
    at _runTestsForDescribeBlock (D:\Desktop\AI-Based-Quality-Check-On-Project-Code-And-Architecture\frontend\node_modules\jest-circus\build\jestAdapterInit.js:862:11)
    at _runTestsForDescribeBlock (D:\Desktop\AI-Based-Quality-Check-On-Project-Code-And-Architecture\frontend\node_modules\jest-circus\build\jestAdapterInit.js:857:11)
    at _runTestsForDescribeBlock (D:\Desktop\AI-Based-Quality-Check-On-Project-Code-And-Architecture\frontend\node_modules\jest-circus\build\jestAdapterInit.js:857:11)
    at run (D:\Desktop\AI-Based-Quality-Check-On-Project-Code-And-Architecture\frontend\node_modules\jest-circus\build\jestAdapterInit.js:761:3)
    at runAndTransformResultsToJestFormat (D:\Desktop\AI-Based-Quality-Check-On-Project-Code-And-Architecture\frontend\node_modules\jest-circus\build\jestAdapterInit.js:1918:21)
    at jestAdapter (D:\Desktop\AI-Based-Quality-Check-On-Project-Code-And-Architecture\frontend\node_modules\jest-circus\build\runner.js:101:19)
    at runTestInternal (D:\Desktop\AI-Based-Quality-Check-On-Project-Code-And-Architecture\frontend\node_modules\jest-runner\build\index.js:275:16)
    at runTest (D:\Desktop\AI-Based-Quality-Check-On-Project-Code-And-Architecture\frontend\node_modules\jest-runner\build\index.js:343:7)</failure>
    </testcase>
    <testcase classname="DependencyGraphVisualization › Real-time WebSocket Updates (Requirement 3.9)" name="should connect to WebSocket when URL is provided" time="0.006">
      <failure>Error: No QueryClient set, use QueryClientProvider to set one
    at useQueryClient (D:\Desktop\AI-Based-Quality-Check-On-Project-Code-And-Architecture\frontend\node_modules\@tanstack\react-query\src\QueryClientProvider.tsx:18:11)
    at useBaseQuery (D:\Desktop\AI-Based-Quality-Check-On-Project-Code-And-Architecture\frontend\node_modules\@tanstack\react-query\src\useBaseQuery.ts:54:18)
    at useQuery (D:\Desktop\AI-Based-Quality-Check-On-Project-Code-And-Architecture\frontend\node_modules\@tanstack\react-query\src\useQuery.ts:51:10)
    at DependencyGraphVisualization (D:\Desktop\AI-Based-Quality-Check-On-Project-Code-And-Architecture\frontend\src\components\visualizations\DependencyGraphVisualization.tsx:102:15)
    at Object.react_stack_bottom_frame (D:\Desktop\AI-Based-Quality-Check-On-Project-Code-And-Architecture\frontend\node_modules\react-dom\cjs\react-dom-client.development.js:25904:20)
    at renderWithHooks (D:\Desktop\AI-Based-Quality-Check-On-Project-Code-And-Architecture\frontend\node_modules\react-dom\cjs\react-dom-client.development.js:7662:22)
    at updateFunctionComponent (D:\Desktop\AI-Based-Quality-Check-On-Project-Code-And-Architecture\frontend\node_modules\react-dom\cjs\react-dom-client.development.js:10166:19)
    at beginWork (D:\Desktop\AI-Based-Quality-Check-On-Project-Code-And-Architecture\frontend\node_modules\react-dom\cjs\react-dom-client.development.js:11778:18)
    at runWithFiberInDEV (D:\Desktop\AI-Based-Quality-Check-On-Project-Code-And-Architecture\frontend\node_modules\react-dom\cjs\react-dom-client.development.js:874:13)
    at performUnitOfWork (D:\Desktop\AI-Based-Quality-Check-On-Project-Code-And-Architecture\frontend\node_modules\react-dom\cjs\react-dom-client.development.js:17641:22)
    at workLoopSync (D:\Desktop\AI-Based-Quality-Check-On-Project-Code-And-Architecture\frontend\node_modules\react-dom\cjs\react-dom-client.development.js:17469:41)
    at renderRootSync (D:\Desktop\AI-Based-Quality-Check-On-Project-Code-And-Architecture\frontend\node_modules\react-dom\cjs\react-dom-client.development.js:17450:11)
    at performWorkOnRoot (D:\Desktop\AI-Based-Quality-Check-On-Project-Code-And-Architecture\frontend\node_modules\react-dom\cjs\react-dom-client.development.js:16583:35)
    at performWorkOnRootViaSchedulerTask (D:\Desktop\AI-Based-Quality-Check-On-Project-Code-And-Architecture\frontend\node_modules\react-dom\cjs\react-dom-client.development.js:18957:7)
    at flushActQueue (D:\Desktop\AI-Based-Quality-Check-On-Project-Code-And-Architecture\frontend\node_modules\react\cjs\react.development.js:590:34)
    at process.env.NODE_ENV.exports.act (D:\Desktop\AI-Based-Quality-Check-On-Project-Code-And-Architecture\frontend\node_modules\react\cjs\react.development.js:884:10)
    at D:\Desktop\AI-Based-Quality-Check-On-Project-Code-And-Architecture\frontend\node_modules\@testing-library\react\dist\act-compat.js:46:25
    at renderRoot (D:\Desktop\AI-Based-Quality-Check-On-Project-Code-And-Architecture\frontend\node_modules\@testing-library\react\dist\pure.js:189:26)
    at render (D:\Desktop\AI-Based-Quality-Check-On-Project-Code-And-Architecture\frontend\node_modules\@testing-library\react\dist\pure.js:291:10)
    at Object.&lt;anonymous&gt; (D:\Desktop\AI-Based-Quality-Check-On-Project-Code-And-Architecture\frontend\src\components\visualizations\__tests__\DependencyGraphVisualization.test.tsx:245:13)
    at Promise.finally.completed (D:\Desktop\AI-Based-Quality-Check-On-Project-Code-And-Architecture\frontend\node_modules\jest-circus\build\jestAdapterInit.js:1557:28)
    at new Promise (&lt;anonymous&gt;)
    at callAsyncCircusFn (D:\Desktop\AI-Based-Quality-Check-On-Project-Code-And-Architecture\frontend\node_modules\jest-circus\build\jestAdapterInit.js:1497:10)
    at _callCircusTest (D:\Desktop\AI-Based-Quality-Check-On-Project-Code-And-Architecture\frontend\node_modules\jest-circus\build\jestAdapterInit.js:1007:40)
    at _runTest (D:\Desktop\AI-Based-Quality-Check-On-Project-Code-And-Architecture\frontend\node_modules\jest-circus\build\jestAdapterInit.js:947:3)
    at D:\Desktop\AI-Based-Quality-Check-On-Project-Code-And-Architecture\frontend\node_modules\jest-circus\build\jestAdapterInit.js:849:7
    at _runTestsForDescribeBlock (D:\Desktop\AI-Based-Quality-Check-On-Project-Code-And-Architecture\frontend\node_modules\jest-circus\build\jestAdapterInit.js:862:11)
    at _runTestsForDescribeBlock (D:\Desktop\AI-Based-Quality-Check-On-Project-Code-And-Architecture\frontend\node_modules\jest-circus\build\jestAdapterInit.js:857:11)
    at _runTestsForDescribeBlock (D:\Desktop\AI-Based-Quality-Check-On-Project-Code-And-Architecture\frontend\node_modules\jest-circus\build\jestAdapterInit.js:857:11)
    at run (D:\Desktop\AI-Based-Quality-Check-On-Project-Code-And-Architecture\frontend\node_modules\jest-circus\build\jestAdapterInit.js:761:3)
    at runAndTransformResultsToJestFormat (D:\Desktop\AI-Based-Quality-Check-On-Project-Code-And-Architecture\frontend\node_modules\jest-circus\build\jestAdapterInit.js:1918:21)
    at jestAdapter (D:\Desktop\AI-Based-Quality-Check-On-Project-Code-And-Architecture\frontend\node_modules\jest-circus\build\runner.js:101:19)
    at runTestInternal (D:\Desktop\AI-Based-Quality-Check-On-Project-Code-And-Architecture\frontend\node_modules\jest-runner\build\index.js:275:16)
    at runTest (D:\Desktop\AI-Based-Quality-Check-On-Project-Code-And-Architecture\frontend\node_modules\jest-runner\build\index.js:343:7)</failure>
    </testcase>
    <testcase classname="DependencyGraphVisualization › Real-time WebSocket Updates (Requirement 3.9)" name="should display connection status badge" time="0.007">
      <failure>Error: No QueryClient set, use QueryClientProvider to set one
    at useQueryClient (D:\Desktop\AI-Based-Quality-Check-On-Project-Code-And-Architecture\frontend\node_modules\@tanstack\react-query\src\QueryClientProvider.tsx:18:11)
    at useBaseQuery (D:\Desktop\AI-Based-Quality-Check-On-Project-Code-And-Architecture\frontend\node_modules\@tanstack\react-query\src\useBaseQuery.ts:54:18)
    at useQuery (D:\Desktop\AI-Based-Quality-Check-On-Project-Code-And-Architecture\frontend\node_modules\@tanstack\react-query\src\useQuery.ts:51:10)
    at DependencyGraphVisualization (D:\Desktop\AI-Based-Quality-Check-On-Project-Code-And-Architecture\frontend\src\components\visualizations\DependencyGraphVisualization.tsx:102:15)
    at Object.react_stack_bottom_frame (D:\Desktop\AI-Based-Quality-Check-On-Project-Code-And-Architecture\frontend\node_modules\react-dom\cjs\react-dom-client.development.js:25904:20)
    at renderWithHooks (D:\Desktop\AI-Based-Quality-Check-On-Project-Code-And-Architecture\frontend\node_modules\react-dom\cjs\react-dom-client.development.js:7662:22)
    at updateFunctionComponent (D:\Desktop\AI-Based-Quality-Check-On-Project-Code-And-Architecture\frontend\node_modules\react-dom\cjs\react-dom-client.development.js:10166:19)
    at beginWork (D:\Desktop\AI-Based-Quality-Check-On-Project-Code-And-Architecture\frontend\node_modules\react-dom\cjs\react-dom-client.development.js:11778:18)
    at runWithFiberInDEV (D:\Desktop\AI-Based-Quality-Check-On-Project-Code-And-Architecture\frontend\node_modules\react-dom\cjs\react-dom-client.development.js:874:13)
    at performUnitOfWork (D:\Desktop\AI-Based-Quality-Check-On-Project-Code-And-Architecture\frontend\node_modules\react-dom\cjs\react-dom-client.development.js:17641:22)
    at workLoopSync (D:\Desktop\AI-Based-Quality-Check-On-Project-Code-And-Architecture\frontend\node_modules\react-dom\cjs\react-dom-client.development.js:17469:41)
    at renderRootSync (D:\Desktop\AI-Based-Quality-Check-On-Project-Code-And-Architecture\frontend\node_modules\react-dom\cjs\react-dom-client.development.js:17450:11)
    at performWorkOnRoot (D:\Desktop\AI-Based-Quality-Check-On-Project-Code-And-Architecture\frontend\node_modules\react-dom\cjs\react-dom-client.development.js:16583:35)
    at performWorkOnRootViaSchedulerTask (D:\Desktop\AI-Based-Quality-Check-On-Project-Code-And-Architecture\frontend\node_modules\react-dom\cjs\react-dom-client.development.js:18957:7)
    at flushActQueue (D:\Desktop\AI-Based-Quality-Check-On-Project-Code-And-Architecture\frontend\node_modules\react\cjs\react.development.js:590:34)
    at process.env.NODE_ENV.exports.act (D:\Desktop\AI-Based-Quality-Check-On-Project-Code-And-Architecture\frontend\node_modules\react\cjs\react.development.js:884:10)
    at D:\Desktop\AI-Based-Quality-Check-On-Project-Code-And-Architecture\frontend\node_modules\@testing-library\react\dist\act-compat.js:46:25
    at renderRoot (D:\Desktop\AI-Based-Quality-Check-On-Project-Code-And-Architecture\frontend\node_modules\@testing-library\react\dist\pure.js:189:26)
    at render (D:\Desktop\AI-Based-Quality-Check-On-Project-Code-And-Architecture\frontend\node_modules\@testing-library\react\dist\pure.js:291:10)
    at Object.&lt;anonymous&gt; (D:\Desktop\AI-Based-Quality-Check-On-Project-Code-And-Architecture\frontend\src\components\visualizations\__tests__\DependencyGraphVisualization.test.tsx:254:13)
    at Promise.finally.completed (D:\Desktop\AI-Based-Quality-Check-On-Project-Code-And-Architecture\frontend\node_modules\jest-circus\build\jestAdapterInit.js:1557:28)
    at new Promise (&lt;anonymous&gt;)
    at callAsyncCircusFn (D:\Desktop\AI-Based-Quality-Check-On-Project-Code-And-Architecture\frontend\node_modules\jest-circus\build\jestAdapterInit.js:1497:10)
    at _callCircusTest (D:\Desktop\AI-Based-Quality-Check-On-Project-Code-And-Architecture\frontend\node_modules\jest-circus\build\jestAdapterInit.js:1007:40)
    at _runTest (D:\Desktop\AI-Based-Quality-Check-On-Project-Code-And-Architecture\frontend\node_modules\jest-circus\build\jestAdapterInit.js:947:3)
    at D:\Desktop\AI-Based-Quality-Check-On-Project-Code-And-Architecture\frontend\node_modules\jest-circus\build\jestAdapterInit.js:849:7
    at _runTestsForDescribeBlock (D:\Desktop\AI-Based-Quality-Check-On-Project-Code-And-Architecture\frontend\node_modules\jest-circus\build\jestAdapterInit.js:862:11)
    at _runTestsForDescribeBlock (D:\Desktop\AI-Based-Quality-Check-On-Project-Code-And-Architecture\frontend\node_modules\jest-circus\build\jestAdapterInit.js:857:11)
    at _runTestsForDescribeBlock (D:\Desktop\AI-Based-Quality-Check-On-Project-Code-And-Architecture\frontend\node_modules\jest-circus\build\jestAdapterInit.js:857:11)
    at run (D:\Desktop\AI-Based-Quality-Check-On-Project-Code-And-Architecture\frontend\node_modules\jest-circus\build\jestAdapterInit.js:761:3)
    at runAndTransformResultsToJestFormat (D:\Desktop\AI-Based-Quality-Check-On-Project-Code-And-Architecture\frontend\node_modules\jest-circus\build\jestAdapterInit.js:1918:21)
    at jestAdapter (D:\Desktop\AI-Based-Quality-Check-On-Project-Code-And-Architecture\frontend\node_modules\jest-circus\build\runner.js:101:19)
    at runTestInternal (D:\Desktop\AI-Based-Quality-Check-On-Project-Code-And-Architecture\frontend\node_modules\jest-runner\build\index.js:275:16)
    at runTest (D:\Desktop\AI-Based-Quality-Check-On-Project-Code-And-Architecture\frontend\node_modules\jest-runner\build\index.js:343:7)</failure>
    </testcase>
    <testcase classname="DependencyGraphVisualization › Real-time WebSocket Updates (Requirement 3.9)" name="should handle WebSocket messages for incremental updates" time="0.005">
      <failure>Error: No QueryClient set, use QueryClientProvider to set one
    at useQueryClient (D:\Desktop\AI-Based-Quality-Check-On-Project-Code-And-Architecture\frontend\node_modules\@tanstack\react-query\src\QueryClientProvider.tsx:18:11)
    at useBaseQuery (D:\Desktop\AI-Based-Quality-Check-On-Project-Code-And-Architecture\frontend\node_modules\@tanstack\react-query\src\useBaseQuery.ts:54:18)
    at useQuery (D:\Desktop\AI-Based-Quality-Check-On-Project-Code-And-Architecture\frontend\node_modules\@tanstack\react-query\src\useQuery.ts:51:10)
    at DependencyGraphVisualization (D:\Desktop\AI-Based-Quality-Check-On-Project-Code-And-Architecture\frontend\src\components\visualizations\DependencyGraphVisualization.tsx:102:15)
    at Object.react_stack_bottom_frame (D:\Desktop\AI-Based-Quality-Check-On-Project-Code-And-Architecture\frontend\node_modules\react-dom\cjs\react-dom-client.development.js:25904:20)
    at renderWithHooks (D:\Desktop\AI-Based-Quality-Check-On-Project-Code-And-Architecture\frontend\node_modules\react-dom\cjs\react-dom-client.development.js:7662:22)
    at updateFunctionComponent (D:\Desktop\AI-Based-Quality-Check-On-Project-Code-And-Architecture\frontend\node_modules\react-dom\cjs\react-dom-client.development.js:10166:19)
    at beginWork (D:\Desktop\AI-Based-Quality-Check-On-Project-Code-And-Architecture\frontend\node_modules\react-dom\cjs\react-dom-client.development.js:11778:18)
    at runWithFiberInDEV (D:\Desktop\AI-Based-Quality-Check-On-Project-Code-And-Architecture\frontend\node_modules\react-dom\cjs\react-dom-client.development.js:874:13)
    at performUnitOfWork (D:\Desktop\AI-Based-Quality-Check-On-Project-Code-And-Architecture\frontend\node_modules\react-dom\cjs\react-dom-client.development.js:17641:22)
    at workLoopSync (D:\Desktop\AI-Based-Quality-Check-On-Project-Code-And-Architecture\frontend\node_modules\react-dom\cjs\react-dom-client.development.js:17469:41)
    at renderRootSync (D:\Desktop\AI-Based-Quality-Check-On-Project-Code-And-Architecture\frontend\node_modules\react-dom\cjs\react-dom-client.development.js:17450:11)
    at performWorkOnRoot (D:\Desktop\AI-Based-Quality-Check-On-Project-Code-And-Architecture\frontend\node_modules\react-dom\cjs\react-dom-client.development.js:16583:35)
    at performWorkOnRootViaSchedulerTask (D:\Desktop\AI-Based-Quality-Check-On-Project-Code-And-Architecture\frontend\node_modules\react-dom\cjs\react-dom-client.development.js:18957:7)
    at flushActQueue (D:\Desktop\AI-Based-Quality-Check-On-Project-Code-And-Architecture\frontend\node_modules\react\cjs\react.development.js:590:34)
    at process.env.NODE_ENV.exports.act (D:\Desktop\AI-Based-Quality-Check-On-Project-Code-And-Architecture\frontend\node_modules\react\cjs\react.development.js:884:10)
    at D:\Desktop\AI-Based-Quality-Check-On-Project-Code-And-Architecture\frontend\node_modules\@testing-library\react\dist\act-compat.js:46:25
    at renderRoot (D:\Desktop\AI-Based-Quality-Check-On-Project-Code-And-Architecture\frontend\node_modules\@testing-library\react\dist\pure.js:189:26)
    at render (D:\Desktop\AI-Based-Quality-Check-On-Project-Code-And-Architecture\frontend\node_modules\@testing-library\react\dist\pure.js:291:10)
    at Object.&lt;anonymous&gt; (D:\Desktop\AI-Based-Quality-Check-On-Project-Code-And-Architecture\frontend\src\components\visualizations\__tests__\DependencyGraphVisualization.test.tsx:264:13)
    at Promise.finally.completed (D:\Desktop\AI-Based-Quality-Check-On-Project-Code-And-Architecture\frontend\node_modules\jest-circus\build\jestAdapterInit.js:1557:28)
    at new Promise (&lt;anonymous&gt;)
    at callAsyncCircusFn (D:\Desktop\AI-Based-Quality-Check-On-Project-Code-And-Architecture\frontend\node_modules\jest-circus\build\jestAdapterInit.js:1497:10)
    at _callCircusTest (D:\Desktop\AI-Based-Quality-Check-On-Project-Code-And-Architecture\frontend\node_modules\jest-circus\build\jestAdapterInit.js:1007:40)
    at _runTest (D:\Desktop\AI-Based-Quality-Check-On-Project-Code-And-Architecture\frontend\node_modules\jest-circus\build\jestAdapterInit.js:947:3)
    at D:\Desktop\AI-Based-Quality-Check-On-Project-Code-And-Architecture\frontend\node_modules\jest-circus\build\jestAdapterInit.js:849:7
    at _runTestsForDescribeBlock (D:\Desktop\AI-Based-Quality-Check-On-Project-Code-And-Architecture\frontend\node_modules\jest-circus\build\jestAdapterInit.js:862:11)
    at _runTestsForDescribeBlock (D:\Desktop\AI-Based-Quality-Check-On-Project-Code-And-Architecture\frontend\node_modules\jest-circus\build\jestAdapterInit.js:857:11)
    at _runTestsForDescribeBlock (D:\Desktop\AI-Based-Quality-Check-On-Project-Code-And-Architecture\frontend\node_modules\jest-circus\build\jestAdapterInit.js:857:11)
    at run (D:\Desktop\AI-Based-Quality-Check-On-Project-Code-And-Architecture\frontend\node_modules\jest-circus\build\jestAdapterInit.js:761:3)
    at runAndTransformResultsToJestFormat (D:\Desktop\AI-Based-Quality-Check-On-Project-Code-And-Architecture\frontend\node_modules\jest-circus\build\jestAdapterInit.js:1918:21)
    at jestAdapter (D:\Desktop\AI-Based-Quality-Check-On-Project-Code-And-Architecture\frontend\node_modules\jest-circus\build\runner.js:101:19)
    at runTestInternal (D:\Desktop\AI-Based-Quality-Check-On-Project-Code-And-Architecture\frontend\node_modules\jest-runner\build\index.js:275:16)
    at runTest (D:\Desktop\AI-Based-Quality-Check-On-Project-Code-And-Architecture\frontend\node_modules\jest-runner\build\index.js:343:7)</failure>
    </testcase>
    <testcase classname="DependencyGraphVisualization › Node Interaction" name="should handle node click" time="0.017">
      <failure>Error: No QueryClient set, use QueryClientProvider to set one
    at useQueryClient (D:\Desktop\AI-Based-Quality-Check-On-Project-Code-And-Architecture\frontend\node_modules\@tanstack\react-query\src\QueryClientProvider.tsx:18:11)
    at useBaseQuery (D:\Desktop\AI-Based-Quality-Check-On-Project-Code-And-Architecture\frontend\node_modules\@tanstack\react-query\src\useBaseQuery.ts:54:18)
    at useQuery (D:\Desktop\AI-Based-Quality-Check-On-Project-Code-And-Architecture\frontend\node_modules\@tanstack\react-query\src\useQuery.ts:51:10)
    at DependencyGraphVisualization (D:\Desktop\AI-Based-Quality-Check-On-Project-Code-And-Architecture\frontend\src\components\visualizations\DependencyGraphVisualization.tsx:102:15)
    at Object.react_stack_bottom_frame (D:\Desktop\AI-Based-Quality-Check-On-Project-Code-And-Architecture\frontend\node_modules\react-dom\cjs\react-dom-client.development.js:25904:20)
    at renderWithHooks (D:\Desktop\AI-Based-Quality-Check-On-Project-Code-And-Architecture\frontend\node_modules\react-dom\cjs\react-dom-client.development.js:7662:22)
    at updateFunctionComponent (D:\Desktop\AI-Based-Quality-Check-On-Project-Code-And-Architecture\frontend\node_modules\react-dom\cjs\react-dom-client.development.js:10166:19)
    at beginWork (D:\Desktop\AI-Based-Quality-Check-On-Project-Code-And-Architecture\frontend\node_modules\react-dom\cjs\react-dom-client.development.js:11778:18)
    at runWithFiberInDEV (D:\Desktop\AI-Based-Quality-Check-On-Project-Code-And-Architecture\frontend\node_modules\react-dom\cjs\react-dom-client.development.js:874:13)
    at performUnitOfWork (D:\Desktop\AI-Based-Quality-Check-On-Project-Code-And-Architecture\frontend\node_modules\react-dom\cjs\react-dom-client.development.js:17641:22)
    at workLoopSync (D:\Desktop\AI-Based-Quality-Check-On-Project-Code-And-Architecture\frontend\node_modules\react-dom\cjs\react-dom-client.development.js:17469:41)
    at renderRootSync (D:\Desktop\AI-Based-Quality-Check-On-Project-Code-And-Architecture\frontend\node_modules\react-dom\cjs\react-dom-client.development.js:17450:11)
    at performWorkOnRoot (D:\Desktop\AI-Based-Quality-Check-On-Project-Code-And-Architecture\frontend\node_modules\react-dom\cjs\react-dom-client.development.js:16583:35)
    at performWorkOnRootViaSchedulerTask (D:\Desktop\AI-Based-Quality-Check-On-Project-Code-And-Architecture\frontend\node_modules\react-dom\cjs\react-dom-client.development.js:18957:7)
    at flushActQueue (D:\Desktop\AI-Based-Quality-Check-On-Project-Code-And-Architecture\frontend\node_modules\react\cjs\react.development.js:590:34)
    at process.env.NODE_ENV.exports.act (D:\Desktop\AI-Based-Quality-Check-On-Project-Code-And-Architecture\frontend\node_modules\react\cjs\react.development.js:884:10)
    at D:\Desktop\AI-Based-Quality-Check-On-Project-Code-And-Architecture\frontend\node_modules\@testing-library\react\dist\act-compat.js:46:25
    at renderRoot (D:\Desktop\AI-Based-Quality-Check-On-Project-Code-And-Architecture\frontend\node_modules\@testing-library\react\dist\pure.js:189:26)
    at render (D:\Desktop\AI-Based-Quality-Check-On-Project-Code-And-Architecture\frontend\node_modules\@testing-library\react\dist\pure.js:291:10)
    at Object.&lt;anonymous&gt; (D:\Desktop\AI-Based-Quality-Check-On-Project-Code-And-Architecture\frontend\src\components\visualizations\__tests__\DependencyGraphVisualization.test.tsx:275:13)
    at Promise.finally.completed (D:\Desktop\AI-Based-Quality-Check-On-Project-Code-And-Architecture\frontend\node_modules\jest-circus\build\jestAdapterInit.js:1557:28)
    at new Promise (&lt;anonymous&gt;)
    at callAsyncCircusFn (D:\Desktop\AI-Based-Quality-Check-On-Project-Code-And-Architecture\frontend\node_modules\jest-circus\build\jestAdapterInit.js:1497:10)
    at _callCircusTest (D:\Desktop\AI-Based-Quality-Check-On-Project-Code-And-Architecture\frontend\node_modules\jest-circus\build\jestAdapterInit.js:1007:40)
    at _runTest (D:\Desktop\AI-Based-Quality-Check-On-Project-Code-And-Architecture\frontend\node_modules\jest-circus\build\jestAdapterInit.js:947:3)
    at D:\Desktop\AI-Based-Quality-Check-On-Project-Code-And-Architecture\frontend\node_modules\jest-circus\build\jestAdapterInit.js:849:7
    at _runTestsForDescribeBlock (D:\Desktop\AI-Based-Quality-Check-On-Project-Code-And-Architecture\frontend\node_modules\jest-circus\build\jestAdapterInit.js:862:11)
    at _runTestsForDescribeBlock (D:\Desktop\AI-Based-Quality-Check-On-Project-Code-And-Architecture\frontend\node_modules\jest-circus\build\jestAdapterInit.js:857:11)
    at _runTestsForDescribeBlock (D:\Desktop\AI-Based-Quality-Check-On-Project-Code-And-Architecture\frontend\node_modules\jest-circus\build\jestAdapterInit.js:857:11)
    at run (D:\Desktop\AI-Based-Quality-Check-On-Project-Code-And-Architecture\frontend\node_modules\jest-circus\build\jestAdapterInit.js:761:3)
    at runAndTransformResultsToJestFormat (D:\Desktop\AI-Based-Quality-Check-On-Project-Code-And-Architecture\frontend\node_modules\jest-circus\build\jestAdapterInit.js:1918:21)
    at jestAdapter (D:\Desktop\AI-Based-Quality-Check-On-Project-Code-And-Architecture\frontend\node_modules\jest-circus\build\runner.js:101:19)
    at runTestInternal (D:\Desktop\AI-Based-Quality-Check-On-Project-Code-And-Architecture\frontend\node_modules\jest-runner\build\index.js:275:16)
    at runTest (D:\Desktop\AI-Based-Quality-Check-On-Project-Code-And-Architecture\frontend\node_modules\jest-runner\build\index.js:343:7)</failure>
    </testcase>
    <testcase classname="DependencyGraphVisualization › Node Interaction" name="should display node details when selected" time="0.009">
      <failure>Error: No QueryClient set, use QueryClientProvider to set one
    at useQueryClient (D:\Desktop\AI-Based-Quality-Check-On-Project-Code-And-Architecture\frontend\node_modules\@tanstack\react-query\src\QueryClientProvider.tsx:18:11)
    at useBaseQuery (D:\Desktop\AI-Based-Quality-Check-On-Project-Code-And-Architecture\frontend\node_modules\@tanstack\react-query\src\useBaseQuery.ts:54:18)
    at useQuery (D:\Desktop\AI-Based-Quality-Check-On-Project-Code-And-Architecture\frontend\node_modules\@tanstack\react-query\src\useQuery.ts:51:10)
    at DependencyGraphVisualization (D:\Desktop\AI-Based-Quality-Check-On-Project-Code-And-Architecture\frontend\src\components\visualizations\DependencyGraphVisualization.tsx:102:15)
    at Object.react_stack_bottom_frame (D:\Desktop\AI-Based-Quality-Check-On-Project-Code-And-Architecture\frontend\node_modules\react-dom\cjs\react-dom-client.development.js:25904:20)
    at renderWithHooks (D:\Desktop\AI-Based-Quality-Check-On-Project-Code-And-Architecture\frontend\node_modules\react-dom\cjs\react-dom-client.development.js:7662:22)
    at updateFunctionComponent (D:\Desktop\AI-Based-Quality-Check-On-Project-Code-And-Architecture\frontend\node_modules\react-dom\cjs\react-dom-client.development.js:10166:19)
    at beginWork (D:\Desktop\AI-Based-Quality-Check-On-Project-Code-And-Architecture\frontend\node_modules\react-dom\cjs\react-dom-client.development.js:11778:18)
    at runWithFiberInDEV (D:\Desktop\AI-Based-Quality-Check-On-Project-Code-And-Architecture\frontend\node_modules\react-dom\cjs\react-dom-client.development.js:874:13)
    at performUnitOfWork (D:\Desktop\AI-Based-Quality-Check-On-Project-Code-And-Architecture\frontend\node_modules\react-dom\cjs\react-dom-client.development.js:17641:22)
    at workLoopSync (D:\Desktop\AI-Based-Quality-Check-On-Project-Code-And-Architecture\frontend\node_modules\react-dom\cjs\react-dom-client.development.js:17469:41)
    at renderRootSync (D:\Desktop\AI-Based-Quality-Check-On-Project-Code-And-Architecture\frontend\node_modules\react-dom\cjs\react-dom-client.development.js:17450:11)
    at performWorkOnRoot (D:\Desktop\AI-Based-Quality-Check-On-Project-Code-And-Architecture\frontend\node_modules\react-dom\cjs\react-dom-client.development.js:16583:35)
    at performWorkOnRootViaSchedulerTask (D:\Desktop\AI-Based-Quality-Check-On-Project-Code-And-Architecture\frontend\node_modules\react-dom\cjs\react-dom-client.development.js:18957:7)
    at flushActQueue (D:\Desktop\AI-Based-Quality-Check-On-Project-Code-And-Architecture\frontend\node_modules\react\cjs\react.development.js:590:34)
    at process.env.NODE_ENV.exports.act (D:\Desktop\AI-Based-Quality-Check-On-Project-Code-And-Architecture\frontend\node_modules\react\cjs\react.development.js:884:10)
    at D:\Desktop\AI-Based-Quality-Check-On-Project-Code-And-Architecture\frontend\node_modules\@testing-library\react\dist\act-compat.js:46:25
    at renderRoot (D:\Desktop\AI-Based-Quality-Check-On-Project-Code-And-Architecture\frontend\node_modules\@testing-library\react\dist\pure.js:189:26)
    at render (D:\Desktop\AI-Based-Quality-Check-On-Project-Code-And-Architecture\frontend\node_modules\@testing-library\react\dist\pure.js:291:10)
    at Object.&lt;anonymous&gt; (D:\Desktop\AI-Based-Quality-Check-On-Project-Code-And-Architecture\frontend\src\components\visualizations\__tests__\DependencyGraphVisualization.test.tsx:289:13)
    at Promise.finally.completed (D:\Desktop\AI-Based-Quality-Check-On-Project-Code-And-Architecture\frontend\node_modules\jest-circus\build\jestAdapterInit.js:1557:28)
    at new Promise (&lt;anonymous&gt;)
    at callAsyncCircusFn (D:\Desktop\AI-Based-Quality-Check-On-Project-Code-And-Architecture\frontend\node_modules\jest-circus\build\jestAdapterInit.js:1497:10)
    at _callCircusTest (D:\Desktop\AI-Based-Quality-Check-On-Project-Code-And-Architecture\frontend\node_modules\jest-circus\build\jestAdapterInit.js:1007:40)
    at _runTest (D:\Desktop\AI-Based-Quality-Check-On-Project-Code-And-Architecture\frontend\node_modules\jest-circus\build\jestAdapterInit.js:947:3)
    at D:\Desktop\AI-Based-Quality-Check-On-Project-Code-And-Architecture\frontend\node_modules\jest-circus\build\jestAdapterInit.js:849:7
    at _runTestsForDescribeBlock (D:\Desktop\AI-Based-Quality-Check-On-Project-Code-And-Architecture\frontend\node_modules\jest-circus\build\jestAdapterInit.js:862:11)
    at _runTestsForDescribeBlock (D:\Desktop\AI-Based-Quality-Check-On-Project-Code-And-Architecture\frontend\node_modules\jest-circus\build\jestAdapterInit.js:857:11)
    at _runTestsForDescribeBlock (D:\Desktop\AI-Based-Quality-Check-On-Project-Code-And-Architecture\frontend\node_modules\jest-circus\build\jestAdapterInit.js:857:11)
    at run (D:\Desktop\AI-Based-Quality-Check-On-Project-Code-And-Architecture\frontend\node_modules\jest-circus\build\jestAdapterInit.js:761:3)
    at runAndTransformResultsToJestFormat (D:\Desktop\AI-Based-Quality-Check-On-Project-Code-And-Architecture\frontend\node_modules\jest-circus\build\jestAdapterInit.js:1918:21)
    at jestAdapter (D:\Desktop\AI-Based-Quality-Check-On-Project-Code-And-Architecture\frontend\node_modules\jest-circus\build\runner.js:101:19)
    at runTestInternal (D:\Desktop\AI-Based-Quality-Check-On-Project-Code-And-Architecture\frontend\node_modules\jest-runner\build\index.js:275:16)
    at runTest (D:\Desktop\AI-Based-Quality-Check-On-Project-Code-And-Architecture\frontend\node_modules\jest-runner\build\index.js:343:7)</failure>
    </testcase>
    <testcase classname="DependencyGraphVisualization › Export Functionality" name="should have export button" time="0.009">
      <failure>Error: No QueryClient set, use QueryClientProvider to set one
    at useQueryClient (D:\Desktop\AI-Based-Quality-Check-On-Project-Code-And-Architecture\frontend\node_modules\@tanstack\react-query\src\QueryClientProvider.tsx:18:11)
    at useBaseQuery (D:\Desktop\AI-Based-Quality-Check-On-Project-Code-And-Architecture\frontend\node_modules\@tanstack\react-query\src\useBaseQuery.ts:54:18)
    at useQuery (D:\Desktop\AI-Based-Quality-Check-On-Project-Code-And-Architecture\frontend\node_modules\@tanstack\react-query\src\useQuery.ts:51:10)
    at DependencyGraphVisualization (D:\Desktop\AI-Based-Quality-Check-On-Project-Code-And-Architecture\frontend\src\components\visualizations\DependencyGraphVisualization.tsx:102:15)
    at Object.react_stack_bottom_frame (D:\Desktop\AI-Based-Quality-Check-On-Project-Code-And-Architecture\frontend\node_modules\react-dom\cjs\react-dom-client.development.js:25904:20)
    at renderWithHooks (D:\Desktop\AI-Based-Quality-Check-On-Project-Code-And-Architecture\frontend\node_modules\react-dom\cjs\react-dom-client.development.js:7662:22)
    at updateFunctionComponent (D:\Desktop\AI-Based-Quality-Check-On-Project-Code-And-Architecture\frontend\node_modules\react-dom\cjs\react-dom-client.development.js:10166:19)
    at beginWork (D:\Desktop\AI-Based-Quality-Check-On-Project-Code-And-Architecture\frontend\node_modules\react-dom\cjs\react-dom-client.development.js:11778:18)
    at runWithFiberInDEV (D:\Desktop\AI-Based-Quality-Check-On-Project-Code-And-Architecture\frontend\node_modules\react-dom\cjs\react-dom-client.development.js:874:13)
    at performUnitOfWork (D:\Desktop\AI-Based-Quality-Check-On-Project-Code-And-Architecture\frontend\node_modules\react-dom\cjs\react-dom-client.development.js:17641:22)
    at workLoopSync (D:\Desktop\AI-Based-Quality-Check-On-Project-Code-And-Architecture\frontend\node_modules\react-dom\cjs\react-dom-client.development.js:17469:41)
    at renderRootSync (D:\Desktop\AI-Based-Quality-Check-On-Project-Code-And-Architecture\frontend\node_modules\react-dom\cjs\react-dom-client.development.js:17450:11)
    at performWorkOnRoot (D:\Desktop\AI-Based-Quality-Check-On-Project-Code-And-Architecture\frontend\node_modules\react-dom\cjs\react-dom-client.development.js:16583:35)
    at performWorkOnRootViaSchedulerTask (D:\Desktop\AI-Based-Quality-Check-On-Project-Code-And-Architecture\frontend\node_modules\react-dom\cjs\react-dom-client.development.js:18957:7)
    at flushActQueue (D:\Desktop\AI-Based-Quality-Check-On-Project-Code-And-Architecture\frontend\node_modules\react\cjs\react.development.js:590:34)
    at process.env.NODE_ENV.exports.act (D:\Desktop\AI-Based-Quality-Check-On-Project-Code-And-Architecture\frontend\node_modules\react\cjs\react.development.js:884:10)
    at D:\Desktop\AI-Based-Quality-Check-On-Project-Code-And-Architecture\frontend\node_modules\@testing-library\react\dist\act-compat.js:46:25
    at renderRoot (D:\Desktop\AI-Based-Quality-Check-On-Project-Code-And-Architecture\frontend\node_modules\@testing-library\react\dist\pure.js:189:26)
    at render (D:\Desktop\AI-Based-Quality-Check-On-Project-Code-And-Architecture\frontend\node_modules\@testing-library\react\dist\pure.js:291:10)
    at Object.&lt;anonymous&gt; (D:\Desktop\AI-Based-Quality-Check-On-Project-Code-And-Architecture\frontend\src\components\visualizations\__tests__\DependencyGraphVisualization.test.tsx:306:13)
    at Promise.finally.completed (D:\Desktop\AI-Based-Quality-Check-On-Project-Code-And-Architecture\frontend\node_modules\jest-circus\build\jestAdapterInit.js:1557:28)
    at new Promise (&lt;anonymous&gt;)
    at callAsyncCircusFn (D:\Desktop\AI-Based-Quality-Check-On-Project-Code-And-Architecture\frontend\node_modules\jest-circus\build\jestAdapterInit.js:1497:10)
    at _callCircusTest (D:\Desktop\AI-Based-Quality-Check-On-Project-Code-And-Architecture\frontend\node_modules\jest-circus\build\jestAdapterInit.js:1007:40)
    at _runTest (D:\Desktop\AI-Based-Quality-Check-On-Project-Code-And-Architecture\frontend\node_modules\jest-circus\build\jestAdapterInit.js:947:3)
    at D:\Desktop\AI-Based-Quality-Check-On-Project-Code-And-Architecture\frontend\node_modules\jest-circus\build\jestAdapterInit.js:849:7
    at _runTestsForDescribeBlock (D:\Desktop\AI-Based-Quality-Check-On-Project-Code-And-Architecture\frontend\node_modules\jest-circus\build\jestAdapterInit.js:862:11)
    at _runTestsForDescribeBlock (D:\Desktop\AI-Based-Quality-Check-On-Project-Code-And-Architecture\frontend\node_modules\jest-circus\build\jestAdapterInit.js:857:11)
    at _runTestsForDescribeBlock (D:\Desktop\AI-Based-Quality-Check-On-Project-Code-And-Architecture\frontend\node_modules\jest-circus\build\jestAdapterInit.js:857:11)
    at run (D:\Desktop\AI-Based-Quality-Check-On-Project-Code-And-Architecture\frontend\node_modules\jest-circus\build\jestAdapterInit.js:761:3)
    at runAndTransformResultsToJestFormat (D:\Desktop\AI-Based-Quality-Check-On-Project-Code-And-Architecture\frontend\node_modules\jest-circus\build\jestAdapterInit.js:1918:21)
    at jestAdapter (D:\Desktop\AI-Based-Quality-Check-On-Project-Code-And-Architecture\frontend\node_modules\jest-circus\build\runner.js:101:19)
    at runTestInternal (D:\Desktop\AI-Based-Quality-Check-On-Project-Code-And-Architecture\frontend\node_modules\jest-runner\build\index.js:275:16)
    at runTest (D:\Desktop\AI-Based-Quality-Check-On-Project-Code-And-Architecture\frontend\node_modules\jest-runner\build\index.js:343:7)</failure>
    </testcase>
    <testcase classname="DependencyGraphVisualization › Export Functionality" name="should trigger export on button click" time="0.008">
      <failure>Error: No QueryClient set, use QueryClientProvider to set one
    at useQueryClient (D:\Desktop\AI-Based-Quality-Check-On-Project-Code-And-Architecture\frontend\node_modules\@tanstack\react-query\src\QueryClientProvider.tsx:18:11)
    at useBaseQuery (D:\Desktop\AI-Based-Quality-Check-On-Project-Code-And-Architecture\frontend\node_modules\@tanstack\react-query\src\useBaseQuery.ts:54:18)
    at useQuery (D:\Desktop\AI-Based-Quality-Check-On-Project-Code-And-Architecture\frontend\node_modules\@tanstack\react-query\src\useQuery.ts:51:10)
    at DependencyGraphVisualization (D:\Desktop\AI-Based-Quality-Check-On-Project-Code-And-Architecture\frontend\src\components\visualizations\DependencyGraphVisualization.tsx:102:15)
    at Object.react_stack_bottom_frame (D:\Desktop\AI-Based-Quality-Check-On-Project-Code-And-Architecture\frontend\node_modules\react-dom\cjs\react-dom-client.development.js:25904:20)
    at renderWithHooks (D:\Desktop\AI-Based-Quality-Check-On-Project-Code-And-Architecture\frontend\node_modules\react-dom\cjs\react-dom-client.development.js:7662:22)
    at updateFunctionComponent (D:\Desktop\AI-Based-Quality-Check-On-Project-Code-And-Architecture\frontend\node_modules\react-dom\cjs\react-dom-client.development.js:10166:19)
    at beginWork (D:\Desktop\AI-Based-Quality-Check-On-Project-Code-And-Architecture\frontend\node_modules\react-dom\cjs\react-dom-client.development.js:11778:18)
    at runWithFiberInDEV (D:\Desktop\AI-Based-Quality-Check-On-Project-Code-And-Architecture\frontend\node_modules\react-dom\cjs\react-dom-client.development.js:874:13)
    at performUnitOfWork (D:\Desktop\AI-Based-Quality-Check-On-Project-Code-And-Architecture\frontend\node_modules\react-dom\cjs\react-dom-client.development.js:17641:22)
    at workLoopSync (D:\Desktop\AI-Based-Quality-Check-On-Project-Code-And-Architecture\frontend\node_modules\react-dom\cjs\react-dom-client.development.js:17469:41)
    at renderRootSync (D:\Desktop\AI-Based-Quality-Check-On-Project-Code-And-Architecture\frontend\node_modules\react-dom\cjs\react-dom-client.development.js:17450:11)
    at performWorkOnRoot (D:\Desktop\AI-Based-Quality-Check-On-Project-Code-And-Architecture\frontend\node_modules\react-dom\cjs\react-dom-client.development.js:16583:35)
    at performWorkOnRootViaSchedulerTask (D:\Desktop\AI-Based-Quality-Check-On-Project-Code-And-Architecture\frontend\node_modules\react-dom\cjs\react-dom-client.development.js:18957:7)
    at flushActQueue (D:\Desktop\AI-Based-Quality-Check-On-Project-Code-And-Architecture\frontend\node_modules\react\cjs\react.development.js:590:34)
    at process.env.NODE_ENV.exports.act (D:\Desktop\AI-Based-Quality-Check-On-Project-Code-And-Architecture\frontend\node_modules\react\cjs\react.development.js:884:10)
    at D:\Desktop\AI-Based-Quality-Check-On-Project-Code-And-Architecture\frontend\node_modules\@testing-library\react\dist\act-compat.js:46:25
    at renderRoot (D:\Desktop\AI-Based-Quality-Check-On-Project-Code-And-Architecture\frontend\node_modules\@testing-library\react\dist\pure.js:189:26)
    at render (D:\Desktop\AI-Based-Quality-Check-On-Project-Code-And-Architecture\frontend\node_modules\@testing-library\react\dist\pure.js:291:10)
    at Object.&lt;anonymous&gt; (D:\Desktop\AI-Based-Quality-Check-On-Project-Code-And-Architecture\frontend\src\components\visualizations\__tests__\DependencyGraphVisualization.test.tsx:319:13)
    at Promise.finally.completed (D:\Desktop\AI-Based-Quality-Check-On-Project-Code-And-Architecture\frontend\node_modules\jest-circus\build\jestAdapterInit.js:1557:28)
    at new Promise (&lt;anonymous&gt;)
    at callAsyncCircusFn (D:\Desktop\AI-Based-Quality-Check-On-Project-Code-And-Architecture\frontend\node_modules\jest-circus\build\jestAdapterInit.js:1497:10)
    at _callCircusTest (D:\Desktop\AI-Based-Quality-Check-On-Project-Code-And-Architecture\frontend\node_modules\jest-circus\build\jestAdapterInit.js:1007:40)
    at _runTest (D:\Desktop\AI-Based-Quality-Check-On-Project-Code-And-Architecture\frontend\node_modules\jest-circus\build\jestAdapterInit.js:947:3)
    at D:\Desktop\AI-Based-Quality-Check-On-Project-Code-And-Architecture\frontend\node_modules\jest-circus\build\jestAdapterInit.js:849:7
    at _runTestsForDescribeBlock (D:\Desktop\AI-Based-Quality-Check-On-Project-Code-And-Architecture\frontend\node_modules\jest-circus\build\jestAdapterInit.js:862:11)
    at _runTestsForDescribeBlock (D:\Desktop\AI-Based-Quality-Check-On-Project-Code-And-Architecture\frontend\node_modules\jest-circus\build\jestAdapterInit.js:857:11)
    at _runTestsForDescribeBlock (D:\Desktop\AI-Based-Quality-Check-On-Project-Code-And-Architecture\frontend\node_modules\jest-circus\build\jestAdapterInit.js:857:11)
    at run (D:\Desktop\AI-Based-Quality-Check-On-Project-Code-And-Architecture\frontend\node_modules\jest-circus\build\jestAdapterInit.js:761:3)
    at runAndTransformResultsToJestFormat (D:\Desktop\AI-Based-Quality-Check-On-Project-Code-And-Architecture\frontend\node_modules\jest-circus\build\jestAdapterInit.js:1918:21)
    at jestAdapter (D:\Desktop\AI-Based-Quality-Check-On-Project-Code-And-Architecture\frontend\node_modules\jest-circus\build\runner.js:101:19)
    at runTestInternal (D:\Desktop\AI-Based-Quality-Check-On-Project-Code-And-Architecture\frontend\node_modules\jest-runner\build\index.js:275:16)
    at runTest (D:\Desktop\AI-Based-Quality-Check-On-Project-Code-And-Architecture\frontend\node_modules\jest-runner\build\index.js:343:7)</failure>
    </testcase>
    <testcase classname="DependencyGraphVisualization › Refresh Functionality" name="should have refresh button" time="0.009">
      <failure>Error: No QueryClient set, use QueryClientProvider to set one
    at useQueryClient (D:\Desktop\AI-Based-Quality-Check-On-Project-Code-And-Architecture\frontend\node_modules\@tanstack\react-query\src\QueryClientProvider.tsx:18:11)
    at useBaseQuery (D:\Desktop\AI-Based-Quality-Check-On-Project-Code-And-Architecture\frontend\node_modules\@tanstack\react-query\src\useBaseQuery.ts:54:18)
    at useQuery (D:\Desktop\AI-Based-Quality-Check-On-Project-Code-And-Architecture\frontend\node_modules\@tanstack\react-query\src\useQuery.ts:51:10)
    at DependencyGraphVisualization (D:\Desktop\AI-Based-Quality-Check-On-Project-Code-And-Architecture\frontend\src\components\visualizations\DependencyGraphVisualization.tsx:102:15)
    at Object.react_stack_bottom_frame (D:\Desktop\AI-Based-Quality-Check-On-Project-Code-And-Architecture\frontend\node_modules\react-dom\cjs\react-dom-client.development.js:25904:20)
    at renderWithHooks (D:\Desktop\AI-Based-Quality-Check-On-Project-Code-And-Architecture\frontend\node_modules\react-dom\cjs\react-dom-client.development.js:7662:22)
    at updateFunctionComponent (D:\Desktop\AI-Based-Quality-Check-On-Project-Code-And-Architecture\frontend\node_modules\react-dom\cjs\react-dom-client.development.js:10166:19)
    at beginWork (D:\Desktop\AI-Based-Quality-Check-On-Project-Code-And-Architecture\frontend\node_modules\react-dom\cjs\react-dom-client.development.js:11778:18)
    at runWithFiberInDEV (D:\Desktop\AI-Based-Quality-Check-On-Project-Code-And-Architecture\frontend\node_modules\react-dom\cjs\react-dom-client.development.js:874:13)
    at performUnitOfWork (D:\Desktop\AI-Based-Quality-Check-On-Project-Code-And-Architecture\frontend\node_modules\react-dom\cjs\react-dom-client.development.js:17641:22)
    at workLoopSync (D:\Desktop\AI-Based-Quality-Check-On-Project-Code-And-Architecture\frontend\node_modules\react-dom\cjs\react-dom-client.development.js:17469:41)
    at renderRootSync (D:\Desktop\AI-Based-Quality-Check-On-Project-Code-And-Architecture\frontend\node_modules\react-dom\cjs\react-dom-client.development.js:17450:11)
    at performWorkOnRoot (D:\Desktop\AI-Based-Quality-Check-On-Project-Code-And-Architecture\frontend\node_modules\react-dom\cjs\react-dom-client.development.js:16583:35)
    at performWorkOnRootViaSchedulerTask (D:\Desktop\AI-Based-Quality-Check-On-Project-Code-And-Architecture\frontend\node_modules\react-dom\cjs\react-dom-client.development.js:18957:7)
    at flushActQueue (D:\Desktop\AI-Based-Quality-Check-On-Project-Code-And-Architecture\frontend\node_modules\react\cjs\react.development.js:590:34)
    at process.env.NODE_ENV.exports.act (D:\Desktop\AI-Based-Quality-Check-On-Project-Code-And-Architecture\frontend\node_modules\react\cjs\react.development.js:884:10)
    at D:\Desktop\AI-Based-Quality-Check-On-Project-Code-And-Architecture\frontend\node_modules\@testing-library\react\dist\act-compat.js:46:25
    at renderRoot (D:\Desktop\AI-Based-Quality-Check-On-Project-Code-And-Architecture\frontend\node_modules\@testing-library\react\dist\pure.js:189:26)
    at render (D:\Desktop\AI-Based-Quality-Check-On-Project-Code-And-Architecture\frontend\node_modules\@testing-library\react\dist\pure.js:291:10)
    at Object.&lt;anonymous&gt; (D:\Desktop\AI-Based-Quality-Check-On-Project-Code-And-Architecture\frontend\src\components\visualizations\__tests__\DependencyGraphVisualization.test.tsx:332:13)
    at Promise.finally.completed (D:\Desktop\AI-Based-Quality-Check-On-Project-Code-And-Architecture\frontend\node_modules\jest-circus\build\jestAdapterInit.js:1557:28)
    at new Promise (&lt;anonymous&gt;)
    at callAsyncCircusFn (D:\Desktop\AI-Based-Quality-Check-On-Project-Code-And-Architecture\frontend\node_modules\jest-circus\build\jestAdapterInit.js:1497:10)
    at _callCircusTest (D:\Desktop\AI-Based-Quality-Check-On-Project-Code-And-Architecture\frontend\node_modules\jest-circus\build\jestAdapterInit.js:1007:40)
    at _runTest (D:\Desktop\AI-Based-Quality-Check-On-Project-Code-And-Architecture\frontend\node_modules\jest-circus\build\jestAdapterInit.js:947:3)
    at D:\Desktop\AI-Based-Quality-Check-On-Project-Code-And-Architecture\frontend\node_modules\jest-circus\build\jestAdapterInit.js:849:7
    at _runTestsForDescribeBlock (D:\Desktop\AI-Based-Quality-Check-On-Project-Code-And-Architecture\frontend\node_modules\jest-circus\build\jestAdapterInit.js:862:11)
    at _runTestsForDescribeBlock (D:\Desktop\AI-Based-Quality-Check-On-Project-Code-And-Architecture\frontend\node_modules\jest-circus\build\jestAdapterInit.js:857:11)
    at _runTestsForDescribeBlock (D:\Desktop\AI-Based-Quality-Check-On-Project-Code-And-Architecture\frontend\node_modules\jest-circus\build\jestAdapterInit.js:857:11)
    at run (D:\Desktop\AI-Based-Quality-Check-On-Project-Code-And-Architecture\frontend\node_modules\jest-circus\build\jestAdapterInit.js:761:3)
    at runAndTransformResultsToJestFormat (D:\Desktop\AI-Based-Quality-Check-On-Project-Code-And-Architecture\frontend\node_modules\jest-circus\build\jestAdapterInit.js:1918:21)
    at jestAdapter (D:\Desktop\AI-Based-Quality-Check-On-Project-Code-And-Architecture\frontend\node_modules\jest-circus\build\runner.js:101:19)
    at runTestInternal (D:\Desktop\AI-Based-Quality-Check-On-Project-Code-And-Architecture\frontend\node_modules\jest-runner\build\index.js:275:16)
    at runTest (D:\Desktop\AI-Based-Quality-Check-On-Project-Code-And-Architecture\frontend\node_modules\jest-runner\build\index.js:343:7)</failure>
    </testcase>
    <testcase classname="DependencyGraphVisualization › Refresh Functionality" name="should reload data on refresh" time="0.01">
      <failure>Error: No QueryClient set, use QueryClientProvider to set one
    at useQueryClient (D:\Desktop\AI-Based-Quality-Check-On-Project-Code-And-Architecture\frontend\node_modules\@tanstack\react-query\src\QueryClientProvider.tsx:18:11)
    at useBaseQuery (D:\Desktop\AI-Based-Quality-Check-On-Project-Code-And-Architecture\frontend\node_modules\@tanstack\react-query\src\useBaseQuery.ts:54:18)
    at useQuery (D:\Desktop\AI-Based-Quality-Check-On-Project-Code-And-Architecture\frontend\node_modules\@tanstack\react-query\src\useQuery.ts:51:10)
    at DependencyGraphVisualization (D:\Desktop\AI-Based-Quality-Check-On-Project-Code-And-Architecture\frontend\src\components\visualizations\DependencyGraphVisualization.tsx:102:15)
    at Object.react_stack_bottom_frame (D:\Desktop\AI-Based-Quality-Check-On-Project-Code-And-Architecture\frontend\node_modules\react-dom\cjs\react-dom-client.development.js:25904:20)
    at renderWithHooks (D:\Desktop\AI-Based-Quality-Check-On-Project-Code-And-Architecture\frontend\node_modules\react-dom\cjs\react-dom-client.development.js:7662:22)
    at updateFunctionComponent (D:\Desktop\AI-Based-Quality-Check-On-Project-Code-And-Architecture\frontend\node_modules\react-dom\cjs\react-dom-client.development.js:10166:19)
    at beginWork (D:\Desktop\AI-Based-Quality-Check-On-Project-Code-And-Architecture\frontend\node_modules\react-dom\cjs\react-dom-client.development.js:11778:18)
    at runWithFiberInDEV (D:\Desktop\AI-Based-Quality-Check-On-Project-Code-And-Architecture\frontend\node_modules\react-dom\cjs\react-dom-client.development.js:874:13)
    at performUnitOfWork (D:\Desktop\AI-Based-Quality-Check-On-Project-Code-And-Architecture\frontend\node_modules\react-dom\cjs\react-dom-client.development.js:17641:22)
    at workLoopSync (D:\Desktop\AI-Based-Quality-Check-On-Project-Code-And-Architecture\frontend\node_modules\react-dom\cjs\react-dom-client.development.js:17469:41)
    at renderRootSync (D:\Desktop\AI-Based-Quality-Check-On-Project-Code-And-Architecture\frontend\node_modules\react-dom\cjs\react-dom-client.development.js:17450:11)
    at performWorkOnRoot (D:\Desktop\AI-Based-Quality-Check-On-Project-Code-And-Architecture\frontend\node_modules\react-dom\cjs\react-dom-client.development.js:16583:35)
    at performWorkOnRootViaSchedulerTask (D:\Desktop\AI-Based-Quality-Check-On-Project-Code-And-Architecture\frontend\node_modules\react-dom\cjs\react-dom-client.development.js:18957:7)
    at flushActQueue (D:\Desktop\AI-Based-Quality-Check-On-Project-Code-And-Architecture\frontend\node_modules\react\cjs\react.development.js:590:34)
    at process.env.NODE_ENV.exports.act (D:\Desktop\AI-Based-Quality-Check-On-Project-Code-And-Architecture\frontend\node_modules\react\cjs\react.development.js:884:10)
    at D:\Desktop\AI-Based-Quality-Check-On-Project-Code-And-Architecture\frontend\node_modules\@testing-library\react\dist\act-compat.js:46:25
    at renderRoot (D:\Desktop\AI-Based-Quality-Check-On-Project-Code-And-Architecture\frontend\node_modules\@testing-library\react\dist\pure.js:189:26)
    at render (D:\Desktop\AI-Based-Quality-Check-On-Project-Code-And-Architecture\frontend\node_modules\@testing-library\react\dist\pure.js:291:10)
    at Object.&lt;anonymous&gt; (D:\Desktop\AI-Based-Quality-Check-On-Project-Code-And-Architecture\frontend\src\components\visualizations\__tests__\DependencyGraphVisualization.test.tsx:341:13)
    at Promise.finally.completed (D:\Desktop\AI-Based-Quality-Check-On-Project-Code-And-Architecture\frontend\node_modules\jest-circus\build\jestAdapterInit.js:1557:28)
    at new Promise (&lt;anonymous&gt;)
    at callAsyncCircusFn (D:\Desktop\AI-Based-Quality-Check-On-Project-Code-And-Architecture\frontend\node_modules\jest-circus\build\jestAdapterInit.js:1497:10)
    at _callCircusTest (D:\Desktop\AI-Based-Quality-Check-On-Project-Code-And-Architecture\frontend\node_modules\jest-circus\build\jestAdapterInit.js:1007:40)
    at _runTest (D:\Desktop\AI-Based-Quality-Check-On-Project-Code-And-Architecture\frontend\node_modules\jest-circus\build\jestAdapterInit.js:947:3)
    at D:\Desktop\AI-Based-Quality-Check-On-Project-Code-And-Architecture\frontend\node_modules\jest-circus\build\jestAdapterInit.js:849:7
    at _runTestsForDescribeBlock (D:\Desktop\AI-Based-Quality-Check-On-Project-Code-And-Architecture\frontend\node_modules\jest-circus\build\jestAdapterInit.js:862:11)
    at _runTestsForDescribeBlock (D:\Desktop\AI-Based-Quality-Check-On-Project-Code-And-Architecture\frontend\node_modules\jest-circus\build\jestAdapterInit.js:857:11)
    at _runTestsForDescribeBlock (D:\Desktop\AI-Based-Quality-Check-On-Project-Code-And-Architecture\frontend\node_modules\jest-circus\build\jestAdapterInit.js:857:11)
    at run (D:\Desktop\AI-Based-Quality-Check-On-Project-Code-And-Architecture\frontend\node_modules\jest-circus\build\jestAdapterInit.js:761:3)
    at runAndTransformResultsToJestFormat (D:\Desktop\AI-Based-Quality-Check-On-Project-Code-And-Architecture\frontend\node_modules\jest-circus\build\jestAdapterInit.js:1918:21)
    at jestAdapter (D:\Desktop\AI-Based-Quality-Check-On-Project-Code-And-Architecture\frontend\node_modules\jest-circus\build\runner.js:101:19)
    at runTestInternal (D:\Desktop\AI-Based-Quality-Check-On-Project-Code-And-Architecture\frontend\node_modules\jest-runner\build\index.js:275:16)
    at runTest (D:\Desktop\AI-Based-Quality-Check-On-Project-Code-And-Architecture\frontend\node_modules\jest-runner\build\index.js:343:7)</failure>
    </testcase>
    <testcase classname="DependencyGraphVisualization › Legend Display" name="should display legend with node types" time="0.007">
      <failure>Error: No QueryClient set, use QueryClientProvider to set one
    at useQueryClient (D:\Desktop\AI-Based-Quality-Check-On-Project-Code-And-Architecture\frontend\node_modules\@tanstack\react-query\src\QueryClientProvider.tsx:18:11)
    at useBaseQuery (D:\Desktop\AI-Based-Quality-Check-On-Project-Code-And-Architecture\frontend\node_modules\@tanstack\react-query\src\useBaseQuery.ts:54:18)
    at useQuery (D:\Desktop\AI-Based-Quality-Check-On-Project-Code-And-Architecture\frontend\node_modules\@tanstack\react-query\src\useQuery.ts:51:10)
    at DependencyGraphVisualization (D:\Desktop\AI-Based-Quality-Check-On-Project-Code-And-Architecture\frontend\src\components\visualizations\DependencyGraphVisualization.tsx:102:15)
    at Object.react_stack_bottom_frame (D:\Desktop\AI-Based-Quality-Check-On-Project-Code-And-Architecture\frontend\node_modules\react-dom\cjs\react-dom-client.development.js:25904:20)
    at renderWithHooks (D:\Desktop\AI-Based-Quality-Check-On-Project-Code-And-Architecture\frontend\node_modules\react-dom\cjs\react-dom-client.development.js:7662:22)
    at updateFunctionComponent (D:\Desktop\AI-Based-Quality-Check-On-Project-Code-And-Architecture\frontend\node_modules\react-dom\cjs\react-dom-client.development.js:10166:19)
    at beginWork (D:\Desktop\AI-Based-Quality-Check-On-Project-Code-And-Architecture\frontend\node_modules\react-dom\cjs\react-dom-client.development.js:11778:18)
    at runWithFiberInDEV (D:\Desktop\AI-Based-Quality-Check-On-Project-Code-And-Architecture\frontend\node_modules\react-dom\cjs\react-dom-client.development.js:874:13)
    at performUnitOfWork (D:\Desktop\AI-Based-Quality-Check-On-Project-Code-And-Architecture\frontend\node_modules\react-dom\cjs\react-dom-client.development.js:17641:22)
    at workLoopSync (D:\Desktop\AI-Based-Quality-Check-On-Project-Code-And-Architecture\frontend\node_modules\react-dom\cjs\react-dom-client.development.js:17469:41)
    at renderRootSync (D:\Desktop\AI-Based-Quality-Check-On-Project-Code-And-Architecture\frontend\node_modules\react-dom\cjs\react-dom-client.development.js:17450:11)
    at performWorkOnRoot (D:\Desktop\AI-Based-Quality-Check-On-Project-Code-And-Architecture\frontend\node_modules\react-dom\cjs\react-dom-client.development.js:16583:35)
    at performWorkOnRootViaSchedulerTask (D:\Desktop\AI-Based-Quality-Check-On-Project-Code-And-Architecture\frontend\node_modules\react-dom\cjs\react-dom-client.development.js:18957:7)
    at flushActQueue (D:\Desktop\AI-Based-Quality-Check-On-Project-Code-And-Architecture\frontend\node_modules\react\cjs\react.development.js:590:34)
    at process.env.NODE_ENV.exports.act (D:\Desktop\AI-Based-Quality-Check-On-Project-Code-And-Architecture\frontend\node_modules\react\cjs\react.development.js:884:10)
    at D:\Desktop\AI-Based-Quality-Check-On-Project-Code-And-Architecture\frontend\node_modules\@testing-library\react\dist\act-compat.js:46:25
    at renderRoot (D:\Desktop\AI-Based-Quality-Check-On-Project-Code-And-Architecture\frontend\node_modules\@testing-library\react\dist\pure.js:189:26)
    at render (D:\Desktop\AI-Based-Quality-Check-On-Project-Code-And-Architecture\frontend\node_modules\@testing-library\react\dist\pure.js:291:10)
    at Object.&lt;anonymous&gt; (D:\Desktop\AI-Based-Quality-Check-On-Project-Code-And-Architecture\frontend\src\components\visualizations\__tests__\DependencyGraphVisualization.test.tsx:355:13)
    at Promise.finally.completed (D:\Desktop\AI-Based-Quality-Check-On-Project-Code-And-Architecture\frontend\node_modules\jest-circus\build\jestAdapterInit.js:1557:28)
    at new Promise (&lt;anonymous&gt;)
    at callAsyncCircusFn (D:\Desktop\AI-Based-Quality-Check-On-Project-Code-And-Architecture\frontend\node_modules\jest-circus\build\jestAdapterInit.js:1497:10)
    at _callCircusTest (D:\Desktop\AI-Based-Quality-Check-On-Project-Code-And-Architecture\frontend\node_modules\jest-circus\build\jestAdapterInit.js:1007:40)
    at _runTest (D:\Desktop\AI-Based-Quality-Check-On-Project-Code-And-Architecture\frontend\node_modules\jest-circus\build\jestAdapterInit.js:947:3)
    at D:\Desktop\AI-Based-Quality-Check-On-Project-Code-And-Architecture\frontend\node_modules\jest-circus\build\jestAdapterInit.js:849:7
    at _runTestsForDescribeBlock (D:\Desktop\AI-Based-Quality-Check-On-Project-Code-And-Architecture\frontend\node_modules\jest-circus\build\jestAdapterInit.js:862:11)
    at _runTestsForDescribeBlock (D:\Desktop\AI-Based-Quality-Check-On-Project-Code-And-Architecture\frontend\node_modules\jest-circus\build\jestAdapterInit.js:857:11)
    at _runTestsForDescribeBlock (D:\Desktop\AI-Based-Quality-Check-On-Project-Code-And-Architecture\frontend\node_modules\jest-circus\build\jestAdapterInit.js:857:11)
    at run (D:\Desktop\AI-Based-Quality-Check-On-Project-Code-And-Architecture\frontend\node_modules\jest-circus\build\jestAdapterInit.js:761:3)
    at runAndTransformResultsToJestFormat (D:\Desktop\AI-Based-Quality-Check-On-Project-Code-And-Architecture\frontend\node_modules\jest-circus\build\jestAdapterInit.js:1918:21)
    at jestAdapter (D:\Desktop\AI-Based-Quality-Check-On-Project-Code-And-Architecture\frontend\node_modules\jest-circus\build\runner.js:101:19)
    at runTestInternal (D:\Desktop\AI-Based-Quality-Check-On-Project-Code-And-Architecture\frontend\node_modules\jest-runner\build\index.js:275:16)
    at runTest (D:\Desktop\AI-Based-Quality-Check-On-Project-Code-And-Architecture\frontend\node_modules\jest-runner\build\index.js:343:7)</failure>
    </testcase>
    <testcase classname="DependencyGraphVisualization › Legend Display" name="should show severity levels in legend" time="0.004">
      <failure>Error: No QueryClient set, use QueryClientProvider to set one
    at useQueryClient (D:\Desktop\AI-Based-Quality-Check-On-Project-Code-And-Architecture\frontend\node_modules\@tanstack\react-query\src\QueryClientProvider.tsx:18:11)
    at useBaseQuery (D:\Desktop\AI-Based-Quality-Check-On-Project-Code-And-Architecture\frontend\node_modules\@tanstack\react-query\src\useBaseQuery.ts:54:18)
    at useQuery (D:\Desktop\AI-Based-Quality-Check-On-Project-Code-And-Architecture\frontend\node_modules\@tanstack\react-query\src\useQuery.ts:51:10)
    at DependencyGraphVisualization (D:\Desktop\AI-Based-Quality-Check-On-Project-Code-And-Architecture\frontend\src\components\visualizations\DependencyGraphVisualization.tsx:102:15)
    at Object.react_stack_bottom_frame (D:\Desktop\AI-Based-Quality-Check-On-Project-Code-And-Architecture\frontend\node_modules\react-dom\cjs\react-dom-client.development.js:25904:20)
    at renderWithHooks (D:\Desktop\AI-Based-Quality-Check-On-Project-Code-And-Architecture\frontend\node_modules\react-dom\cjs\react-dom-client.development.js:7662:22)
    at updateFunctionComponent (D:\Desktop\AI-Based-Quality-Check-On-Project-Code-And-Architecture\frontend\node_modules\react-dom\cjs\react-dom-client.development.js:10166:19)
    at beginWork (D:\Desktop\AI-Based-Quality-Check-On-Project-Code-And-Architecture\frontend\node_modules\react-dom\cjs\react-dom-client.development.js:11778:18)
    at runWithFiberInDEV (D:\Desktop\AI-Based-Quality-Check-On-Project-Code-And-Architecture\frontend\node_modules\react-dom\cjs\react-dom-client.development.js:874:13)
    at performUnitOfWork (D:\Desktop\AI-Based-Quality-Check-On-Project-Code-And-Architecture\frontend\node_modules\react-dom\cjs\react-dom-client.development.js:17641:22)
    at workLoopSync (D:\Desktop\AI-Based-Quality-Check-On-Project-Code-And-Architecture\frontend\node_modules\react-dom\cjs\react-dom-client.development.js:17469:41)
    at renderRootSync (D:\Desktop\AI-Based-Quality-Check-On-Project-Code-And-Architecture\frontend\node_modules\react-dom\cjs\react-dom-client.development.js:17450:11)
    at performWorkOnRoot (D:\Desktop\AI-Based-Quality-Check-On-Project-Code-And-Architecture\frontend\node_modules\react-dom\cjs\react-dom-client.development.js:16583:35)
    at performWorkOnRootViaSchedulerTask (D:\Desktop\AI-Based-Quality-Check-On-Project-Code-And-Architecture\frontend\node_modules\react-dom\cjs\react-dom-client.development.js:18957:7)
    at flushActQueue (D:\Desktop\AI-Based-Quality-Check-On-Project-Code-And-Architecture\frontend\node_modules\react\cjs\react.development.js:590:34)
    at process.env.NODE_ENV.exports.act (D:\Desktop\AI-Based-Quality-Check-On-Project-Code-And-Architecture\frontend\node_modules\react\cjs\react.development.js:884:10)
    at D:\Desktop\AI-Based-Quality-Check-On-Project-Code-And-Architecture\frontend\node_modules\@testing-library\react\dist\act-compat.js:46:25
    at renderRoot (D:\Desktop\AI-Based-Quality-Check-On-Project-Code-And-Architecture\frontend\node_modules\@testing-library\react\dist\pure.js:189:26)
    at render (D:\Desktop\AI-Based-Quality-Check-On-Project-Code-And-Architecture\frontend\node_modules\@testing-library\react\dist\pure.js:291:10)
    at Object.&lt;anonymous&gt; (D:\Desktop\AI-Based-Quality-Check-On-Project-Code-And-Architecture\frontend\src\components\visualizations\__tests__\DependencyGraphVisualization.test.tsx:364:13)
    at Promise.finally.completed (D:\Desktop\AI-Based-Quality-Check-On-Project-Code-And-Architecture\frontend\node_modules\jest-circus\build\jestAdapterInit.js:1557:28)
    at new Promise (&lt;anonymous&gt;)
    at callAsyncCircusFn (D:\Desktop\AI-Based-Quality-Check-On-Project-Code-And-Architecture\frontend\node_modules\jest-circus\build\jestAdapterInit.js:1497:10)
    at _callCircusTest (D:\Desktop\AI-Based-Quality-Check-On-Project-Code-And-Architecture\frontend\node_modules\jest-circus\build\jestAdapterInit.js:1007:40)
    at _runTest (D:\Desktop\AI-Based-Quality-Check-On-Project-Code-And-Architecture\frontend\node_modules\jest-circus\build\jestAdapterInit.js:947:3)
    at D:\Desktop\AI-Based-Quality-Check-On-Project-Code-And-Architecture\frontend\node_modules\jest-circus\build\jestAdapterInit.js:849:7
    at _runTestsForDescribeBlock (D:\Desktop\AI-Based-Quality-Check-On-Project-Code-And-Architecture\frontend\node_modules\jest-circus\build\jestAdapterInit.js:862:11)
    at _runTestsForDescribeBlock (D:\Desktop\AI-Based-Quality-Check-On-Project-Code-And-Architecture\frontend\node_modules\jest-circus\build\jestAdapterInit.js:857:11)
    at _runTestsForDescribeBlock (D:\Desktop\AI-Based-Quality-Check-On-Project-Code-And-Architecture\frontend\node_modules\jest-circus\build\jestAdapterInit.js:857:11)
    at run (D:\Desktop\AI-Based-Quality-Check-On-Project-Code-And-Architecture\frontend\node_modules\jest-circus\build\jestAdapterInit.js:761:3)
    at runAndTransformResultsToJestFormat (D:\Desktop\AI-Based-Quality-Check-On-Project-Code-And-Architecture\frontend\node_modules\jest-circus\build\jestAdapterInit.js:1918:21)
    at jestAdapter (D:\Desktop\AI-Based-Quality-Check-On-Project-Code-And-Architecture\frontend\node_modules\jest-circus\build\runner.js:101:19)
    at runTestInternal (D:\Desktop\AI-Based-Quality-Check-On-Project-Code-And-Architecture\frontend\node_modules\jest-runner\build\index.js:275:16)
    at runTest (D:\Desktop\AI-Based-Quality-Check-On-Project-Code-And-Architecture\frontend\node_modules\jest-runner\build\index.js:343:7)</failure>
    </testcase>
    <testcase classname="DependencyGraphVisualization › Performance (Requirement 1.8, 3.7)" name="should render within 5 seconds for graphs with &lt;1000 nodes" time="0.007">
      <failure>Error: No QueryClient set, use QueryClientProvider to set one
    at useQueryClient (D:\Desktop\AI-Based-Quality-Check-On-Project-Code-And-Architecture\frontend\node_modules\@tanstack\react-query\src\QueryClientProvider.tsx:18:11)
    at useBaseQuery (D:\Desktop\AI-Based-Quality-Check-On-Project-Code-And-Architecture\frontend\node_modules\@tanstack\react-query\src\useBaseQuery.ts:54:18)
    at useQuery (D:\Desktop\AI-Based-Quality-Check-On-Project-Code-And-Architecture\frontend\node_modules\@tanstack\react-query\src\useQuery.ts:51:10)
    at DependencyGraphVisualization (D:\Desktop\AI-Based-Quality-Check-On-Project-Code-And-Architecture\frontend\src\components\visualizations\DependencyGraphVisualization.tsx:102:15)
    at Object.react_stack_bottom_frame (D:\Desktop\AI-Based-Quality-Check-On-Project-Code-And-Architecture\frontend\node_modules\react-dom\cjs\react-dom-client.development.js:25904:20)
    at renderWithHooks (D:\Desktop\AI-Based-Quality-Check-On-Project-Code-And-Architecture\frontend\node_modules\react-dom\cjs\react-dom-client.development.js:7662:22)
    at updateFunctionComponent (D:\Desktop\AI-Based-Quality-Check-On-Project-Code-And-Architecture\frontend\node_modules\react-dom\cjs\react-dom-client.development.js:10166:19)
    at beginWork (D:\Desktop\AI-Based-Quality-Check-On-Project-Code-And-Architecture\frontend\node_modules\react-dom\cjs\react-dom-client.development.js:11778:18)
    at runWithFiberInDEV (D:\Desktop\AI-Based-Quality-Check-On-Project-Code-And-Architecture\frontend\node_modules\react-dom\cjs\react-dom-client.development.js:874:13)
    at performUnitOfWork (D:\Desktop\AI-Based-Quality-Check-On-Project-Code-And-Architecture\frontend\node_modules\react-dom\cjs\react-dom-client.development.js:17641:22)
    at workLoopSync (D:\Desktop\AI-Based-Quality-Check-On-Project-Code-And-Architecture\frontend\node_modules\react-dom\cjs\react-dom-client.development.js:17469:41)
    at renderRootSync (D:\Desktop\AI-Based-Quality-Check-On-Project-Code-And-Architecture\frontend\node_modules\react-dom\cjs\react-dom-client.development.js:17450:11)
    at performWorkOnRoot (D:\Desktop\AI-Based-Quality-Check-On-Project-Code-And-Architecture\frontend\node_modules\react-dom\cjs\react-dom-client.development.js:16583:35)
    at performWorkOnRootViaSchedulerTask (D:\Desktop\AI-Based-Quality-Check-On-Project-Code-And-Architecture\frontend\node_modules\react-dom\cjs\react-dom-client.development.js:18957:7)
    at flushActQueue (D:\Desktop\AI-Based-Quality-Check-On-Project-Code-And-Architecture\frontend\node_modules\react\cjs\react.development.js:590:34)
    at process.env.NODE_ENV.exports.act (D:\Desktop\AI-Based-Quality-Check-On-Project-Code-And-Architecture\frontend\node_modules\react\cjs\react.development.js:884:10)
    at D:\Desktop\AI-Based-Quality-Check-On-Project-Code-And-Architecture\frontend\node_modules\@testing-library\react\dist\act-compat.js:46:25
    at renderRoot (D:\Desktop\AI-Based-Quality-Check-On-Project-Code-And-Architecture\frontend\node_modules\@testing-library\react\dist\pure.js:189:26)
    at render (D:\Desktop\AI-Based-Quality-Check-On-Project-Code-And-Architecture\frontend\node_modules\@testing-library\react\dist\pure.js:291:10)
    at Object.&lt;anonymous&gt; (D:\Desktop\AI-Based-Quality-Check-On-Project-Code-And-Architecture\frontend\src\components\visualizations\__tests__\DependencyGraphVisualization.test.tsx:378:13)
    at Promise.finally.completed (D:\Desktop\AI-Based-Quality-Check-On-Project-Code-And-Architecture\frontend\node_modules\jest-circus\build\jestAdapterInit.js:1557:28)
    at new Promise (&lt;anonymous&gt;)
    at callAsyncCircusFn (D:\Desktop\AI-Based-Quality-Check-On-Project-Code-And-Architecture\frontend\node_modules\jest-circus\build\jestAdapterInit.js:1497:10)
    at _callCircusTest (D:\Desktop\AI-Based-Quality-Check-On-Project-Code-And-Architecture\frontend\node_modules\jest-circus\build\jestAdapterInit.js:1007:40)
    at _runTest (D:\Desktop\AI-Based-Quality-Check-On-Project-Code-And-Architecture\frontend\node_modules\jest-circus\build\jestAdapterInit.js:947:3)
    at D:\Desktop\AI-Based-Quality-Check-On-Project-Code-And-Architecture\frontend\node_modules\jest-circus\build\jestAdapterInit.js:849:7
    at _runTestsForDescribeBlock (D:\Desktop\AI-Based-Quality-Check-On-Project-Code-And-Architecture\frontend\node_modules\jest-circus\build\jestAdapterInit.js:862:11)
    at _runTestsForDescribeBlock (D:\Desktop\AI-Based-Quality-Check-On-Project-Code-And-Architecture\frontend\node_modules\jest-circus\build\jestAdapterInit.js:857:11)
    at _runTestsForDescribeBlock (D:\Desktop\AI-Based-Quality-Check-On-Project-Code-And-Architecture\frontend\node_modules\jest-circus\build\jestAdapterInit.js:857:11)
    at run (D:\Desktop\AI-Based-Quality-Check-On-Project-Code-And-Architecture\frontend\node_modules\jest-circus\build\jestAdapterInit.js:761:3)
    at runAndTransformResultsToJestFormat (D:\Desktop\AI-Based-Quality-Check-On-Project-Code-And-Architecture\frontend\node_modules\jest-circus\build\jestAdapterInit.js:1918:21)
    at jestAdapter (D:\Desktop\AI-Based-Quality-Check-On-Project-Code-And-Architecture\frontend\node_modules\jest-circus\build\runner.js:101:19)
    at runTestInternal (D:\Desktop\AI-Based-Quality-Check-On-Project-Code-And-Architecture\frontend\node_modules\jest-runner\build\index.js:275:16)
    at runTest (D:\Desktop\AI-Based-Quality-Check-On-Project-Code-And-Architecture\frontend\node_modules\jest-runner\build\index.js:343:7)</failure>
    </testcase>
    <testcase classname="DependencyGraphVisualization › Performance (Requirement 1.8, 3.7)" name="should indicate LOD rendering for large graphs" time="0.009">
      <failure>Error: No QueryClient set, use QueryClientProvider to set one
    at useQueryClient (D:\Desktop\AI-Based-Quality-Check-On-Project-Code-And-Architecture\frontend\node_modules\@tanstack\react-query\src\QueryClientProvider.tsx:18:11)
    at useBaseQuery (D:\Desktop\AI-Based-Quality-Check-On-Project-Code-And-Architecture\frontend\node_modules\@tanstack\react-query\src\useBaseQuery.ts:54:18)
    at useQuery (D:\Desktop\AI-Based-Quality-Check-On-Project-Code-And-Architecture\frontend\node_modules\@tanstack\react-query\src\useQuery.ts:51:10)
    at DependencyGraphVisualization (D:\Desktop\AI-Based-Quality-Check-On-Project-Code-And-Architecture\frontend\src\components\visualizations\DependencyGraphVisualization.tsx:102:15)
    at Object.react_stack_bottom_frame (D:\Desktop\AI-Based-Quality-Check-On-Project-Code-And-Architecture\frontend\node_modules\react-dom\cjs\react-dom-client.development.js:25904:20)
    at renderWithHooks (D:\Desktop\AI-Based-Quality-Check-On-Project-Code-And-Architecture\frontend\node_modules\react-dom\cjs\react-dom-client.development.js:7662:22)
    at updateFunctionComponent (D:\Desktop\AI-Based-Quality-Check-On-Project-Code-And-Architecture\frontend\node_modules\react-dom\cjs\react-dom-client.development.js:10166:19)
    at beginWork (D:\Desktop\AI-Based-Quality-Check-On-Project-Code-And-Architecture\frontend\node_modules\react-dom\cjs\react-dom-client.development.js:11778:18)
    at runWithFiberInDEV (D:\Desktop\AI-Based-Quality-Check-On-Project-Code-And-Architecture\frontend\node_modules\react-dom\cjs\react-dom-client.development.js:874:13)
    at performUnitOfWork (D:\Desktop\AI-Based-Quality-Check-On-Project-Code-And-Architecture\frontend\node_modules\react-dom\cjs\react-dom-client.development.js:17641:22)
    at workLoopSync (D:\Desktop\AI-Based-Quality-Check-On-Project-Code-And-Architecture\frontend\node_modules\react-dom\cjs\react-dom-client.development.js:17469:41)
    at renderRootSync (D:\Desktop\AI-Based-Quality-Check-On-Project-Code-And-Architecture\frontend\node_modules\react-dom\cjs\react-dom-client.development.js:17450:11)
    at performWorkOnRoot (D:\Desktop\AI-Based-Quality-Check-On-Project-Code-And-Architecture\frontend\node_modules\react-dom\cjs\react-dom-client.development.js:16583:35)
    at performWorkOnRootViaSchedulerTask (D:\Desktop\AI-Based-Quality-Check-On-Project-Code-And-Architecture\frontend\node_modules\react-dom\cjs\react-dom-client.development.js:18957:7)
    at flushActQueue (D:\Desktop\AI-Based-Quality-Check-On-Project-Code-And-Architecture\frontend\node_modules\react\cjs\react.development.js:590:34)
    at process.env.NODE_ENV.exports.act (D:\Desktop\AI-Based-Quality-Check-On-Project-Code-And-Architecture\frontend\node_modules\react\cjs\react.development.js:884:10)
    at D:\Desktop\AI-Based-Quality-Check-On-Project-Code-And-Architecture\frontend\node_modules\@testing-library\react\dist\act-compat.js:46:25
    at renderRoot (D:\Desktop\AI-Based-Quality-Check-On-Project-Code-And-Architecture\frontend\node_modules\@testing-library\react\dist\pure.js:189:26)
    at render (D:\Desktop\AI-Based-Quality-Check-On-Project-Code-And-Architecture\frontend\node_modules\@testing-library\react\dist\pure.js:291:10)
    at Object.&lt;anonymous&gt; (D:\Desktop\AI-Based-Quality-Check-On-Project-Code-And-Architecture\frontend\src\components\visualizations\__tests__\DependencyGraphVisualization.test.tsx:391:13)
    at Promise.finally.completed (D:\Desktop\AI-Based-Quality-Check-On-Project-Code-And-Architecture\frontend\node_modules\jest-circus\build\jestAdapterInit.js:1557:28)
    at new Promise (&lt;anonymous&gt;)
    at callAsyncCircusFn (D:\Desktop\AI-Based-Quality-Check-On-Project-Code-And-Architecture\frontend\node_modules\jest-circus\build\jestAdapterInit.js:1497:10)
    at _callCircusTest (D:\Desktop\AI-Based-Quality-Check-On-Project-Code-And-Architecture\frontend\node_modules\jest-circus\build\jestAdapterInit.js:1007:40)
    at _runTest (D:\Desktop\AI-Based-Quality-Check-On-Project-Code-And-Architecture\frontend\node_modules\jest-circus\build\jestAdapterInit.js:947:3)
    at D:\Desktop\AI-Based-Quality-Check-On-Project-Code-And-Architecture\frontend\node_modules\jest-circus\build\jestAdapterInit.js:849:7
    at _runTestsForDescribeBlock (D:\Desktop\AI-Based-Quality-Check-On-Project-Code-And-Architecture\frontend\node_modules\jest-circus\build\jestAdapterInit.js:862:11)
    at _runTestsForDescribeBlock (D:\Desktop\AI-Based-Quality-Check-On-Project-Code-And-Architecture\frontend\node_modules\jest-circus\build\jestAdapterInit.js:857:11)
    at _runTestsForDescribeBlock (D:\Desktop\AI-Based-Quality-Check-On-Project-Code-And-Architecture\frontend\node_modules\jest-circus\build\jestAdapterInit.js:857:11)
    at run (D:\Desktop\AI-Based-Quality-Check-On-Project-Code-And-Architecture\frontend\node_modules\jest-circus\build\jestAdapterInit.js:761:3)
    at runAndTransformResultsToJestFormat (D:\Desktop\AI-Based-Quality-Check-On-Project-Code-And-Architecture\frontend\node_modules\jest-circus\build\jestAdapterInit.js:1918:21)
    at jestAdapter (D:\Desktop\AI-Based-Quality-Check-On-Project-Code-And-Architecture\frontend\node_modules\jest-circus\build\runner.js:101:19)
    at runTestInternal (D:\Desktop\AI-Based-Quality-Check-On-Project-Code-And-Architecture\frontend\node_modules\jest-runner\build\index.js:275:16)
    at runTest (D:\Desktop\AI-Based-Quality-Check-On-Project-Code-And-Architecture\frontend\node_modules\jest-runner\build\index.js:343:7)</failure>
    </testcase>
    <testcase classname="DependencyGraphVisualization › Error Handling" name="should display error message when loading fails" time="0.006">
      <failure>Error: No QueryClient set, use QueryClientProvider to set one
    at useQueryClient (D:\Desktop\AI-Based-Quality-Check-On-Project-Code-And-Architecture\frontend\node_modules\@tanstack\react-query\src\QueryClientProvider.tsx:18:11)
    at useBaseQuery (D:\Desktop\AI-Based-Quality-Check-On-Project-Code-And-Architecture\frontend\node_modules\@tanstack\react-query\src\useBaseQuery.ts:54:18)
    at useQuery (D:\Desktop\AI-Based-Quality-Check-On-Project-Code-And-Architecture\frontend\node_modules\@tanstack\react-query\src\useQuery.ts:51:10)
    at DependencyGraphVisualization (D:\Desktop\AI-Based-Quality-Check-On-Project-Code-And-Architecture\frontend\src\components\visualizations\DependencyGraphVisualization.tsx:102:15)
    at Object.react_stack_bottom_frame (D:\Desktop\AI-Based-Quality-Check-On-Project-Code-And-Architecture\frontend\node_modules\react-dom\cjs\react-dom-client.development.js:25904:20)
    at renderWithHooks (D:\Desktop\AI-Based-Quality-Check-On-Project-Code-And-Architecture\frontend\node_modules\react-dom\cjs\react-dom-client.development.js:7662:22)
    at updateFunctionComponent (D:\Desktop\AI-Based-Quality-Check-On-Project-Code-And-Architecture\frontend\node_modules\react-dom\cjs\react-dom-client.development.js:10166:19)
    at beginWork (D:\Desktop\AI-Based-Quality-Check-On-Project-Code-And-Architecture\frontend\node_modules\react-dom\cjs\react-dom-client.development.js:11778:18)
    at runWithFiberInDEV (D:\Desktop\AI-Based-Quality-Check-On-Project-Code-And-Architecture\frontend\node_modules\react-dom\cjs\react-dom-client.development.js:874:13)
    at performUnitOfWork (D:\Desktop\AI-Based-Quality-Check-On-Project-Code-And-Architecture\frontend\node_modules\react-dom\cjs\react-dom-client.development.js:17641:22)
    at workLoopSync (D:\Desktop\AI-Based-Quality-Check-On-Project-Code-And-Architecture\frontend\node_modules\react-dom\cjs\react-dom-client.development.js:17469:41)
    at renderRootSync (D:\Desktop\AI-Based-Quality-Check-On-Project-Code-And-Architecture\frontend\node_modules\react-dom\cjs\react-dom-client.development.js:17450:11)
    at performWorkOnRoot (D:\Desktop\AI-Based-Quality-Check-On-Project-Code-And-Architecture\frontend\node_modules\react-dom\cjs\react-dom-client.development.js:16583:35)
    at performWorkOnRootViaSchedulerTask (D:\Desktop\AI-Based-Quality-Check-On-Project-Code-And-Architecture\frontend\node_modules\react-dom\cjs\react-dom-client.development.js:18957:7)
    at flushActQueue (D:\Desktop\AI-Based-Quality-Check-On-Project-Code-And-Architecture\frontend\node_modules\react\cjs\react.development.js:590:34)
    at process.env.NODE_ENV.exports.act (D:\Desktop\AI-Based-Quality-Check-On-Project-Code-And-Architecture\frontend\node_modules\react\cjs\react.development.js:884:10)
    at D:\Desktop\AI-Based-Quality-Check-On-Project-Code-And-Architecture\frontend\node_modules\@testing-library\react\dist\act-compat.js:46:25
    at renderRoot (D:\Desktop\AI-Based-Quality-Check-On-Project-Code-And-Architecture\frontend\node_modules\@testing-library\react\dist\pure.js:189:26)
    at render (D:\Desktop\AI-Based-Quality-Check-On-Project-Code-And-Architecture\frontend\node_modules\@testing-library\react\dist\pure.js:291:10)
    at Object.&lt;anonymous&gt; (D:\Desktop\AI-Based-Quality-Check-On-Project-Code-And-Architecture\frontend\src\components\visualizations\__tests__\DependencyGraphVisualization.test.tsx:404:13)
    at Promise.finally.completed (D:\Desktop\AI-Based-Quality-Check-On-Project-Code-And-Architecture\frontend\node_modules\jest-circus\build\jestAdapterInit.js:1557:28)
    at new Promise (&lt;anonymous&gt;)
    at callAsyncCircusFn (D:\Desktop\AI-Based-Quality-Check-On-Project-Code-And-Architecture\frontend\node_modules\jest-circus\build\jestAdapterInit.js:1497:10)
    at _callCircusTest (D:\Desktop\AI-Based-Quality-Check-On-Project-Code-And-Architecture\frontend\node_modules\jest-circus\build\jestAdapterInit.js:1007:40)
    at _runTest (D:\Desktop\AI-Based-Quality-Check-On-Project-Code-And-Architecture\frontend\node_modules\jest-circus\build\jestAdapterInit.js:947:3)
    at D:\Desktop\AI-Based-Quality-Check-On-Project-Code-And-Architecture\frontend\node_modules\jest-circus\build\jestAdapterInit.js:849:7
    at _runTestsForDescribeBlock (D:\Desktop\AI-Based-Quality-Check-On-Project-Code-And-Architecture\frontend\node_modules\jest-circus\build\jestAdapterInit.js:862:11)
    at _runTestsForDescribeBlock (D:\Desktop\AI-Based-Quality-Check-On-Project-Code-And-Architecture\frontend\node_modules\jest-circus\build\jestAdapterInit.js:857:11)
    at _runTestsForDescribeBlock (D:\Desktop\AI-Based-Quality-Check-On-Project-Code-And-Architecture\frontend\node_modules\jest-circus\build\jestAdapterInit.js:857:11)
    at run (D:\Desktop\AI-Based-Quality-Check-On-Project-Code-And-Architecture\frontend\node_modules\jest-circus\build\jestAdapterInit.js:761:3)
    at runAndTransformResultsToJestFormat (D:\Desktop\AI-Based-Quality-Check-On-Project-Code-And-Architecture\frontend\node_modules\jest-circus\build\jestAdapterInit.js:1918:21)
    at jestAdapter (D:\Desktop\AI-Based-Quality-Check-On-Project-Code-And-Architecture\frontend\node_modules\jest-circus\build\runner.js:101:19)
    at runTestInternal (D:\Desktop\AI-Based-Quality-Check-On-Project-Code-And-Architecture\frontend\node_modules\jest-runner\build\index.js:275:16)
    at runTest (D:\Desktop\AI-Based-Quality-Check-On-Project-Code-And-Architecture\frontend\node_modules\jest-runner\build\index.js:343:7)</failure>
    </testcase>
  </testsuite>
  <testsuite name="Backend Status Hook - Property Tests" errors="0" failures="1" skipped="0" timestamp="2026-03-08T07:40:50" time="1.23" tests="10">
    <testcase classname="Backend Status Hook - Property Tests" name="should perform backend availability check on mount" time="0.028">
    </testcase>
    <testcase classname="Backend Status Hook - Property Tests" name="should update availability status when backend becomes available" time="0.162">
    </testcase>
    <testcase classname="Backend Status Hook - Property Tests" name="should provide retry function when backend is unavailable" time="0.081">
    </testcase>
    <testcase classname="Backend Status Hook - Property Tests" name="should set isOnline to true when backend returns status 200" time="0.091">
    </testcase>
    <testcase classname="Backend Status Hook - Property Tests" name="should set isOnline to false when backend returns status 503" time="0.078">
    </testcase>
    <testcase classname="Backend Status Hook - Property Tests" name="should set isOnline to false when backend returns status 500" time="0.092">
    </testcase>
    <testcase classname="Backend Status Hook - Property Tests" name="should set isChecking to true during health check" time="0.091">
    </testcase>
    <testcase classname="Backend Status Hook - Property Tests" name="should poll backend health at regular intervals" time="0.011">
    </testcase>
    <testcase classname="Backend Status Hook - Property Tests" name="should handle network errors gracefully" time="0.081">
    </testcase>
    <testcase classname="Backend Status Hook - Property Tests" name="should update lastChecked timestamp after each check" time="0.017">
      <failure>TypeError: Cannot read properties of null (reading &apos;getTime&apos;)
    at Object.getTime (D:\Desktop\AI-Based-Quality-Check-On-Project-Code-And-Architecture\frontend\src\__tests__\backend-status.properties.test.tsx:311:40)</failure>
    </testcase>
  </testsuite>
  <testsuite name="AuthContext" errors="0" failures="1" skipped="0" timestamp="2026-03-08T07:40:51" time="1.167" tests="8">
    <testcase classname="AuthContext" name="should initialize with loading state" time="0.02">
    </testcase>
    <testcase classname="AuthContext" name="should fetch current user on mount" time="0.07">
    </testcase>
    <testcase classname="AuthContext" name="should handle login successfully" time="0.083">
    </testcase>
    <testcase classname="AuthContext" name="should handle login failure" time="0.145">
    </testcase>
    <testcase classname="AuthContext" name="should handle logout" time="0.093">
    </testcase>
    <testcase classname="AuthContext" name="should refresh token successfully" time="0.09">
    </testcase>
    <testcase classname="AuthContext" name="should handle token refresh failure" time="0.092">
    </testcase>
    <testcase classname="AuthContext" name="should set correct permissions based on role" time="0.104">
      <failure>Error: expect(received).toContain(expected) // indexOf

Expected value: &quot;VIEW_PROJECTS&quot;
Received array: [undefined, &quot;CREATE_PROJECT&quot;, undefined, &quot;DELETE_PROJECT&quot;, undefined, &quot;CREATE_USER&quot;, undefined, &quot;DELETE_USER&quot;, undefined, undefined, …]
    at Object.toContain (D:\Desktop\AI-Based-Quality-Check-On-Project-Code-And-Architecture\frontend\src\contexts\__tests__\AuthContext.test.tsx:282:40)</failure>
    </testcase>
  </testsuite>
  <testsuite name="retryWithBackoff" errors="0" failures="6" skipped="0" timestamp="2026-03-08T07:40:53" time="1.032" tests="19">
    <testcase classname="retryWithBackoff › 成功场景" name="should return result on first successful attempt" time="0.024">
    </testcase>
    <testcase classname="retryWithBackoff › 成功场景" name="should succeed after retries" time="0.043">
    </testcase>
    <testcase classname="retryWithBackoff › 失败场景" name="should throw error after max retries" time="0.041">
      <failure>Error: Persistent failure
    at Object.&lt;anonymous&gt; (D:\Desktop\AI-Based-Quality-Check-On-Project-Code-And-Architecture\frontend\src\utils\__tests__\retryWithBackoff.test.ts:59:21)
    at Promise.finally.completed (D:\Desktop\AI-Based-Quality-Check-On-Project-Code-And-Architecture\frontend\node_modules\jest-circus\build\jestAdapterInit.js:1557:28)
    at new Promise (&lt;anonymous&gt;)
    at callAsyncCircusFn (D:\Desktop\AI-Based-Quality-Check-On-Project-Code-And-Architecture\frontend\node_modules\jest-circus\build\jestAdapterInit.js:1497:10)
    at _callCircusTest (D:\Desktop\AI-Based-Quality-Check-On-Project-Code-And-Architecture\frontend\node_modules\jest-circus\build\jestAdapterInit.js:1007:40)
    at _runTest (D:\Desktop\AI-Based-Quality-Check-On-Project-Code-And-Architecture\frontend\node_modules\jest-circus\build\jestAdapterInit.js:947:3)
    at D:\Desktop\AI-Based-Quality-Check-On-Project-Code-And-Architecture\frontend\node_modules\jest-circus\build\jestAdapterInit.js:849:7
    at _runTestsForDescribeBlock (D:\Desktop\AI-Based-Quality-Check-On-Project-Code-And-Architecture\frontend\node_modules\jest-circus\build\jestAdapterInit.js:862:11)
    at _runTestsForDescribeBlock (D:\Desktop\AI-Based-Quality-Check-On-Project-Code-And-Architecture\frontend\node_modules\jest-circus\build\jestAdapterInit.js:857:11)
    at _runTestsForDescribeBlock (D:\Desktop\AI-Based-Quality-Check-On-Project-Code-And-Architecture\frontend\node_modules\jest-circus\build\jestAdapterInit.js:857:11)
    at run (D:\Desktop\AI-Based-Quality-Check-On-Project-Code-And-Architecture\frontend\node_modules\jest-circus\build\jestAdapterInit.js:761:3)
    at runAndTransformResultsToJestFormat (D:\Desktop\AI-Based-Quality-Check-On-Project-Code-And-Architecture\frontend\node_modules\jest-circus\build\jestAdapterInit.js:1918:21)
    at jestAdapter (D:\Desktop\AI-Based-Quality-Check-On-Project-Code-And-Architecture\frontend\node_modules\jest-circus\build\runner.js:101:19)
    at runTestInternal (D:\Desktop\AI-Based-Quality-Check-On-Project-Code-And-Architecture\frontend\node_modules\jest-runner\build\index.js:275:16)
    at runTest (D:\Desktop\AI-Based-Quality-Check-On-Project-Code-And-Architecture\frontend\node_modules\jest-runner\build\index.js:343:7)</failure>
      <failure>Error: Persistent failure
    at Object.&lt;anonymous&gt; (D:\Desktop\AI-Based-Quality-Check-On-Project-Code-And-Architecture\frontend\src\utils\__tests__\retryWithBackoff.test.ts:59:21)
    at Promise.finally.completed (D:\Desktop\AI-Based-Quality-Check-On-Project-Code-And-Architecture\frontend\node_modules\jest-circus\build\jestAdapterInit.js:1557:28)
    at new Promise (&lt;anonymous&gt;)
    at callAsyncCircusFn (D:\Desktop\AI-Based-Quality-Check-On-Project-Code-And-Architecture\frontend\node_modules\jest-circus\build\jestAdapterInit.js:1497:10)
    at _callCircusTest (D:\Desktop\AI-Based-Quality-Check-On-Project-Code-And-Architecture\frontend\node_modules\jest-circus\build\jestAdapterInit.js:1007:40)
    at _runTest (D:\Desktop\AI-Based-Quality-Check-On-Project-Code-And-Architecture\frontend\node_modules\jest-circus\build\jestAdapterInit.js:947:3)
    at D:\Desktop\AI-Based-Quality-Check-On-Project-Code-And-Architecture\frontend\node_modules\jest-circus\build\jestAdapterInit.js:849:7
    at _runTestsForDescribeBlock (D:\Desktop\AI-Based-Quality-Check-On-Project-Code-And-Architecture\frontend\node_modules\jest-circus\build\jestAdapterInit.js:862:11)
    at _runTestsForDescribeBlock (D:\Desktop\AI-Based-Quality-Check-On-Project-Code-And-Architecture\frontend\node_modules\jest-circus\build\jestAdapterInit.js:857:11)
    at _runTestsForDescribeBlock (D:\Desktop\AI-Based-Quality-Check-On-Project-Code-And-Architecture\frontend\node_modules\jest-circus\build\jestAdapterInit.js:857:11)
    at run (D:\Desktop\AI-Based-Quality-Check-On-Project-Code-And-Architecture\frontend\node_modules\jest-circus\build\jestAdapterInit.js:761:3)
    at runAndTransformResultsToJestFormat (D:\Desktop\AI-Based-Quality-Check-On-Project-Code-And-Architecture\frontend\node_modules\jest-circus\build\jestAdapterInit.js:1918:21)
    at jestAdapter (D:\Desktop\AI-Based-Quality-Check-On-Project-Code-And-Architecture\frontend\node_modules\jest-circus\build\runner.js:101:19)
    at runTestInternal (D:\Desktop\AI-Based-Quality-Check-On-Project-Code-And-Architecture\frontend\node_modules\jest-runner\build\index.js:275:16)
    at runTest (D:\Desktop\AI-Based-Quality-Check-On-Project-Code-And-Architecture\frontend\node_modules\jest-runner\build\index.js:343:7)</failure>
      <failure>Error: Persistent failure
    at Object.&lt;anonymous&gt; (D:\Desktop\AI-Based-Quality-Check-On-Project-Code-And-Architecture\frontend\src\utils\__tests__\retryWithBackoff.test.ts:59:21)
    at Promise.finally.completed (D:\Desktop\AI-Based-Quality-Check-On-Project-Code-And-Architecture\frontend\node_modules\jest-circus\build\jestAdapterInit.js:1557:28)
    at new Promise (&lt;anonymous&gt;)
    at callAsyncCircusFn (D:\Desktop\AI-Based-Quality-Check-On-Project-Code-And-Architecture\frontend\node_modules\jest-circus\build\jestAdapterInit.js:1497:10)
    at _callCircusTest (D:\Desktop\AI-Based-Quality-Check-On-Project-Code-And-Architecture\frontend\node_modules\jest-circus\build\jestAdapterInit.js:1007:40)
    at _runTest (D:\Desktop\AI-Based-Quality-Check-On-Project-Code-And-Architecture\frontend\node_modules\jest-circus\build\jestAdapterInit.js:947:3)
    at D:\Desktop\AI-Based-Quality-Check-On-Project-Code-And-Architecture\frontend\node_modules\jest-circus\build\jestAdapterInit.js:849:7
    at _runTestsForDescribeBlock (D:\Desktop\AI-Based-Quality-Check-On-Project-Code-And-Architecture\frontend\node_modules\jest-circus\build\jestAdapterInit.js:862:11)
    at _runTestsForDescribeBlock (D:\Desktop\AI-Based-Quality-Check-On-Project-Code-And-Architecture\frontend\node_modules\jest-circus\build\jestAdapterInit.js:857:11)
    at _runTestsForDescribeBlock (D:\Desktop\AI-Based-Quality-Check-On-Project-Code-And-Architecture\frontend\node_modules\jest-circus\build\jestAdapterInit.js:857:11)
    at run (D:\Desktop\AI-Based-Quality-Check-On-Project-Code-And-Architecture\frontend\node_modules\jest-circus\build\jestAdapterInit.js:761:3)
    at runAndTransformResultsToJestFormat (D:\Desktop\AI-Based-Quality-Check-On-Project-Code-And-Architecture\frontend\node_modules\jest-circus\build\jestAdapterInit.js:1918:21)
    at jestAdapter (D:\Desktop\AI-Based-Quality-Check-On-Project-Code-And-Architecture\frontend\node_modules\jest-circus\build\runner.js:101:19)
    at runTestInternal (D:\Desktop\AI-Based-Quality-Check-On-Project-Code-And-Architecture\frontend\node_modules\jest-runner\build\index.js:275:16)
    at runTest (D:\Desktop\AI-Based-Quality-Check-On-Project-Code-And-Architecture\frontend\node_modules\jest-runner\build\index.js:343:7)</failure>
    </testcase>
    <testcase classname="retryWithBackoff › 失败场景" name="should not retry when shouldRetry returns false" time="0.006">
      <failure>Error: Do not retry
    at Object.&lt;anonymous&gt; (D:\Desktop\AI-Based-Quality-Check-On-Project-Code-And-Architecture\frontend\src\utils\__tests__\retryWithBackoff.test.ts:81:21)
    at Promise.finally.completed (D:\Desktop\AI-Based-Quality-Check-On-Project-Code-And-Architecture\frontend\node_modules\jest-circus\build\jestAdapterInit.js:1557:28)
    at new Promise (&lt;anonymous&gt;)
    at callAsyncCircusFn (D:\Desktop\AI-Based-Quality-Check-On-Project-Code-And-Architecture\frontend\node_modules\jest-circus\build\jestAdapterInit.js:1497:10)
    at _callCircusTest (D:\Desktop\AI-Based-Quality-Check-On-Project-Code-And-Architecture\frontend\node_modules\jest-circus\build\jestAdapterInit.js:1007:40)
    at _runTest (D:\Desktop\AI-Based-Quality-Check-On-Project-Code-And-Architecture\frontend\node_modules\jest-circus\build\jestAdapterInit.js:947:3)
    at D:\Desktop\AI-Based-Quality-Check-On-Project-Code-And-Architecture\frontend\node_modules\jest-circus\build\jestAdapterInit.js:849:7
    at _runTestsForDescribeBlock (D:\Desktop\AI-Based-Quality-Check-On-Project-Code-And-Architecture\frontend\node_modules\jest-circus\build\jestAdapterInit.js:862:11)
    at _runTestsForDescribeBlock (D:\Desktop\AI-Based-Quality-Check-On-Project-Code-And-Architecture\frontend\node_modules\jest-circus\build\jestAdapterInit.js:857:11)
    at _runTestsForDescribeBlock (D:\Desktop\AI-Based-Quality-Check-On-Project-Code-And-Architecture\frontend\node_modules\jest-circus\build\jestAdapterInit.js:857:11)
    at run (D:\Desktop\AI-Based-Quality-Check-On-Project-Code-And-Architecture\frontend\node_modules\jest-circus\build\jestAdapterInit.js:761:3)
    at runAndTransformResultsToJestFormat (D:\Desktop\AI-Based-Quality-Check-On-Project-Code-And-Architecture\frontend\node_modules\jest-circus\build\jestAdapterInit.js:1918:21)
    at jestAdapter (D:\Desktop\AI-Based-Quality-Check-On-Project-Code-And-Architecture\frontend\node_modules\jest-circus\build\runner.js:101:19)
    at runTestInternal (D:\Desktop\AI-Based-Quality-Check-On-Project-Code-And-Architecture\frontend\node_modules\jest-runner\build\index.js:275:16)
    at runTest (D:\Desktop\AI-Based-Quality-Check-On-Project-Code-And-Architecture\frontend\node_modules\jest-runner\build\index.js:343:7)</failure>
      <failure>Error: Do not retry
    at Object.&lt;anonymous&gt; (D:\Desktop\AI-Based-Quality-Check-On-Project-Code-And-Architecture\frontend\src\utils\__tests__\retryWithBackoff.test.ts:81:21)
    at Promise.finally.completed (D:\Desktop\AI-Based-Quality-Check-On-Project-Code-And-Architecture\frontend\node_modules\jest-circus\build\jestAdapterInit.js:1557:28)
    at new Promise (&lt;anonymous&gt;)
    at callAsyncCircusFn (D:\Desktop\AI-Based-Quality-Check-On-Project-Code-And-Architecture\frontend\node_modules\jest-circus\build\jestAdapterInit.js:1497:10)
    at _callCircusTest (D:\Desktop\AI-Based-Quality-Check-On-Project-Code-And-Architecture\frontend\node_modules\jest-circus\build\jestAdapterInit.js:1007:40)
    at _runTest (D:\Desktop\AI-Based-Quality-Check-On-Project-Code-And-Architecture\frontend\node_modules\jest-circus\build\jestAdapterInit.js:947:3)
    at D:\Desktop\AI-Based-Quality-Check-On-Project-Code-And-Architecture\frontend\node_modules\jest-circus\build\jestAdapterInit.js:849:7
    at _runTestsForDescribeBlock (D:\Desktop\AI-Based-Quality-Check-On-Project-Code-And-Architecture\frontend\node_modules\jest-circus\build\jestAdapterInit.js:862:11)
    at _runTestsForDescribeBlock (D:\Desktop\AI-Based-Quality-Check-On-Project-Code-And-Architecture\frontend\node_modules\jest-circus\build\jestAdapterInit.js:857:11)
    at _runTestsForDescribeBlock (D:\Desktop\AI-Based-Quality-Check-On-Project-Code-And-Architecture\frontend\node_modules\jest-circus\build\jestAdapterInit.js:857:11)
    at run (D:\Desktop\AI-Based-Quality-Check-On-Project-Code-And-Architecture\frontend\node_modules\jest-circus\build\jestAdapterInit.js:761:3)
    at runAndTransformResultsToJestFormat (D:\Desktop\AI-Based-Quality-Check-On-Project-Code-And-Architecture\frontend\node_modules\jest-circus\build\jestAdapterInit.js:1918:21)
    at jestAdapter (D:\Desktop\AI-Based-Quality-Check-On-Project-Code-And-Architecture\frontend\node_modules\jest-circus\build\runner.js:101:19)
    at runTestInternal (D:\Desktop\AI-Based-Quality-Check-On-Project-Code-And-Architecture\frontend\node_modules\jest-runner\build\index.js:275:16)
    at runTest (D:\Desktop\AI-Based-Quality-Check-On-Project-Code-And-Architecture\frontend\node_modules\jest-runner\build\index.js:343:7)</failure>
      <failure>Error: Do not retry
    at Object.&lt;anonymous&gt; (D:\Desktop\AI-Based-Quality-Check-On-Project-Code-And-Architecture\frontend\src\utils\__tests__\retryWithBackoff.test.ts:81:21)
    at Promise.finally.completed (D:\Desktop\AI-Based-Quality-Check-On-Project-Code-And-Architecture\frontend\node_modules\jest-circus\build\jestAdapterInit.js:1557:28)
    at new Promise (&lt;anonymous&gt;)
    at callAsyncCircusFn (D:\Desktop\AI-Based-Quality-Check-On-Project-Code-And-Architecture\frontend\node_modules\jest-circus\build\jestAdapterInit.js:1497:10)
    at _callCircusTest (D:\Desktop\AI-Based-Quality-Check-On-Project-Code-And-Architecture\frontend\node_modules\jest-circus\build\jestAdapterInit.js:1007:40)
    at _runTest (D:\Desktop\AI-Based-Quality-Check-On-Project-Code-And-Architecture\frontend\node_modules\jest-circus\build\jestAdapterInit.js:947:3)
    at D:\Desktop\AI-Based-Quality-Check-On-Project-Code-And-Architecture\frontend\node_modules\jest-circus\build\jestAdapterInit.js:849:7
    at _runTestsForDescribeBlock (D:\Desktop\AI-Based-Quality-Check-On-Project-Code-And-Architecture\frontend\node_modules\jest-circus\build\jestAdapterInit.js:862:11)
    at _runTestsForDescribeBlock (D:\Desktop\AI-Based-Quality-Check-On-Project-Code-And-Architecture\frontend\node_modules\jest-circus\build\jestAdapterInit.js:857:11)
    at _runTestsForDescribeBlock (D:\Desktop\AI-Based-Quality-Check-On-Project-Code-And-Architecture\frontend\node_modules\jest-circus\build\jestAdapterInit.js:857:11)
    at run (D:\Desktop\AI-Based-Quality-Check-On-Project-Code-And-Architecture\frontend\node_modules\jest-circus\build\jestAdapterInit.js:761:3)
    at runAndTransformResultsToJestFormat (D:\Desktop\AI-Based-Quality-Check-On-Project-Code-And-Architecture\frontend\node_modules\jest-circus\build\jestAdapterInit.js:1918:21)
    at jestAdapter (D:\Desktop\AI-Based-Quality-Check-On-Project-Code-And-Architecture\frontend\node_modules\jest-circus\build\runner.js:101:19)
    at runTestInternal (D:\Desktop\AI-Based-Quality-Check-On-Project-Code-And-Architecture\frontend\node_modules\jest-runner\build\index.js:275:16)
    at runTest (D:\Desktop\AI-Based-Quality-Check-On-Project-Code-And-Architecture\frontend\node_modules\jest-runner\build\index.js:343:7)</failure>
    </testcase>
    <testcase classname="retryWithBackoff › 失败场景" name="should not retry 4xx client errors" time="0.028">
      <failure>Error: Bad Request
    at Object.&lt;anonymous&gt; (D:\Desktop\AI-Based-Quality-Check-On-Project-Code-And-Architecture\frontend\src\utils\__tests__\retryWithBackoff.test.ts:103:26)
    at Promise.finally.completed (D:\Desktop\AI-Based-Quality-Check-On-Project-Code-And-Architecture\frontend\node_modules\jest-circus\build\jestAdapterInit.js:1557:28)
    at new Promise (&lt;anonymous&gt;)
    at callAsyncCircusFn (D:\Desktop\AI-Based-Quality-Check-On-Project-Code-And-Architecture\frontend\node_modules\jest-circus\build\jestAdapterInit.js:1497:10)
    at _callCircusTest (D:\Desktop\AI-Based-Quality-Check-On-Project-Code-And-Architecture\frontend\node_modules\jest-circus\build\jestAdapterInit.js:1007:40)
    at _runTest (D:\Desktop\AI-Based-Quality-Check-On-Project-Code-And-Architecture\frontend\node_modules\jest-circus\build\jestAdapterInit.js:947:3)
    at D:\Desktop\AI-Based-Quality-Check-On-Project-Code-And-Architecture\frontend\node_modules\jest-circus\build\jestAdapterInit.js:849:7
    at _runTestsForDescribeBlock (D:\Desktop\AI-Based-Quality-Check-On-Project-Code-And-Architecture\frontend\node_modules\jest-circus\build\jestAdapterInit.js:862:11)
    at _runTestsForDescribeBlock (D:\Desktop\AI-Based-Quality-Check-On-Project-Code-And-Architecture\frontend\node_modules\jest-circus\build\jestAdapterInit.js:857:11)
    at _runTestsForDescribeBlock (D:\Desktop\AI-Based-Quality-Check-On-Project-Code-And-Architecture\frontend\node_modules\jest-circus\build\jestAdapterInit.js:857:11)
    at run (D:\Desktop\AI-Based-Quality-Check-On-Project-Code-And-Architecture\frontend\node_modules\jest-circus\build\jestAdapterInit.js:761:3)
    at runAndTransformResultsToJestFormat (D:\Desktop\AI-Based-Quality-Check-On-Project-Code-And-Architecture\frontend\node_modules\jest-circus\build\jestAdapterInit.js:1918:21)
    at jestAdapter (D:\Desktop\AI-Based-Quality-Check-On-Project-Code-And-Architecture\frontend\node_modules\jest-circus\build\runner.js:101:19)
    at runTestInternal (D:\Desktop\AI-Based-Quality-Check-On-Project-Code-And-Architecture\frontend\node_modules\jest-runner\build\index.js:275:16)
    at runTest (D:\Desktop\AI-Based-Quality-Check-On-Project-Code-And-Architecture\frontend\node_modules\jest-runner\build\index.js:343:7)</failure>
      <failure>Error: Bad Request
    at Object.&lt;anonymous&gt; (D:\Desktop\AI-Based-Quality-Check-On-Project-Code-And-Architecture\frontend\src\utils\__tests__\retryWithBackoff.test.ts:103:26)
    at Promise.finally.completed (D:\Desktop\AI-Based-Quality-Check-On-Project-Code-And-Architecture\frontend\node_modules\jest-circus\build\jestAdapterInit.js:1557:28)
    at new Promise (&lt;anonymous&gt;)
    at callAsyncCircusFn (D:\Desktop\AI-Based-Quality-Check-On-Project-Code-And-Architecture\frontend\node_modules\jest-circus\build\jestAdapterInit.js:1497:10)
    at _callCircusTest (D:\Desktop\AI-Based-Quality-Check-On-Project-Code-And-Architecture\frontend\node_modules\jest-circus\build\jestAdapterInit.js:1007:40)
    at _runTest (D:\Desktop\AI-Based-Quality-Check-On-Project-Code-And-Architecture\frontend\node_modules\jest-circus\build\jestAdapterInit.js:947:3)
    at D:\Desktop\AI-Based-Quality-Check-On-Project-Code-And-Architecture\frontend\node_modules\jest-circus\build\jestAdapterInit.js:849:7
    at _runTestsForDescribeBlock (D:\Desktop\AI-Based-Quality-Check-On-Project-Code-And-Architecture\frontend\node_modules\jest-circus\build\jestAdapterInit.js:862:11)
    at _runTestsForDescribeBlock (D:\Desktop\AI-Based-Quality-Check-On-Project-Code-And-Architecture\frontend\node_modules\jest-circus\build\jestAdapterInit.js:857:11)
    at _runTestsForDescribeBlock (D:\Desktop\AI-Based-Quality-Check-On-Project-Code-And-Architecture\frontend\node_modules\jest-circus\build\jestAdapterInit.js:857:11)
    at run (D:\Desktop\AI-Based-Quality-Check-On-Project-Code-And-Architecture\frontend\node_modules\jest-circus\build\jestAdapterInit.js:761:3)
    at runAndTransformResultsToJestFormat (D:\Desktop\AI-Based-Quality-Check-On-Project-Code-And-Architecture\frontend\node_modules\jest-circus\build\jestAdapterInit.js:1918:21)
    at jestAdapter (D:\Desktop\AI-Based-Quality-Check-On-Project-Code-And-Architecture\frontend\node_modules\jest-circus\build\runner.js:101:19)
    at runTestInternal (D:\Desktop\AI-Based-Quality-Check-On-Project-Code-And-Architecture\frontend\node_modules\jest-runner\build\index.js:275:16)
    at runTest (D:\Desktop\AI-Based-Quality-Check-On-Project-Code-And-Architecture\frontend\node_modules\jest-runner\build\index.js:343:7)</failure>
      <failure>Error: Bad Request
    at Object.&lt;anonymous&gt; (D:\Desktop\AI-Based-Quality-Check-On-Project-Code-And-Architecture\frontend\src\utils\__tests__\retryWithBackoff.test.ts:103:26)
    at Promise.finally.completed (D:\Desktop\AI-Based-Quality-Check-On-Project-Code-And-Architecture\frontend\node_modules\jest-circus\build\jestAdapterInit.js:1557:28)
    at new Promise (&lt;anonymous&gt;)
    at callAsyncCircusFn (D:\Desktop\AI-Based-Quality-Check-On-Project-Code-And-Architecture\frontend\node_modules\jest-circus\build\jestAdapterInit.js:1497:10)
    at _callCircusTest (D:\Desktop\AI-Based-Quality-Check-On-Project-Code-And-Architecture\frontend\node_modules\jest-circus\build\jestAdapterInit.js:1007:40)
    at _runTest (D:\Desktop\AI-Based-Quality-Check-On-Project-Code-And-Architecture\frontend\node_modules\jest-circus\build\jestAdapterInit.js:947:3)
    at D:\Desktop\AI-Based-Quality-Check-On-Project-Code-And-Architecture\frontend\node_modules\jest-circus\build\jestAdapterInit.js:849:7
    at _runTestsForDescribeBlock (D:\Desktop\AI-Based-Quality-Check-On-Project-Code-And-Architecture\frontend\node_modules\jest-circus\build\jestAdapterInit.js:862:11)
    at _runTestsForDescribeBlock (D:\Desktop\AI-Based-Quality-Check-On-Project-Code-And-Architecture\frontend\node_modules\jest-circus\build\jestAdapterInit.js:857:11)
    at _runTestsForDescribeBlock (D:\Desktop\AI-Based-Quality-Check-On-Project-Code-And-Architecture\frontend\node_modules\jest-circus\build\jestAdapterInit.js:857:11)
    at run (D:\Desktop\AI-Based-Quality-Check-On-Project-Code-And-Architecture\frontend\node_modules\jest-circus\build\jestAdapterInit.js:761:3)
    at runAndTransformResultsToJestFormat (D:\Desktop\AI-Based-Quality-Check-On-Project-Code-And-Architecture\frontend\node_modules\jest-circus\build\jestAdapterInit.js:1918:21)
    at jestAdapter (D:\Desktop\AI-Based-Quality-Check-On-Project-Code-And-Architecture\frontend\node_modules\jest-circus\build\runner.js:101:19)
    at runTestInternal (D:\Desktop\AI-Based-Quality-Check-On-Project-Code-And-Architecture\frontend\node_modules\jest-runner\build\index.js:275:16)
    at runTest (D:\Desktop\AI-Based-Quality-Check-On-Project-Code-And-Architecture\frontend\node_modules\jest-runner\build\index.js:343:7)</failure>
    </testcase>
    <testcase classname="retryWithBackoff › 重试策略" name="should retry 5xx server errors" time="0.032">
    </testcase>
    <testcase classname="retryWithBackoff › 重试策略" name="should retry 429 Too Many Requests" time="0.03">
    </testcase>
    <testcase classname="retryWithBackoff › 重试策略" name="should retry network errors" time="0.031">
    </testcase>
    <testcase classname="retryWithBackoff › 延迟计算" name="should use exponential backoff delays" time="0.061">
    </testcase>
    <testcase classname="retryWithBackoff › 延迟计算" name="should respect maxDelay" time="0.031">
    </testcase>
    <testcase classname="retryWithBackoff › createRetryFunction" name="should create a pre-configured retry function" time="0.031">
    </testcase>
    <testcase classname="retryWithBackoff › DEFAULT_API_RETRY_OPTIONS" name="should have correct default values" time="0.008">
    </testcase>
    <testcase classname="retryWithBackoff › retryTaskWithExactDelays" name="should use exact delays for task retries" time="0.039">
    </testcase>
    <testcase classname="retryWithBackoff › retryTaskWithExactDelays" name="should throw after all delays exhausted" time="0.031">
      <failure>Error: Persistent task failure
    at Object.&lt;anonymous&gt; (D:\Desktop\AI-Based-Quality-Check-On-Project-Code-And-Architecture\frontend\src\utils\__tests__\retryWithBackoff.test.ts:330:21)
    at Promise.finally.completed (D:\Desktop\AI-Based-Quality-Check-On-Project-Code-And-Architecture\frontend\node_modules\jest-circus\build\jestAdapterInit.js:1557:28)
    at new Promise (&lt;anonymous&gt;)
    at callAsyncCircusFn (D:\Desktop\AI-Based-Quality-Check-On-Project-Code-And-Architecture\frontend\node_modules\jest-circus\build\jestAdapterInit.js:1497:10)
    at _callCircusTest (D:\Desktop\AI-Based-Quality-Check-On-Project-Code-And-Architecture\frontend\node_modules\jest-circus\build\jestAdapterInit.js:1007:40)
    at _runTest (D:\Desktop\AI-Based-Quality-Check-On-Project-Code-And-Architecture\frontend\node_modules\jest-circus\build\jestAdapterInit.js:947:3)
    at D:\Desktop\AI-Based-Quality-Check-On-Project-Code-And-Architecture\frontend\node_modules\jest-circus\build\jestAdapterInit.js:849:7
    at _runTestsForDescribeBlock (D:\Desktop\AI-Based-Quality-Check-On-Project-Code-And-Architecture\frontend\node_modules\jest-circus\build\jestAdapterInit.js:862:11)
    at _runTestsForDescribeBlock (D:\Desktop\AI-Based-Quality-Check-On-Project-Code-And-Architecture\frontend\node_modules\jest-circus\build\jestAdapterInit.js:857:11)
    at _runTestsForDescribeBlock (D:\Desktop\AI-Based-Quality-Check-On-Project-Code-And-Architecture\frontend\node_modules\jest-circus\build\jestAdapterInit.js:857:11)
    at run (D:\Desktop\AI-Based-Quality-Check-On-Project-Code-And-Architecture\frontend\node_modules\jest-circus\build\jestAdapterInit.js:761:3)
    at runAndTransformResultsToJestFormat (D:\Desktop\AI-Based-Quality-Check-On-Project-Code-And-Architecture\frontend\node_modules\jest-circus\build\jestAdapterInit.js:1918:21)
    at jestAdapter (D:\Desktop\AI-Based-Quality-Check-On-Project-Code-And-Architecture\frontend\node_modules\jest-circus\build\runner.js:101:19)
    at runTestInternal (D:\Desktop\AI-Based-Quality-Check-On-Project-Code-And-Architecture\frontend\node_modules\jest-runner\build\index.js:275:16)
    at runTest (D:\Desktop\AI-Based-Quality-Check-On-Project-Code-And-Architecture\frontend\node_modules\jest-runner\build\index.js:343:7)</failure>
      <failure>Error: Persistent task failure
    at Object.&lt;anonymous&gt; (D:\Desktop\AI-Based-Quality-Check-On-Project-Code-And-Architecture\frontend\src\utils\__tests__\retryWithBackoff.test.ts:330:21)
    at Promise.finally.completed (D:\Desktop\AI-Based-Quality-Check-On-Project-Code-And-Architecture\frontend\node_modules\jest-circus\build\jestAdapterInit.js:1557:28)
    at new Promise (&lt;anonymous&gt;)
    at callAsyncCircusFn (D:\Desktop\AI-Based-Quality-Check-On-Project-Code-And-Architecture\frontend\node_modules\jest-circus\build\jestAdapterInit.js:1497:10)
    at _callCircusTest (D:\Desktop\AI-Based-Quality-Check-On-Project-Code-And-Architecture\frontend\node_modules\jest-circus\build\jestAdapterInit.js:1007:40)
    at _runTest (D:\Desktop\AI-Based-Quality-Check-On-Project-Code-And-Architecture\frontend\node_modules\jest-circus\build\jestAdapterInit.js:947:3)
    at D:\Desktop\AI-Based-Quality-Check-On-Project-Code-And-Architecture\frontend\node_modules\jest-circus\build\jestAdapterInit.js:849:7
    at _runTestsForDescribeBlock (D:\Desktop\AI-Based-Quality-Check-On-Project-Code-And-Architecture\frontend\node_modules\jest-circus\build\jestAdapterInit.js:862:11)
    at _runTestsForDescribeBlock (D:\Desktop\AI-Based-Quality-Check-On-Project-Code-And-Architecture\frontend\node_modules\jest-circus\build\jestAdapterInit.js:857:11)
    at _runTestsForDescribeBlock (D:\Desktop\AI-Based-Quality-Check-On-Project-Code-And-Architecture\frontend\node_modules\jest-circus\build\jestAdapterInit.js:857:11)
    at run (D:\Desktop\AI-Based-Quality-Check-On-Project-Code-And-Architecture\frontend\node_modules\jest-circus\build\jestAdapterInit.js:761:3)
    at runAndTransformResultsToJestFormat (D:\Desktop\AI-Based-Quality-Check-On-Project-Code-And-Architecture\frontend\node_modules\jest-circus\build\jestAdapterInit.js:1918:21)
    at jestAdapter (D:\Desktop\AI-Based-Quality-Check-On-Project-Code-And-Architecture\frontend\node_modules\jest-circus\build\runner.js:101:19)
    at runTestInternal (D:\Desktop\AI-Based-Quality-Check-On-Project-Code-And-Architecture\frontend\node_modules\jest-runner\build\index.js:275:16)
    at runTest (D:\Desktop\AI-Based-Quality-Check-On-Project-Code-And-Architecture\frontend\node_modules\jest-runner\build\index.js:343:7)</failure>
      <failure>Error: Persistent task failure
    at Object.&lt;anonymous&gt; (D:\Desktop\AI-Based-Quality-Check-On-Project-Code-And-Architecture\frontend\src\utils\__tests__\retryWithBackoff.test.ts:330:21)
    at Promise.finally.completed (D:\Desktop\AI-Based-Quality-Check-On-Project-Code-And-Architecture\frontend\node_modules\jest-circus\build\jestAdapterInit.js:1557:28)
    at new Promise (&lt;anonymous&gt;)
    at callAsyncCircusFn (D:\Desktop\AI-Based-Quality-Check-On-Project-Code-And-Architecture\frontend\node_modules\jest-circus\build\jestAdapterInit.js:1497:10)
    at _callCircusTest (D:\Desktop\AI-Based-Quality-Check-On-Project-Code-And-Architecture\frontend\node_modules\jest-circus\build\jestAdapterInit.js:1007:40)
    at _runTest (D:\Desktop\AI-Based-Quality-Check-On-Project-Code-And-Architecture\frontend\node_modules\jest-circus\build\jestAdapterInit.js:947:3)
    at D:\Desktop\AI-Based-Quality-Check-On-Project-Code-And-Architecture\frontend\node_modules\jest-circus\build\jestAdapterInit.js:849:7
    at _runTestsForDescribeBlock (D:\Desktop\AI-Based-Quality-Check-On-Project-Code-And-Architecture\frontend\node_modules\jest-circus\build\jestAdapterInit.js:862:11)
    at _runTestsForDescribeBlock (D:\Desktop\AI-Based-Quality-Check-On-Project-Code-And-Architecture\frontend\node_modules\jest-circus\build\jestAdapterInit.js:857:11)
    at _runTestsForDescribeBlock (D:\Desktop\AI-Based-Quality-Check-On-Project-Code-And-Architecture\frontend\node_modules\jest-circus\build\jestAdapterInit.js:857:11)
    at run (D:\Desktop\AI-Based-Quality-Check-On-Project-Code-And-Architecture\frontend\node_modules\jest-circus\build\jestAdapterInit.js:761:3)
    at runAndTransformResultsToJestFormat (D:\Desktop\AI-Based-Quality-Check-On-Project-Code-And-Architecture\frontend\node_modules\jest-circus\build\jestAdapterInit.js:1918:21)
    at jestAdapter (D:\Desktop\AI-Based-Quality-Check-On-Project-Code-And-Architecture\frontend\node_modules\jest-circus\build\runner.js:101:19)
    at runTestInternal (D:\Desktop\AI-Based-Quality-Check-On-Project-Code-And-Architecture\frontend\node_modules\jest-runner\build\index.js:275:16)
    at runTest (D:\Desktop\AI-Based-Quality-Check-On-Project-Code-And-Architecture\frontend\node_modules\jest-runner\build\index.js:343:7)</failure>
    </testcase>
    <testcase classname="retryWithBackoff › 边缘情况" name="should handle maxRetries = 0" time="0.013">
      <failure>Error: No retries
    at Object.&lt;anonymous&gt; (D:\Desktop\AI-Based-Quality-Check-On-Project-Code-And-Architecture\frontend\src\utils\__tests__\retryWithBackoff.test.ts:348:21)
    at Promise.finally.completed (D:\Desktop\AI-Based-Quality-Check-On-Project-Code-And-Architecture\frontend\node_modules\jest-circus\build\jestAdapterInit.js:1557:28)
    at new Promise (&lt;anonymous&gt;)
    at callAsyncCircusFn (D:\Desktop\AI-Based-Quality-Check-On-Project-Code-And-Architecture\frontend\node_modules\jest-circus\build\jestAdapterInit.js:1497:10)
    at _callCircusTest (D:\Desktop\AI-Based-Quality-Check-On-Project-Code-And-Architecture\frontend\node_modules\jest-circus\build\jestAdapterInit.js:1007:40)
    at _runTest (D:\Desktop\AI-Based-Quality-Check-On-Project-Code-And-Architecture\frontend\node_modules\jest-circus\build\jestAdapterInit.js:947:3)
    at D:\Desktop\AI-Based-Quality-Check-On-Project-Code-And-Architecture\frontend\node_modules\jest-circus\build\jestAdapterInit.js:849:7
    at _runTestsForDescribeBlock (D:\Desktop\AI-Based-Quality-Check-On-Project-Code-And-Architecture\frontend\node_modules\jest-circus\build\jestAdapterInit.js:862:11)
    at _runTestsForDescribeBlock (D:\Desktop\AI-Based-Quality-Check-On-Project-Code-And-Architecture\frontend\node_modules\jest-circus\build\jestAdapterInit.js:857:11)
    at _runTestsForDescribeBlock (D:\Desktop\AI-Based-Quality-Check-On-Project-Code-And-Architecture\frontend\node_modules\jest-circus\build\jestAdapterInit.js:857:11)
    at run (D:\Desktop\AI-Based-Quality-Check-On-Project-Code-And-Architecture\frontend\node_modules\jest-circus\build\jestAdapterInit.js:761:3)
    at runAndTransformResultsToJestFormat (D:\Desktop\AI-Based-Quality-Check-On-Project-Code-And-Architecture\frontend\node_modules\jest-circus\build\jestAdapterInit.js:1918:21)
    at jestAdapter (D:\Desktop\AI-Based-Quality-Check-On-Project-Code-And-Architecture\frontend\node_modules\jest-circus\build\runner.js:101:19)
    at runTestInternal (D:\Desktop\AI-Based-Quality-Check-On-Project-Code-And-Architecture\frontend\node_modules\jest-runner\build\index.js:275:16)
    at runTest (D:\Desktop\AI-Based-Quality-Check-On-Project-Code-And-Architecture\frontend\node_modules\jest-runner\build\index.js:343:7)</failure>
      <failure>Error: No retries
    at Object.&lt;anonymous&gt; (D:\Desktop\AI-Based-Quality-Check-On-Project-Code-And-Architecture\frontend\src\utils\__tests__\retryWithBackoff.test.ts:348:21)
    at Promise.finally.completed (D:\Desktop\AI-Based-Quality-Check-On-Project-Code-And-Architecture\frontend\node_modules\jest-circus\build\jestAdapterInit.js:1557:28)
    at new Promise (&lt;anonymous&gt;)
    at callAsyncCircusFn (D:\Desktop\AI-Based-Quality-Check-On-Project-Code-And-Architecture\frontend\node_modules\jest-circus\build\jestAdapterInit.js:1497:10)
    at _callCircusTest (D:\Desktop\AI-Based-Quality-Check-On-Project-Code-And-Architecture\frontend\node_modules\jest-circus\build\jestAdapterInit.js:1007:40)
    at _runTest (D:\Desktop\AI-Based-Quality-Check-On-Project-Code-And-Architecture\frontend\node_modules\jest-circus\build\jestAdapterInit.js:947:3)
    at D:\Desktop\AI-Based-Quality-Check-On-Project-Code-And-Architecture\frontend\node_modules\jest-circus\build\jestAdapterInit.js:849:7
    at _runTestsForDescribeBlock (D:\Desktop\AI-Based-Quality-Check-On-Project-Code-And-Architecture\frontend\node_modules\jest-circus\build\jestAdapterInit.js:862:11)
    at _runTestsForDescribeBlock (D:\Desktop\AI-Based-Quality-Check-On-Project-Code-And-Architecture\frontend\node_modules\jest-circus\build\jestAdapterInit.js:857:11)
    at _runTestsForDescribeBlock (D:\Desktop\AI-Based-Quality-Check-On-Project-Code-And-Architecture\frontend\node_modules\jest-circus\build\jestAdapterInit.js:857:11)
    at run (D:\Desktop\AI-Based-Quality-Check-On-Project-Code-And-Architecture\frontend\node_modules\jest-circus\build\jestAdapterInit.js:761:3)
    at runAndTransformResultsToJestFormat (D:\Desktop\AI-Based-Quality-Check-On-Project-Code-And-Architecture\frontend\node_modules\jest-circus\build\jestAdapterInit.js:1918:21)
    at jestAdapter (D:\Desktop\AI-Based-Quality-Check-On-Project-Code-And-Architecture\frontend\node_modules\jest-circus\build\runner.js:101:19)
    at runTestInternal (D:\Desktop\AI-Based-Quality-Check-On-Project-Code-And-Architecture\frontend\node_modules\jest-runner\build\index.js:275:16)
    at runTest (D:\Desktop\AI-Based-Quality-Check-On-Project-Code-And-Architecture\frontend\node_modules\jest-runner\build\index.js:343:7)</failure>
      <failure>Error: No retries
    at Object.&lt;anonymous&gt; (D:\Desktop\AI-Based-Quality-Check-On-Project-Code-And-Architecture\frontend\src\utils\__tests__\retryWithBackoff.test.ts:348:21)
    at Promise.finally.completed (D:\Desktop\AI-Based-Quality-Check-On-Project-Code-And-Architecture\frontend\node_modules\jest-circus\build\jestAdapterInit.js:1557:28)
    at new Promise (&lt;anonymous&gt;)
    at callAsyncCircusFn (D:\Desktop\AI-Based-Quality-Check-On-Project-Code-And-Architecture\frontend\node_modules\jest-circus\build\jestAdapterInit.js:1497:10)
    at _callCircusTest (D:\Desktop\AI-Based-Quality-Check-On-Project-Code-And-Architecture\frontend\node_modules\jest-circus\build\jestAdapterInit.js:1007:40)
    at _runTest (D:\Desktop\AI-Based-Quality-Check-On-Project-Code-And-Architecture\frontend\node_modules\jest-circus\build\jestAdapterInit.js:947:3)
    at D:\Desktop\AI-Based-Quality-Check-On-Project-Code-And-Architecture\frontend\node_modules\jest-circus\build\jestAdapterInit.js:849:7
    at _runTestsForDescribeBlock (D:\Desktop\AI-Based-Quality-Check-On-Project-Code-And-Architecture\frontend\node_modules\jest-circus\build\jestAdapterInit.js:862:11)
    at _runTestsForDescribeBlock (D:\Desktop\AI-Based-Quality-Check-On-Project-Code-And-Architecture\frontend\node_modules\jest-circus\build\jestAdapterInit.js:857:11)
    at _runTestsForDescribeBlock (D:\Desktop\AI-Based-Quality-Check-On-Project-Code-And-Architecture\frontend\node_modules\jest-circus\build\jestAdapterInit.js:857:11)
    at run (D:\Desktop\AI-Based-Quality-Check-On-Project-Code-And-Architecture\frontend\node_modules\jest-circus\build\jestAdapterInit.js:761:3)
    at runAndTransformResultsToJestFormat (D:\Desktop\AI-Based-Quality-Check-On-Project-Code-And-Architecture\frontend\node_modules\jest-circus\build\jestAdapterInit.js:1918:21)
    at jestAdapter (D:\Desktop\AI-Based-Quality-Check-On-Project-Code-And-Architecture\frontend\node_modules\jest-circus\build\runner.js:101:19)
    at runTestInternal (D:\Desktop\AI-Based-Quality-Check-On-Project-Code-And-Architecture\frontend\node_modules\jest-runner\build\index.js:275:16)
    at runTest (D:\Desktop\AI-Based-Quality-Check-On-Project-Code-And-Architecture\frontend\node_modules\jest-runner\build\index.js:343:7)</failure>
    </testcase>
    <testcase classname="retryWithBackoff › 边缘情况" name="should handle very large factor" time="0.018">
    </testcase>
    <testcase classname="retryWithBackoff › 边缘情况" name="should handle zero initialDelay" time="0.013">
    </testcase>
    <testcase classname="retryWithBackoff › 自定义shouldRetry" name="should use custom retry logic" time="0.032">
    </testcase>
    <testcase classname="retryWithBackoff › 自定义shouldRetry" name="should not retry when custom shouldRetry returns false" time="0.011">
      <failure>Error: Do not retry this
    at Object.&lt;anonymous&gt; (D:\Desktop\AI-Based-Quality-Check-On-Project-Code-And-Architecture\frontend\src\utils\__tests__\retryWithBackoff.test.ts:440:26)
    at Promise.finally.completed (D:\Desktop\AI-Based-Quality-Check-On-Project-Code-And-Architecture\frontend\node_modules\jest-circus\build\jestAdapterInit.js:1557:28)
    at new Promise (&lt;anonymous&gt;)
    at callAsyncCircusFn (D:\Desktop\AI-Based-Quality-Check-On-Project-Code-And-Architecture\frontend\node_modules\jest-circus\build\jestAdapterInit.js:1497:10)
    at _callCircusTest (D:\Desktop\AI-Based-Quality-Check-On-Project-Code-And-Architecture\frontend\node_modules\jest-circus\build\jestAdapterInit.js:1007:40)
    at _runTest (D:\Desktop\AI-Based-Quality-Check-On-Project-Code-And-Architecture\frontend\node_modules\jest-circus\build\jestAdapterInit.js:947:3)
    at D:\Desktop\AI-Based-Quality-Check-On-Project-Code-And-Architecture\frontend\node_modules\jest-circus\build\jestAdapterInit.js:849:7
    at _runTestsForDescribeBlock (D:\Desktop\AI-Based-Quality-Check-On-Project-Code-And-Architecture\frontend\node_modules\jest-circus\build\jestAdapterInit.js:862:11)
    at _runTestsForDescribeBlock (D:\Desktop\AI-Based-Quality-Check-On-Project-Code-And-Architecture\frontend\node_modules\jest-circus\build\jestAdapterInit.js:857:11)
    at _runTestsForDescribeBlock (D:\Desktop\AI-Based-Quality-Check-On-Project-Code-And-Architecture\frontend\node_modules\jest-circus\build\jestAdapterInit.js:857:11)
    at run (D:\Desktop\AI-Based-Quality-Check-On-Project-Code-And-Architecture\frontend\node_modules\jest-circus\build\jestAdapterInit.js:761:3)
    at runAndTransformResultsToJestFormat (D:\Desktop\AI-Based-Quality-Check-On-Project-Code-And-Architecture\frontend\node_modules\jest-circus\build\jestAdapterInit.js:1918:21)
    at jestAdapter (D:\Desktop\AI-Based-Quality-Check-On-Project-Code-And-Architecture\frontend\node_modules\jest-circus\build\runner.js:101:19)
    at runTestInternal (D:\Desktop\AI-Based-Quality-Check-On-Project-Code-And-Architecture\frontend\node_modules\jest-runner\build\index.js:275:16)
    at runTest (D:\Desktop\AI-Based-Quality-Check-On-Project-Code-And-Architecture\frontend\node_modules\jest-runner\build\index.js:343:7)</failure>
      <failure>Error: Do not retry this
    at Object.&lt;anonymous&gt; (D:\Desktop\AI-Based-Quality-Check-On-Project-Code-And-Architecture\frontend\src\utils\__tests__\retryWithBackoff.test.ts:440:26)
    at Promise.finally.completed (D:\Desktop\AI-Based-Quality-Check-On-Project-Code-And-Architecture\frontend\node_modules\jest-circus\build\jestAdapterInit.js:1557:28)
    at new Promise (&lt;anonymous&gt;)
    at callAsyncCircusFn (D:\Desktop\AI-Based-Quality-Check-On-Project-Code-And-Architecture\frontend\node_modules\jest-circus\build\jestAdapterInit.js:1497:10)
    at _callCircusTest (D:\Desktop\AI-Based-Quality-Check-On-Project-Code-And-Architecture\frontend\node_modules\jest-circus\build\jestAdapterInit.js:1007:40)
    at _runTest (D:\Desktop\AI-Based-Quality-Check-On-Project-Code-And-Architecture\frontend\node_modules\jest-circus\build\jestAdapterInit.js:947:3)
    at D:\Desktop\AI-Based-Quality-Check-On-Project-Code-And-Architecture\frontend\node_modules\jest-circus\build\jestAdapterInit.js:849:7
    at _runTestsForDescribeBlock (D:\Desktop\AI-Based-Quality-Check-On-Project-Code-And-Architecture\frontend\node_modules\jest-circus\build\jestAdapterInit.js:862:11)
    at _runTestsForDescribeBlock (D:\Desktop\AI-Based-Quality-Check-On-Project-Code-And-Architecture\frontend\node_modules\jest-circus\build\jestAdapterInit.js:857:11)
    at _runTestsForDescribeBlock (D:\Desktop\AI-Based-Quality-Check-On-Project-Code-And-Architecture\frontend\node_modules\jest-circus\build\jestAdapterInit.js:857:11)
    at run (D:\Desktop\AI-Based-Quality-Check-On-Project-Code-And-Architecture\frontend\node_modules\jest-circus\build\jestAdapterInit.js:761:3)
    at runAndTransformResultsToJestFormat (D:\Desktop\AI-Based-Quality-Check-On-Project-Code-And-Architecture\frontend\node_modules\jest-circus\build\jestAdapterInit.js:1918:21)
    at jestAdapter (D:\Desktop\AI-Based-Quality-Check-On-Project-Code-And-Architecture\frontend\node_modules\jest-circus\build\runner.js:101:19)
    at runTestInternal (D:\Desktop\AI-Based-Quality-Check-On-Project-Code-And-Architecture\frontend\node_modules\jest-runner\build\index.js:275:16)
    at runTest (D:\Desktop\AI-Based-Quality-Check-On-Project-Code-And-Architecture\frontend\node_modules\jest-runner\build\index.js:343:7)</failure>
      <failure>Error: Do not retry this
    at Object.&lt;anonymous&gt; (D:\Desktop\AI-Based-Quality-Check-On-Project-Code-And-Architecture\frontend\src\utils\__tests__\retryWithBackoff.test.ts:440:26)
    at Promise.finally.completed (D:\Desktop\AI-Based-Quality-Check-On-Project-Code-And-Architecture\frontend\node_modules\jest-circus\build\jestAdapterInit.js:1557:28)
    at new Promise (&lt;anonymous&gt;)
    at callAsyncCircusFn (D:\Desktop\AI-Based-Quality-Check-On-Project-Code-And-Architecture\frontend\node_modules\jest-circus\build\jestAdapterInit.js:1497:10)
    at _callCircusTest (D:\Desktop\AI-Based-Quality-Check-On-Project-Code-And-Architecture\frontend\node_modules\jest-circus\build\jestAdapterInit.js:1007:40)
    at _runTest (D:\Desktop\AI-Based-Quality-Check-On-Project-Code-And-Architecture\frontend\node_modules\jest-circus\build\jestAdapterInit.js:947:3)
    at D:\Desktop\AI-Based-Quality-Check-On-Project-Code-And-Architecture\frontend\node_modules\jest-circus\build\jestAdapterInit.js:849:7
    at _runTestsForDescribeBlock (D:\Desktop\AI-Based-Quality-Check-On-Project-Code-And-Architecture\frontend\node_modules\jest-circus\build\jestAdapterInit.js:862:11)
    at _runTestsForDescribeBlock (D:\Desktop\AI-Based-Quality-Check-On-Project-Code-And-Architecture\frontend\node_modules\jest-circus\build\jestAdapterInit.js:857:11)
    at _runTestsForDescribeBlock (D:\Desktop\AI-Based-Quality-Check-On-Project-Code-And-Architecture\frontend\node_modules\jest-circus\build\jestAdapterInit.js:857:11)
    at run (D:\Desktop\AI-Based-Quality-Check-On-Project-Code-And-Architecture\frontend\node_modules\jest-circus\build\jestAdapterInit.js:761:3)
    at runAndTransformResultsToJestFormat (D:\Desktop\AI-Based-Quality-Check-On-Project-Code-And-Architecture\frontend\node_modules\jest-circus\build\jestAdapterInit.js:1918:21)
    at jestAdapter (D:\Desktop\AI-Based-Quality-Check-On-Project-Code-And-Architecture\frontend\node_modules\jest-circus\build\runner.js:101:19)
    at runTestInternal (D:\Desktop\AI-Based-Quality-Check-On-Project-Code-And-Architecture\frontend\node_modules\jest-runner\build\index.js:275:16)
    at runTest (D:\Desktop\AI-Based-Quality-Check-On-Project-Code-And-Architecture\frontend\node_modules\jest-runner\build\index.js:343:7)</failure>
    </testcase>
  </testsuite>
  <testsuite name="Dependency Graph Visualization Accessibility" errors="0" failures="15" skipped="0" timestamp="2026-03-08T07:40:54" time="1.113" tests="15">
    <testcase classname="Dependency Graph Visualization Accessibility" name="should not have any automatically detectable accessibility violations" time="0.01">
      <failure>Error: No QueryClient set, use QueryClientProvider to set one
    at useQueryClient (D:\Desktop\AI-Based-Quality-Check-On-Project-Code-And-Architecture\frontend\node_modules\@tanstack\react-query\src\QueryClientProvider.tsx:18:11)
    at useBaseQuery (D:\Desktop\AI-Based-Quality-Check-On-Project-Code-And-Architecture\frontend\node_modules\@tanstack\react-query\src\useBaseQuery.ts:54:18)
    at useQuery (D:\Desktop\AI-Based-Quality-Check-On-Project-Code-And-Architecture\frontend\node_modules\@tanstack\react-query\src\useQuery.ts:51:10)
    at DependencyGraphVisualization (D:\Desktop\AI-Based-Quality-Check-On-Project-Code-And-Architecture\frontend\src\components\visualizations\DependencyGraphVisualization.tsx:102:15)
    at Object.react_stack_bottom_frame (D:\Desktop\AI-Based-Quality-Check-On-Project-Code-And-Architecture\frontend\node_modules\react-dom\cjs\react-dom-client.development.js:25904:20)
    at renderWithHooks (D:\Desktop\AI-Based-Quality-Check-On-Project-Code-And-Architecture\frontend\node_modules\react-dom\cjs\react-dom-client.development.js:7662:22)
    at updateFunctionComponent (D:\Desktop\AI-Based-Quality-Check-On-Project-Code-And-Architecture\frontend\node_modules\react-dom\cjs\react-dom-client.development.js:10166:19)
    at beginWork (D:\Desktop\AI-Based-Quality-Check-On-Project-Code-And-Architecture\frontend\node_modules\react-dom\cjs\react-dom-client.development.js:11778:18)
    at runWithFiberInDEV (D:\Desktop\AI-Based-Quality-Check-On-Project-Code-And-Architecture\frontend\node_modules\react-dom\cjs\react-dom-client.development.js:874:13)
    at performUnitOfWork (D:\Desktop\AI-Based-Quality-Check-On-Project-Code-And-Architecture\frontend\node_modules\react-dom\cjs\react-dom-client.development.js:17641:22)
    at workLoopSync (D:\Desktop\AI-Based-Quality-Check-On-Project-Code-And-Architecture\frontend\node_modules\react-dom\cjs\react-dom-client.development.js:17469:41)
    at renderRootSync (D:\Desktop\AI-Based-Quality-Check-On-Project-Code-And-Architecture\frontend\node_modules\react-dom\cjs\react-dom-client.development.js:17450:11)
    at performWorkOnRoot (D:\Desktop\AI-Based-Quality-Check-On-Project-Code-And-Architecture\frontend\node_modules\react-dom\cjs\react-dom-client.development.js:16583:35)
    at performWorkOnRootViaSchedulerTask (D:\Desktop\AI-Based-Quality-Check-On-Project-Code-And-Architecture\frontend\node_modules\react-dom\cjs\react-dom-client.development.js:18957:7)
    at flushActQueue (D:\Desktop\AI-Based-Quality-Check-On-Project-Code-And-Architecture\frontend\node_modules\react\cjs\react.development.js:590:34)
    at process.env.NODE_ENV.exports.act (D:\Desktop\AI-Based-Quality-Check-On-Project-Code-And-Architecture\frontend\node_modules\react\cjs\react.development.js:884:10)
    at D:\Desktop\AI-Based-Quality-Check-On-Project-Code-And-Architecture\frontend\node_modules\@testing-library\react\dist\act-compat.js:46:25
    at renderRoot (D:\Desktop\AI-Based-Quality-Check-On-Project-Code-And-Architecture\frontend\node_modules\@testing-library\react\dist\pure.js:189:26)
    at render (D:\Desktop\AI-Based-Quality-Check-On-Project-Code-And-Architecture\frontend\node_modules\@testing-library\react\dist\pure.js:291:10)
    at Object.&lt;anonymous&gt; (D:\Desktop\AI-Based-Quality-Check-On-Project-Code-And-Architecture\frontend\src\components\visualizations\__tests__\accessibility.test.tsx:25:33)
    at Promise.finally.completed (D:\Desktop\AI-Based-Quality-Check-On-Project-Code-And-Architecture\frontend\node_modules\jest-circus\build\jestAdapterInit.js:1557:28)
    at new Promise (&lt;anonymous&gt;)
    at callAsyncCircusFn (D:\Desktop\AI-Based-Quality-Check-On-Project-Code-And-Architecture\frontend\node_modules\jest-circus\build\jestAdapterInit.js:1497:10)
    at _callCircusTest (D:\Desktop\AI-Based-Quality-Check-On-Project-Code-And-Architecture\frontend\node_modules\jest-circus\build\jestAdapterInit.js:1007:40)
    at _runTest (D:\Desktop\AI-Based-Quality-Check-On-Project-Code-And-Architecture\frontend\node_modules\jest-circus\build\jestAdapterInit.js:947:3)
    at D:\Desktop\AI-Based-Quality-Check-On-Project-Code-And-Architecture\frontend\node_modules\jest-circus\build\jestAdapterInit.js:849:7
    at _runTestsForDescribeBlock (D:\Desktop\AI-Based-Quality-Check-On-Project-Code-And-Architecture\frontend\node_modules\jest-circus\build\jestAdapterInit.js:862:11)
    at _runTestsForDescribeBlock (D:\Desktop\AI-Based-Quality-Check-On-Project-Code-And-Architecture\frontend\node_modules\jest-circus\build\jestAdapterInit.js:857:11)
    at run (D:\Desktop\AI-Based-Quality-Check-On-Project-Code-And-Architecture\frontend\node_modules\jest-circus\build\jestAdapterInit.js:761:3)
    at runAndTransformResultsToJestFormat (D:\Desktop\AI-Based-Quality-Check-On-Project-Code-And-Architecture\frontend\node_modules\jest-circus\build\jestAdapterInit.js:1918:21)
    at jestAdapter (D:\Desktop\AI-Based-Quality-Check-On-Project-Code-And-Architecture\frontend\node_modules\jest-circus\build\runner.js:101:19)
    at runTestInternal (D:\Desktop\AI-Based-Quality-Check-On-Project-Code-And-Architecture\frontend\node_modules\jest-runner\build\index.js:275:16)
    at runTest (D:\Desktop\AI-Based-Quality-Check-On-Project-Code-And-Architecture\frontend\node_modules\jest-runner\build\index.js:343:7)</failure>
    </testcase>
    <testcase classname="Dependency Graph Visualization Accessibility" name="should have accessible graph container with proper role" time="0.007">
      <failure>Error: No QueryClient set, use QueryClientProvider to set one
    at useQueryClient (D:\Desktop\AI-Based-Quality-Check-On-Project-Code-And-Architecture\frontend\node_modules\@tanstack\react-query\src\QueryClientProvider.tsx:18:11)
    at useBaseQuery (D:\Desktop\AI-Based-Quality-Check-On-Project-Code-And-Architecture\frontend\node_modules\@tanstack\react-query\src\useBaseQuery.ts:54:18)
    at useQuery (D:\Desktop\AI-Based-Quality-Check-On-Project-Code-And-Architecture\frontend\node_modules\@tanstack\react-query\src\useQuery.ts:51:10)
    at DependencyGraphVisualization (D:\Desktop\AI-Based-Quality-Check-On-Project-Code-And-Architecture\frontend\src\components\visualizations\DependencyGraphVisualization.tsx:102:15)
    at Object.react_stack_bottom_frame (D:\Desktop\AI-Based-Quality-Check-On-Project-Code-And-Architecture\frontend\node_modules\react-dom\cjs\react-dom-client.development.js:25904:20)
    at renderWithHooks (D:\Desktop\AI-Based-Quality-Check-On-Project-Code-And-Architecture\frontend\node_modules\react-dom\cjs\react-dom-client.development.js:7662:22)
    at updateFunctionComponent (D:\Desktop\AI-Based-Quality-Check-On-Project-Code-And-Architecture\frontend\node_modules\react-dom\cjs\react-dom-client.development.js:10166:19)
    at beginWork (D:\Desktop\AI-Based-Quality-Check-On-Project-Code-And-Architecture\frontend\node_modules\react-dom\cjs\react-dom-client.development.js:11778:18)
    at runWithFiberInDEV (D:\Desktop\AI-Based-Quality-Check-On-Project-Code-And-Architecture\frontend\node_modules\react-dom\cjs\react-dom-client.development.js:874:13)
    at performUnitOfWork (D:\Desktop\AI-Based-Quality-Check-On-Project-Code-And-Architecture\frontend\node_modules\react-dom\cjs\react-dom-client.development.js:17641:22)
    at workLoopSync (D:\Desktop\AI-Based-Quality-Check-On-Project-Code-And-Architecture\frontend\node_modules\react-dom\cjs\react-dom-client.development.js:17469:41)
    at renderRootSync (D:\Desktop\AI-Based-Quality-Check-On-Project-Code-And-Architecture\frontend\node_modules\react-dom\cjs\react-dom-client.development.js:17450:11)
    at performWorkOnRoot (D:\Desktop\AI-Based-Quality-Check-On-Project-Code-And-Architecture\frontend\node_modules\react-dom\cjs\react-dom-client.development.js:16583:35)
    at performWorkOnRootViaSchedulerTask (D:\Desktop\AI-Based-Quality-Check-On-Project-Code-And-Architecture\frontend\node_modules\react-dom\cjs\react-dom-client.development.js:18957:7)
    at flushActQueue (D:\Desktop\AI-Based-Quality-Check-On-Project-Code-And-Architecture\frontend\node_modules\react\cjs\react.development.js:590:34)
    at process.env.NODE_ENV.exports.act (D:\Desktop\AI-Based-Quality-Check-On-Project-Code-And-Architecture\frontend\node_modules\react\cjs\react.development.js:884:10)
    at D:\Desktop\AI-Based-Quality-Check-On-Project-Code-And-Architecture\frontend\node_modules\@testing-library\react\dist\act-compat.js:46:25
    at renderRoot (D:\Desktop\AI-Based-Quality-Check-On-Project-Code-And-Architecture\frontend\node_modules\@testing-library\react\dist\pure.js:189:26)
    at render (D:\Desktop\AI-Based-Quality-Check-On-Project-Code-And-Architecture\frontend\node_modules\@testing-library\react\dist\pure.js:291:10)
    at Object.&lt;anonymous&gt; (D:\Desktop\AI-Based-Quality-Check-On-Project-Code-And-Architecture\frontend\src\components\visualizations\__tests__\accessibility.test.tsx:38:33)
    at Promise.finally.completed (D:\Desktop\AI-Based-Quality-Check-On-Project-Code-And-Architecture\frontend\node_modules\jest-circus\build\jestAdapterInit.js:1557:28)
    at new Promise (&lt;anonymous&gt;)
    at callAsyncCircusFn (D:\Desktop\AI-Based-Quality-Check-On-Project-Code-And-Architecture\frontend\node_modules\jest-circus\build\jestAdapterInit.js:1497:10)
    at _callCircusTest (D:\Desktop\AI-Based-Quality-Check-On-Project-Code-And-Architecture\frontend\node_modules\jest-circus\build\jestAdapterInit.js:1007:40)
    at _runTest (D:\Desktop\AI-Based-Quality-Check-On-Project-Code-And-Architecture\frontend\node_modules\jest-circus\build\jestAdapterInit.js:947:3)
    at D:\Desktop\AI-Based-Quality-Check-On-Project-Code-And-Architecture\frontend\node_modules\jest-circus\build\jestAdapterInit.js:849:7
    at _runTestsForDescribeBlock (D:\Desktop\AI-Based-Quality-Check-On-Project-Code-And-Architecture\frontend\node_modules\jest-circus\build\jestAdapterInit.js:862:11)
    at _runTestsForDescribeBlock (D:\Desktop\AI-Based-Quality-Check-On-Project-Code-And-Architecture\frontend\node_modules\jest-circus\build\jestAdapterInit.js:857:11)
    at run (D:\Desktop\AI-Based-Quality-Check-On-Project-Code-And-Architecture\frontend\node_modules\jest-circus\build\jestAdapterInit.js:761:3)
    at runAndTransformResultsToJestFormat (D:\Desktop\AI-Based-Quality-Check-On-Project-Code-And-Architecture\frontend\node_modules\jest-circus\build\jestAdapterInit.js:1918:21)
    at jestAdapter (D:\Desktop\AI-Based-Quality-Check-On-Project-Code-And-Architecture\frontend\node_modules\jest-circus\build\runner.js:101:19)
    at runTestInternal (D:\Desktop\AI-Based-Quality-Check-On-Project-Code-And-Architecture\frontend\node_modules\jest-runner\build\index.js:275:16)
    at runTest (D:\Desktop\AI-Based-Quality-Check-On-Project-Code-And-Architecture\frontend\node_modules\jest-runner\build\index.js:343:7)</failure>
    </testcase>
    <testcase classname="Dependency Graph Visualization Accessibility" name="should have accessible statistics region" time="0.005">
      <failure>Error: No QueryClient set, use QueryClientProvider to set one
    at useQueryClient (D:\Desktop\AI-Based-Quality-Check-On-Project-Code-And-Architecture\frontend\node_modules\@tanstack\react-query\src\QueryClientProvider.tsx:18:11)
    at useBaseQuery (D:\Desktop\AI-Based-Quality-Check-On-Project-Code-And-Architecture\frontend\node_modules\@tanstack\react-query\src\useBaseQuery.ts:54:18)
    at useQuery (D:\Desktop\AI-Based-Quality-Check-On-Project-Code-And-Architecture\frontend\node_modules\@tanstack\react-query\src\useQuery.ts:51:10)
    at DependencyGraphVisualization (D:\Desktop\AI-Based-Quality-Check-On-Project-Code-And-Architecture\frontend\src\components\visualizations\DependencyGraphVisualization.tsx:102:15)
    at Object.react_stack_bottom_frame (D:\Desktop\AI-Based-Quality-Check-On-Project-Code-And-Architecture\frontend\node_modules\react-dom\cjs\react-dom-client.development.js:25904:20)
    at renderWithHooks (D:\Desktop\AI-Based-Quality-Check-On-Project-Code-And-Architecture\frontend\node_modules\react-dom\cjs\react-dom-client.development.js:7662:22)
    at updateFunctionComponent (D:\Desktop\AI-Based-Quality-Check-On-Project-Code-And-Architecture\frontend\node_modules\react-dom\cjs\react-dom-client.development.js:10166:19)
    at beginWork (D:\Desktop\AI-Based-Quality-Check-On-Project-Code-And-Architecture\frontend\node_modules\react-dom\cjs\react-dom-client.development.js:11778:18)
    at runWithFiberInDEV (D:\Desktop\AI-Based-Quality-Check-On-Project-Code-And-Architecture\frontend\node_modules\react-dom\cjs\react-dom-client.development.js:874:13)
    at performUnitOfWork (D:\Desktop\AI-Based-Quality-Check-On-Project-Code-And-Architecture\frontend\node_modules\react-dom\cjs\react-dom-client.development.js:17641:22)
    at workLoopSync (D:\Desktop\AI-Based-Quality-Check-On-Project-Code-And-Architecture\frontend\node_modules\react-dom\cjs\react-dom-client.development.js:17469:41)
    at renderRootSync (D:\Desktop\AI-Based-Quality-Check-On-Project-Code-And-Architecture\frontend\node_modules\react-dom\cjs\react-dom-client.development.js:17450:11)
    at performWorkOnRoot (D:\Desktop\AI-Based-Quality-Check-On-Project-Code-And-Architecture\frontend\node_modules\react-dom\cjs\react-dom-client.development.js:16583:35)
    at performWorkOnRootViaSchedulerTask (D:\Desktop\AI-Based-Quality-Check-On-Project-Code-And-Architecture\frontend\node_modules\react-dom\cjs\react-dom-client.development.js:18957:7)
    at flushActQueue (D:\Desktop\AI-Based-Quality-Check-On-Project-Code-And-Architecture\frontend\node_modules\react\cjs\react.development.js:590:34)
    at process.env.NODE_ENV.exports.act (D:\Desktop\AI-Based-Quality-Check-On-Project-Code-And-Architecture\frontend\node_modules\react\cjs\react.development.js:884:10)
    at D:\Desktop\AI-Based-Quality-Check-On-Project-Code-And-Architecture\frontend\node_modules\@testing-library\react\dist\act-compat.js:46:25
    at renderRoot (D:\Desktop\AI-Based-Quality-Check-On-Project-Code-And-Architecture\frontend\node_modules\@testing-library\react\dist\pure.js:189:26)
    at render (D:\Desktop\AI-Based-Quality-Check-On-Project-Code-And-Architecture\frontend\node_modules\@testing-library\react\dist\pure.js:291:10)
    at Object.&lt;anonymous&gt; (D:\Desktop\AI-Based-Quality-Check-On-Project-Code-And-Architecture\frontend\src\components\visualizations\__tests__\accessibility.test.tsx:47:33)
    at Promise.finally.completed (D:\Desktop\AI-Based-Quality-Check-On-Project-Code-And-Architecture\frontend\node_modules\jest-circus\build\jestAdapterInit.js:1557:28)
    at new Promise (&lt;anonymous&gt;)
    at callAsyncCircusFn (D:\Desktop\AI-Based-Quality-Check-On-Project-Code-And-Architecture\frontend\node_modules\jest-circus\build\jestAdapterInit.js:1497:10)
    at _callCircusTest (D:\Desktop\AI-Based-Quality-Check-On-Project-Code-And-Architecture\frontend\node_modules\jest-circus\build\jestAdapterInit.js:1007:40)
    at _runTest (D:\Desktop\AI-Based-Quality-Check-On-Project-Code-And-Architecture\frontend\node_modules\jest-circus\build\jestAdapterInit.js:947:3)
    at D:\Desktop\AI-Based-Quality-Check-On-Project-Code-And-Architecture\frontend\node_modules\jest-circus\build\jestAdapterInit.js:849:7
    at _runTestsForDescribeBlock (D:\Desktop\AI-Based-Quality-Check-On-Project-Code-And-Architecture\frontend\node_modules\jest-circus\build\jestAdapterInit.js:862:11)
    at _runTestsForDescribeBlock (D:\Desktop\AI-Based-Quality-Check-On-Project-Code-And-Architecture\frontend\node_modules\jest-circus\build\jestAdapterInit.js:857:11)
    at run (D:\Desktop\AI-Based-Quality-Check-On-Project-Code-And-Architecture\frontend\node_modules\jest-circus\build\jestAdapterInit.js:761:3)
    at runAndTransformResultsToJestFormat (D:\Desktop\AI-Based-Quality-Check-On-Project-Code-And-Architecture\frontend\node_modules\jest-circus\build\jestAdapterInit.js:1918:21)
    at jestAdapter (D:\Desktop\AI-Based-Quality-Check-On-Project-Code-And-Architecture\frontend\node_modules\jest-circus\build\runner.js:101:19)
    at runTestInternal (D:\Desktop\AI-Based-Quality-Check-On-Project-Code-And-Architecture\frontend\node_modules\jest-runner\build\index.js:275:16)
    at runTest (D:\Desktop\AI-Based-Quality-Check-On-Project-Code-And-Architecture\frontend\node_modules\jest-runner\build\index.js:343:7)</failure>
    </testcase>
    <testcase classname="Dependency Graph Visualization Accessibility" name="should have accessible controls region" time="0.006">
      <failure>Error: No QueryClient set, use QueryClientProvider to set one
    at useQueryClient (D:\Desktop\AI-Based-Quality-Check-On-Project-Code-And-Architecture\frontend\node_modules\@tanstack\react-query\src\QueryClientProvider.tsx:18:11)
    at useBaseQuery (D:\Desktop\AI-Based-Quality-Check-On-Project-Code-And-Architecture\frontend\node_modules\@tanstack\react-query\src\useBaseQuery.ts:54:18)
    at useQuery (D:\Desktop\AI-Based-Quality-Check-On-Project-Code-And-Architecture\frontend\node_modules\@tanstack\react-query\src\useQuery.ts:51:10)
    at DependencyGraphVisualization (D:\Desktop\AI-Based-Quality-Check-On-Project-Code-And-Architecture\frontend\src\components\visualizations\DependencyGraphVisualization.tsx:102:15)
    at Object.react_stack_bottom_frame (D:\Desktop\AI-Based-Quality-Check-On-Project-Code-And-Architecture\frontend\node_modules\react-dom\cjs\react-dom-client.development.js:25904:20)
    at renderWithHooks (D:\Desktop\AI-Based-Quality-Check-On-Project-Code-And-Architecture\frontend\node_modules\react-dom\cjs\react-dom-client.development.js:7662:22)
    at updateFunctionComponent (D:\Desktop\AI-Based-Quality-Check-On-Project-Code-And-Architecture\frontend\node_modules\react-dom\cjs\react-dom-client.development.js:10166:19)
    at beginWork (D:\Desktop\AI-Based-Quality-Check-On-Project-Code-And-Architecture\frontend\node_modules\react-dom\cjs\react-dom-client.development.js:11778:18)
    at runWithFiberInDEV (D:\Desktop\AI-Based-Quality-Check-On-Project-Code-And-Architecture\frontend\node_modules\react-dom\cjs\react-dom-client.development.js:874:13)
    at performUnitOfWork (D:\Desktop\AI-Based-Quality-Check-On-Project-Code-And-Architecture\frontend\node_modules\react-dom\cjs\react-dom-client.development.js:17641:22)
    at workLoopSync (D:\Desktop\AI-Based-Quality-Check-On-Project-Code-And-Architecture\frontend\node_modules\react-dom\cjs\react-dom-client.development.js:17469:41)
    at renderRootSync (D:\Desktop\AI-Based-Quality-Check-On-Project-Code-And-Architecture\frontend\node_modules\react-dom\cjs\react-dom-client.development.js:17450:11)
    at performWorkOnRoot (D:\Desktop\AI-Based-Quality-Check-On-Project-Code-And-Architecture\frontend\node_modules\react-dom\cjs\react-dom-client.development.js:16583:35)
    at performWorkOnRootViaSchedulerTask (D:\Desktop\AI-Based-Quality-Check-On-Project-Code-And-Architecture\frontend\node_modules\react-dom\cjs\react-dom-client.development.js:18957:7)
    at flushActQueue (D:\Desktop\AI-Based-Quality-Check-On-Project-Code-And-Architecture\frontend\node_modules\react\cjs\react.development.js:590:34)
    at process.env.NODE_ENV.exports.act (D:\Desktop\AI-Based-Quality-Check-On-Project-Code-And-Architecture\frontend\node_modules\react\cjs\react.development.js:884:10)
    at D:\Desktop\AI-Based-Quality-Check-On-Project-Code-And-Architecture\frontend\node_modules\@testing-library\react\dist\act-compat.js:46:25
    at renderRoot (D:\Desktop\AI-Based-Quality-Check-On-Project-Code-And-Architecture\frontend\node_modules\@testing-library\react\dist\pure.js:189:26)
    at render (D:\Desktop\AI-Based-Quality-Check-On-Project-Code-And-Architecture\frontend\node_modules\@testing-library\react\dist\pure.js:291:10)
    at Object.&lt;anonymous&gt; (D:\Desktop\AI-Based-Quality-Check-On-Project-Code-And-Architecture\frontend\src\components\visualizations\__tests__\accessibility.test.tsx:56:33)
    at Promise.finally.completed (D:\Desktop\AI-Based-Quality-Check-On-Project-Code-And-Architecture\frontend\node_modules\jest-circus\build\jestAdapterInit.js:1557:28)
    at new Promise (&lt;anonymous&gt;)
    at callAsyncCircusFn (D:\Desktop\AI-Based-Quality-Check-On-Project-Code-And-Architecture\frontend\node_modules\jest-circus\build\jestAdapterInit.js:1497:10)
    at _callCircusTest (D:\Desktop\AI-Based-Quality-Check-On-Project-Code-And-Architecture\frontend\node_modules\jest-circus\build\jestAdapterInit.js:1007:40)
    at _runTest (D:\Desktop\AI-Based-Quality-Check-On-Project-Code-And-Architecture\frontend\node_modules\jest-circus\build\jestAdapterInit.js:947:3)
    at D:\Desktop\AI-Based-Quality-Check-On-Project-Code-And-Architecture\frontend\node_modules\jest-circus\build\jestAdapterInit.js:849:7
    at _runTestsForDescribeBlock (D:\Desktop\AI-Based-Quality-Check-On-Project-Code-And-Architecture\frontend\node_modules\jest-circus\build\jestAdapterInit.js:862:11)
    at _runTestsForDescribeBlock (D:\Desktop\AI-Based-Quality-Check-On-Project-Code-And-Architecture\frontend\node_modules\jest-circus\build\jestAdapterInit.js:857:11)
    at run (D:\Desktop\AI-Based-Quality-Check-On-Project-Code-And-Architecture\frontend\node_modules\jest-circus\build\jestAdapterInit.js:761:3)
    at runAndTransformResultsToJestFormat (D:\Desktop\AI-Based-Quality-Check-On-Project-Code-And-Architecture\frontend\node_modules\jest-circus\build\jestAdapterInit.js:1918:21)
    at jestAdapter (D:\Desktop\AI-Based-Quality-Check-On-Project-Code-And-Architecture\frontend\node_modules\jest-circus\build\runner.js:101:19)
    at runTestInternal (D:\Desktop\AI-Based-Quality-Check-On-Project-Code-And-Architecture\frontend\node_modules\jest-runner\build\index.js:275:16)
    at runTest (D:\Desktop\AI-Based-Quality-Check-On-Project-Code-And-Architecture\frontend\node_modules\jest-runner\build\index.js:343:7)</failure>
    </testcase>
    <testcase classname="Dependency Graph Visualization Accessibility" name="should have accessible zoom controls" time="0.006">
      <failure>Error: No QueryClient set, use QueryClientProvider to set one
    at useQueryClient (D:\Desktop\AI-Based-Quality-Check-On-Project-Code-And-Architecture\frontend\node_modules\@tanstack\react-query\src\QueryClientProvider.tsx:18:11)
    at useBaseQuery (D:\Desktop\AI-Based-Quality-Check-On-Project-Code-And-Architecture\frontend\node_modules\@tanstack\react-query\src\useBaseQuery.ts:54:18)
    at useQuery (D:\Desktop\AI-Based-Quality-Check-On-Project-Code-And-Architecture\frontend\node_modules\@tanstack\react-query\src\useQuery.ts:51:10)
    at DependencyGraphVisualization (D:\Desktop\AI-Based-Quality-Check-On-Project-Code-And-Architecture\frontend\src\components\visualizations\DependencyGraphVisualization.tsx:102:15)
    at Object.react_stack_bottom_frame (D:\Desktop\AI-Based-Quality-Check-On-Project-Code-And-Architecture\frontend\node_modules\react-dom\cjs\react-dom-client.development.js:25904:20)
    at renderWithHooks (D:\Desktop\AI-Based-Quality-Check-On-Project-Code-And-Architecture\frontend\node_modules\react-dom\cjs\react-dom-client.development.js:7662:22)
    at updateFunctionComponent (D:\Desktop\AI-Based-Quality-Check-On-Project-Code-And-Architecture\frontend\node_modules\react-dom\cjs\react-dom-client.development.js:10166:19)
    at beginWork (D:\Desktop\AI-Based-Quality-Check-On-Project-Code-And-Architecture\frontend\node_modules\react-dom\cjs\react-dom-client.development.js:11778:18)
    at runWithFiberInDEV (D:\Desktop\AI-Based-Quality-Check-On-Project-Code-And-Architecture\frontend\node_modules\react-dom\cjs\react-dom-client.development.js:874:13)
    at performUnitOfWork (D:\Desktop\AI-Based-Quality-Check-On-Project-Code-And-Architecture\frontend\node_modules\react-dom\cjs\react-dom-client.development.js:17641:22)
    at workLoopSync (D:\Desktop\AI-Based-Quality-Check-On-Project-Code-And-Architecture\frontend\node_modules\react-dom\cjs\react-dom-client.development.js:17469:41)
    at renderRootSync (D:\Desktop\AI-Based-Quality-Check-On-Project-Code-And-Architecture\frontend\node_modules\react-dom\cjs\react-dom-client.development.js:17450:11)
    at performWorkOnRoot (D:\Desktop\AI-Based-Quality-Check-On-Project-Code-And-Architecture\frontend\node_modules\react-dom\cjs\react-dom-client.development.js:16583:35)
    at performWorkOnRootViaSchedulerTask (D:\Desktop\AI-Based-Quality-Check-On-Project-Code-And-Architecture\frontend\node_modules\react-dom\cjs\react-dom-client.development.js:18957:7)
    at flushActQueue (D:\Desktop\AI-Based-Quality-Check-On-Project-Code-And-Architecture\frontend\node_modules\react\cjs\react.development.js:590:34)
    at process.env.NODE_ENV.exports.act (D:\Desktop\AI-Based-Quality-Check-On-Project-Code-And-Architecture\frontend\node_modules\react\cjs\react.development.js:884:10)
    at D:\Desktop\AI-Based-Quality-Check-On-Project-Code-And-Architecture\frontend\node_modules\@testing-library\react\dist\act-compat.js:46:25
    at renderRoot (D:\Desktop\AI-Based-Quality-Check-On-Project-Code-And-Architecture\frontend\node_modules\@testing-library\react\dist\pure.js:189:26)
    at render (D:\Desktop\AI-Based-Quality-Check-On-Project-Code-And-Architecture\frontend\node_modules\@testing-library\react\dist\pure.js:291:10)
    at Object.&lt;anonymous&gt; (D:\Desktop\AI-Based-Quality-Check-On-Project-Code-And-Architecture\frontend\src\components\visualizations\__tests__\accessibility.test.tsx:65:33)
    at Promise.finally.completed (D:\Desktop\AI-Based-Quality-Check-On-Project-Code-And-Architecture\frontend\node_modules\jest-circus\build\jestAdapterInit.js:1557:28)
    at new Promise (&lt;anonymous&gt;)
    at callAsyncCircusFn (D:\Desktop\AI-Based-Quality-Check-On-Project-Code-And-Architecture\frontend\node_modules\jest-circus\build\jestAdapterInit.js:1497:10)
    at _callCircusTest (D:\Desktop\AI-Based-Quality-Check-On-Project-Code-And-Architecture\frontend\node_modules\jest-circus\build\jestAdapterInit.js:1007:40)
    at _runTest (D:\Desktop\AI-Based-Quality-Check-On-Project-Code-And-Architecture\frontend\node_modules\jest-circus\build\jestAdapterInit.js:947:3)
    at D:\Desktop\AI-Based-Quality-Check-On-Project-Code-And-Architecture\frontend\node_modules\jest-circus\build\jestAdapterInit.js:849:7
    at _runTestsForDescribeBlock (D:\Desktop\AI-Based-Quality-Check-On-Project-Code-And-Architecture\frontend\node_modules\jest-circus\build\jestAdapterInit.js:862:11)
    at _runTestsForDescribeBlock (D:\Desktop\AI-Based-Quality-Check-On-Project-Code-And-Architecture\frontend\node_modules\jest-circus\build\jestAdapterInit.js:857:11)
    at run (D:\Desktop\AI-Based-Quality-Check-On-Project-Code-And-Architecture\frontend\node_modules\jest-circus\build\jestAdapterInit.js:761:3)
    at runAndTransformResultsToJestFormat (D:\Desktop\AI-Based-Quality-Check-On-Project-Code-And-Architecture\frontend\node_modules\jest-circus\build\jestAdapterInit.js:1918:21)
    at jestAdapter (D:\Desktop\AI-Based-Quality-Check-On-Project-Code-And-Architecture\frontend\node_modules\jest-circus\build\runner.js:101:19)
    at runTestInternal (D:\Desktop\AI-Based-Quality-Check-On-Project-Code-And-Architecture\frontend\node_modules\jest-runner\build\index.js:275:16)
    at runTest (D:\Desktop\AI-Based-Quality-Check-On-Project-Code-And-Architecture\frontend\node_modules\jest-runner\build\index.js:343:7)</failure>
    </testcase>
    <testcase classname="Dependency Graph Visualization Accessibility" name="should have accessible search input" time="0.005">
      <failure>Error: No QueryClient set, use QueryClientProvider to set one
    at useQueryClient (D:\Desktop\AI-Based-Quality-Check-On-Project-Code-And-Architecture\frontend\node_modules\@tanstack\react-query\src\QueryClientProvider.tsx:18:11)
    at useBaseQuery (D:\Desktop\AI-Based-Quality-Check-On-Project-Code-And-Architecture\frontend\node_modules\@tanstack\react-query\src\useBaseQuery.ts:54:18)
    at useQuery (D:\Desktop\AI-Based-Quality-Check-On-Project-Code-And-Architecture\frontend\node_modules\@tanstack\react-query\src\useQuery.ts:51:10)
    at DependencyGraphVisualization (D:\Desktop\AI-Based-Quality-Check-On-Project-Code-And-Architecture\frontend\src\components\visualizations\DependencyGraphVisualization.tsx:102:15)
    at Object.react_stack_bottom_frame (D:\Desktop\AI-Based-Quality-Check-On-Project-Code-And-Architecture\frontend\node_modules\react-dom\cjs\react-dom-client.development.js:25904:20)
    at renderWithHooks (D:\Desktop\AI-Based-Quality-Check-On-Project-Code-And-Architecture\frontend\node_modules\react-dom\cjs\react-dom-client.development.js:7662:22)
    at updateFunctionComponent (D:\Desktop\AI-Based-Quality-Check-On-Project-Code-And-Architecture\frontend\node_modules\react-dom\cjs\react-dom-client.development.js:10166:19)
    at beginWork (D:\Desktop\AI-Based-Quality-Check-On-Project-Code-And-Architecture\frontend\node_modules\react-dom\cjs\react-dom-client.development.js:11778:18)
    at runWithFiberInDEV (D:\Desktop\AI-Based-Quality-Check-On-Project-Code-And-Architecture\frontend\node_modules\react-dom\cjs\react-dom-client.development.js:874:13)
    at performUnitOfWork (D:\Desktop\AI-Based-Quality-Check-On-Project-Code-And-Architecture\frontend\node_modules\react-dom\cjs\react-dom-client.development.js:17641:22)
    at workLoopSync (D:\Desktop\AI-Based-Quality-Check-On-Project-Code-And-Architecture\frontend\node_modules\react-dom\cjs\react-dom-client.development.js:17469:41)
    at renderRootSync (D:\Desktop\AI-Based-Quality-Check-On-Project-Code-And-Architecture\frontend\node_modules\react-dom\cjs\react-dom-client.development.js:17450:11)
    at performWorkOnRoot (D:\Desktop\AI-Based-Quality-Check-On-Project-Code-And-Architecture\frontend\node_modules\react-dom\cjs\react-dom-client.development.js:16583:35)
    at performWorkOnRootViaSchedulerTask (D:\Desktop\AI-Based-Quality-Check-On-Project-Code-And-Architecture\frontend\node_modules\react-dom\cjs\react-dom-client.development.js:18957:7)
    at flushActQueue (D:\Desktop\AI-Based-Quality-Check-On-Project-Code-And-Architecture\frontend\node_modules\react\cjs\react.development.js:590:34)
    at process.env.NODE_ENV.exports.act (D:\Desktop\AI-Based-Quality-Check-On-Project-Code-And-Architecture\frontend\node_modules\react\cjs\react.development.js:884:10)
    at D:\Desktop\AI-Based-Quality-Check-On-Project-Code-And-Architecture\frontend\node_modules\@testing-library\react\dist\act-compat.js:46:25
    at renderRoot (D:\Desktop\AI-Based-Quality-Check-On-Project-Code-And-Architecture\frontend\node_modules\@testing-library\react\dist\pure.js:189:26)
    at render (D:\Desktop\AI-Based-Quality-Check-On-Project-Code-And-Architecture\frontend\node_modules\@testing-library\react\dist\pure.js:291:10)
    at Object.&lt;anonymous&gt; (D:\Desktop\AI-Based-Quality-Check-On-Project-Code-And-Architecture\frontend\src\components\visualizations\__tests__\accessibility.test.tsx:79:38)
    at Promise.finally.completed (D:\Desktop\AI-Based-Quality-Check-On-Project-Code-And-Architecture\frontend\node_modules\jest-circus\build\jestAdapterInit.js:1557:28)
    at new Promise (&lt;anonymous&gt;)
    at callAsyncCircusFn (D:\Desktop\AI-Based-Quality-Check-On-Project-Code-And-Architecture\frontend\node_modules\jest-circus\build\jestAdapterInit.js:1497:10)
    at _callCircusTest (D:\Desktop\AI-Based-Quality-Check-On-Project-Code-And-Architecture\frontend\node_modules\jest-circus\build\jestAdapterInit.js:1007:40)
    at _runTest (D:\Desktop\AI-Based-Quality-Check-On-Project-Code-And-Architecture\frontend\node_modules\jest-circus\build\jestAdapterInit.js:947:3)
    at D:\Desktop\AI-Based-Quality-Check-On-Project-Code-And-Architecture\frontend\node_modules\jest-circus\build\jestAdapterInit.js:849:7
    at _runTestsForDescribeBlock (D:\Desktop\AI-Based-Quality-Check-On-Project-Code-And-Architecture\frontend\node_modules\jest-circus\build\jestAdapterInit.js:862:11)
    at _runTestsForDescribeBlock (D:\Desktop\AI-Based-Quality-Check-On-Project-Code-And-Architecture\frontend\node_modules\jest-circus\build\jestAdapterInit.js:857:11)
    at run (D:\Desktop\AI-Based-Quality-Check-On-Project-Code-And-Architecture\frontend\node_modules\jest-circus\build\jestAdapterInit.js:761:3)
    at runAndTransformResultsToJestFormat (D:\Desktop\AI-Based-Quality-Check-On-Project-Code-And-Architecture\frontend\node_modules\jest-circus\build\jestAdapterInit.js:1918:21)
    at jestAdapter (D:\Desktop\AI-Based-Quality-Check-On-Project-Code-And-Architecture\frontend\node_modules\jest-circus\build\runner.js:101:19)
    at runTestInternal (D:\Desktop\AI-Based-Quality-Check-On-Project-Code-And-Architecture\frontend\node_modules\jest-runner\build\index.js:275:16)
    at runTest (D:\Desktop\AI-Based-Quality-Check-On-Project-Code-And-Architecture\frontend\node_modules\jest-runner\build\index.js:343:7)</failure>
    </testcase>
    <testcase classname="Dependency Graph Visualization Accessibility" name="should have accessible filter dropdown" time="0.005">
      <failure>Error: No QueryClient set, use QueryClientProvider to set one
    at useQueryClient (D:\Desktop\AI-Based-Quality-Check-On-Project-Code-And-Architecture\frontend\node_modules\@tanstack\react-query\src\QueryClientProvider.tsx:18:11)
    at useBaseQuery (D:\Desktop\AI-Based-Quality-Check-On-Project-Code-And-Architecture\frontend\node_modules\@tanstack\react-query\src\useBaseQuery.ts:54:18)
    at useQuery (D:\Desktop\AI-Based-Quality-Check-On-Project-Code-And-Architecture\frontend\node_modules\@tanstack\react-query\src\useQuery.ts:51:10)
    at DependencyGraphVisualization (D:\Desktop\AI-Based-Quality-Check-On-Project-Code-And-Architecture\frontend\src\components\visualizations\DependencyGraphVisualization.tsx:102:15)
    at Object.react_stack_bottom_frame (D:\Desktop\AI-Based-Quality-Check-On-Project-Code-And-Architecture\frontend\node_modules\react-dom\cjs\react-dom-client.development.js:25904:20)
    at renderWithHooks (D:\Desktop\AI-Based-Quality-Check-On-Project-Code-And-Architecture\frontend\node_modules\react-dom\cjs\react-dom-client.development.js:7662:22)
    at updateFunctionComponent (D:\Desktop\AI-Based-Quality-Check-On-Project-Code-And-Architecture\frontend\node_modules\react-dom\cjs\react-dom-client.development.js:10166:19)
    at beginWork (D:\Desktop\AI-Based-Quality-Check-On-Project-Code-And-Architecture\frontend\node_modules\react-dom\cjs\react-dom-client.development.js:11778:18)
    at runWithFiberInDEV (D:\Desktop\AI-Based-Quality-Check-On-Project-Code-And-Architecture\frontend\node_modules\react-dom\cjs\react-dom-client.development.js:874:13)
    at performUnitOfWork (D:\Desktop\AI-Based-Quality-Check-On-Project-Code-And-Architecture\frontend\node_modules\react-dom\cjs\react-dom-client.development.js:17641:22)
    at workLoopSync (D:\Desktop\AI-Based-Quality-Check-On-Project-Code-And-Architecture\frontend\node_modules\react-dom\cjs\react-dom-client.development.js:17469:41)
    at renderRootSync (D:\Desktop\AI-Based-Quality-Check-On-Project-Code-And-Architecture\frontend\node_modules\react-dom\cjs\react-dom-client.development.js:17450:11)
    at performWorkOnRoot (D:\Desktop\AI-Based-Quality-Check-On-Project-Code-And-Architecture\frontend\node_modules\react-dom\cjs\react-dom-client.development.js:16583:35)
    at performWorkOnRootViaSchedulerTask (D:\Desktop\AI-Based-Quality-Check-On-Project-Code-And-Architecture\frontend\node_modules\react-dom\cjs\react-dom-client.development.js:18957:7)
    at flushActQueue (D:\Desktop\AI-Based-Quality-Check-On-Project-Code-And-Architecture\frontend\node_modules\react\cjs\react.development.js:590:34)
    at process.env.NODE_ENV.exports.act (D:\Desktop\AI-Based-Quality-Check-On-Project-Code-And-Architecture\frontend\node_modules\react\cjs\react.development.js:884:10)
    at D:\Desktop\AI-Based-Quality-Check-On-Project-Code-And-Architecture\frontend\node_modules\@testing-library\react\dist\act-compat.js:46:25
    at renderRoot (D:\Desktop\AI-Based-Quality-Check-On-Project-Code-And-Architecture\frontend\node_modules\@testing-library\react\dist\pure.js:189:26)
    at render (D:\Desktop\AI-Based-Quality-Check-On-Project-Code-And-Architecture\frontend\node_modules\@testing-library\react\dist\pure.js:291:10)
    at Object.&lt;anonymous&gt; (D:\Desktop\AI-Based-Quality-Check-On-Project-Code-And-Architecture\frontend\src\components\visualizations\__tests__\accessibility.test.tsx:88:38)
    at Promise.finally.completed (D:\Desktop\AI-Based-Quality-Check-On-Project-Code-And-Architecture\frontend\node_modules\jest-circus\build\jestAdapterInit.js:1557:28)
    at new Promise (&lt;anonymous&gt;)
    at callAsyncCircusFn (D:\Desktop\AI-Based-Quality-Check-On-Project-Code-And-Architecture\frontend\node_modules\jest-circus\build\jestAdapterInit.js:1497:10)
    at _callCircusTest (D:\Desktop\AI-Based-Quality-Check-On-Project-Code-And-Architecture\frontend\node_modules\jest-circus\build\jestAdapterInit.js:1007:40)
    at _runTest (D:\Desktop\AI-Based-Quality-Check-On-Project-Code-And-Architecture\frontend\node_modules\jest-circus\build\jestAdapterInit.js:947:3)
    at D:\Desktop\AI-Based-Quality-Check-On-Project-Code-And-Architecture\frontend\node_modules\jest-circus\build\jestAdapterInit.js:849:7
    at _runTestsForDescribeBlock (D:\Desktop\AI-Based-Quality-Check-On-Project-Code-And-Architecture\frontend\node_modules\jest-circus\build\jestAdapterInit.js:862:11)
    at _runTestsForDescribeBlock (D:\Desktop\AI-Based-Quality-Check-On-Project-Code-And-Architecture\frontend\node_modules\jest-circus\build\jestAdapterInit.js:857:11)
    at run (D:\Desktop\AI-Based-Quality-Check-On-Project-Code-And-Architecture\frontend\node_modules\jest-circus\build\jestAdapterInit.js:761:3)
    at runAndTransformResultsToJestFormat (D:\Desktop\AI-Based-Quality-Check-On-Project-Code-And-Architecture\frontend\node_modules\jest-circus\build\jestAdapterInit.js:1918:21)
    at jestAdapter (D:\Desktop\AI-Based-Quality-Check-On-Project-Code-And-Architecture\frontend\node_modules\jest-circus\build\runner.js:101:19)
    at runTestInternal (D:\Desktop\AI-Based-Quality-Check-On-Project-Code-And-Architecture\frontend\node_modules\jest-runner\build\index.js:275:16)
    at runTest (D:\Desktop\AI-Based-Quality-Check-On-Project-Code-And-Architecture\frontend\node_modules\jest-runner\build\index.js:343:7)</failure>
    </testcase>
    <testcase classname="Dependency Graph Visualization Accessibility" name="should have accessible toggle button with aria-pressed" time="0.004">
      <failure>Error: No QueryClient set, use QueryClientProvider to set one
    at useQueryClient (D:\Desktop\AI-Based-Quality-Check-On-Project-Code-And-Architecture\frontend\node_modules\@tanstack\react-query\src\QueryClientProvider.tsx:18:11)
    at useBaseQuery (D:\Desktop\AI-Based-Quality-Check-On-Project-Code-And-Architecture\frontend\node_modules\@tanstack\react-query\src\useBaseQuery.ts:54:18)
    at useQuery (D:\Desktop\AI-Based-Quality-Check-On-Project-Code-And-Architecture\frontend\node_modules\@tanstack\react-query\src\useQuery.ts:51:10)
    at DependencyGraphVisualization (D:\Desktop\AI-Based-Quality-Check-On-Project-Code-And-Architecture\frontend\src\components\visualizations\DependencyGraphVisualization.tsx:102:15)
    at Object.react_stack_bottom_frame (D:\Desktop\AI-Based-Quality-Check-On-Project-Code-And-Architecture\frontend\node_modules\react-dom\cjs\react-dom-client.development.js:25904:20)
    at renderWithHooks (D:\Desktop\AI-Based-Quality-Check-On-Project-Code-And-Architecture\frontend\node_modules\react-dom\cjs\react-dom-client.development.js:7662:22)
    at updateFunctionComponent (D:\Desktop\AI-Based-Quality-Check-On-Project-Code-And-Architecture\frontend\node_modules\react-dom\cjs\react-dom-client.development.js:10166:19)
    at beginWork (D:\Desktop\AI-Based-Quality-Check-On-Project-Code-And-Architecture\frontend\node_modules\react-dom\cjs\react-dom-client.development.js:11778:18)
    at runWithFiberInDEV (D:\Desktop\AI-Based-Quality-Check-On-Project-Code-And-Architecture\frontend\node_modules\react-dom\cjs\react-dom-client.development.js:874:13)
    at performUnitOfWork (D:\Desktop\AI-Based-Quality-Check-On-Project-Code-And-Architecture\frontend\node_modules\react-dom\cjs\react-dom-client.development.js:17641:22)
    at workLoopSync (D:\Desktop\AI-Based-Quality-Check-On-Project-Code-And-Architecture\frontend\node_modules\react-dom\cjs\react-dom-client.development.js:17469:41)
    at renderRootSync (D:\Desktop\AI-Based-Quality-Check-On-Project-Code-And-Architecture\frontend\node_modules\react-dom\cjs\react-dom-client.development.js:17450:11)
    at performWorkOnRoot (D:\Desktop\AI-Based-Quality-Check-On-Project-Code-And-Architecture\frontend\node_modules\react-dom\cjs\react-dom-client.development.js:16583:35)
    at performWorkOnRootViaSchedulerTask (D:\Desktop\AI-Based-Quality-Check-On-Project-Code-And-Architecture\frontend\node_modules\react-dom\cjs\react-dom-client.development.js:18957:7)
    at flushActQueue (D:\Desktop\AI-Based-Quality-Check-On-Project-Code-And-Architecture\frontend\node_modules\react\cjs\react.development.js:590:34)
    at process.env.NODE_ENV.exports.act (D:\Desktop\AI-Based-Quality-Check-On-Project-Code-And-Architecture\frontend\node_modules\react\cjs\react.development.js:884:10)
    at D:\Desktop\AI-Based-Quality-Check-On-Project-Code-And-Architecture\frontend\node_modules\@testing-library\react\dist\act-compat.js:46:25
    at renderRoot (D:\Desktop\AI-Based-Quality-Check-On-Project-Code-And-Architecture\frontend\node_modules\@testing-library\react\dist\pure.js:189:26)
    at render (D:\Desktop\AI-Based-Quality-Check-On-Project-Code-And-Architecture\frontend\node_modules\@testing-library\react\dist\pure.js:291:10)
    at Object.&lt;anonymous&gt; (D:\Desktop\AI-Based-Quality-Check-On-Project-Code-And-Architecture\frontend\src\components\visualizations\__tests__\accessibility.test.tsx:97:33)
    at Promise.finally.completed (D:\Desktop\AI-Based-Quality-Check-On-Project-Code-And-Architecture\frontend\node_modules\jest-circus\build\jestAdapterInit.js:1557:28)
    at new Promise (&lt;anonymous&gt;)
    at callAsyncCircusFn (D:\Desktop\AI-Based-Quality-Check-On-Project-Code-And-Architecture\frontend\node_modules\jest-circus\build\jestAdapterInit.js:1497:10)
    at _callCircusTest (D:\Desktop\AI-Based-Quality-Check-On-Project-Code-And-Architecture\frontend\node_modules\jest-circus\build\jestAdapterInit.js:1007:40)
    at _runTest (D:\Desktop\AI-Based-Quality-Check-On-Project-Code-And-Architecture\frontend\node_modules\jest-circus\build\jestAdapterInit.js:947:3)
    at D:\Desktop\AI-Based-Quality-Check-On-Project-Code-And-Architecture\frontend\node_modules\jest-circus\build\jestAdapterInit.js:849:7
    at _runTestsForDescribeBlock (D:\Desktop\AI-Based-Quality-Check-On-Project-Code-And-Architecture\frontend\node_modules\jest-circus\build\jestAdapterInit.js:862:11)
    at _runTestsForDescribeBlock (D:\Desktop\AI-Based-Quality-Check-On-Project-Code-And-Architecture\frontend\node_modules\jest-circus\build\jestAdapterInit.js:857:11)
    at run (D:\Desktop\AI-Based-Quality-Check-On-Project-Code-And-Architecture\frontend\node_modules\jest-circus\build\jestAdapterInit.js:761:3)
    at runAndTransformResultsToJestFormat (D:\Desktop\AI-Based-Quality-Check-On-Project-Code-And-Architecture\frontend\node_modules\jest-circus\build\jestAdapterInit.js:1918:21)
    at jestAdapter (D:\Desktop\AI-Based-Quality-Check-On-Project-Code-And-Architecture\frontend\node_modules\jest-circus\build\runner.js:101:19)
    at runTestInternal (D:\Desktop\AI-Based-Quality-Check-On-Project-Code-And-Architecture\frontend\node_modules\jest-runner\build\index.js:275:16)
    at runTest (D:\Desktop\AI-Based-Quality-Check-On-Project-Code-And-Architecture\frontend\node_modules\jest-runner\build\index.js:343:7)</failure>
    </testcase>
    <testcase classname="Dependency Graph Visualization Accessibility" name="should have accessible legend region" time="0.005">
      <failure>Error: No QueryClient set, use QueryClientProvider to set one
    at useQueryClient (D:\Desktop\AI-Based-Quality-Check-On-Project-Code-And-Architecture\frontend\node_modules\@tanstack\react-query\src\QueryClientProvider.tsx:18:11)
    at useBaseQuery (D:\Desktop\AI-Based-Quality-Check-On-Project-Code-And-Architecture\frontend\node_modules\@tanstack\react-query\src\useBaseQuery.ts:54:18)
    at useQuery (D:\Desktop\AI-Based-Quality-Check-On-Project-Code-And-Architecture\frontend\node_modules\@tanstack\react-query\src\useQuery.ts:51:10)
    at DependencyGraphVisualization (D:\Desktop\AI-Based-Quality-Check-On-Project-Code-And-Architecture\frontend\src\components\visualizations\DependencyGraphVisualization.tsx:102:15)
    at Object.react_stack_bottom_frame (D:\Desktop\AI-Based-Quality-Check-On-Project-Code-And-Architecture\frontend\node_modules\react-dom\cjs\react-dom-client.development.js:25904:20)
    at renderWithHooks (D:\Desktop\AI-Based-Quality-Check-On-Project-Code-And-Architecture\frontend\node_modules\react-dom\cjs\react-dom-client.development.js:7662:22)
    at updateFunctionComponent (D:\Desktop\AI-Based-Quality-Check-On-Project-Code-And-Architecture\frontend\node_modules\react-dom\cjs\react-dom-client.development.js:10166:19)
    at beginWork (D:\Desktop\AI-Based-Quality-Check-On-Project-Code-And-Architecture\frontend\node_modules\react-dom\cjs\react-dom-client.development.js:11778:18)
    at runWithFiberInDEV (D:\Desktop\AI-Based-Quality-Check-On-Project-Code-And-Architecture\frontend\node_modules\react-dom\cjs\react-dom-client.development.js:874:13)
    at performUnitOfWork (D:\Desktop\AI-Based-Quality-Check-On-Project-Code-And-Architecture\frontend\node_modules\react-dom\cjs\react-dom-client.development.js:17641:22)
    at workLoopSync (D:\Desktop\AI-Based-Quality-Check-On-Project-Code-And-Architecture\frontend\node_modules\react-dom\cjs\react-dom-client.development.js:17469:41)
    at renderRootSync (D:\Desktop\AI-Based-Quality-Check-On-Project-Code-And-Architecture\frontend\node_modules\react-dom\cjs\react-dom-client.development.js:17450:11)
    at performWorkOnRoot (D:\Desktop\AI-Based-Quality-Check-On-Project-Code-And-Architecture\frontend\node_modules\react-dom\cjs\react-dom-client.development.js:16583:35)
    at performWorkOnRootViaSchedulerTask (D:\Desktop\AI-Based-Quality-Check-On-Project-Code-And-Architecture\frontend\node_modules\react-dom\cjs\react-dom-client.development.js:18957:7)
    at flushActQueue (D:\Desktop\AI-Based-Quality-Check-On-Project-Code-And-Architecture\frontend\node_modules\react\cjs\react.development.js:590:34)
    at process.env.NODE_ENV.exports.act (D:\Desktop\AI-Based-Quality-Check-On-Project-Code-And-Architecture\frontend\node_modules\react\cjs\react.development.js:884:10)
    at D:\Desktop\AI-Based-Quality-Check-On-Project-Code-And-Architecture\frontend\node_modules\@testing-library\react\dist\act-compat.js:46:25
    at renderRoot (D:\Desktop\AI-Based-Quality-Check-On-Project-Code-And-Architecture\frontend\node_modules\@testing-library\react\dist\pure.js:189:26)
    at render (D:\Desktop\AI-Based-Quality-Check-On-Project-Code-And-Architecture\frontend\node_modules\@testing-library\react\dist\pure.js:291:10)
    at Object.&lt;anonymous&gt; (D:\Desktop\AI-Based-Quality-Check-On-Project-Code-And-Architecture\frontend\src\components\visualizations\__tests__\accessibility.test.tsx:108:33)
    at Promise.finally.completed (D:\Desktop\AI-Based-Quality-Check-On-Project-Code-And-Architecture\frontend\node_modules\jest-circus\build\jestAdapterInit.js:1557:28)
    at new Promise (&lt;anonymous&gt;)
    at callAsyncCircusFn (D:\Desktop\AI-Based-Quality-Check-On-Project-Code-And-Architecture\frontend\node_modules\jest-circus\build\jestAdapterInit.js:1497:10)
    at _callCircusTest (D:\Desktop\AI-Based-Quality-Check-On-Project-Code-And-Architecture\frontend\node_modules\jest-circus\build\jestAdapterInit.js:1007:40)
    at _runTest (D:\Desktop\AI-Based-Quality-Check-On-Project-Code-And-Architecture\frontend\node_modules\jest-circus\build\jestAdapterInit.js:947:3)
    at D:\Desktop\AI-Based-Quality-Check-On-Project-Code-And-Architecture\frontend\node_modules\jest-circus\build\jestAdapterInit.js:849:7
    at _runTestsForDescribeBlock (D:\Desktop\AI-Based-Quality-Check-On-Project-Code-And-Architecture\frontend\node_modules\jest-circus\build\jestAdapterInit.js:862:11)
    at _runTestsForDescribeBlock (D:\Desktop\AI-Based-Quality-Check-On-Project-Code-And-Architecture\frontend\node_modules\jest-circus\build\jestAdapterInit.js:857:11)
    at run (D:\Desktop\AI-Based-Quality-Check-On-Project-Code-And-Architecture\frontend\node_modules\jest-circus\build\jestAdapterInit.js:761:3)
    at runAndTransformResultsToJestFormat (D:\Desktop\AI-Based-Quality-Check-On-Project-Code-And-Architecture\frontend\node_modules\jest-circus\build\jestAdapterInit.js:1918:21)
    at jestAdapter (D:\Desktop\AI-Based-Quality-Check-On-Project-Code-And-Architecture\frontend\node_modules\jest-circus\build\runner.js:101:19)
    at runTestInternal (D:\Desktop\AI-Based-Quality-Check-On-Project-Code-And-Architecture\frontend\node_modules\jest-runner\build\index.js:275:16)
    at runTest (D:\Desktop\AI-Based-Quality-Check-On-Project-Code-And-Architecture\frontend\node_modules\jest-runner\build\index.js:343:7)</failure>
    </testcase>
    <testcase classname="Dependency Graph Visualization Accessibility" name="should have accessible export button" time="0.005">
      <failure>Error: No QueryClient set, use QueryClientProvider to set one
    at useQueryClient (D:\Desktop\AI-Based-Quality-Check-On-Project-Code-And-Architecture\frontend\node_modules\@tanstack\react-query\src\QueryClientProvider.tsx:18:11)
    at useBaseQuery (D:\Desktop\AI-Based-Quality-Check-On-Project-Code-And-Architecture\frontend\node_modules\@tanstack\react-query\src\useBaseQuery.ts:54:18)
    at useQuery (D:\Desktop\AI-Based-Quality-Check-On-Project-Code-And-Architecture\frontend\node_modules\@tanstack\react-query\src\useQuery.ts:51:10)
    at DependencyGraphVisualization (D:\Desktop\AI-Based-Quality-Check-On-Project-Code-And-Architecture\frontend\src\components\visualizations\DependencyGraphVisualization.tsx:102:15)
    at Object.react_stack_bottom_frame (D:\Desktop\AI-Based-Quality-Check-On-Project-Code-And-Architecture\frontend\node_modules\react-dom\cjs\react-dom-client.development.js:25904:20)
    at renderWithHooks (D:\Desktop\AI-Based-Quality-Check-On-Project-Code-And-Architecture\frontend\node_modules\react-dom\cjs\react-dom-client.development.js:7662:22)
    at updateFunctionComponent (D:\Desktop\AI-Based-Quality-Check-On-Project-Code-And-Architecture\frontend\node_modules\react-dom\cjs\react-dom-client.development.js:10166:19)
    at beginWork (D:\Desktop\AI-Based-Quality-Check-On-Project-Code-And-Architecture\frontend\node_modules\react-dom\cjs\react-dom-client.development.js:11778:18)
    at runWithFiberInDEV (D:\Desktop\AI-Based-Quality-Check-On-Project-Code-And-Architecture\frontend\node_modules\react-dom\cjs\react-dom-client.development.js:874:13)
    at performUnitOfWork (D:\Desktop\AI-Based-Quality-Check-On-Project-Code-And-Architecture\frontend\node_modules\react-dom\cjs\react-dom-client.development.js:17641:22)
    at workLoopSync (D:\Desktop\AI-Based-Quality-Check-On-Project-Code-And-Architecture\frontend\node_modules\react-dom\cjs\react-dom-client.development.js:17469:41)
    at renderRootSync (D:\Desktop\AI-Based-Quality-Check-On-Project-Code-And-Architecture\frontend\node_modules\react-dom\cjs\react-dom-client.development.js:17450:11)
    at performWorkOnRoot (D:\Desktop\AI-Based-Quality-Check-On-Project-Code-And-Architecture\frontend\node_modules\react-dom\cjs\react-dom-client.development.js:16583:35)
    at performWorkOnRootViaSchedulerTask (D:\Desktop\AI-Based-Quality-Check-On-Project-Code-And-Architecture\frontend\node_modules\react-dom\cjs\react-dom-client.development.js:18957:7)
    at flushActQueue (D:\Desktop\AI-Based-Quality-Check-On-Project-Code-And-Architecture\frontend\node_modules\react\cjs\react.development.js:590:34)
    at process.env.NODE_ENV.exports.act (D:\Desktop\AI-Based-Quality-Check-On-Project-Code-And-Architecture\frontend\node_modules\react\cjs\react.development.js:884:10)
    at D:\Desktop\AI-Based-Quality-Check-On-Project-Code-And-Architecture\frontend\node_modules\@testing-library\react\dist\act-compat.js:46:25
    at renderRoot (D:\Desktop\AI-Based-Quality-Check-On-Project-Code-And-Architecture\frontend\node_modules\@testing-library\react\dist\pure.js:189:26)
    at render (D:\Desktop\AI-Based-Quality-Check-On-Project-Code-And-Architecture\frontend\node_modules\@testing-library\react\dist\pure.js:291:10)
    at Object.&lt;anonymous&gt; (D:\Desktop\AI-Based-Quality-Check-On-Project-Code-And-Architecture\frontend\src\components\visualizations\__tests__\accessibility.test.tsx:117:33)
    at Promise.finally.completed (D:\Desktop\AI-Based-Quality-Check-On-Project-Code-And-Architecture\frontend\node_modules\jest-circus\build\jestAdapterInit.js:1557:28)
    at new Promise (&lt;anonymous&gt;)
    at callAsyncCircusFn (D:\Desktop\AI-Based-Quality-Check-On-Project-Code-And-Architecture\frontend\node_modules\jest-circus\build\jestAdapterInit.js:1497:10)
    at _callCircusTest (D:\Desktop\AI-Based-Quality-Check-On-Project-Code-And-Architecture\frontend\node_modules\jest-circus\build\jestAdapterInit.js:1007:40)
    at _runTest (D:\Desktop\AI-Based-Quality-Check-On-Project-Code-And-Architecture\frontend\node_modules\jest-circus\build\jestAdapterInit.js:947:3)
    at D:\Desktop\AI-Based-Quality-Check-On-Project-Code-And-Architecture\frontend\node_modules\jest-circus\build\jestAdapterInit.js:849:7
    at _runTestsForDescribeBlock (D:\Desktop\AI-Based-Quality-Check-On-Project-Code-And-Architecture\frontend\node_modules\jest-circus\build\jestAdapterInit.js:862:11)
    at _runTestsForDescribeBlock (D:\Desktop\AI-Based-Quality-Check-On-Project-Code-And-Architecture\frontend\node_modules\jest-circus\build\jestAdapterInit.js:857:11)
    at run (D:\Desktop\AI-Based-Quality-Check-On-Project-Code-And-Architecture\frontend\node_modules\jest-circus\build\jestAdapterInit.js:761:3)
    at runAndTransformResultsToJestFormat (D:\Desktop\AI-Based-Quality-Check-On-Project-Code-And-Architecture\frontend\node_modules\jest-circus\build\jestAdapterInit.js:1918:21)
    at jestAdapter (D:\Desktop\AI-Based-Quality-Check-On-Project-Code-And-Architecture\frontend\node_modules\jest-circus\build\runner.js:101:19)
    at runTestInternal (D:\Desktop\AI-Based-Quality-Check-On-Project-Code-And-Architecture\frontend\node_modules\jest-runner\build\index.js:275:16)
    at runTest (D:\Desktop\AI-Based-Quality-Check-On-Project-Code-And-Architecture\frontend\node_modules\jest-runner\build\index.js:343:7)</failure>
    </testcase>
    <testcase classname="Dependency Graph Visualization Accessibility" name="should have accessible refresh button" time="0.035">
      <failure>Error: No QueryClient set, use QueryClientProvider to set one
    at useQueryClient (D:\Desktop\AI-Based-Quality-Check-On-Project-Code-And-Architecture\frontend\node_modules\@tanstack\react-query\src\QueryClientProvider.tsx:18:11)
    at useBaseQuery (D:\Desktop\AI-Based-Quality-Check-On-Project-Code-And-Architecture\frontend\node_modules\@tanstack\react-query\src\useBaseQuery.ts:54:18)
    at useQuery (D:\Desktop\AI-Based-Quality-Check-On-Project-Code-And-Architecture\frontend\node_modules\@tanstack\react-query\src\useQuery.ts:51:10)
    at DependencyGraphVisualization (D:\Desktop\AI-Based-Quality-Check-On-Project-Code-And-Architecture\frontend\src\components\visualizations\DependencyGraphVisualization.tsx:102:15)
    at Object.react_stack_bottom_frame (D:\Desktop\AI-Based-Quality-Check-On-Project-Code-And-Architecture\frontend\node_modules\react-dom\cjs\react-dom-client.development.js:25904:20)
    at renderWithHooks (D:\Desktop\AI-Based-Quality-Check-On-Project-Code-And-Architecture\frontend\node_modules\react-dom\cjs\react-dom-client.development.js:7662:22)
    at updateFunctionComponent (D:\Desktop\AI-Based-Quality-Check-On-Project-Code-And-Architecture\frontend\node_modules\react-dom\cjs\react-dom-client.development.js:10166:19)
    at beginWork (D:\Desktop\AI-Based-Quality-Check-On-Project-Code-And-Architecture\frontend\node_modules\react-dom\cjs\react-dom-client.development.js:11778:18)
    at runWithFiberInDEV (D:\Desktop\AI-Based-Quality-Check-On-Project-Code-And-Architecture\frontend\node_modules\react-dom\cjs\react-dom-client.development.js:874:13)
    at performUnitOfWork (D:\Desktop\AI-Based-Quality-Check-On-Project-Code-And-Architecture\frontend\node_modules\react-dom\cjs\react-dom-client.development.js:17641:22)
    at workLoopSync (D:\Desktop\AI-Based-Quality-Check-On-Project-Code-And-Architecture\frontend\node_modules\react-dom\cjs\react-dom-client.development.js:17469:41)
    at renderRootSync (D:\Desktop\AI-Based-Quality-Check-On-Project-Code-And-Architecture\frontend\node_modules\react-dom\cjs\react-dom-client.development.js:17450:11)
    at performWorkOnRoot (D:\Desktop\AI-Based-Quality-Check-On-Project-Code-And-Architecture\frontend\node_modules\react-dom\cjs\react-dom-client.development.js:16583:35)
    at performWorkOnRootViaSchedulerTask (D:\Desktop\AI-Based-Quality-Check-On-Project-Code-And-Architecture\frontend\node_modules\react-dom\cjs\react-dom-client.development.js:18957:7)
    at flushActQueue (D:\Desktop\AI-Based-Quality-Check-On-Project-Code-And-Architecture\frontend\node_modules\react\cjs\react.development.js:590:34)
    at process.env.NODE_ENV.exports.act (D:\Desktop\AI-Based-Quality-Check-On-Project-Code-And-Architecture\frontend\node_modules\react\cjs\react.development.js:884:10)
    at D:\Desktop\AI-Based-Quality-Check-On-Project-Code-And-Architecture\frontend\node_modules\@testing-library\react\dist\act-compat.js:46:25
    at renderRoot (D:\Desktop\AI-Based-Quality-Check-On-Project-Code-And-Architecture\frontend\node_modules\@testing-library\react\dist\pure.js:189:26)
    at render (D:\Desktop\AI-Based-Quality-Check-On-Project-Code-And-Architecture\frontend\node_modules\@testing-library\react\dist\pure.js:291:10)
    at Object.&lt;anonymous&gt; (D:\Desktop\AI-Based-Quality-Check-On-Project-Code-And-Architecture\frontend\src\components\visualizations\__tests__\accessibility.test.tsx:126:33)
    at Promise.finally.completed (D:\Desktop\AI-Based-Quality-Check-On-Project-Code-And-Architecture\frontend\node_modules\jest-circus\build\jestAdapterInit.js:1557:28)
    at new Promise (&lt;anonymous&gt;)
    at callAsyncCircusFn (D:\Desktop\AI-Based-Quality-Check-On-Project-Code-And-Architecture\frontend\node_modules\jest-circus\build\jestAdapterInit.js:1497:10)
    at _callCircusTest (D:\Desktop\AI-Based-Quality-Check-On-Project-Code-And-Architecture\frontend\node_modules\jest-circus\build\jestAdapterInit.js:1007:40)
    at _runTest (D:\Desktop\AI-Based-Quality-Check-On-Project-Code-And-Architecture\frontend\node_modules\jest-circus\build\jestAdapterInit.js:947:3)
    at D:\Desktop\AI-Based-Quality-Check-On-Project-Code-And-Architecture\frontend\node_modules\jest-circus\build\jestAdapterInit.js:849:7
    at _runTestsForDescribeBlock (D:\Desktop\AI-Based-Quality-Check-On-Project-Code-And-Architecture\frontend\node_modules\jest-circus\build\jestAdapterInit.js:862:11)
    at _runTestsForDescribeBlock (D:\Desktop\AI-Based-Quality-Check-On-Project-Code-And-Architecture\frontend\node_modules\jest-circus\build\jestAdapterInit.js:857:11)
    at run (D:\Desktop\AI-Based-Quality-Check-On-Project-Code-And-Architecture\frontend\node_modules\jest-circus\build\jestAdapterInit.js:761:3)
    at runAndTransformResultsToJestFormat (D:\Desktop\AI-Based-Quality-Check-On-Project-Code-And-Architecture\frontend\node_modules\jest-circus\build\jestAdapterInit.js:1918:21)
    at jestAdapter (D:\Desktop\AI-Based-Quality-Check-On-Project-Code-And-Architecture\frontend\node_modules\jest-circus\build\runner.js:101:19)
    at runTestInternal (D:\Desktop\AI-Based-Quality-Check-On-Project-Code-And-Architecture\frontend\node_modules\jest-runner\build\index.js:275:16)
    at runTest (D:\Desktop\AI-Based-Quality-Check-On-Project-Code-And-Architecture\frontend\node_modules\jest-runner\build\index.js:343:7)</failure>
    </testcase>
    <testcase classname="Dependency Graph Visualization Accessibility" name="should have proper heading for the component" time="0.008">
      <failure>Error: No QueryClient set, use QueryClientProvider to set one
    at useQueryClient (D:\Desktop\AI-Based-Quality-Check-On-Project-Code-And-Architecture\frontend\node_modules\@tanstack\react-query\src\QueryClientProvider.tsx:18:11)
    at useBaseQuery (D:\Desktop\AI-Based-Quality-Check-On-Project-Code-And-Architecture\frontend\node_modules\@tanstack\react-query\src\useBaseQuery.ts:54:18)
    at useQuery (D:\Desktop\AI-Based-Quality-Check-On-Project-Code-And-Architecture\frontend\node_modules\@tanstack\react-query\src\useQuery.ts:51:10)
    at DependencyGraphVisualization (D:\Desktop\AI-Based-Quality-Check-On-Project-Code-And-Architecture\frontend\src\components\visualizations\DependencyGraphVisualization.tsx:102:15)
    at Object.react_stack_bottom_frame (D:\Desktop\AI-Based-Quality-Check-On-Project-Code-And-Architecture\frontend\node_modules\react-dom\cjs\react-dom-client.development.js:25904:20)
    at renderWithHooks (D:\Desktop\AI-Based-Quality-Check-On-Project-Code-And-Architecture\frontend\node_modules\react-dom\cjs\react-dom-client.development.js:7662:22)
    at updateFunctionComponent (D:\Desktop\AI-Based-Quality-Check-On-Project-Code-And-Architecture\frontend\node_modules\react-dom\cjs\react-dom-client.development.js:10166:19)
    at beginWork (D:\Desktop\AI-Based-Quality-Check-On-Project-Code-And-Architecture\frontend\node_modules\react-dom\cjs\react-dom-client.development.js:11778:18)
    at runWithFiberInDEV (D:\Desktop\AI-Based-Quality-Check-On-Project-Code-And-Architecture\frontend\node_modules\react-dom\cjs\react-dom-client.development.js:874:13)
    at performUnitOfWork (D:\Desktop\AI-Based-Quality-Check-On-Project-Code-And-Architecture\frontend\node_modules\react-dom\cjs\react-dom-client.development.js:17641:22)
    at workLoopSync (D:\Desktop\AI-Based-Quality-Check-On-Project-Code-And-Architecture\frontend\node_modules\react-dom\cjs\react-dom-client.development.js:17469:41)
    at renderRootSync (D:\Desktop\AI-Based-Quality-Check-On-Project-Code-And-Architecture\frontend\node_modules\react-dom\cjs\react-dom-client.development.js:17450:11)
    at performWorkOnRoot (D:\Desktop\AI-Based-Quality-Check-On-Project-Code-And-Architecture\frontend\node_modules\react-dom\cjs\react-dom-client.development.js:16583:35)
    at performWorkOnRootViaSchedulerTask (D:\Desktop\AI-Based-Quality-Check-On-Project-Code-And-Architecture\frontend\node_modules\react-dom\cjs\react-dom-client.development.js:18957:7)
    at flushActQueue (D:\Desktop\AI-Based-Quality-Check-On-Project-Code-And-Architecture\frontend\node_modules\react\cjs\react.development.js:590:34)
    at process.env.NODE_ENV.exports.act (D:\Desktop\AI-Based-Quality-Check-On-Project-Code-And-Architecture\frontend\node_modules\react\cjs\react.development.js:884:10)
    at D:\Desktop\AI-Based-Quality-Check-On-Project-Code-And-Architecture\frontend\node_modules\@testing-library\react\dist\act-compat.js:46:25
    at renderRoot (D:\Desktop\AI-Based-Quality-Check-On-Project-Code-And-Architecture\frontend\node_modules\@testing-library\react\dist\pure.js:189:26)
    at render (D:\Desktop\AI-Based-Quality-Check-On-Project-Code-And-Architecture\frontend\node_modules\@testing-library\react\dist\pure.js:291:10)
    at Object.&lt;anonymous&gt; (D:\Desktop\AI-Based-Quality-Check-On-Project-Code-And-Architecture\frontend\src\components\visualizations\__tests__\accessibility.test.tsx:135:33)
    at Promise.finally.completed (D:\Desktop\AI-Based-Quality-Check-On-Project-Code-And-Architecture\frontend\node_modules\jest-circus\build\jestAdapterInit.js:1557:28)
    at new Promise (&lt;anonymous&gt;)
    at callAsyncCircusFn (D:\Desktop\AI-Based-Quality-Check-On-Project-Code-And-Architecture\frontend\node_modules\jest-circus\build\jestAdapterInit.js:1497:10)
    at _callCircusTest (D:\Desktop\AI-Based-Quality-Check-On-Project-Code-And-Architecture\frontend\node_modules\jest-circus\build\jestAdapterInit.js:1007:40)
    at _runTest (D:\Desktop\AI-Based-Quality-Check-On-Project-Code-And-Architecture\frontend\node_modules\jest-circus\build\jestAdapterInit.js:947:3)
    at D:\Desktop\AI-Based-Quality-Check-On-Project-Code-And-Architecture\frontend\node_modules\jest-circus\build\jestAdapterInit.js:849:7
    at _runTestsForDescribeBlock (D:\Desktop\AI-Based-Quality-Check-On-Project-Code-And-Architecture\frontend\node_modules\jest-circus\build\jestAdapterInit.js:862:11)
    at _runTestsForDescribeBlock (D:\Desktop\AI-Based-Quality-Check-On-Project-Code-And-Architecture\frontend\node_modules\jest-circus\build\jestAdapterInit.js:857:11)
    at run (D:\Desktop\AI-Based-Quality-Check-On-Project-Code-And-Architecture\frontend\node_modules\jest-circus\build\jestAdapterInit.js:761:3)
    at runAndTransformResultsToJestFormat (D:\Desktop\AI-Based-Quality-Check-On-Project-Code-And-Architecture\frontend\node_modules\jest-circus\build\jestAdapterInit.js:1918:21)
    at jestAdapter (D:\Desktop\AI-Based-Quality-Check-On-Project-Code-And-Architecture\frontend\node_modules\jest-circus\build\runner.js:101:19)
    at runTestInternal (D:\Desktop\AI-Based-Quality-Check-On-Project-Code-And-Architecture\frontend\node_modules\jest-runner\build\index.js:275:16)
    at runTest (D:\Desktop\AI-Based-Quality-Check-On-Project-Code-And-Architecture\frontend\node_modules\jest-runner\build\index.js:343:7)</failure>
    </testcase>
    <testcase classname="Dependency Graph Visualization Accessibility" name="should have screen reader description for graph" time="0.007">
      <failure>Error: No QueryClient set, use QueryClientProvider to set one
    at useQueryClient (D:\Desktop\AI-Based-Quality-Check-On-Project-Code-And-Architecture\frontend\node_modules\@tanstack\react-query\src\QueryClientProvider.tsx:18:11)
    at useBaseQuery (D:\Desktop\AI-Based-Quality-Check-On-Project-Code-And-Architecture\frontend\node_modules\@tanstack\react-query\src\useBaseQuery.ts:54:18)
    at useQuery (D:\Desktop\AI-Based-Quality-Check-On-Project-Code-And-Architecture\frontend\node_modules\@tanstack\react-query\src\useQuery.ts:51:10)
    at DependencyGraphVisualization (D:\Desktop\AI-Based-Quality-Check-On-Project-Code-And-Architecture\frontend\src\components\visualizations\DependencyGraphVisualization.tsx:102:15)
    at Object.react_stack_bottom_frame (D:\Desktop\AI-Based-Quality-Check-On-Project-Code-And-Architecture\frontend\node_modules\react-dom\cjs\react-dom-client.development.js:25904:20)
    at renderWithHooks (D:\Desktop\AI-Based-Quality-Check-On-Project-Code-And-Architecture\frontend\node_modules\react-dom\cjs\react-dom-client.development.js:7662:22)
    at updateFunctionComponent (D:\Desktop\AI-Based-Quality-Check-On-Project-Code-And-Architecture\frontend\node_modules\react-dom\cjs\react-dom-client.development.js:10166:19)
    at beginWork (D:\Desktop\AI-Based-Quality-Check-On-Project-Code-And-Architecture\frontend\node_modules\react-dom\cjs\react-dom-client.development.js:11778:18)
    at runWithFiberInDEV (D:\Desktop\AI-Based-Quality-Check-On-Project-Code-And-Architecture\frontend\node_modules\react-dom\cjs\react-dom-client.development.js:874:13)
    at performUnitOfWork (D:\Desktop\AI-Based-Quality-Check-On-Project-Code-And-Architecture\frontend\node_modules\react-dom\cjs\react-dom-client.development.js:17641:22)
    at workLoopSync (D:\Desktop\AI-Based-Quality-Check-On-Project-Code-And-Architecture\frontend\node_modules\react-dom\cjs\react-dom-client.development.js:17469:41)
    at renderRootSync (D:\Desktop\AI-Based-Quality-Check-On-Project-Code-And-Architecture\frontend\node_modules\react-dom\cjs\react-dom-client.development.js:17450:11)
    at performWorkOnRoot (D:\Desktop\AI-Based-Quality-Check-On-Project-Code-And-Architecture\frontend\node_modules\react-dom\cjs\react-dom-client.development.js:16583:35)
    at performWorkOnRootViaSchedulerTask (D:\Desktop\AI-Based-Quality-Check-On-Project-Code-And-Architecture\frontend\node_modules\react-dom\cjs\react-dom-client.development.js:18957:7)
    at flushActQueue (D:\Desktop\AI-Based-Quality-Check-On-Project-Code-And-Architecture\frontend\node_modules\react\cjs\react.development.js:590:34)
    at process.env.NODE_ENV.exports.act (D:\Desktop\AI-Based-Quality-Check-On-Project-Code-And-Architecture\frontend\node_modules\react\cjs\react.development.js:884:10)
    at D:\Desktop\AI-Based-Quality-Check-On-Project-Code-And-Architecture\frontend\node_modules\@testing-library\react\dist\act-compat.js:46:25
    at renderRoot (D:\Desktop\AI-Based-Quality-Check-On-Project-Code-And-Architecture\frontend\node_modules\@testing-library\react\dist\pure.js:189:26)
    at render (D:\Desktop\AI-Based-Quality-Check-On-Project-Code-And-Architecture\frontend\node_modules\@testing-library\react\dist\pure.js:291:10)
    at Object.&lt;anonymous&gt; (D:\Desktop\AI-Based-Quality-Check-On-Project-Code-And-Architecture\frontend\src\components\visualizations\__tests__\accessibility.test.tsx:145:33)
    at Promise.finally.completed (D:\Desktop\AI-Based-Quality-Check-On-Project-Code-And-Architecture\frontend\node_modules\jest-circus\build\jestAdapterInit.js:1557:28)
    at new Promise (&lt;anonymous&gt;)
    at callAsyncCircusFn (D:\Desktop\AI-Based-Quality-Check-On-Project-Code-And-Architecture\frontend\node_modules\jest-circus\build\jestAdapterInit.js:1497:10)
    at _callCircusTest (D:\Desktop\AI-Based-Quality-Check-On-Project-Code-And-Architecture\frontend\node_modules\jest-circus\build\jestAdapterInit.js:1007:40)
    at _runTest (D:\Desktop\AI-Based-Quality-Check-On-Project-Code-And-Architecture\frontend\node_modules\jest-circus\build\jestAdapterInit.js:947:3)
    at D:\Desktop\AI-Based-Quality-Check-On-Project-Code-And-Architecture\frontend\node_modules\jest-circus\build\jestAdapterInit.js:849:7
    at _runTestsForDescribeBlock (D:\Desktop\AI-Based-Quality-Check-On-Project-Code-And-Architecture\frontend\node_modules\jest-circus\build\jestAdapterInit.js:862:11)
    at _runTestsForDescribeBlock (D:\Desktop\AI-Based-Quality-Check-On-Project-Code-And-Architecture\frontend\node_modules\jest-circus\build\jestAdapterInit.js:857:11)
    at run (D:\Desktop\AI-Based-Quality-Check-On-Project-Code-And-Architecture\frontend\node_modules\jest-circus\build\jestAdapterInit.js:761:3)
    at runAndTransformResultsToJestFormat (D:\Desktop\AI-Based-Quality-Check-On-Project-Code-And-Architecture\frontend\node_modules\jest-circus\build\jestAdapterInit.js:1918:21)
    at jestAdapter (D:\Desktop\AI-Based-Quality-Check-On-Project-Code-And-Architecture\frontend\node_modules\jest-circus\build\runner.js:101:19)
    at runTestInternal (D:\Desktop\AI-Based-Quality-Check-On-Project-Code-And-Architecture\frontend\node_modules\jest-runner\build\index.js:275:16)
    at runTest (D:\Desktop\AI-Based-Quality-Check-On-Project-Code-And-Architecture\frontend\node_modules\jest-runner\build\index.js:343:7)</failure>
    </testcase>
    <testcase classname="Dependency Graph Visualization Accessibility" name="should have all icons marked as decorative" time="0.006">
      <failure>Error: No QueryClient set, use QueryClientProvider to set one
    at useQueryClient (D:\Desktop\AI-Based-Quality-Check-On-Project-Code-And-Architecture\frontend\node_modules\@tanstack\react-query\src\QueryClientProvider.tsx:18:11)
    at useBaseQuery (D:\Desktop\AI-Based-Quality-Check-On-Project-Code-And-Architecture\frontend\node_modules\@tanstack\react-query\src\useBaseQuery.ts:54:18)
    at useQuery (D:\Desktop\AI-Based-Quality-Check-On-Project-Code-And-Architecture\frontend\node_modules\@tanstack\react-query\src\useQuery.ts:51:10)
    at DependencyGraphVisualization (D:\Desktop\AI-Based-Quality-Check-On-Project-Code-And-Architecture\frontend\src\components\visualizations\DependencyGraphVisualization.tsx:102:15)
    at Object.react_stack_bottom_frame (D:\Desktop\AI-Based-Quality-Check-On-Project-Code-And-Architecture\frontend\node_modules\react-dom\cjs\react-dom-client.development.js:25904:20)
    at renderWithHooks (D:\Desktop\AI-Based-Quality-Check-On-Project-Code-And-Architecture\frontend\node_modules\react-dom\cjs\react-dom-client.development.js:7662:22)
    at updateFunctionComponent (D:\Desktop\AI-Based-Quality-Check-On-Project-Code-And-Architecture\frontend\node_modules\react-dom\cjs\react-dom-client.development.js:10166:19)
    at beginWork (D:\Desktop\AI-Based-Quality-Check-On-Project-Code-And-Architecture\frontend\node_modules\react-dom\cjs\react-dom-client.development.js:11778:18)
    at runWithFiberInDEV (D:\Desktop\AI-Based-Quality-Check-On-Project-Code-And-Architecture\frontend\node_modules\react-dom\cjs\react-dom-client.development.js:874:13)
    at performUnitOfWork (D:\Desktop\AI-Based-Quality-Check-On-Project-Code-And-Architecture\frontend\node_modules\react-dom\cjs\react-dom-client.development.js:17641:22)
    at workLoopSync (D:\Desktop\AI-Based-Quality-Check-On-Project-Code-And-Architecture\frontend\node_modules\react-dom\cjs\react-dom-client.development.js:17469:41)
    at renderRootSync (D:\Desktop\AI-Based-Quality-Check-On-Project-Code-And-Architecture\frontend\node_modules\react-dom\cjs\react-dom-client.development.js:17450:11)
    at performWorkOnRoot (D:\Desktop\AI-Based-Quality-Check-On-Project-Code-And-Architecture\frontend\node_modules\react-dom\cjs\react-dom-client.development.js:16583:35)
    at performWorkOnRootViaSchedulerTask (D:\Desktop\AI-Based-Quality-Check-On-Project-Code-And-Architecture\frontend\node_modules\react-dom\cjs\react-dom-client.development.js:18957:7)
    at flushActQueue (D:\Desktop\AI-Based-Quality-Check-On-Project-Code-And-Architecture\frontend\node_modules\react\cjs\react.development.js:590:34)
    at process.env.NODE_ENV.exports.act (D:\Desktop\AI-Based-Quality-Check-On-Project-Code-And-Architecture\frontend\node_modules\react\cjs\react.development.js:884:10)
    at D:\Desktop\AI-Based-Quality-Check-On-Project-Code-And-Architecture\frontend\node_modules\@testing-library\react\dist\act-compat.js:46:25
    at renderRoot (D:\Desktop\AI-Based-Quality-Check-On-Project-Code-And-Architecture\frontend\node_modules\@testing-library\react\dist\pure.js:189:26)
    at render (D:\Desktop\AI-Based-Quality-Check-On-Project-Code-And-Architecture\frontend\node_modules\@testing-library\react\dist\pure.js:291:10)
    at Object.&lt;anonymous&gt; (D:\Desktop\AI-Based-Quality-Check-On-Project-Code-And-Architecture\frontend\src\components\visualizations\__tests__\accessibility.test.tsx:155:33)
    at Promise.finally.completed (D:\Desktop\AI-Based-Quality-Check-On-Project-Code-And-Architecture\frontend\node_modules\jest-circus\build\jestAdapterInit.js:1557:28)
    at new Promise (&lt;anonymous&gt;)
    at callAsyncCircusFn (D:\Desktop\AI-Based-Quality-Check-On-Project-Code-And-Architecture\frontend\node_modules\jest-circus\build\jestAdapterInit.js:1497:10)
    at _callCircusTest (D:\Desktop\AI-Based-Quality-Check-On-Project-Code-And-Architecture\frontend\node_modules\jest-circus\build\jestAdapterInit.js:1007:40)
    at _runTest (D:\Desktop\AI-Based-Quality-Check-On-Project-Code-And-Architecture\frontend\node_modules\jest-circus\build\jestAdapterInit.js:947:3)
    at D:\Desktop\AI-Based-Quality-Check-On-Project-Code-And-Architecture\frontend\node_modules\jest-circus\build\jestAdapterInit.js:849:7
    at _runTestsForDescribeBlock (D:\Desktop\AI-Based-Quality-Check-On-Project-Code-And-Architecture\frontend\node_modules\jest-circus\build\jestAdapterInit.js:862:11)
    at _runTestsForDescribeBlock (D:\Desktop\AI-Based-Quality-Check-On-Project-Code-And-Architecture\frontend\node_modules\jest-circus\build\jestAdapterInit.js:857:11)
    at run (D:\Desktop\AI-Based-Quality-Check-On-Project-Code-And-Architecture\frontend\node_modules\jest-circus\build\jestAdapterInit.js:761:3)
    at runAndTransformResultsToJestFormat (D:\Desktop\AI-Based-Quality-Check-On-Project-Code-And-Architecture\frontend\node_modules\jest-circus\build\jestAdapterInit.js:1918:21)
    at jestAdapter (D:\Desktop\AI-Based-Quality-Check-On-Project-Code-And-Architecture\frontend\node_modules\jest-circus\build\runner.js:101:19)
    at runTestInternal (D:\Desktop\AI-Based-Quality-Check-On-Project-Code-And-Architecture\frontend\node_modules\jest-runner\build\index.js:275:16)
    at runTest (D:\Desktop\AI-Based-Quality-Check-On-Project-Code-And-Architecture\frontend\node_modules\jest-runner\build\index.js:343:7)</failure>
    </testcase>
    <testcase classname="Dependency Graph Visualization Accessibility" name="should have keyboard accessible interactive elements" time="0.005">
      <failure>Error: No QueryClient set, use QueryClientProvider to set one
    at useQueryClient (D:\Desktop\AI-Based-Quality-Check-On-Project-Code-And-Architecture\frontend\node_modules\@tanstack\react-query\src\QueryClientProvider.tsx:18:11)
    at useBaseQuery (D:\Desktop\AI-Based-Quality-Check-On-Project-Code-And-Architecture\frontend\node_modules\@tanstack\react-query\src\useBaseQuery.ts:54:18)
    at useQuery (D:\Desktop\AI-Based-Quality-Check-On-Project-Code-And-Architecture\frontend\node_modules\@tanstack\react-query\src\useQuery.ts:51:10)
    at DependencyGraphVisualization (D:\Desktop\AI-Based-Quality-Check-On-Project-Code-And-Architecture\frontend\src\components\visualizations\DependencyGraphVisualization.tsx:102:15)
    at Object.react_stack_bottom_frame (D:\Desktop\AI-Based-Quality-Check-On-Project-Code-And-Architecture\frontend\node_modules\react-dom\cjs\react-dom-client.development.js:25904:20)
    at renderWithHooks (D:\Desktop\AI-Based-Quality-Check-On-Project-Code-And-Architecture\frontend\node_modules\react-dom\cjs\react-dom-client.development.js:7662:22)
    at updateFunctionComponent (D:\Desktop\AI-Based-Quality-Check-On-Project-Code-And-Architecture\frontend\node_modules\react-dom\cjs\react-dom-client.development.js:10166:19)
    at beginWork (D:\Desktop\AI-Based-Quality-Check-On-Project-Code-And-Architecture\frontend\node_modules\react-dom\cjs\react-dom-client.development.js:11778:18)
    at runWithFiberInDEV (D:\Desktop\AI-Based-Quality-Check-On-Project-Code-And-Architecture\frontend\node_modules\react-dom\cjs\react-dom-client.development.js:874:13)
    at performUnitOfWork (D:\Desktop\AI-Based-Quality-Check-On-Project-Code-And-Architecture\frontend\node_modules\react-dom\cjs\react-dom-client.development.js:17641:22)
    at workLoopSync (D:\Desktop\AI-Based-Quality-Check-On-Project-Code-And-Architecture\frontend\node_modules\react-dom\cjs\react-dom-client.development.js:17469:41)
    at renderRootSync (D:\Desktop\AI-Based-Quality-Check-On-Project-Code-And-Architecture\frontend\node_modules\react-dom\cjs\react-dom-client.development.js:17450:11)
    at performWorkOnRoot (D:\Desktop\AI-Based-Quality-Check-On-Project-Code-And-Architecture\frontend\node_modules\react-dom\cjs\react-dom-client.development.js:16583:35)
    at performWorkOnRootViaSchedulerTask (D:\Desktop\AI-Based-Quality-Check-On-Project-Code-And-Architecture\frontend\node_modules\react-dom\cjs\react-dom-client.development.js:18957:7)
    at flushActQueue (D:\Desktop\AI-Based-Quality-Check-On-Project-Code-And-Architecture\frontend\node_modules\react\cjs\react.development.js:590:34)
    at process.env.NODE_ENV.exports.act (D:\Desktop\AI-Based-Quality-Check-On-Project-Code-And-Architecture\frontend\node_modules\react\cjs\react.development.js:884:10)
    at D:\Desktop\AI-Based-Quality-Check-On-Project-Code-And-Architecture\frontend\node_modules\@testing-library\react\dist\act-compat.js:46:25
    at renderRoot (D:\Desktop\AI-Based-Quality-Check-On-Project-Code-And-Architecture\frontend\node_modules\@testing-library\react\dist\pure.js:189:26)
    at render (D:\Desktop\AI-Based-Quality-Check-On-Project-Code-And-Architecture\frontend\node_modules\@testing-library\react\dist\pure.js:291:10)
    at Object.&lt;anonymous&gt; (D:\Desktop\AI-Based-Quality-Check-On-Project-Code-And-Architecture\frontend\src\components\visualizations\__tests__\accessibility.test.tsx:172:36)
    at Promise.finally.completed (D:\Desktop\AI-Based-Quality-Check-On-Project-Code-And-Architecture\frontend\node_modules\jest-circus\build\jestAdapterInit.js:1557:28)
    at new Promise (&lt;anonymous&gt;)
    at callAsyncCircusFn (D:\Desktop\AI-Based-Quality-Check-On-Project-Code-And-Architecture\frontend\node_modules\jest-circus\build\jestAdapterInit.js:1497:10)
    at _callCircusTest (D:\Desktop\AI-Based-Quality-Check-On-Project-Code-And-Architecture\frontend\node_modules\jest-circus\build\jestAdapterInit.js:1007:40)
    at _runTest (D:\Desktop\AI-Based-Quality-Check-On-Project-Code-And-Architecture\frontend\node_modules\jest-circus\build\jestAdapterInit.js:947:3)
    at D:\Desktop\AI-Based-Quality-Check-On-Project-Code-And-Architecture\frontend\node_modules\jest-circus\build\jestAdapterInit.js:849:7
    at _runTestsForDescribeBlock (D:\Desktop\AI-Based-Quality-Check-On-Project-Code-And-Architecture\frontend\node_modules\jest-circus\build\jestAdapterInit.js:862:11)
    at _runTestsForDescribeBlock (D:\Desktop\AI-Based-Quality-Check-On-Project-Code-And-Architecture\frontend\node_modules\jest-circus\build\jestAdapterInit.js:857:11)
    at run (D:\Desktop\AI-Based-Quality-Check-On-Project-Code-And-Architecture\frontend\node_modules\jest-circus\build\jestAdapterInit.js:761:3)
    at runAndTransformResultsToJestFormat (D:\Desktop\AI-Based-Quality-Check-On-Project-Code-And-Architecture\frontend\node_modules\jest-circus\build\jestAdapterInit.js:1918:21)
    at jestAdapter (D:\Desktop\AI-Based-Quality-Check-On-Project-Code-And-Architecture\frontend\node_modules\jest-circus\build\runner.js:101:19)
    at runTestInternal (D:\Desktop\AI-Based-Quality-Check-On-Project-Code-And-Architecture\frontend\node_modules\jest-runner\build\index.js:275:16)
    at runTest (D:\Desktop\AI-Based-Quality-Check-On-Project-Code-And-Architecture\frontend\node_modules\jest-runner\build\index.js:343:7)</failure>
    </testcase>
  </testsuite>
  <testsuite name="ApiClient Retry Integration" errors="0" failures="5" skipped="0" timestamp="2026-03-08T07:40:55" time="0.875" tests="9">
    <testcase classname="ApiClient Retry Integration › 指数退避重试机制" name="应该在网络错误时使用指数退避重试" time="0.03">
    </testcase>
    <testcase classname="ApiClient Retry Integration › 指数退避重试机制" name="应该在5xx错误时使用指数退避重试" time="0.042">
    </testcase>
    <testcase classname="ApiClient Retry Integration › 指数退避重试机制" name="应该在429错误时使用指数退避重试" time="0.041">
    </testcase>
    <testcase classname="ApiClient Retry Integration › 指数退避重试机制" name="应该在最多重试3次后抛出错误" time="0.055">
      <failure>Error: Persistent Network Error
    at Object.&lt;anonymous&gt; (D:\Desktop\AI-Based-Quality-Check-On-Project-Code-And-Architecture\frontend\src\services\__tests__\ApiClient.retry.integration.test.ts:110:33)
    at Promise.finally.completed (D:\Desktop\AI-Based-Quality-Check-On-Project-Code-And-Architecture\frontend\node_modules\jest-circus\build\jestAdapterInit.js:1557:28)
    at new Promise (&lt;anonymous&gt;)
    at callAsyncCircusFn (D:\Desktop\AI-Based-Quality-Check-On-Project-Code-And-Architecture\frontend\node_modules\jest-circus\build\jestAdapterInit.js:1497:10)
    at _callCircusTest (D:\Desktop\AI-Based-Quality-Check-On-Project-Code-And-Architecture\frontend\node_modules\jest-circus\build\jestAdapterInit.js:1007:40)
    at _runTest (D:\Desktop\AI-Based-Quality-Check-On-Project-Code-And-Architecture\frontend\node_modules\jest-circus\build\jestAdapterInit.js:947:3)
    at D:\Desktop\AI-Based-Quality-Check-On-Project-Code-And-Architecture\frontend\node_modules\jest-circus\build\jestAdapterInit.js:849:7
    at _runTestsForDescribeBlock (D:\Desktop\AI-Based-Quality-Check-On-Project-Code-And-Architecture\frontend\node_modules\jest-circus\build\jestAdapterInit.js:862:11)
    at _runTestsForDescribeBlock (D:\Desktop\AI-Based-Quality-Check-On-Project-Code-And-Architecture\frontend\node_modules\jest-circus\build\jestAdapterInit.js:857:11)
    at _runTestsForDescribeBlock (D:\Desktop\AI-Based-Quality-Check-On-Project-Code-And-Architecture\frontend\node_modules\jest-circus\build\jestAdapterInit.js:857:11)
    at run (D:\Desktop\AI-Based-Quality-Check-On-Project-Code-And-Architecture\frontend\node_modules\jest-circus\build\jestAdapterInit.js:761:3)
    at runAndTransformResultsToJestFormat (D:\Desktop\AI-Based-Quality-Check-On-Project-Code-And-Architecture\frontend\node_modules\jest-circus\build\jestAdapterInit.js:1918:21)
    at jestAdapter (D:\Desktop\AI-Based-Quality-Check-On-Project-Code-And-Architecture\frontend\node_modules\jest-circus\build\runner.js:101:19)
    at runTestInternal (D:\Desktop\AI-Based-Quality-Check-On-Project-Code-And-Architecture\frontend\node_modules\jest-runner\build\index.js:275:16)
    at runTest (D:\Desktop\AI-Based-Quality-Check-On-Project-Code-And-Architecture\frontend\node_modules\jest-runner\build\index.js:343:7)</failure>
      <failure>Error: Persistent Network Error
    at Object.&lt;anonymous&gt; (D:\Desktop\AI-Based-Quality-Check-On-Project-Code-And-Architecture\frontend\src\services\__tests__\ApiClient.retry.integration.test.ts:110:33)
    at Promise.finally.completed (D:\Desktop\AI-Based-Quality-Check-On-Project-Code-And-Architecture\frontend\node_modules\jest-circus\build\jestAdapterInit.js:1557:28)
    at new Promise (&lt;anonymous&gt;)
    at callAsyncCircusFn (D:\Desktop\AI-Based-Quality-Check-On-Project-Code-And-Architecture\frontend\node_modules\jest-circus\build\jestAdapterInit.js:1497:10)
    at _callCircusTest (D:\Desktop\AI-Based-Quality-Check-On-Project-Code-And-Architecture\frontend\node_modules\jest-circus\build\jestAdapterInit.js:1007:40)
    at _runTest (D:\Desktop\AI-Based-Quality-Check-On-Project-Code-And-Architecture\frontend\node_modules\jest-circus\build\jestAdapterInit.js:947:3)
    at D:\Desktop\AI-Based-Quality-Check-On-Project-Code-And-Architecture\frontend\node_modules\jest-circus\build\jestAdapterInit.js:849:7
    at _runTestsForDescribeBlock (D:\Desktop\AI-Based-Quality-Check-On-Project-Code-And-Architecture\frontend\node_modules\jest-circus\build\jestAdapterInit.js:862:11)
    at _runTestsForDescribeBlock (D:\Desktop\AI-Based-Quality-Check-On-Project-Code-And-Architecture\frontend\node_modules\jest-circus\build\jestAdapterInit.js:857:11)
    at _runTestsForDescribeBlock (D:\Desktop\AI-Based-Quality-Check-On-Project-Code-And-Architecture\frontend\node_modules\jest-circus\build\jestAdapterInit.js:857:11)
    at run (D:\Desktop\AI-Based-Quality-Check-On-Project-Code-And-Architecture\frontend\node_modules\jest-circus\build\jestAdapterInit.js:761:3)
    at runAndTransformResultsToJestFormat (D:\Desktop\AI-Based-Quality-Check-On-Project-Code-And-Architecture\frontend\node_modules\jest-circus\build\jestAdapterInit.js:1918:21)
    at jestAdapter (D:\Desktop\AI-Based-Quality-Check-On-Project-Code-And-Architecture\frontend\node_modules\jest-circus\build\runner.js:101:19)
    at runTestInternal (D:\Desktop\AI-Based-Quality-Check-On-Project-Code-And-Architecture\frontend\node_modules\jest-runner\build\index.js:275:16)
    at runTest (D:\Desktop\AI-Based-Quality-Check-On-Project-Code-And-Architecture\frontend\node_modules\jest-runner\build\index.js:343:7)</failure>
      <failure>Error: Persistent Network Error
    at Object.&lt;anonymous&gt; (D:\Desktop\AI-Based-Quality-Check-On-Project-Code-And-Architecture\frontend\src\services\__tests__\ApiClient.retry.integration.test.ts:110:33)
    at Promise.finally.completed (D:\Desktop\AI-Based-Quality-Check-On-Project-Code-And-Architecture\frontend\node_modules\jest-circus\build\jestAdapterInit.js:1557:28)
    at new Promise (&lt;anonymous&gt;)
    at callAsyncCircusFn (D:\Desktop\AI-Based-Quality-Check-On-Project-Code-And-Architecture\frontend\node_modules\jest-circus\build\jestAdapterInit.js:1497:10)
    at _callCircusTest (D:\Desktop\AI-Based-Quality-Check-On-Project-Code-And-Architecture\frontend\node_modules\jest-circus\build\jestAdapterInit.js:1007:40)
    at _runTest (D:\Desktop\AI-Based-Quality-Check-On-Project-Code-And-Architecture\frontend\node_modules\jest-circus\build\jestAdapterInit.js:947:3)
    at D:\Desktop\AI-Based-Quality-Check-On-Project-Code-And-Architecture\frontend\node_modules\jest-circus\build\jestAdapterInit.js:849:7
    at _runTestsForDescribeBlock (D:\Desktop\AI-Based-Quality-Check-On-Project-Code-And-Architecture\frontend\node_modules\jest-circus\build\jestAdapterInit.js:862:11)
    at _runTestsForDescribeBlock (D:\Desktop\AI-Based-Quality-Check-On-Project-Code-And-Architecture\frontend\node_modules\jest-circus\build\jestAdapterInit.js:857:11)
    at _runTestsForDescribeBlock (D:\Desktop\AI-Based-Quality-Check-On-Project-Code-And-Architecture\frontend\node_modules\jest-circus\build\jestAdapterInit.js:857:11)
    at run (D:\Desktop\AI-Based-Quality-Check-On-Project-Code-And-Architecture\frontend\node_modules\jest-circus\build\jestAdapterInit.js:761:3)
    at runAndTransformResultsToJestFormat (D:\Desktop\AI-Based-Quality-Check-On-Project-Code-And-Architecture\frontend\node_modules\jest-circus\build\jestAdapterInit.js:1918:21)
    at jestAdapter (D:\Desktop\AI-Based-Quality-Check-On-Project-Code-And-Architecture\frontend\node_modules\jest-circus\build\runner.js:101:19)
    at runTestInternal (D:\Desktop\AI-Based-Quality-Check-On-Project-Code-And-Architecture\frontend\node_modules\jest-runner\build\index.js:275:16)
    at runTest (D:\Desktop\AI-Based-Quality-Check-On-Project-Code-And-Architecture\frontend\node_modules\jest-runner\build\index.js:343:7)</failure>
    </testcase>
    <testcase classname="ApiClient Retry Integration › 指数退避重试机制" name="应该不重试4xx客户端错误" time="0.012">
      <failure>Error: Bad Request
    at Object.&lt;anonymous&gt; (D:\Desktop\AI-Based-Quality-Check-On-Project-Code-And-Architecture\frontend\src\services\__tests__\ApiClient.retry.integration.test.ts:124:32)
    at Promise.finally.completed (D:\Desktop\AI-Based-Quality-Check-On-Project-Code-And-Architecture\frontend\node_modules\jest-circus\build\jestAdapterInit.js:1557:28)
    at new Promise (&lt;anonymous&gt;)
    at callAsyncCircusFn (D:\Desktop\AI-Based-Quality-Check-On-Project-Code-And-Architecture\frontend\node_modules\jest-circus\build\jestAdapterInit.js:1497:10)
    at _callCircusTest (D:\Desktop\AI-Based-Quality-Check-On-Project-Code-And-Architecture\frontend\node_modules\jest-circus\build\jestAdapterInit.js:1007:40)
    at _runTest (D:\Desktop\AI-Based-Quality-Check-On-Project-Code-And-Architecture\frontend\node_modules\jest-circus\build\jestAdapterInit.js:947:3)
    at D:\Desktop\AI-Based-Quality-Check-On-Project-Code-And-Architecture\frontend\node_modules\jest-circus\build\jestAdapterInit.js:849:7
    at _runTestsForDescribeBlock (D:\Desktop\AI-Based-Quality-Check-On-Project-Code-And-Architecture\frontend\node_modules\jest-circus\build\jestAdapterInit.js:862:11)
    at _runTestsForDescribeBlock (D:\Desktop\AI-Based-Quality-Check-On-Project-Code-And-Architecture\frontend\node_modules\jest-circus\build\jestAdapterInit.js:857:11)
    at _runTestsForDescribeBlock (D:\Desktop\AI-Based-Quality-Check-On-Project-Code-And-Architecture\frontend\node_modules\jest-circus\build\jestAdapterInit.js:857:11)
    at run (D:\Desktop\AI-Based-Quality-Check-On-Project-Code-And-Architecture\frontend\node_modules\jest-circus\build\jestAdapterInit.js:761:3)
    at runAndTransformResultsToJestFormat (D:\Desktop\AI-Based-Quality-Check-On-Project-Code-And-Architecture\frontend\node_modules\jest-circus\build\jestAdapterInit.js:1918:21)
    at jestAdapter (D:\Desktop\AI-Based-Quality-Check-On-Project-Code-And-Architecture\frontend\node_modules\jest-circus\build\runner.js:101:19)
    at runTestInternal (D:\Desktop\AI-Based-Quality-Check-On-Project-Code-And-Architecture\frontend\node_modules\jest-runner\build\index.js:275:16)
    at runTest (D:\Desktop\AI-Based-Quality-Check-On-Project-Code-And-Architecture\frontend\node_modules\jest-runner\build\index.js:343:7)</failure>
      <failure>Error: Bad Request
    at Object.&lt;anonymous&gt; (D:\Desktop\AI-Based-Quality-Check-On-Project-Code-And-Architecture\frontend\src\services\__tests__\ApiClient.retry.integration.test.ts:124:32)
    at Promise.finally.completed (D:\Desktop\AI-Based-Quality-Check-On-Project-Code-And-Architecture\frontend\node_modules\jest-circus\build\jestAdapterInit.js:1557:28)
    at new Promise (&lt;anonymous&gt;)
    at callAsyncCircusFn (D:\Desktop\AI-Based-Quality-Check-On-Project-Code-And-Architecture\frontend\node_modules\jest-circus\build\jestAdapterInit.js:1497:10)
    at _callCircusTest (D:\Desktop\AI-Based-Quality-Check-On-Project-Code-And-Architecture\frontend\node_modules\jest-circus\build\jestAdapterInit.js:1007:40)
    at _runTest (D:\Desktop\AI-Based-Quality-Check-On-Project-Code-And-Architecture\frontend\node_modules\jest-circus\build\jestAdapterInit.js:947:3)
    at D:\Desktop\AI-Based-Quality-Check-On-Project-Code-And-Architecture\frontend\node_modules\jest-circus\build\jestAdapterInit.js:849:7
    at _runTestsForDescribeBlock (D:\Desktop\AI-Based-Quality-Check-On-Project-Code-And-Architecture\frontend\node_modules\jest-circus\build\jestAdapterInit.js:862:11)
    at _runTestsForDescribeBlock (D:\Desktop\AI-Based-Quality-Check-On-Project-Code-And-Architecture\frontend\node_modules\jest-circus\build\jestAdapterInit.js:857:11)
    at _runTestsForDescribeBlock (D:\Desktop\AI-Based-Quality-Check-On-Project-Code-And-Architecture\frontend\node_modules\jest-circus\build\jestAdapterInit.js:857:11)
    at run (D:\Desktop\AI-Based-Quality-Check-On-Project-Code-And-Architecture\frontend\node_modules\jest-circus\build\jestAdapterInit.js:761:3)
    at runAndTransformResultsToJestFormat (D:\Desktop\AI-Based-Quality-Check-On-Project-Code-And-Architecture\frontend\node_modules\jest-circus\build\jestAdapterInit.js:1918:21)
    at jestAdapter (D:\Desktop\AI-Based-Quality-Check-On-Project-Code-And-Architecture\frontend\node_modules\jest-circus\build\runner.js:101:19)
    at runTestInternal (D:\Desktop\AI-Based-Quality-Check-On-Project-Code-And-Architecture\frontend\node_modules\jest-runner\build\index.js:275:16)
    at runTest (D:\Desktop\AI-Based-Quality-Check-On-Project-Code-And-Architecture\frontend\node_modules\jest-runner\build\index.js:343:7)</failure>
      <failure>Error: Bad Request
    at Object.&lt;anonymous&gt; (D:\Desktop\AI-Based-Quality-Check-On-Project-Code-And-Architecture\frontend\src\services\__tests__\ApiClient.retry.integration.test.ts:124:32)
    at Promise.finally.completed (D:\Desktop\AI-Based-Quality-Check-On-Project-Code-And-Architecture\frontend\node_modules\jest-circus\build\jestAdapterInit.js:1557:28)
    at new Promise (&lt;anonymous&gt;)
    at callAsyncCircusFn (D:\Desktop\AI-Based-Quality-Check-On-Project-Code-And-Architecture\frontend\node_modules\jest-circus\build\jestAdapterInit.js:1497:10)
    at _callCircusTest (D:\Desktop\AI-Based-Quality-Check-On-Project-Code-And-Architecture\frontend\node_modules\jest-circus\build\jestAdapterInit.js:1007:40)
    at _runTest (D:\Desktop\AI-Based-Quality-Check-On-Project-Code-And-Architecture\frontend\node_modules\jest-circus\build\jestAdapterInit.js:947:3)
    at D:\Desktop\AI-Based-Quality-Check-On-Project-Code-And-Architecture\frontend\node_modules\jest-circus\build\jestAdapterInit.js:849:7
    at _runTestsForDescribeBlock (D:\Desktop\AI-Based-Quality-Check-On-Project-Code-And-Architecture\frontend\node_modules\jest-circus\build\jestAdapterInit.js:862:11)
    at _runTestsForDescribeBlock (D:\Desktop\AI-Based-Quality-Check-On-Project-Code-And-Architecture\frontend\node_modules\jest-circus\build\jestAdapterInit.js:857:11)
    at _runTestsForDescribeBlock (D:\Desktop\AI-Based-Quality-Check-On-Project-Code-And-Architecture\frontend\node_modules\jest-circus\build\jestAdapterInit.js:857:11)
    at run (D:\Desktop\AI-Based-Quality-Check-On-Project-Code-And-Architecture\frontend\node_modules\jest-circus\build\jestAdapterInit.js:761:3)
    at runAndTransformResultsToJestFormat (D:\Desktop\AI-Based-Quality-Check-On-Project-Code-And-Architecture\frontend\node_modules\jest-circus\build\jestAdapterInit.js:1918:21)
    at jestAdapter (D:\Desktop\AI-Based-Quality-Check-On-Project-Code-And-Architecture\frontend\node_modules\jest-circus\build\runner.js:101:19)
    at runTestInternal (D:\Desktop\AI-Based-Quality-Check-On-Project-Code-And-Architecture\frontend\node_modules\jest-runner\build\index.js:275:16)
    at runTest (D:\Desktop\AI-Based-Quality-Check-On-Project-Code-And-Architecture\frontend\node_modules\jest-runner\build\index.js:343:7)</failure>
    </testcase>
    <testcase classname="ApiClient Retry Integration › 指数退避重试机制" name="应该支持自定义重试配置" time="0.036">
      <failure>Error: Network Error
    at Object.&lt;anonymous&gt; (D:\Desktop\AI-Based-Quality-Check-On-Project-Code-And-Architecture\frontend\src\services\__tests__\ApiClient.retry.integration.test.ts:153:33)
    at Promise.finally.completed (D:\Desktop\AI-Based-Quality-Check-On-Project-Code-And-Architecture\frontend\node_modules\jest-circus\build\jestAdapterInit.js:1557:28)
    at new Promise (&lt;anonymous&gt;)
    at callAsyncCircusFn (D:\Desktop\AI-Based-Quality-Check-On-Project-Code-And-Architecture\frontend\node_modules\jest-circus\build\jestAdapterInit.js:1497:10)
    at _callCircusTest (D:\Desktop\AI-Based-Quality-Check-On-Project-Code-And-Architecture\frontend\node_modules\jest-circus\build\jestAdapterInit.js:1007:40)
    at _runTest (D:\Desktop\AI-Based-Quality-Check-On-Project-Code-And-Architecture\frontend\node_modules\jest-circus\build\jestAdapterInit.js:947:3)
    at D:\Desktop\AI-Based-Quality-Check-On-Project-Code-And-Architecture\frontend\node_modules\jest-circus\build\jestAdapterInit.js:849:7
    at _runTestsForDescribeBlock (D:\Desktop\AI-Based-Quality-Check-On-Project-Code-And-Architecture\frontend\node_modules\jest-circus\build\jestAdapterInit.js:862:11)
    at _runTestsForDescribeBlock (D:\Desktop\AI-Based-Quality-Check-On-Project-Code-And-Architecture\frontend\node_modules\jest-circus\build\jestAdapterInit.js:857:11)
    at _runTestsForDescribeBlock (D:\Desktop\AI-Based-Quality-Check-On-Project-Code-And-Architecture\frontend\node_modules\jest-circus\build\jestAdapterInit.js:857:11)
    at run (D:\Desktop\AI-Based-Quality-Check-On-Project-Code-And-Architecture\frontend\node_modules\jest-circus\build\jestAdapterInit.js:761:3)
    at runAndTransformResultsToJestFormat (D:\Desktop\AI-Based-Quality-Check-On-Project-Code-And-Architecture\frontend\node_modules\jest-circus\build\jestAdapterInit.js:1918:21)
    at jestAdapter (D:\Desktop\AI-Based-Quality-Check-On-Project-Code-And-Architecture\frontend\node_modules\jest-circus\build\runner.js:101:19)
    at runTestInternal (D:\Desktop\AI-Based-Quality-Check-On-Project-Code-And-Architecture\frontend\node_modules\jest-runner\build\index.js:275:16)
    at runTest (D:\Desktop\AI-Based-Quality-Check-On-Project-Code-And-Architecture\frontend\node_modules\jest-runner\build\index.js:343:7)</failure>
      <failure>Error: Network Error
    at Object.&lt;anonymous&gt; (D:\Desktop\AI-Based-Quality-Check-On-Project-Code-And-Architecture\frontend\src\services\__tests__\ApiClient.retry.integration.test.ts:153:33)
    at Promise.finally.completed (D:\Desktop\AI-Based-Quality-Check-On-Project-Code-And-Architecture\frontend\node_modules\jest-circus\build\jestAdapterInit.js:1557:28)
    at new Promise (&lt;anonymous&gt;)
    at callAsyncCircusFn (D:\Desktop\AI-Based-Quality-Check-On-Project-Code-And-Architecture\frontend\node_modules\jest-circus\build\jestAdapterInit.js:1497:10)
    at _callCircusTest (D:\Desktop\AI-Based-Quality-Check-On-Project-Code-And-Architecture\frontend\node_modules\jest-circus\build\jestAdapterInit.js:1007:40)
    at _runTest (D:\Desktop\AI-Based-Quality-Check-On-Project-Code-And-Architecture\frontend\node_modules\jest-circus\build\jestAdapterInit.js:947:3)
    at D:\Desktop\AI-Based-Quality-Check-On-Project-Code-And-Architecture\frontend\node_modules\jest-circus\build\jestAdapterInit.js:849:7
    at _runTestsForDescribeBlock (D:\Desktop\AI-Based-Quality-Check-On-Project-Code-And-Architecture\frontend\node_modules\jest-circus\build\jestAdapterInit.js:862:11)
    at _runTestsForDescribeBlock (D:\Desktop\AI-Based-Quality-Check-On-Project-Code-And-Architecture\frontend\node_modules\jest-circus\build\jestAdapterInit.js:857:11)
    at _runTestsForDescribeBlock (D:\Desktop\AI-Based-Quality-Check-On-Project-Code-And-Architecture\frontend\node_modules\jest-circus\build\jestAdapterInit.js:857:11)
    at run (D:\Desktop\AI-Based-Quality-Check-On-Project-Code-And-Architecture\frontend\node_modules\jest-circus\build\jestAdapterInit.js:761:3)
    at runAndTransformResultsToJestFormat (D:\Desktop\AI-Based-Quality-Check-On-Project-Code-And-Architecture\frontend\node_modules\jest-circus\build\jestAdapterInit.js:1918:21)
    at jestAdapter (D:\Desktop\AI-Based-Quality-Check-On-Project-Code-And-Architecture\frontend\node_modules\jest-circus\build\runner.js:101:19)
    at runTestInternal (D:\Desktop\AI-Based-Quality-Check-On-Project-Code-And-Architecture\frontend\node_modules\jest-runner\build\index.js:275:16)
    at runTest (D:\Desktop\AI-Based-Quality-Check-On-Project-Code-And-Architecture\frontend\node_modules\jest-runner\build\index.js:343:7)</failure>
      <failure>Error: Network Error
    at Object.&lt;anonymous&gt; (D:\Desktop\AI-Based-Quality-Check-On-Project-Code-And-Architecture\frontend\src\services\__tests__\ApiClient.retry.integration.test.ts:153:33)
    at Promise.finally.completed (D:\Desktop\AI-Based-Quality-Check-On-Project-Code-And-Architecture\frontend\node_modules\jest-circus\build\jestAdapterInit.js:1557:28)
    at new Promise (&lt;anonymous&gt;)
    at callAsyncCircusFn (D:\Desktop\AI-Based-Quality-Check-On-Project-Code-And-Architecture\frontend\node_modules\jest-circus\build\jestAdapterInit.js:1497:10)
    at _callCircusTest (D:\Desktop\AI-Based-Quality-Check-On-Project-Code-And-Architecture\frontend\node_modules\jest-circus\build\jestAdapterInit.js:1007:40)
    at _runTest (D:\Desktop\AI-Based-Quality-Check-On-Project-Code-And-Architecture\frontend\node_modules\jest-circus\build\jestAdapterInit.js:947:3)
    at D:\Desktop\AI-Based-Quality-Check-On-Project-Code-And-Architecture\frontend\node_modules\jest-circus\build\jestAdapterInit.js:849:7
    at _runTestsForDescribeBlock (D:\Desktop\AI-Based-Quality-Check-On-Project-Code-And-Architecture\frontend\node_modules\jest-circus\build\jestAdapterInit.js:862:11)
    at _runTestsForDescribeBlock (D:\Desktop\AI-Based-Quality-Check-On-Project-Code-And-Architecture\frontend\node_modules\jest-circus\build\jestAdapterInit.js:857:11)
    at _runTestsForDescribeBlock (D:\Desktop\AI-Based-Quality-Check-On-Project-Code-And-Architecture\frontend\node_modules\jest-circus\build\jestAdapterInit.js:857:11)
    at run (D:\Desktop\AI-Based-Quality-Check-On-Project-Code-And-Architecture\frontend\node_modules\jest-circus\build\jestAdapterInit.js:761:3)
    at runAndTransformResultsToJestFormat (D:\Desktop\AI-Based-Quality-Check-On-Project-Code-And-Architecture\frontend\node_modules\jest-circus\build\jestAdapterInit.js:1918:21)
    at jestAdapter (D:\Desktop\AI-Based-Quality-Check-On-Project-Code-And-Architecture\frontend\node_modules\jest-circus\build\runner.js:101:19)
    at runTestInternal (D:\Desktop\AI-Based-Quality-Check-On-Project-Code-And-Architecture\frontend\node_modules\jest-runner\build\index.js:275:16)
    at runTest (D:\Desktop\AI-Based-Quality-Check-On-Project-Code-And-Architecture\frontend\node_modules\jest-runner\build\index.js:343:7)</failure>
    </testcase>
    <testcase classname="ApiClient Retry Integration › 重试与缓存集成" name="应该在重试成功后缓存结果" time="0.03">
    </testcase>
    <testcase classname="ApiClient Retry Integration › 重试与并发控制集成" name="应该在重试时遵守并发限制" time="0.092">
      <failure>Error: Network Error
    at Object.&lt;anonymous&gt; (D:\Desktop\AI-Based-Quality-Check-On-Project-Code-And-Architecture\frontend\src\services\__tests__\ApiClient.retry.integration.test.ts:194:33)
    at Promise.finally.completed (D:\Desktop\AI-Based-Quality-Check-On-Project-Code-And-Architecture\frontend\node_modules\jest-circus\build\jestAdapterInit.js:1557:28)
    at new Promise (&lt;anonymous&gt;)
    at callAsyncCircusFn (D:\Desktop\AI-Based-Quality-Check-On-Project-Code-And-Architecture\frontend\node_modules\jest-circus\build\jestAdapterInit.js:1497:10)
    at _callCircusTest (D:\Desktop\AI-Based-Quality-Check-On-Project-Code-And-Architecture\frontend\node_modules\jest-circus\build\jestAdapterInit.js:1007:40)
    at _runTest (D:\Desktop\AI-Based-Quality-Check-On-Project-Code-And-Architecture\frontend\node_modules\jest-circus\build\jestAdapterInit.js:947:3)
    at D:\Desktop\AI-Based-Quality-Check-On-Project-Code-And-Architecture\frontend\node_modules\jest-circus\build\jestAdapterInit.js:849:7
    at _runTestsForDescribeBlock (D:\Desktop\AI-Based-Quality-Check-On-Project-Code-And-Architecture\frontend\node_modules\jest-circus\build\jestAdapterInit.js:862:11)
    at _runTestsForDescribeBlock (D:\Desktop\AI-Based-Quality-Check-On-Project-Code-And-Architecture\frontend\node_modules\jest-circus\build\jestAdapterInit.js:857:11)
    at _runTestsForDescribeBlock (D:\Desktop\AI-Based-Quality-Check-On-Project-Code-And-Architecture\frontend\node_modules\jest-circus\build\jestAdapterInit.js:857:11)
    at run (D:\Desktop\AI-Based-Quality-Check-On-Project-Code-And-Architecture\frontend\node_modules\jest-circus\build\jestAdapterInit.js:761:3)
    at runAndTransformResultsToJestFormat (D:\Desktop\AI-Based-Quality-Check-On-Project-Code-And-Architecture\frontend\node_modules\jest-circus\build\jestAdapterInit.js:1918:21)
    at jestAdapter (D:\Desktop\AI-Based-Quality-Check-On-Project-Code-And-Architecture\frontend\node_modules\jest-circus\build\runner.js:101:19)
    at runTestInternal (D:\Desktop\AI-Based-Quality-Check-On-Project-Code-And-Architecture\frontend\node_modules\jest-runner\build\index.js:275:16)
    at runTest (D:\Desktop\AI-Based-Quality-Check-On-Project-Code-And-Architecture\frontend\node_modules\jest-runner\build\index.js:343:7)</failure>
      <failure>Error: Network Error
    at Object.&lt;anonymous&gt; (D:\Desktop\AI-Based-Quality-Check-On-Project-Code-And-Architecture\frontend\src\services\__tests__\ApiClient.retry.integration.test.ts:194:33)
    at Promise.finally.completed (D:\Desktop\AI-Based-Quality-Check-On-Project-Code-And-Architecture\frontend\node_modules\jest-circus\build\jestAdapterInit.js:1557:28)
    at new Promise (&lt;anonymous&gt;)
    at callAsyncCircusFn (D:\Desktop\AI-Based-Quality-Check-On-Project-Code-And-Architecture\frontend\node_modules\jest-circus\build\jestAdapterInit.js:1497:10)
    at _callCircusTest (D:\Desktop\AI-Based-Quality-Check-On-Project-Code-And-Architecture\frontend\node_modules\jest-circus\build\jestAdapterInit.js:1007:40)
    at _runTest (D:\Desktop\AI-Based-Quality-Check-On-Project-Code-And-Architecture\frontend\node_modules\jest-circus\build\jestAdapterInit.js:947:3)
    at D:\Desktop\AI-Based-Quality-Check-On-Project-Code-And-Architecture\frontend\node_modules\jest-circus\build\jestAdapterInit.js:849:7
    at _runTestsForDescribeBlock (D:\Desktop\AI-Based-Quality-Check-On-Project-Code-And-Architecture\frontend\node_modules\jest-circus\build\jestAdapterInit.js:862:11)
    at _runTestsForDescribeBlock (D:\Desktop\AI-Based-Quality-Check-On-Project-Code-And-Architecture\frontend\node_modules\jest-circus\build\jestAdapterInit.js:857:11)
    at _runTestsForDescribeBlock (D:\Desktop\AI-Based-Quality-Check-On-Project-Code-And-Architecture\frontend\node_modules\jest-circus\build\jestAdapterInit.js:857:11)
    at run (D:\Desktop\AI-Based-Quality-Check-On-Project-Code-And-Architecture\frontend\node_modules\jest-circus\build\jestAdapterInit.js:761:3)
    at runAndTransformResultsToJestFormat (D:\Desktop\AI-Based-Quality-Check-On-Project-Code-And-Architecture\frontend\node_modules\jest-circus\build\jestAdapterInit.js:1918:21)
    at jestAdapter (D:\Desktop\AI-Based-Quality-Check-On-Project-Code-And-Architecture\frontend\node_modules\jest-circus\build\runner.js:101:19)
    at runTestInternal (D:\Desktop\AI-Based-Quality-Check-On-Project-Code-And-Architecture\frontend\node_modules\jest-runner\build\index.js:275:16)
    at runTest (D:\Desktop\AI-Based-Quality-Check-On-Project-Code-And-Architecture\frontend\node_modules\jest-runner\build\index.js:343:7)</failure>
      <failure>Error: Network Error
    at Object.&lt;anonymous&gt; (D:\Desktop\AI-Based-Quality-Check-On-Project-Code-And-Architecture\frontend\src\services\__tests__\ApiClient.retry.integration.test.ts:194:33)
    at Promise.finally.completed (D:\Desktop\AI-Based-Quality-Check-On-Project-Code-And-Architecture\frontend\node_modules\jest-circus\build\jestAdapterInit.js:1557:28)
    at new Promise (&lt;anonymous&gt;)
    at callAsyncCircusFn (D:\Desktop\AI-Based-Quality-Check-On-Project-Code-And-Architecture\frontend\node_modules\jest-circus\build\jestAdapterInit.js:1497:10)
    at _callCircusTest (D:\Desktop\AI-Based-Quality-Check-On-Project-Code-And-Architecture\frontend\node_modules\jest-circus\build\jestAdapterInit.js:1007:40)
    at _runTest (D:\Desktop\AI-Based-Quality-Check-On-Project-Code-And-Architecture\frontend\node_modules\jest-circus\build\jestAdapterInit.js:947:3)
    at D:\Desktop\AI-Based-Quality-Check-On-Project-Code-And-Architecture\frontend\node_modules\jest-circus\build\jestAdapterInit.js:849:7
    at _runTestsForDescribeBlock (D:\Desktop\AI-Based-Quality-Check-On-Project-Code-And-Architecture\frontend\node_modules\jest-circus\build\jestAdapterInit.js:862:11)
    at _runTestsForDescribeBlock (D:\Desktop\AI-Based-Quality-Check-On-Project-Code-And-Architecture\frontend\node_modules\jest-circus\build\jestAdapterInit.js:857:11)
    at _runTestsForDescribeBlock (D:\Desktop\AI-Based-Quality-Check-On-Project-Code-And-Architecture\frontend\node_modules\jest-circus\build\jestAdapterInit.js:857:11)
    at run (D:\Desktop\AI-Based-Quality-Check-On-Project-Code-And-Architecture\frontend\node_modules\jest-circus\build\jestAdapterInit.js:761:3)
    at runAndTransformResultsToJestFormat (D:\Desktop\AI-Based-Quality-Check-On-Project-Code-And-Architecture\frontend\node_modules\jest-circus\build\jestAdapterInit.js:1918:21)
    at jestAdapter (D:\Desktop\AI-Based-Quality-Check-On-Project-Code-And-Architecture\frontend\node_modules\jest-circus\build\runner.js:101:19)
    at runTestInternal (D:\Desktop\AI-Based-Quality-Check-On-Project-Code-And-Architecture\frontend\node_modules\jest-runner\build\index.js:275:16)
    at runTest (D:\Desktop\AI-Based-Quality-Check-On-Project-Code-And-Architecture\frontend\node_modules\jest-runner\build\index.js:343:7)</failure>
      <failure>Error: Network Error
    at Object.&lt;anonymous&gt; (D:\Desktop\AI-Based-Quality-Check-On-Project-Code-And-Architecture\frontend\src\services\__tests__\ApiClient.retry.integration.test.ts:194:33)
    at Promise.finally.completed (D:\Desktop\AI-Based-Quality-Check-On-Project-Code-And-Architecture\frontend\node_modules\jest-circus\build\jestAdapterInit.js:1557:28)
    at new Promise (&lt;anonymous&gt;)
    at callAsyncCircusFn (D:\Desktop\AI-Based-Quality-Check-On-Project-Code-And-Architecture\frontend\node_modules\jest-circus\build\jestAdapterInit.js:1497:10)
    at _callCircusTest (D:\Desktop\AI-Based-Quality-Check-On-Project-Code-And-Architecture\frontend\node_modules\jest-circus\build\jestAdapterInit.js:1007:40)
    at _runTest (D:\Desktop\AI-Based-Quality-Check-On-Project-Code-And-Architecture\frontend\node_modules\jest-circus\build\jestAdapterInit.js:947:3)
    at D:\Desktop\AI-Based-Quality-Check-On-Project-Code-And-Architecture\frontend\node_modules\jest-circus\build\jestAdapterInit.js:849:7
    at _runTestsForDescribeBlock (D:\Desktop\AI-Based-Quality-Check-On-Project-Code-And-Architecture\frontend\node_modules\jest-circus\build\jestAdapterInit.js:862:11)
    at _runTestsForDescribeBlock (D:\Desktop\AI-Based-Quality-Check-On-Project-Code-And-Architecture\frontend\node_modules\jest-circus\build\jestAdapterInit.js:857:11)
    at _runTestsForDescribeBlock (D:\Desktop\AI-Based-Quality-Check-On-Project-Code-And-Architecture\frontend\node_modules\jest-circus\build\jestAdapterInit.js:857:11)
    at run (D:\Desktop\AI-Based-Quality-Check-On-Project-Code-And-Architecture\frontend\node_modules\jest-circus\build\jestAdapterInit.js:761:3)
    at runAndTransformResultsToJestFormat (D:\Desktop\AI-Based-Quality-Check-On-Project-Code-And-Architecture\frontend\node_modules\jest-circus\build\jestAdapterInit.js:1918:21)
    at jestAdapter (D:\Desktop\AI-Based-Quality-Check-On-Project-Code-And-Architecture\frontend\node_modules\jest-circus\build\runner.js:101:19)
    at runTestInternal (D:\Desktop\AI-Based-Quality-Check-On-Project-Code-And-Architecture\frontend\node_modules\jest-runner\build\index.js:275:16)
    at runTest (D:\Desktop\AI-Based-Quality-Check-On-Project-Code-And-Architecture\frontend\node_modules\jest-runner\build\index.js:343:7)</failure>
      <failure>Error: Network Error
    at Object.&lt;anonymous&gt; (D:\Desktop\AI-Based-Quality-Check-On-Project-Code-And-Architecture\frontend\src\services\__tests__\ApiClient.retry.integration.test.ts:194:33)
    at Promise.finally.completed (D:\Desktop\AI-Based-Quality-Check-On-Project-Code-And-Architecture\frontend\node_modules\jest-circus\build\jestAdapterInit.js:1557:28)
    at new Promise (&lt;anonymous&gt;)
    at callAsyncCircusFn (D:\Desktop\AI-Based-Quality-Check-On-Project-Code-And-Architecture\frontend\node_modules\jest-circus\build\jestAdapterInit.js:1497:10)
    at _callCircusTest (D:\Desktop\AI-Based-Quality-Check-On-Project-Code-And-Architecture\frontend\node_modules\jest-circus\build\jestAdapterInit.js:1007:40)
    at _runTest (D:\Desktop\AI-Based-Quality-Check-On-Project-Code-And-Architecture\frontend\node_modules\jest-circus\build\jestAdapterInit.js:947:3)
    at D:\Desktop\AI-Based-Quality-Check-On-Project-Code-And-Architecture\frontend\node_modules\jest-circus\build\jestAdapterInit.js:849:7
    at _runTestsForDescribeBlock (D:\Desktop\AI-Based-Quality-Check-On-Project-Code-And-Architecture\frontend\node_modules\jest-circus\build\jestAdapterInit.js:862:11)
    at _runTestsForDescribeBlock (D:\Desktop\AI-Based-Quality-Check-On-Project-Code-And-Architecture\frontend\node_modules\jest-circus\build\jestAdapterInit.js:857:11)
    at _runTestsForDescribeBlock (D:\Desktop\AI-Based-Quality-Check-On-Project-Code-And-Architecture\frontend\node_modules\jest-circus\build\jestAdapterInit.js:857:11)
    at run (D:\Desktop\AI-Based-Quality-Check-On-Project-Code-And-Architecture\frontend\node_modules\jest-circus\build\jestAdapterInit.js:761:3)
    at runAndTransformResultsToJestFormat (D:\Desktop\AI-Based-Quality-Check-On-Project-Code-And-Architecture\frontend\node_modules\jest-circus\build\jestAdapterInit.js:1918:21)
    at jestAdapter (D:\Desktop\AI-Based-Quality-Check-On-Project-Code-And-Architecture\frontend\node_modules\jest-circus\build\runner.js:101:19)
    at runTestInternal (D:\Desktop\AI-Based-Quality-Check-On-Project-Code-And-Architecture\frontend\node_modules\jest-runner\build\index.js:275:16)
    at runTest (D:\Desktop\AI-Based-Quality-Check-On-Project-Code-And-Architecture\frontend\node_modules\jest-runner\build\index.js:343:7)</failure>
      <failure>Error: Network Error
    at Object.&lt;anonymous&gt; (D:\Desktop\AI-Based-Quality-Check-On-Project-Code-And-Architecture\frontend\src\services\__tests__\ApiClient.retry.integration.test.ts:194:33)
    at Promise.finally.completed (D:\Desktop\AI-Based-Quality-Check-On-Project-Code-And-Architecture\frontend\node_modules\jest-circus\build\jestAdapterInit.js:1557:28)
    at new Promise (&lt;anonymous&gt;)
    at callAsyncCircusFn (D:\Desktop\AI-Based-Quality-Check-On-Project-Code-And-Architecture\frontend\node_modules\jest-circus\build\jestAdapterInit.js:1497:10)
    at _callCircusTest (D:\Desktop\AI-Based-Quality-Check-On-Project-Code-And-Architecture\frontend\node_modules\jest-circus\build\jestAdapterInit.js:1007:40)
    at _runTest (D:\Desktop\AI-Based-Quality-Check-On-Project-Code-And-Architecture\frontend\node_modules\jest-circus\build\jestAdapterInit.js:947:3)
    at D:\Desktop\AI-Based-Quality-Check-On-Project-Code-And-Architecture\frontend\node_modules\jest-circus\build\jestAdapterInit.js:849:7
    at _runTestsForDescribeBlock (D:\Desktop\AI-Based-Quality-Check-On-Project-Code-And-Architecture\frontend\node_modules\jest-circus\build\jestAdapterInit.js:862:11)
    at _runTestsForDescribeBlock (D:\Desktop\AI-Based-Quality-Check-On-Project-Code-And-Architecture\frontend\node_modules\jest-circus\build\jestAdapterInit.js:857:11)
    at _runTestsForDescribeBlock (D:\Desktop\AI-Based-Quality-Check-On-Project-Code-And-Architecture\frontend\node_modules\jest-circus\build\jestAdapterInit.js:857:11)
    at run (D:\Desktop\AI-Based-Quality-Check-On-Project-Code-And-Architecture\frontend\node_modules\jest-circus\build\jestAdapterInit.js:761:3)
    at runAndTransformResultsToJestFormat (D:\Desktop\AI-Based-Quality-Check-On-Project-Code-And-Architecture\frontend\node_modules\jest-circus\build\jestAdapterInit.js:1918:21)
    at jestAdapter (D:\Desktop\AI-Based-Quality-Check-On-Project-Code-And-Architecture\frontend\node_modules\jest-circus\build\runner.js:101:19)
    at runTestInternal (D:\Desktop\AI-Based-Quality-Check-On-Project-Code-And-Architecture\frontend\node_modules\jest-runner\build\index.js:275:16)
    at runTest (D:\Desktop\AI-Based-Quality-Check-On-Project-Code-And-Architecture\frontend\node_modules\jest-runner\build\index.js:343:7)</failure>
      <failure>Error: Network Error
    at Object.&lt;anonymous&gt; (D:\Desktop\AI-Based-Quality-Check-On-Project-Code-And-Architecture\frontend\src\services\__tests__\ApiClient.retry.integration.test.ts:194:33)
    at Promise.finally.completed (D:\Desktop\AI-Based-Quality-Check-On-Project-Code-And-Architecture\frontend\node_modules\jest-circus\build\jestAdapterInit.js:1557:28)
    at new Promise (&lt;anonymous&gt;)
    at callAsyncCircusFn (D:\Desktop\AI-Based-Quality-Check-On-Project-Code-And-Architecture\frontend\node_modules\jest-circus\build\jestAdapterInit.js:1497:10)
    at _callCircusTest (D:\Desktop\AI-Based-Quality-Check-On-Project-Code-And-Architecture\frontend\node_modules\jest-circus\build\jestAdapterInit.js:1007:40)
    at _runTest (D:\Desktop\AI-Based-Quality-Check-On-Project-Code-And-Architecture\frontend\node_modules\jest-circus\build\jestAdapterInit.js:947:3)
    at D:\Desktop\AI-Based-Quality-Check-On-Project-Code-And-Architecture\frontend\node_modules\jest-circus\build\jestAdapterInit.js:849:7
    at _runTestsForDescribeBlock (D:\Desktop\AI-Based-Quality-Check-On-Project-Code-And-Architecture\frontend\node_modules\jest-circus\build\jestAdapterInit.js:862:11)
    at _runTestsForDescribeBlock (D:\Desktop\AI-Based-Quality-Check-On-Project-Code-And-Architecture\frontend\node_modules\jest-circus\build\jestAdapterInit.js:857:11)
    at _runTestsForDescribeBlock (D:\Desktop\AI-Based-Quality-Check-On-Project-Code-And-Architecture\frontend\node_modules\jest-circus\build\jestAdapterInit.js:857:11)
    at run (D:\Desktop\AI-Based-Quality-Check-On-Project-Code-And-Architecture\frontend\node_modules\jest-circus\build\jestAdapterInit.js:761:3)
    at runAndTransformResultsToJestFormat (D:\Desktop\AI-Based-Quality-Check-On-Project-Code-And-Architecture\frontend\node_modules\jest-circus\build\jestAdapterInit.js:1918:21)
    at jestAdapter (D:\Desktop\AI-Based-Quality-Check-On-Project-Code-And-Architecture\frontend\node_modules\jest-circus\build\runner.js:101:19)
    at runTestInternal (D:\Desktop\AI-Based-Quality-Check-On-Project-Code-And-Architecture\frontend\node_modules\jest-runner\build\index.js:275:16)
    at runTest (D:\Desktop\AI-Based-Quality-Check-On-Project-Code-And-Architecture\frontend\node_modules\jest-runner\build\index.js:343:7)</failure>
      <failure>Error: Network Error
    at Object.&lt;anonymous&gt; (D:\Desktop\AI-Based-Quality-Check-On-Project-Code-And-Architecture\frontend\src\services\__tests__\ApiClient.retry.integration.test.ts:194:33)
    at Promise.finally.completed (D:\Desktop\AI-Based-Quality-Check-On-Project-Code-And-Architecture\frontend\node_modules\jest-circus\build\jestAdapterInit.js:1557:28)
    at new Promise (&lt;anonymous&gt;)
    at callAsyncCircusFn (D:\Desktop\AI-Based-Quality-Check-On-Project-Code-And-Architecture\frontend\node_modules\jest-circus\build\jestAdapterInit.js:1497:10)
    at _callCircusTest (D:\Desktop\AI-Based-Quality-Check-On-Project-Code-And-Architecture\frontend\node_modules\jest-circus\build\jestAdapterInit.js:1007:40)
    at _runTest (D:\Desktop\AI-Based-Quality-Check-On-Project-Code-And-Architecture\frontend\node_modules\jest-circus\build\jestAdapterInit.js:947:3)
    at D:\Desktop\AI-Based-Quality-Check-On-Project-Code-And-Architecture\frontend\node_modules\jest-circus\build\jestAdapterInit.js:849:7
    at _runTestsForDescribeBlock (D:\Desktop\AI-Based-Quality-Check-On-Project-Code-And-Architecture\frontend\node_modules\jest-circus\build\jestAdapterInit.js:862:11)
    at _runTestsForDescribeBlock (D:\Desktop\AI-Based-Quality-Check-On-Project-Code-And-Architecture\frontend\node_modules\jest-circus\build\jestAdapterInit.js:857:11)
    at _runTestsForDescribeBlock (D:\Desktop\AI-Based-Quality-Check-On-Project-Code-And-Architecture\frontend\node_modules\jest-circus\build\jestAdapterInit.js:857:11)
    at run (D:\Desktop\AI-Based-Quality-Check-On-Project-Code-And-Architecture\frontend\node_modules\jest-circus\build\jestAdapterInit.js:761:3)
    at runAndTransformResultsToJestFormat (D:\Desktop\AI-Based-Quality-Check-On-Project-Code-And-Architecture\frontend\node_modules\jest-circus\build\jestAdapterInit.js:1918:21)
    at jestAdapter (D:\Desktop\AI-Based-Quality-Check-On-Project-Code-And-Architecture\frontend\node_modules\jest-circus\build\runner.js:101:19)
    at runTestInternal (D:\Desktop\AI-Based-Quality-Check-On-Project-Code-And-Architecture\frontend\node_modules\jest-runner\build\index.js:275:16)
    at runTest (D:\Desktop\AI-Based-Quality-Check-On-Project-Code-And-Architecture\frontend\node_modules\jest-runner\build\index.js:343:7)</failure>
      <failure>Error: Network Error
    at Object.&lt;anonymous&gt; (D:\Desktop\AI-Based-Quality-Check-On-Project-Code-And-Architecture\frontend\src\services\__tests__\ApiClient.retry.integration.test.ts:194:33)
    at Promise.finally.completed (D:\Desktop\AI-Based-Quality-Check-On-Project-Code-And-Architecture\frontend\node_modules\jest-circus\build\jestAdapterInit.js:1557:28)
    at new Promise (&lt;anonymous&gt;)
    at callAsyncCircusFn (D:\Desktop\AI-Based-Quality-Check-On-Project-Code-And-Architecture\frontend\node_modules\jest-circus\build\jestAdapterInit.js:1497:10)
    at _callCircusTest (D:\Desktop\AI-Based-Quality-Check-On-Project-Code-And-Architecture\frontend\node_modules\jest-circus\build\jestAdapterInit.js:1007:40)
    at _runTest (D:\Desktop\AI-Based-Quality-Check-On-Project-Code-And-Architecture\frontend\node_modules\jest-circus\build\jestAdapterInit.js:947:3)
    at D:\Desktop\AI-Based-Quality-Check-On-Project-Code-And-Architecture\frontend\node_modules\jest-circus\build\jestAdapterInit.js:849:7
    at _runTestsForDescribeBlock (D:\Desktop\AI-Based-Quality-Check-On-Project-Code-And-Architecture\frontend\node_modules\jest-circus\build\jestAdapterInit.js:862:11)
    at _runTestsForDescribeBlock (D:\Desktop\AI-Based-Quality-Check-On-Project-Code-And-Architecture\frontend\node_modules\jest-circus\build\jestAdapterInit.js:857:11)
    at _runTestsForDescribeBlock (D:\Desktop\AI-Based-Quality-Check-On-Project-Code-And-Architecture\frontend\node_modules\jest-circus\build\jestAdapterInit.js:857:11)
    at run (D:\Desktop\AI-Based-Quality-Check-On-Project-Code-And-Architecture\frontend\node_modules\jest-circus\build\jestAdapterInit.js:761:3)
    at runAndTransformResultsToJestFormat (D:\Desktop\AI-Based-Quality-Check-On-Project-Code-And-Architecture\frontend\node_modules\jest-circus\build\jestAdapterInit.js:1918:21)
    at jestAdapter (D:\Desktop\AI-Based-Quality-Check-On-Project-Code-And-Architecture\frontend\node_modules\jest-circus\build\runner.js:101:19)
    at runTestInternal (D:\Desktop\AI-Based-Quality-Check-On-Project-Code-And-Architecture\frontend\node_modules\jest-runner\build\index.js:275:16)
    at runTest (D:\Desktop\AI-Based-Quality-Check-On-Project-Code-And-Architecture\frontend\node_modules\jest-runner\build\index.js:343:7)</failure>
    </testcase>
    <testcase classname="ApiClient Retry Integration › skipRetry选项" name="应该支持跳过重试" time="0.015">
      <failure>Error: Network Error
    at Object.&lt;anonymous&gt; (D:\Desktop\AI-Based-Quality-Check-On-Project-Code-And-Architecture\frontend\src\services\__tests__\ApiClient.retry.integration.test.ts:219:33)
    at Promise.finally.completed (D:\Desktop\AI-Based-Quality-Check-On-Project-Code-And-Architecture\frontend\node_modules\jest-circus\build\jestAdapterInit.js:1557:28)
    at new Promise (&lt;anonymous&gt;)
    at callAsyncCircusFn (D:\Desktop\AI-Based-Quality-Check-On-Project-Code-And-Architecture\frontend\node_modules\jest-circus\build\jestAdapterInit.js:1497:10)
    at _callCircusTest (D:\Desktop\AI-Based-Quality-Check-On-Project-Code-And-Architecture\frontend\node_modules\jest-circus\build\jestAdapterInit.js:1007:40)
    at _runTest (D:\Desktop\AI-Based-Quality-Check-On-Project-Code-And-Architecture\frontend\node_modules\jest-circus\build\jestAdapterInit.js:947:3)
    at D:\Desktop\AI-Based-Quality-Check-On-Project-Code-And-Architecture\frontend\node_modules\jest-circus\build\jestAdapterInit.js:849:7
    at _runTestsForDescribeBlock (D:\Desktop\AI-Based-Quality-Check-On-Project-Code-And-Architecture\frontend\node_modules\jest-circus\build\jestAdapterInit.js:862:11)
    at _runTestsForDescribeBlock (D:\Desktop\AI-Based-Quality-Check-On-Project-Code-And-Architecture\frontend\node_modules\jest-circus\build\jestAdapterInit.js:857:11)
    at _runTestsForDescribeBlock (D:\Desktop\AI-Based-Quality-Check-On-Project-Code-And-Architecture\frontend\node_modules\jest-circus\build\jestAdapterInit.js:857:11)
    at run (D:\Desktop\AI-Based-Quality-Check-On-Project-Code-And-Architecture\frontend\node_modules\jest-circus\build\jestAdapterInit.js:761:3)
    at runAndTransformResultsToJestFormat (D:\Desktop\AI-Based-Quality-Check-On-Project-Code-And-Architecture\frontend\node_modules\jest-circus\build\jestAdapterInit.js:1918:21)
    at jestAdapter (D:\Desktop\AI-Based-Quality-Check-On-Project-Code-And-Architecture\frontend\node_modules\jest-circus\build\runner.js:101:19)
    at runTestInternal (D:\Desktop\AI-Based-Quality-Check-On-Project-Code-And-Architecture\frontend\node_modules\jest-runner\build\index.js:275:16)
    at runTest (D:\Desktop\AI-Based-Quality-Check-On-Project-Code-And-Architecture\frontend\node_modules\jest-runner\build\index.js:343:7)</failure>
      <failure>Error: Network Error
    at Object.&lt;anonymous&gt; (D:\Desktop\AI-Based-Quality-Check-On-Project-Code-And-Architecture\frontend\src\services\__tests__\ApiClient.retry.integration.test.ts:219:33)
    at Promise.finally.completed (D:\Desktop\AI-Based-Quality-Check-On-Project-Code-And-Architecture\frontend\node_modules\jest-circus\build\jestAdapterInit.js:1557:28)
    at new Promise (&lt;anonymous&gt;)
    at callAsyncCircusFn (D:\Desktop\AI-Based-Quality-Check-On-Project-Code-And-Architecture\frontend\node_modules\jest-circus\build\jestAdapterInit.js:1497:10)
    at _callCircusTest (D:\Desktop\AI-Based-Quality-Check-On-Project-Code-And-Architecture\frontend\node_modules\jest-circus\build\jestAdapterInit.js:1007:40)
    at _runTest (D:\Desktop\AI-Based-Quality-Check-On-Project-Code-And-Architecture\frontend\node_modules\jest-circus\build\jestAdapterInit.js:947:3)
    at D:\Desktop\AI-Based-Quality-Check-On-Project-Code-And-Architecture\frontend\node_modules\jest-circus\build\jestAdapterInit.js:849:7
    at _runTestsForDescribeBlock (D:\Desktop\AI-Based-Quality-Check-On-Project-Code-And-Architecture\frontend\node_modules\jest-circus\build\jestAdapterInit.js:862:11)
    at _runTestsForDescribeBlock (D:\Desktop\AI-Based-Quality-Check-On-Project-Code-And-Architecture\frontend\node_modules\jest-circus\build\jestAdapterInit.js:857:11)
    at _runTestsForDescribeBlock (D:\Desktop\AI-Based-Quality-Check-On-Project-Code-And-Architecture\frontend\node_modules\jest-circus\build\jestAdapterInit.js:857:11)
    at run (D:\Desktop\AI-Based-Quality-Check-On-Project-Code-And-Architecture\frontend\node_modules\jest-circus\build\jestAdapterInit.js:761:3)
    at runAndTransformResultsToJestFormat (D:\Desktop\AI-Based-Quality-Check-On-Project-Code-And-Architecture\frontend\node_modules\jest-circus\build\jestAdapterInit.js:1918:21)
    at jestAdapter (D:\Desktop\AI-Based-Quality-Check-On-Project-Code-And-Architecture\frontend\node_modules\jest-circus\build\runner.js:101:19)
    at runTestInternal (D:\Desktop\AI-Based-Quality-Check-On-Project-Code-And-Architecture\frontend\node_modules\jest-runner\build\index.js:275:16)
    at runTest (D:\Desktop\AI-Based-Quality-Check-On-Project-Code-And-Architecture\frontend\node_modules\jest-runner\build\index.js:343:7)</failure>
      <failure>Error: Network Error
    at Object.&lt;anonymous&gt; (D:\Desktop\AI-Based-Quality-Check-On-Project-Code-And-Architecture\frontend\src\services\__tests__\ApiClient.retry.integration.test.ts:219:33)
    at Promise.finally.completed (D:\Desktop\AI-Based-Quality-Check-On-Project-Code-And-Architecture\frontend\node_modules\jest-circus\build\jestAdapterInit.js:1557:28)
    at new Promise (&lt;anonymous&gt;)
    at callAsyncCircusFn (D:\Desktop\AI-Based-Quality-Check-On-Project-Code-And-Architecture\frontend\node_modules\jest-circus\build\jestAdapterInit.js:1497:10)
    at _callCircusTest (D:\Desktop\AI-Based-Quality-Check-On-Project-Code-And-Architecture\frontend\node_modules\jest-circus\build\jestAdapterInit.js:1007:40)
    at _runTest (D:\Desktop\AI-Based-Quality-Check-On-Project-Code-And-Architecture\frontend\node_modules\jest-circus\build\jestAdapterInit.js:947:3)
    at D:\Desktop\AI-Based-Quality-Check-On-Project-Code-And-Architecture\frontend\node_modules\jest-circus\build\jestAdapterInit.js:849:7
    at _runTestsForDescribeBlock (D:\Desktop\AI-Based-Quality-Check-On-Project-Code-And-Architecture\frontend\node_modules\jest-circus\build\jestAdapterInit.js:862:11)
    at _runTestsForDescribeBlock (D:\Desktop\AI-Based-Quality-Check-On-Project-Code-And-Architecture\frontend\node_modules\jest-circus\build\jestAdapterInit.js:857:11)
    at _runTestsForDescribeBlock (D:\Desktop\AI-Based-Quality-Check-On-Project-Code-And-Architecture\frontend\node_modules\jest-circus\build\jestAdapterInit.js:857:11)
    at run (D:\Desktop\AI-Based-Quality-Check-On-Project-Code-And-Architecture\frontend\node_modules\jest-circus\build\jestAdapterInit.js:761:3)
    at runAndTransformResultsToJestFormat (D:\Desktop\AI-Based-Quality-Check-On-Project-Code-And-Architecture\frontend\node_modules\jest-circus\build\jestAdapterInit.js:1918:21)
    at jestAdapter (D:\Desktop\AI-Based-Quality-Check-On-Project-Code-And-Architecture\frontend\node_modules\jest-circus\build\runner.js:101:19)
    at runTestInternal (D:\Desktop\AI-Based-Quality-Check-On-Project-Code-And-Architecture\frontend\node_modules\jest-runner\build\index.js:275:16)
    at runTest (D:\Desktop\AI-Based-Quality-Check-On-Project-Code-And-Architecture\frontend\node_modules\jest-runner\build\index.js:343:7)</failure>
    </testcase>
  </testsuite>
  <testsuite name="ProjectCard" errors="0" failures="1" skipped="0" timestamp="2026-03-08T07:40:56" time="1.249" tests="16">
    <testcase classname="ProjectCard" name="should render project information" time="0.024">
    </testcase>
    <testcase classname="ProjectCard" name="should render &quot;No description&quot; when description is null" time="0.049">
    </testcase>
    <testcase classname="ProjectCard" name="should render project link with correct href" time="0.011">
    </testcase>
    <testcase classname="ProjectCard" name="should render GitHub repository link" time="0.017">
    </testcase>
    <testcase classname="ProjectCard" name="should display formatted update date" time="0.017">
      <failure>TestingLibraryElementError: Unable to find an element with the text: /1\/15\/2024/. This could be because the text is broken up by multiple elements. In this case, you can provide a function for your text matcher to make your matcher more flexible.

Ignored nodes: comments, script, style
&lt;body&gt;
  &lt;div&gt;
    &lt;div
      class=&quot;relative rounded-lg border border-gray-200 dark:border-gray-700 bg-white dark:bg-gray-800 p-6 shadow-sm hover:shadow-md transition-shadow&quot;
    &gt;
      &lt;div
        class=&quot;flex items-start justify-between mb-4&quot;
      &gt;
        &lt;div
          class=&quot;flex-1 min-w-0&quot;
        &gt;
          &lt;a
            href=&quot;/projects/1&quot;
          &gt;
            Test Project
          &lt;/a&gt;
          &lt;p
            class=&quot;text-sm text-gray-500 dark:text-gray-400 mt-1 line-clamp-2&quot;
          &gt;
            Test project description
          &lt;/p&gt;
        &lt;/div&gt;
        &lt;div
          class=&quot;relative ml-4&quot;
        &gt;
          &lt;button
            class=&quot;p-1 text-gray-400 hover:text-gray-600 dark:hover:text-gray-300 rounded-full hover:bg-gray-100 dark:hover:bg-gray-700&quot;
          &gt;
            &lt;svg
              data-testid=&quot;more-vertical-icon&quot;
            /&gt;
          &lt;/button&gt;
        &lt;/div&gt;
      &lt;/div&gt;
      &lt;div
        class=&quot;flex items-center gap-2 text-sm text-gray-600 dark:text-gray-400 mb-4&quot;
      &gt;
        &lt;svg
          data-testid=&quot;git-branch-icon&quot;
        /&gt;
        &lt;a
          class=&quot;hover:text-primary-600 dark:hover:text-primary-400 truncate&quot;
          href=&quot;https://github.com/test/repo&quot;
          rel=&quot;noopener noreferrer&quot;
          target=&quot;_blank&quot;
        &gt;
          test/repo
        &lt;/a&gt;
      &lt;/div&gt;
      &lt;div
        class=&quot;inline-flex items-center px-2.5 py-0.5 rounded-full text-xs font-medium bg-primary-100 dark:bg-primary-900/30 text-primary-800 dark:text-primary-300 mb-4&quot;
      &gt;
        TypeScript
      &lt;/div&gt;
      &lt;div
        class=&quot;flex items-center gap-4 mt-4 pt-4 border-t border-gray-200 dark:border-gray-700&quot;
      &gt;
        &lt;div
          class=&quot;flex items-center gap-1.5 text-sm&quot;
        &gt;
          &lt;svg
            data-testid=&quot;check-circle-icon&quot;
          /&gt;
          &lt;span
            class=&quot;text-gray-600 dark:text-gray-400&quot;
          &gt;
            Healthy
          &lt;/span&gt;
        &lt;/div&gt;
        &lt;div
          class=&quot;flex items-center gap-1.5 text-sm&quot;
        &gt;
          &lt;svg
            data-testid=&quot;clock-icon&quot;
          /&gt;
          &lt;span
            class=&quot;text-gray-600 dark:text-gray-400&quot;
          &gt;
            2024/1/15
          &lt;/span&gt;
        &lt;/div&gt;
      &lt;/div&gt;
    &lt;/div&gt;
  &lt;/div&gt;
&lt;/body&gt;
    at Object.getElementError (D:\Desktop\AI-Based-Quality-Check-On-Project-Code-And-Architecture\frontend\node_modules\@testing-library\dom\dist\config.js:37:19)
    at D:\Desktop\AI-Based-Quality-Check-On-Project-Code-And-Architecture\frontend\node_modules\@testing-library\dom\dist\query-helpers.js:76:38
    at D:\Desktop\AI-Based-Quality-Check-On-Project-Code-And-Architecture\frontend\node_modules\@testing-library\dom\dist\query-helpers.js:52:17
    at D:\Desktop\AI-Based-Quality-Check-On-Project-Code-And-Architecture\frontend\node_modules\@testing-library\dom\dist\query-helpers.js:95:19
    at Object.getByText (D:\Desktop\AI-Based-Quality-Check-On-Project-Code-And-Architecture\frontend\src\components\projects\__tests__\ProjectCard.test.tsx:106:19)
    at Promise.finally.completed (D:\Desktop\AI-Based-Quality-Check-On-Project-Code-And-Architecture\frontend\node_modules\jest-circus\build\jestAdapterInit.js:1557:28)
    at new Promise (&lt;anonymous&gt;)
    at callAsyncCircusFn (D:\Desktop\AI-Based-Quality-Check-On-Project-Code-And-Architecture\frontend\node_modules\jest-circus\build\jestAdapterInit.js:1497:10)
    at _callCircusTest (D:\Desktop\AI-Based-Quality-Check-On-Project-Code-And-Architecture\frontend\node_modules\jest-circus\build\jestAdapterInit.js:1007:40)
    at _runTest (D:\Desktop\AI-Based-Quality-Check-On-Project-Code-And-Architecture\frontend\node_modules\jest-circus\build\jestAdapterInit.js:947:3)
    at D:\Desktop\AI-Based-Quality-Check-On-Project-Code-And-Architecture\frontend\node_modules\jest-circus\build\jestAdapterInit.js:849:7
    at _runTestsForDescribeBlock (D:\Desktop\AI-Based-Quality-Check-On-Project-Code-And-Architecture\frontend\node_modules\jest-circus\build\jestAdapterInit.js:862:11)
    at _runTestsForDescribeBlock (D:\Desktop\AI-Based-Quality-Check-On-Project-Code-And-Architecture\frontend\node_modules\jest-circus\build\jestAdapterInit.js:857:11)
    at run (D:\Desktop\AI-Based-Quality-Check-On-Project-Code-And-Architecture\frontend\node_modules\jest-circus\build\jestAdapterInit.js:761:3)
    at runAndTransformResultsToJestFormat (D:\Desktop\AI-Based-Quality-Check-On-Project-Code-And-Architecture\frontend\node_modules\jest-circus\build\jestAdapterInit.js:1918:21)
    at jestAdapter (D:\Desktop\AI-Based-Quality-Check-On-Project-Code-And-Architecture\frontend\node_modules\jest-circus\build\runner.js:101:19)
    at runTestInternal (D:\Desktop\AI-Based-Quality-Check-On-Project-Code-And-Architecture\frontend\node_modules\jest-runner\build\index.js:275:16)
    at runTest (D:\Desktop\AI-Based-Quality-Check-On-Project-Code-And-Architecture\frontend\node_modules\jest-runner\build\index.js:343:7)</failure>
    </testcase>
    <testcase classname="ProjectCard" name="should show menu when clicking more button" time="0.055">
    </testcase>
    <testcase classname="ProjectCard" name="should close menu when clicking outside" time="0.039">
    </testcase>
    <testcase classname="ProjectCard" name="should call sync mutation when clicking Sync" time="0.033">
    </testcase>
    <testcase classname="ProjectCard" name="should show spinning icon when syncing" time="0.027">
    </testcase>
    <testcase classname="ProjectCard" name="should disable sync button when syncing" time="0.021">
    </testcase>
    <testcase classname="ProjectCard" name="should navigate to settings when clicking Settings" time="0.029">
    </testcase>
    <testcase classname="ProjectCard" name="should show confirmation dialog when clicking Delete" time="0.065">
    </testcase>
    <testcase classname="ProjectCard" name="should call delete mutation when confirmed" time="0.036">
    </testcase>
    <testcase classname="ProjectCard" name="should not call delete mutation when cancelled" time="0.042">
    </testcase>
    <testcase classname="ProjectCard" name="should render health status indicator" time="0.035">
    </testcase>
    <testcase classname="ProjectCard" name="should not render language tag when language is null" time="0.01">
    </testcase>
  </testsuite>
  <testsuite name="ArchitectureTimeline Component" errors="0" failures="17" skipped="0" timestamp="2026-03-08T07:40:57" time="0.871" tests="18">
    <testcase classname="ArchitectureTimeline Component" name="renders without crashing with valid data" time="0.021">
      <failure>TypeError: _d3.axisBottom(...).ticks is not a function
    at ticks (D:\Desktop\AI-Based-Quality-Check-On-Project-Code-And-Architecture\frontend\src\components\visualizations\ArchitectureTimeline.tsx:71:45)
    at Object.react_stack_bottom_frame (D:\Desktop\AI-Based-Quality-Check-On-Project-Code-And-Architecture\frontend\node_modules\react-dom\cjs\react-dom-client.development.js:25989:20)
    at runWithFiberInDEV (D:\Desktop\AI-Based-Quality-Check-On-Project-Code-And-Architecture\frontend\node_modules\react-dom\cjs\react-dom-client.development.js:874:13)
    at commitHookEffectListMount (D:\Desktop\AI-Based-Quality-Check-On-Project-Code-And-Architecture\frontend\node_modules\react-dom\cjs\react-dom-client.development.js:13249:29)
    at commitHookPassiveMountEffects (D:\Desktop\AI-Based-Quality-Check-On-Project-Code-And-Architecture\frontend\node_modules\react-dom\cjs\react-dom-client.development.js:13336:11)
    at commitPassiveMountOnFiber (D:\Desktop\AI-Based-Quality-Check-On-Project-Code-And-Architecture\frontend\node_modules\react-dom\cjs\react-dom-client.development.js:15484:13)
    at recursivelyTraversePassiveMountEffects (D:\Desktop\AI-Based-Quality-Check-On-Project-Code-And-Architecture\frontend\node_modules\react-dom\cjs\react-dom-client.development.js:15439:11)
    at commitPassiveMountOnFiber (D:\Desktop\AI-Based-Quality-Check-On-Project-Code-And-Architecture\frontend\node_modules\react-dom\cjs\react-dom-client.development.js:15519:11)
    at flushPassiveEffects (D:\Desktop\AI-Based-Quality-Check-On-Project-Code-And-Architecture\frontend\node_modules\react-dom\cjs\react-dom-client.development.js:18432:9)
    at D:\Desktop\AI-Based-Quality-Check-On-Project-Code-And-Architecture\frontend\node_modules\react-dom\cjs\react-dom-client.development.js:17923:15
    at flushActQueue (D:\Desktop\AI-Based-Quality-Check-On-Project-Code-And-Architecture\frontend\node_modules\react\cjs\react.development.js:590:34)
    at process.env.NODE_ENV.exports.act (D:\Desktop\AI-Based-Quality-Check-On-Project-Code-And-Architecture\frontend\node_modules\react\cjs\react.development.js:884:10)
    at D:\Desktop\AI-Based-Quality-Check-On-Project-Code-And-Architecture\frontend\node_modules\@testing-library\react\dist\act-compat.js:46:25
    at renderRoot (D:\Desktop\AI-Based-Quality-Check-On-Project-Code-And-Architecture\frontend\node_modules\@testing-library\react\dist\pure.js:189:26)
    at render (D:\Desktop\AI-Based-Quality-Check-On-Project-Code-And-Architecture\frontend\node_modules\@testing-library\react\dist\pure.js:291:10)
    at Object.&lt;anonymous&gt; (D:\Desktop\AI-Based-Quality-Check-On-Project-Code-And-Architecture\frontend\src\components\visualizations\__tests__\ArchitectureTimeline.test.tsx:99:11)
    at Promise.finally.completed (D:\Desktop\AI-Based-Quality-Check-On-Project-Code-And-Architecture\frontend\node_modules\jest-circus\build\jestAdapterInit.js:1557:28)
    at new Promise (&lt;anonymous&gt;)
    at callAsyncCircusFn (D:\Desktop\AI-Based-Quality-Check-On-Project-Code-And-Architecture\frontend\node_modules\jest-circus\build\jestAdapterInit.js:1497:10)
    at _callCircusTest (D:\Desktop\AI-Based-Quality-Check-On-Project-Code-And-Architecture\frontend\node_modules\jest-circus\build\jestAdapterInit.js:1007:40)
    at _runTest (D:\Desktop\AI-Based-Quality-Check-On-Project-Code-And-Architecture\frontend\node_modules\jest-circus\build\jestAdapterInit.js:947:3)
    at D:\Desktop\AI-Based-Quality-Check-On-Project-Code-And-Architecture\frontend\node_modules\jest-circus\build\jestAdapterInit.js:849:7
    at _runTestsForDescribeBlock (D:\Desktop\AI-Based-Quality-Check-On-Project-Code-And-Architecture\frontend\node_modules\jest-circus\build\jestAdapterInit.js:862:11)
    at _runTestsForDescribeBlock (D:\Desktop\AI-Based-Quality-Check-On-Project-Code-And-Architecture\frontend\node_modules\jest-circus\build\jestAdapterInit.js:857:11)
    at run (D:\Desktop\AI-Based-Quality-Check-On-Project-Code-And-Architecture\frontend\node_modules\jest-circus\build\jestAdapterInit.js:761:3)
    at runAndTransformResultsToJestFormat (D:\Desktop\AI-Based-Quality-Check-On-Project-Code-And-Architecture\frontend\node_modules\jest-circus\build\jestAdapterInit.js:1918:21)
    at jestAdapter (D:\Desktop\AI-Based-Quality-Check-On-Project-Code-And-Architecture\frontend\node_modules\jest-circus\build\runner.js:101:19)
    at runTestInternal (D:\Desktop\AI-Based-Quality-Check-On-Project-Code-And-Architecture\frontend\node_modules\jest-runner\build\index.js:275:16)
    at runTest (D:\Desktop\AI-Based-Quality-Check-On-Project-Code-And-Architecture\frontend\node_modules\jest-runner\build\index.js:343:7)</failure>
    </testcase>
    <testcase classname="ArchitectureTimeline Component" name="renders SVG container with correct dimensions" time="0.012">
      <failure>TypeError: _d3.axisBottom(...).ticks is not a function
    at ticks (D:\Desktop\AI-Based-Quality-Check-On-Project-Code-And-Architecture\frontend\src\components\visualizations\ArchitectureTimeline.tsx:71:45)
    at Object.react_stack_bottom_frame (D:\Desktop\AI-Based-Quality-Check-On-Project-Code-And-Architecture\frontend\node_modules\react-dom\cjs\react-dom-client.development.js:25989:20)
    at runWithFiberInDEV (D:\Desktop\AI-Based-Quality-Check-On-Project-Code-And-Architecture\frontend\node_modules\react-dom\cjs\react-dom-client.development.js:874:13)
    at commitHookEffectListMount (D:\Desktop\AI-Based-Quality-Check-On-Project-Code-And-Architecture\frontend\node_modules\react-dom\cjs\react-dom-client.development.js:13249:29)
    at commitHookPassiveMountEffects (D:\Desktop\AI-Based-Quality-Check-On-Project-Code-And-Architecture\frontend\node_modules\react-dom\cjs\react-dom-client.development.js:13336:11)
    at commitPassiveMountOnFiber (D:\Desktop\AI-Based-Quality-Check-On-Project-Code-And-Architecture\frontend\node_modules\react-dom\cjs\react-dom-client.development.js:15484:13)
    at recursivelyTraversePassiveMountEffects (D:\Desktop\AI-Based-Quality-Check-On-Project-Code-And-Architecture\frontend\node_modules\react-dom\cjs\react-dom-client.development.js:15439:11)
    at commitPassiveMountOnFiber (D:\Desktop\AI-Based-Quality-Check-On-Project-Code-And-Architecture\frontend\node_modules\react-dom\cjs\react-dom-client.development.js:15519:11)
    at flushPassiveEffects (D:\Desktop\AI-Based-Quality-Check-On-Project-Code-And-Architecture\frontend\node_modules\react-dom\cjs\react-dom-client.development.js:18432:9)
    at D:\Desktop\AI-Based-Quality-Check-On-Project-Code-And-Architecture\frontend\node_modules\react-dom\cjs\react-dom-client.development.js:17923:15
    at flushActQueue (D:\Desktop\AI-Based-Quality-Check-On-Project-Code-And-Architecture\frontend\node_modules\react\cjs\react.development.js:590:34)
    at process.env.NODE_ENV.exports.act (D:\Desktop\AI-Based-Quality-Check-On-Project-Code-And-Architecture\frontend\node_modules\react\cjs\react.development.js:884:10)
    at D:\Desktop\AI-Based-Quality-Check-On-Project-Code-And-Architecture\frontend\node_modules\@testing-library\react\dist\act-compat.js:46:25
    at renderRoot (D:\Desktop\AI-Based-Quality-Check-On-Project-Code-And-Architecture\frontend\node_modules\@testing-library\react\dist\pure.js:189:26)
    at render (D:\Desktop\AI-Based-Quality-Check-On-Project-Code-And-Architecture\frontend\node_modules\@testing-library\react\dist\pure.js:291:10)
    at Object.&lt;anonymous&gt; (D:\Desktop\AI-Based-Quality-Check-On-Project-Code-And-Architecture\frontend\src\components\visualizations\__tests__\ArchitectureTimeline.test.tsx:104:11)
    at Promise.finally.completed (D:\Desktop\AI-Based-Quality-Check-On-Project-Code-And-Architecture\frontend\node_modules\jest-circus\build\jestAdapterInit.js:1557:28)
    at new Promise (&lt;anonymous&gt;)
    at callAsyncCircusFn (D:\Desktop\AI-Based-Quality-Check-On-Project-Code-And-Architecture\frontend\node_modules\jest-circus\build\jestAdapterInit.js:1497:10)
    at _callCircusTest (D:\Desktop\AI-Based-Quality-Check-On-Project-Code-And-Architecture\frontend\node_modules\jest-circus\build\jestAdapterInit.js:1007:40)
    at _runTest (D:\Desktop\AI-Based-Quality-Check-On-Project-Code-And-Architecture\frontend\node_modules\jest-circus\build\jestAdapterInit.js:947:3)
    at D:\Desktop\AI-Based-Quality-Check-On-Project-Code-And-Architecture\frontend\node_modules\jest-circus\build\jestAdapterInit.js:849:7
    at _runTestsForDescribeBlock (D:\Desktop\AI-Based-Quality-Check-On-Project-Code-And-Architecture\frontend\node_modules\jest-circus\build\jestAdapterInit.js:862:11)
    at _runTestsForDescribeBlock (D:\Desktop\AI-Based-Quality-Check-On-Project-Code-And-Architecture\frontend\node_modules\jest-circus\build\jestAdapterInit.js:857:11)
    at run (D:\Desktop\AI-Based-Quality-Check-On-Project-Code-And-Architecture\frontend\node_modules\jest-circus\build\jestAdapterInit.js:761:3)
    at runAndTransformResultsToJestFormat (D:\Desktop\AI-Based-Quality-Check-On-Project-Code-And-Architecture\frontend\node_modules\jest-circus\build\jestAdapterInit.js:1918:21)
    at jestAdapter (D:\Desktop\AI-Based-Quality-Check-On-Project-Code-And-Architecture\frontend\node_modules\jest-circus\build\runner.js:101:19)
    at runTestInternal (D:\Desktop\AI-Based-Quality-Check-On-Project-Code-And-Architecture\frontend\node_modules\jest-runner\build\index.js:275:16)
    at runTest (D:\Desktop\AI-Based-Quality-Check-On-Project-Code-And-Architecture\frontend\node_modules\jest-runner\build\index.js:343:7)</failure>
    </testcase>
    <testcase classname="ArchitectureTimeline Component" name="displays metric lines for all data series" time="0.007">
      <failure>TypeError: _d3.axisBottom(...).ticks is not a function
    at ticks (D:\Desktop\AI-Based-Quality-Check-On-Project-Code-And-Architecture\frontend\src\components\visualizations\ArchitectureTimeline.tsx:71:45)
    at Object.react_stack_bottom_frame (D:\Desktop\AI-Based-Quality-Check-On-Project-Code-And-Architecture\frontend\node_modules\react-dom\cjs\react-dom-client.development.js:25989:20)
    at runWithFiberInDEV (D:\Desktop\AI-Based-Quality-Check-On-Project-Code-And-Architecture\frontend\node_modules\react-dom\cjs\react-dom-client.development.js:874:13)
    at commitHookEffectListMount (D:\Desktop\AI-Based-Quality-Check-On-Project-Code-And-Architecture\frontend\node_modules\react-dom\cjs\react-dom-client.development.js:13249:29)
    at commitHookPassiveMountEffects (D:\Desktop\AI-Based-Quality-Check-On-Project-Code-And-Architecture\frontend\node_modules\react-dom\cjs\react-dom-client.development.js:13336:11)
    at commitPassiveMountOnFiber (D:\Desktop\AI-Based-Quality-Check-On-Project-Code-And-Architecture\frontend\node_modules\react-dom\cjs\react-dom-client.development.js:15484:13)
    at recursivelyTraversePassiveMountEffects (D:\Desktop\AI-Based-Quality-Check-On-Project-Code-And-Architecture\frontend\node_modules\react-dom\cjs\react-dom-client.development.js:15439:11)
    at commitPassiveMountOnFiber (D:\Desktop\AI-Based-Quality-Check-On-Project-Code-And-Architecture\frontend\node_modules\react-dom\cjs\react-dom-client.development.js:15519:11)
    at flushPassiveEffects (D:\Desktop\AI-Based-Quality-Check-On-Project-Code-And-Architecture\frontend\node_modules\react-dom\cjs\react-dom-client.development.js:18432:9)
    at D:\Desktop\AI-Based-Quality-Check-On-Project-Code-And-Architecture\frontend\node_modules\react-dom\cjs\react-dom-client.development.js:17923:15
    at flushActQueue (D:\Desktop\AI-Based-Quality-Check-On-Project-Code-And-Architecture\frontend\node_modules\react\cjs\react.development.js:590:34)
    at process.env.NODE_ENV.exports.act (D:\Desktop\AI-Based-Quality-Check-On-Project-Code-And-Architecture\frontend\node_modules\react\cjs\react.development.js:884:10)
    at D:\Desktop\AI-Based-Quality-Check-On-Project-Code-And-Architecture\frontend\node_modules\@testing-library\react\dist\act-compat.js:46:25
    at renderRoot (D:\Desktop\AI-Based-Quality-Check-On-Project-Code-And-Architecture\frontend\node_modules\@testing-library\react\dist\pure.js:189:26)
    at render (D:\Desktop\AI-Based-Quality-Check-On-Project-Code-And-Architecture\frontend\node_modules\@testing-library\react\dist\pure.js:291:10)
    at Object.&lt;anonymous&gt; (D:\Desktop\AI-Based-Quality-Check-On-Project-Code-And-Architecture\frontend\src\components\visualizations\__tests__\ArchitectureTimeline.test.tsx:113:11)
    at Promise.finally.completed (D:\Desktop\AI-Based-Quality-Check-On-Project-Code-And-Architecture\frontend\node_modules\jest-circus\build\jestAdapterInit.js:1557:28)
    at new Promise (&lt;anonymous&gt;)
    at callAsyncCircusFn (D:\Desktop\AI-Based-Quality-Check-On-Project-Code-And-Architecture\frontend\node_modules\jest-circus\build\jestAdapterInit.js:1497:10)
    at _callCircusTest (D:\Desktop\AI-Based-Quality-Check-On-Project-Code-And-Architecture\frontend\node_modules\jest-circus\build\jestAdapterInit.js:1007:40)
    at _runTest (D:\Desktop\AI-Based-Quality-Check-On-Project-Code-And-Architecture\frontend\node_modules\jest-circus\build\jestAdapterInit.js:947:3)
    at D:\Desktop\AI-Based-Quality-Check-On-Project-Code-And-Architecture\frontend\node_modules\jest-circus\build\jestAdapterInit.js:849:7
    at _runTestsForDescribeBlock (D:\Desktop\AI-Based-Quality-Check-On-Project-Code-And-Architecture\frontend\node_modules\jest-circus\build\jestAdapterInit.js:862:11)
    at _runTestsForDescribeBlock (D:\Desktop\AI-Based-Quality-Check-On-Project-Code-And-Architecture\frontend\node_modules\jest-circus\build\jestAdapterInit.js:857:11)
    at run (D:\Desktop\AI-Based-Quality-Check-On-Project-Code-And-Architecture\frontend\node_modules\jest-circus\build\jestAdapterInit.js:761:3)
    at runAndTransformResultsToJestFormat (D:\Desktop\AI-Based-Quality-Check-On-Project-Code-And-Architecture\frontend\node_modules\jest-circus\build\jestAdapterInit.js:1918:21)
    at jestAdapter (D:\Desktop\AI-Based-Quality-Check-On-Project-Code-And-Architecture\frontend\node_modules\jest-circus\build\runner.js:101:19)
    at runTestInternal (D:\Desktop\AI-Based-Quality-Check-On-Project-Code-And-Architecture\frontend\node_modules\jest-runner\build\index.js:275:16)
    at runTest (D:\Desktop\AI-Based-Quality-Check-On-Project-Code-And-Architecture\frontend\node_modules\jest-runner\build\index.js:343:7)</failure>
    </testcase>
    <testcase classname="ArchitectureTimeline Component" name="renders data points as circles" time="0.01">
      <failure>TypeError: _d3.axisBottom(...).ticks is not a function
    at ticks (D:\Desktop\AI-Based-Quality-Check-On-Project-Code-And-Architecture\frontend\src\components\visualizations\ArchitectureTimeline.tsx:71:45)
    at Object.react_stack_bottom_frame (D:\Desktop\AI-Based-Quality-Check-On-Project-Code-And-Architecture\frontend\node_modules\react-dom\cjs\react-dom-client.development.js:25989:20)
    at runWithFiberInDEV (D:\Desktop\AI-Based-Quality-Check-On-Project-Code-And-Architecture\frontend\node_modules\react-dom\cjs\react-dom-client.development.js:874:13)
    at commitHookEffectListMount (D:\Desktop\AI-Based-Quality-Check-On-Project-Code-And-Architecture\frontend\node_modules\react-dom\cjs\react-dom-client.development.js:13249:29)
    at commitHookPassiveMountEffects (D:\Desktop\AI-Based-Quality-Check-On-Project-Code-And-Architecture\frontend\node_modules\react-dom\cjs\react-dom-client.development.js:13336:11)
    at commitPassiveMountOnFiber (D:\Desktop\AI-Based-Quality-Check-On-Project-Code-And-Architecture\frontend\node_modules\react-dom\cjs\react-dom-client.development.js:15484:13)
    at recursivelyTraversePassiveMountEffects (D:\Desktop\AI-Based-Quality-Check-On-Project-Code-And-Architecture\frontend\node_modules\react-dom\cjs\react-dom-client.development.js:15439:11)
    at commitPassiveMountOnFiber (D:\Desktop\AI-Based-Quality-Check-On-Project-Code-And-Architecture\frontend\node_modules\react-dom\cjs\react-dom-client.development.js:15519:11)
    at flushPassiveEffects (D:\Desktop\AI-Based-Quality-Check-On-Project-Code-And-Architecture\frontend\node_modules\react-dom\cjs\react-dom-client.development.js:18432:9)
    at D:\Desktop\AI-Based-Quality-Check-On-Project-Code-And-Architecture\frontend\node_modules\react-dom\cjs\react-dom-client.development.js:17923:15
    at flushActQueue (D:\Desktop\AI-Based-Quality-Check-On-Project-Code-And-Architecture\frontend\node_modules\react\cjs\react.development.js:590:34)
    at process.env.NODE_ENV.exports.act (D:\Desktop\AI-Based-Quality-Check-On-Project-Code-And-Architecture\frontend\node_modules\react\cjs\react.development.js:884:10)
    at D:\Desktop\AI-Based-Quality-Check-On-Project-Code-And-Architecture\frontend\node_modules\@testing-library\react\dist\act-compat.js:46:25
    at renderRoot (D:\Desktop\AI-Based-Quality-Check-On-Project-Code-And-Architecture\frontend\node_modules\@testing-library\react\dist\pure.js:189:26)
    at render (D:\Desktop\AI-Based-Quality-Check-On-Project-Code-And-Architecture\frontend\node_modules\@testing-library\react\dist\pure.js:291:10)
    at Object.&lt;anonymous&gt; (D:\Desktop\AI-Based-Quality-Check-On-Project-Code-And-Architecture\frontend\src\components\visualizations\__tests__\ArchitectureTimeline.test.tsx:121:11)
    at Promise.finally.completed (D:\Desktop\AI-Based-Quality-Check-On-Project-Code-And-Architecture\frontend\node_modules\jest-circus\build\jestAdapterInit.js:1557:28)
    at new Promise (&lt;anonymous&gt;)
    at callAsyncCircusFn (D:\Desktop\AI-Based-Quality-Check-On-Project-Code-And-Architecture\frontend\node_modules\jest-circus\build\jestAdapterInit.js:1497:10)
    at _callCircusTest (D:\Desktop\AI-Based-Quality-Check-On-Project-Code-And-Architecture\frontend\node_modules\jest-circus\build\jestAdapterInit.js:1007:40)
    at _runTest (D:\Desktop\AI-Based-Quality-Check-On-Project-Code-And-Architecture\frontend\node_modules\jest-circus\build\jestAdapterInit.js:947:3)
    at D:\Desktop\AI-Based-Quality-Check-On-Project-Code-And-Architecture\frontend\node_modules\jest-circus\build\jestAdapterInit.js:849:7
    at _runTestsForDescribeBlock (D:\Desktop\AI-Based-Quality-Check-On-Project-Code-And-Architecture\frontend\node_modules\jest-circus\build\jestAdapterInit.js:862:11)
    at _runTestsForDescribeBlock (D:\Desktop\AI-Based-Quality-Check-On-Project-Code-And-Architecture\frontend\node_modules\jest-circus\build\jestAdapterInit.js:857:11)
    at run (D:\Desktop\AI-Based-Quality-Check-On-Project-Code-And-Architecture\frontend\node_modules\jest-circus\build\jestAdapterInit.js:761:3)
    at runAndTransformResultsToJestFormat (D:\Desktop\AI-Based-Quality-Check-On-Project-Code-And-Architecture\frontend\node_modules\jest-circus\build\jestAdapterInit.js:1918:21)
    at jestAdapter (D:\Desktop\AI-Based-Quality-Check-On-Project-Code-And-Architecture\frontend\node_modules\jest-circus\build\runner.js:101:19)
    at runTestInternal (D:\Desktop\AI-Based-Quality-Check-On-Project-Code-And-Architecture\frontend\node_modules\jest-runner\build\index.js:275:16)
    at runTest (D:\Desktop\AI-Based-Quality-Check-On-Project-Code-And-Architecture\frontend\node_modules\jest-runner\build\index.js:343:7)</failure>
    </testcase>
    <testcase classname="ArchitectureTimeline Component" name="renders event markers correctly" time="0.009">
      <failure>TypeError: _d3.axisBottom(...).ticks is not a function
    at ticks (D:\Desktop\AI-Based-Quality-Check-On-Project-Code-And-Architecture\frontend\src\components\visualizations\ArchitectureTimeline.tsx:71:45)
    at Object.react_stack_bottom_frame (D:\Desktop\AI-Based-Quality-Check-On-Project-Code-And-Architecture\frontend\node_modules\react-dom\cjs\react-dom-client.development.js:25989:20)
    at runWithFiberInDEV (D:\Desktop\AI-Based-Quality-Check-On-Project-Code-And-Architecture\frontend\node_modules\react-dom\cjs\react-dom-client.development.js:874:13)
    at commitHookEffectListMount (D:\Desktop\AI-Based-Quality-Check-On-Project-Code-And-Architecture\frontend\node_modules\react-dom\cjs\react-dom-client.development.js:13249:29)
    at commitHookPassiveMountEffects (D:\Desktop\AI-Based-Quality-Check-On-Project-Code-And-Architecture\frontend\node_modules\react-dom\cjs\react-dom-client.development.js:13336:11)
    at commitPassiveMountOnFiber (D:\Desktop\AI-Based-Quality-Check-On-Project-Code-And-Architecture\frontend\node_modules\react-dom\cjs\react-dom-client.development.js:15484:13)
    at recursivelyTraversePassiveMountEffects (D:\Desktop\AI-Based-Quality-Check-On-Project-Code-And-Architecture\frontend\node_modules\react-dom\cjs\react-dom-client.development.js:15439:11)
    at commitPassiveMountOnFiber (D:\Desktop\AI-Based-Quality-Check-On-Project-Code-And-Architecture\frontend\node_modules\react-dom\cjs\react-dom-client.development.js:15519:11)
    at flushPassiveEffects (D:\Desktop\AI-Based-Quality-Check-On-Project-Code-And-Architecture\frontend\node_modules\react-dom\cjs\react-dom-client.development.js:18432:9)
    at D:\Desktop\AI-Based-Quality-Check-On-Project-Code-And-Architecture\frontend\node_modules\react-dom\cjs\react-dom-client.development.js:17923:15
    at flushActQueue (D:\Desktop\AI-Based-Quality-Check-On-Project-Code-And-Architecture\frontend\node_modules\react\cjs\react.development.js:590:34)
    at process.env.NODE_ENV.exports.act (D:\Desktop\AI-Based-Quality-Check-On-Project-Code-And-Architecture\frontend\node_modules\react\cjs\react.development.js:884:10)
    at D:\Desktop\AI-Based-Quality-Check-On-Project-Code-And-Architecture\frontend\node_modules\@testing-library\react\dist\act-compat.js:46:25
    at renderRoot (D:\Desktop\AI-Based-Quality-Check-On-Project-Code-And-Architecture\frontend\node_modules\@testing-library\react\dist\pure.js:189:26)
    at render (D:\Desktop\AI-Based-Quality-Check-On-Project-Code-And-Architecture\frontend\node_modules\@testing-library\react\dist\pure.js:291:10)
    at Object.&lt;anonymous&gt; (D:\Desktop\AI-Based-Quality-Check-On-Project-Code-And-Architecture\frontend\src\components\visualizations\__tests__\ArchitectureTimeline.test.tsx:129:11)
    at Promise.finally.completed (D:\Desktop\AI-Based-Quality-Check-On-Project-Code-And-Architecture\frontend\node_modules\jest-circus\build\jestAdapterInit.js:1557:28)
    at new Promise (&lt;anonymous&gt;)
    at callAsyncCircusFn (D:\Desktop\AI-Based-Quality-Check-On-Project-Code-And-Architecture\frontend\node_modules\jest-circus\build\jestAdapterInit.js:1497:10)
    at _callCircusTest (D:\Desktop\AI-Based-Quality-Check-On-Project-Code-And-Architecture\frontend\node_modules\jest-circus\build\jestAdapterInit.js:1007:40)
    at _runTest (D:\Desktop\AI-Based-Quality-Check-On-Project-Code-And-Architecture\frontend\node_modules\jest-circus\build\jestAdapterInit.js:947:3)
    at D:\Desktop\AI-Based-Quality-Check-On-Project-Code-And-Architecture\frontend\node_modules\jest-circus\build\jestAdapterInit.js:849:7
    at _runTestsForDescribeBlock (D:\Desktop\AI-Based-Quality-Check-On-Project-Code-And-Architecture\frontend\node_modules\jest-circus\build\jestAdapterInit.js:862:11)
    at _runTestsForDescribeBlock (D:\Desktop\AI-Based-Quality-Check-On-Project-Code-And-Architecture\frontend\node_modules\jest-circus\build\jestAdapterInit.js:857:11)
    at run (D:\Desktop\AI-Based-Quality-Check-On-Project-Code-And-Architecture\frontend\node_modules\jest-circus\build\jestAdapterInit.js:761:3)
    at runAndTransformResultsToJestFormat (D:\Desktop\AI-Based-Quality-Check-On-Project-Code-And-Architecture\frontend\node_modules\jest-circus\build\jestAdapterInit.js:1918:21)
    at jestAdapter (D:\Desktop\AI-Based-Quality-Check-On-Project-Code-And-Architecture\frontend\node_modules\jest-circus\build\runner.js:101:19)
    at runTestInternal (D:\Desktop\AI-Based-Quality-Check-On-Project-Code-And-Architecture\frontend\node_modules\jest-runner\build\index.js:275:16)
    at runTest (D:\Desktop\AI-Based-Quality-Check-On-Project-Code-And-Architecture\frontend\node_modules\jest-runner\build\index.js:343:7)</failure>
    </testcase>
    <testcase classname="ArchitectureTimeline Component" name="displays event labels" time="0.008">
      <failure>TypeError: _d3.axisBottom(...).ticks is not a function
    at ticks (D:\Desktop\AI-Based-Quality-Check-On-Project-Code-And-Architecture\frontend\src\components\visualizations\ArchitectureTimeline.tsx:71:45)
    at Object.react_stack_bottom_frame (D:\Desktop\AI-Based-Quality-Check-On-Project-Code-And-Architecture\frontend\node_modules\react-dom\cjs\react-dom-client.development.js:25989:20)
    at runWithFiberInDEV (D:\Desktop\AI-Based-Quality-Check-On-Project-Code-And-Architecture\frontend\node_modules\react-dom\cjs\react-dom-client.development.js:874:13)
    at commitHookEffectListMount (D:\Desktop\AI-Based-Quality-Check-On-Project-Code-And-Architecture\frontend\node_modules\react-dom\cjs\react-dom-client.development.js:13249:29)
    at commitHookPassiveMountEffects (D:\Desktop\AI-Based-Quality-Check-On-Project-Code-And-Architecture\frontend\node_modules\react-dom\cjs\react-dom-client.development.js:13336:11)
    at commitPassiveMountOnFiber (D:\Desktop\AI-Based-Quality-Check-On-Project-Code-And-Architecture\frontend\node_modules\react-dom\cjs\react-dom-client.development.js:15484:13)
    at recursivelyTraversePassiveMountEffects (D:\Desktop\AI-Based-Quality-Check-On-Project-Code-And-Architecture\frontend\node_modules\react-dom\cjs\react-dom-client.development.js:15439:11)
    at commitPassiveMountOnFiber (D:\Desktop\AI-Based-Quality-Check-On-Project-Code-And-Architecture\frontend\node_modules\react-dom\cjs\react-dom-client.development.js:15519:11)
    at flushPassiveEffects (D:\Desktop\AI-Based-Quality-Check-On-Project-Code-And-Architecture\frontend\node_modules\react-dom\cjs\react-dom-client.development.js:18432:9)
    at D:\Desktop\AI-Based-Quality-Check-On-Project-Code-And-Architecture\frontend\node_modules\react-dom\cjs\react-dom-client.development.js:17923:15
    at flushActQueue (D:\Desktop\AI-Based-Quality-Check-On-Project-Code-And-Architecture\frontend\node_modules\react\cjs\react.development.js:590:34)
    at process.env.NODE_ENV.exports.act (D:\Desktop\AI-Based-Quality-Check-On-Project-Code-And-Architecture\frontend\node_modules\react\cjs\react.development.js:884:10)
    at D:\Desktop\AI-Based-Quality-Check-On-Project-Code-And-Architecture\frontend\node_modules\@testing-library\react\dist\act-compat.js:46:25
    at renderRoot (D:\Desktop\AI-Based-Quality-Check-On-Project-Code-And-Architecture\frontend\node_modules\@testing-library\react\dist\pure.js:189:26)
    at render (D:\Desktop\AI-Based-Quality-Check-On-Project-Code-And-Architecture\frontend\node_modules\@testing-library\react\dist\pure.js:291:10)
    at Object.&lt;anonymous&gt; (D:\Desktop\AI-Based-Quality-Check-On-Project-Code-And-Architecture\frontend\src\components\visualizations\__tests__\ArchitectureTimeline.test.tsx:137:11)
    at Promise.finally.completed (D:\Desktop\AI-Based-Quality-Check-On-Project-Code-And-Architecture\frontend\node_modules\jest-circus\build\jestAdapterInit.js:1557:28)
    at new Promise (&lt;anonymous&gt;)
    at callAsyncCircusFn (D:\Desktop\AI-Based-Quality-Check-On-Project-Code-And-Architecture\frontend\node_modules\jest-circus\build\jestAdapterInit.js:1497:10)
    at _callCircusTest (D:\Desktop\AI-Based-Quality-Check-On-Project-Code-And-Architecture\frontend\node_modules\jest-circus\build\jestAdapterInit.js:1007:40)
    at _runTest (D:\Desktop\AI-Based-Quality-Check-On-Project-Code-And-Architecture\frontend\node_modules\jest-circus\build\jestAdapterInit.js:947:3)
    at D:\Desktop\AI-Based-Quality-Check-On-Project-Code-And-Architecture\frontend\node_modules\jest-circus\build\jestAdapterInit.js:849:7
    at _runTestsForDescribeBlock (D:\Desktop\AI-Based-Quality-Check-On-Project-Code-And-Architecture\frontend\node_modules\jest-circus\build\jestAdapterInit.js:862:11)
    at _runTestsForDescribeBlock (D:\Desktop\AI-Based-Quality-Check-On-Project-Code-And-Architecture\frontend\node_modules\jest-circus\build\jestAdapterInit.js:857:11)
    at run (D:\Desktop\AI-Based-Quality-Check-On-Project-Code-And-Architecture\frontend\node_modules\jest-circus\build\jestAdapterInit.js:761:3)
    at runAndTransformResultsToJestFormat (D:\Desktop\AI-Based-Quality-Check-On-Project-Code-And-Architecture\frontend\node_modules\jest-circus\build\jestAdapterInit.js:1918:21)
    at jestAdapter (D:\Desktop\AI-Based-Quality-Check-On-Project-Code-And-Architecture\frontend\node_modules\jest-circus\build\runner.js:101:19)
    at runTestInternal (D:\Desktop\AI-Based-Quality-Check-On-Project-Code-And-Architecture\frontend\node_modules\jest-runner\build\index.js:275:16)
    at runTest (D:\Desktop\AI-Based-Quality-Check-On-Project-Code-And-Architecture\frontend\node_modules\jest-runner\build\index.js:343:7)</failure>
    </testcase>
    <testcase classname="ArchitectureTimeline Component" name="renders legend with correct metric labels" time="0.009">
      <failure>TypeError: _d3.axisBottom(...).ticks is not a function
    at ticks (D:\Desktop\AI-Based-Quality-Check-On-Project-Code-And-Architecture\frontend\src\components\visualizations\ArchitectureTimeline.tsx:71:45)
    at Object.react_stack_bottom_frame (D:\Desktop\AI-Based-Quality-Check-On-Project-Code-And-Architecture\frontend\node_modules\react-dom\cjs\react-dom-client.development.js:25989:20)
    at runWithFiberInDEV (D:\Desktop\AI-Based-Quality-Check-On-Project-Code-And-Architecture\frontend\node_modules\react-dom\cjs\react-dom-client.development.js:874:13)
    at commitHookEffectListMount (D:\Desktop\AI-Based-Quality-Check-On-Project-Code-And-Architecture\frontend\node_modules\react-dom\cjs\react-dom-client.development.js:13249:29)
    at commitHookPassiveMountEffects (D:\Desktop\AI-Based-Quality-Check-On-Project-Code-And-Architecture\frontend\node_modules\react-dom\cjs\react-dom-client.development.js:13336:11)
    at commitPassiveMountOnFiber (D:\Desktop\AI-Based-Quality-Check-On-Project-Code-And-Architecture\frontend\node_modules\react-dom\cjs\react-dom-client.development.js:15484:13)
    at recursivelyTraversePassiveMountEffects (D:\Desktop\AI-Based-Quality-Check-On-Project-Code-And-Architecture\frontend\node_modules\react-dom\cjs\react-dom-client.development.js:15439:11)
    at commitPassiveMountOnFiber (D:\Desktop\AI-Based-Quality-Check-On-Project-Code-And-Architecture\frontend\node_modules\react-dom\cjs\react-dom-client.development.js:15519:11)
    at flushPassiveEffects (D:\Desktop\AI-Based-Quality-Check-On-Project-Code-And-Architecture\frontend\node_modules\react-dom\cjs\react-dom-client.development.js:18432:9)
    at D:\Desktop\AI-Based-Quality-Check-On-Project-Code-And-Architecture\frontend\node_modules\react-dom\cjs\react-dom-client.development.js:17923:15
    at flushActQueue (D:\Desktop\AI-Based-Quality-Check-On-Project-Code-And-Architecture\frontend\node_modules\react\cjs\react.development.js:590:34)
    at process.env.NODE_ENV.exports.act (D:\Desktop\AI-Based-Quality-Check-On-Project-Code-And-Architecture\frontend\node_modules\react\cjs\react.development.js:884:10)
    at D:\Desktop\AI-Based-Quality-Check-On-Project-Code-And-Architecture\frontend\node_modules\@testing-library\react\dist\act-compat.js:46:25
    at renderRoot (D:\Desktop\AI-Based-Quality-Check-On-Project-Code-And-Architecture\frontend\node_modules\@testing-library\react\dist\pure.js:189:26)
    at render (D:\Desktop\AI-Based-Quality-Check-On-Project-Code-And-Architecture\frontend\node_modules\@testing-library\react\dist\pure.js:291:10)
    at Object.&lt;anonymous&gt; (D:\Desktop\AI-Based-Quality-Check-On-Project-Code-And-Architecture\frontend\src\components\visualizations\__tests__\ArchitectureTimeline.test.tsx:149:11)
    at Promise.finally.completed (D:\Desktop\AI-Based-Quality-Check-On-Project-Code-And-Architecture\frontend\node_modules\jest-circus\build\jestAdapterInit.js:1557:28)
    at new Promise (&lt;anonymous&gt;)
    at callAsyncCircusFn (D:\Desktop\AI-Based-Quality-Check-On-Project-Code-And-Architecture\frontend\node_modules\jest-circus\build\jestAdapterInit.js:1497:10)
    at _callCircusTest (D:\Desktop\AI-Based-Quality-Check-On-Project-Code-And-Architecture\frontend\node_modules\jest-circus\build\jestAdapterInit.js:1007:40)
    at _runTest (D:\Desktop\AI-Based-Quality-Check-On-Project-Code-And-Architecture\frontend\node_modules\jest-circus\build\jestAdapterInit.js:947:3)
    at D:\Desktop\AI-Based-Quality-Check-On-Project-Code-And-Architecture\frontend\node_modules\jest-circus\build\jestAdapterInit.js:849:7
    at _runTestsForDescribeBlock (D:\Desktop\AI-Based-Quality-Check-On-Project-Code-And-Architecture\frontend\node_modules\jest-circus\build\jestAdapterInit.js:862:11)
    at _runTestsForDescribeBlock (D:\Desktop\AI-Based-Quality-Check-On-Project-Code-And-Architecture\frontend\node_modules\jest-circus\build\jestAdapterInit.js:857:11)
    at run (D:\Desktop\AI-Based-Quality-Check-On-Project-Code-And-Architecture\frontend\node_modules\jest-circus\build\jestAdapterInit.js:761:3)
    at runAndTransformResultsToJestFormat (D:\Desktop\AI-Based-Quality-Check-On-Project-Code-And-Architecture\frontend\node_modules\jest-circus\build\jestAdapterInit.js:1918:21)
    at jestAdapter (D:\Desktop\AI-Based-Quality-Check-On-Project-Code-And-Architecture\frontend\node_modules\jest-circus\build\runner.js:101:19)
    at runTestInternal (D:\Desktop\AI-Based-Quality-Check-On-Project-Code-And-Architecture\frontend\node_modules\jest-runner\build\index.js:275:16)
    at runTest (D:\Desktop\AI-Based-Quality-Check-On-Project-Code-And-Architecture\frontend\node_modules\jest-runner\build\index.js:343:7)</failure>
    </testcase>
    <testcase classname="ArchitectureTimeline Component" name="handles empty data gracefully" time="0.008">
    </testcase>
    <testcase classname="ArchitectureTimeline Component" name="handles large datasets efficiently" time="0.008">
      <failure>TypeError: _d3.axisBottom(...).ticks is not a function
    at ticks (D:\Desktop\AI-Based-Quality-Check-On-Project-Code-And-Architecture\frontend\src\components\visualizations\ArchitectureTimeline.tsx:71:45)
    at Object.react_stack_bottom_frame (D:\Desktop\AI-Based-Quality-Check-On-Project-Code-And-Architecture\frontend\node_modules\react-dom\cjs\react-dom-client.development.js:25989:20)
    at runWithFiberInDEV (D:\Desktop\AI-Based-Quality-Check-On-Project-Code-And-Architecture\frontend\node_modules\react-dom\cjs\react-dom-client.development.js:874:13)
    at commitHookEffectListMount (D:\Desktop\AI-Based-Quality-Check-On-Project-Code-And-Architecture\frontend\node_modules\react-dom\cjs\react-dom-client.development.js:13249:29)
    at commitHookPassiveMountEffects (D:\Desktop\AI-Based-Quality-Check-On-Project-Code-And-Architecture\frontend\node_modules\react-dom\cjs\react-dom-client.development.js:13336:11)
    at commitPassiveMountOnFiber (D:\Desktop\AI-Based-Quality-Check-On-Project-Code-And-Architecture\frontend\node_modules\react-dom\cjs\react-dom-client.development.js:15484:13)
    at recursivelyTraversePassiveMountEffects (D:\Desktop\AI-Based-Quality-Check-On-Project-Code-And-Architecture\frontend\node_modules\react-dom\cjs\react-dom-client.development.js:15439:11)
    at commitPassiveMountOnFiber (D:\Desktop\AI-Based-Quality-Check-On-Project-Code-And-Architecture\frontend\node_modules\react-dom\cjs\react-dom-client.development.js:15519:11)
    at flushPassiveEffects (D:\Desktop\AI-Based-Quality-Check-On-Project-Code-And-Architecture\frontend\node_modules\react-dom\cjs\react-dom-client.development.js:18432:9)
    at D:\Desktop\AI-Based-Quality-Check-On-Project-Code-And-Architecture\frontend\node_modules\react-dom\cjs\react-dom-client.development.js:17923:15
    at flushActQueue (D:\Desktop\AI-Based-Quality-Check-On-Project-Code-And-Architecture\frontend\node_modules\react\cjs\react.development.js:590:34)
    at process.env.NODE_ENV.exports.act (D:\Desktop\AI-Based-Quality-Check-On-Project-Code-And-Architecture\frontend\node_modules\react\cjs\react.development.js:884:10)
    at D:\Desktop\AI-Based-Quality-Check-On-Project-Code-And-Architecture\frontend\node_modules\@testing-library\react\dist\act-compat.js:46:25
    at renderRoot (D:\Desktop\AI-Based-Quality-Check-On-Project-Code-And-Architecture\frontend\node_modules\@testing-library\react\dist\pure.js:189:26)
    at render (D:\Desktop\AI-Based-Quality-Check-On-Project-Code-And-Architecture\frontend\node_modules\@testing-library\react\dist\pure.js:291:10)
    at Object.&lt;anonymous&gt; (D:\Desktop\AI-Based-Quality-Check-On-Project-Code-And-Architecture\frontend\src\components\visualizations\__tests__\ArchitectureTimeline.test.tsx:189:11)
    at Promise.finally.completed (D:\Desktop\AI-Based-Quality-Check-On-Project-Code-And-Architecture\frontend\node_modules\jest-circus\build\jestAdapterInit.js:1557:28)
    at new Promise (&lt;anonymous&gt;)
    at callAsyncCircusFn (D:\Desktop\AI-Based-Quality-Check-On-Project-Code-And-Architecture\frontend\node_modules\jest-circus\build\jestAdapterInit.js:1497:10)
    at _callCircusTest (D:\Desktop\AI-Based-Quality-Check-On-Project-Code-And-Architecture\frontend\node_modules\jest-circus\build\jestAdapterInit.js:1007:40)
    at _runTest (D:\Desktop\AI-Based-Quality-Check-On-Project-Code-And-Architecture\frontend\node_modules\jest-circus\build\jestAdapterInit.js:947:3)
    at D:\Desktop\AI-Based-Quality-Check-On-Project-Code-And-Architecture\frontend\node_modules\jest-circus\build\jestAdapterInit.js:849:7
    at _runTestsForDescribeBlock (D:\Desktop\AI-Based-Quality-Check-On-Project-Code-And-Architecture\frontend\node_modules\jest-circus\build\jestAdapterInit.js:862:11)
    at _runTestsForDescribeBlock (D:\Desktop\AI-Based-Quality-Check-On-Project-Code-And-Architecture\frontend\node_modules\jest-circus\build\jestAdapterInit.js:857:11)
    at run (D:\Desktop\AI-Based-Quality-Check-On-Project-Code-And-Architecture\frontend\node_modules\jest-circus\build\jestAdapterInit.js:761:3)
    at runAndTransformResultsToJestFormat (D:\Desktop\AI-Based-Quality-Check-On-Project-Code-And-Architecture\frontend\node_modules\jest-circus\build\jestAdapterInit.js:1918:21)
    at jestAdapter (D:\Desktop\AI-Based-Quality-Check-On-Project-Code-And-Architecture\frontend\node_modules\jest-circus\build\runner.js:101:19)
    at runTestInternal (D:\Desktop\AI-Based-Quality-Check-On-Project-Code-And-Architecture\frontend\node_modules\jest-runner\build\index.js:275:16)
    at runTest (D:\Desktop\AI-Based-Quality-Check-On-Project-Code-And-Architecture\frontend\node_modules\jest-runner\build\index.js:343:7)</failure>
    </testcase>
    <testcase classname="ArchitectureTimeline Component" name="updates when data prop changes" time="0.009">
      <failure>TypeError: _d3.axisBottom(...).ticks is not a function
    at ticks (D:\Desktop\AI-Based-Quality-Check-On-Project-Code-And-Architecture\frontend\src\components\visualizations\ArchitectureTimeline.tsx:71:45)
    at Object.react_stack_bottom_frame (D:\Desktop\AI-Based-Quality-Check-On-Project-Code-And-Architecture\frontend\node_modules\react-dom\cjs\react-dom-client.development.js:25989:20)
    at runWithFiberInDEV (D:\Desktop\AI-Based-Quality-Check-On-Project-Code-And-Architecture\frontend\node_modules\react-dom\cjs\react-dom-client.development.js:874:13)
    at commitHookEffectListMount (D:\Desktop\AI-Based-Quality-Check-On-Project-Code-And-Architecture\frontend\node_modules\react-dom\cjs\react-dom-client.development.js:13249:29)
    at commitHookPassiveMountEffects (D:\Desktop\AI-Based-Quality-Check-On-Project-Code-And-Architecture\frontend\node_modules\react-dom\cjs\react-dom-client.development.js:13336:11)
    at commitPassiveMountOnFiber (D:\Desktop\AI-Based-Quality-Check-On-Project-Code-And-Architecture\frontend\node_modules\react-dom\cjs\react-dom-client.development.js:15484:13)
    at recursivelyTraversePassiveMountEffects (D:\Desktop\AI-Based-Quality-Check-On-Project-Code-And-Architecture\frontend\node_modules\react-dom\cjs\react-dom-client.development.js:15439:11)
    at commitPassiveMountOnFiber (D:\Desktop\AI-Based-Quality-Check-On-Project-Code-And-Architecture\frontend\node_modules\react-dom\cjs\react-dom-client.development.js:15519:11)
    at flushPassiveEffects (D:\Desktop\AI-Based-Quality-Check-On-Project-Code-And-Architecture\frontend\node_modules\react-dom\cjs\react-dom-client.development.js:18432:9)
    at D:\Desktop\AI-Based-Quality-Check-On-Project-Code-And-Architecture\frontend\node_modules\react-dom\cjs\react-dom-client.development.js:17923:15
    at flushActQueue (D:\Desktop\AI-Based-Quality-Check-On-Project-Code-And-Architecture\frontend\node_modules\react\cjs\react.development.js:590:34)
    at process.env.NODE_ENV.exports.act (D:\Desktop\AI-Based-Quality-Check-On-Project-Code-And-Architecture\frontend\node_modules\react\cjs\react.development.js:884:10)
    at D:\Desktop\AI-Based-Quality-Check-On-Project-Code-And-Architecture\frontend\node_modules\@testing-library\react\dist\act-compat.js:46:25
    at renderRoot (D:\Desktop\AI-Based-Quality-Check-On-Project-Code-And-Architecture\frontend\node_modules\@testing-library\react\dist\pure.js:189:26)
    at render (D:\Desktop\AI-Based-Quality-Check-On-Project-Code-And-Architecture\frontend\node_modules\@testing-library\react\dist\pure.js:291:10)
    at Object.&lt;anonymous&gt; (D:\Desktop\AI-Based-Quality-Check-On-Project-Code-And-Architecture\frontend\src\components\visualizations\__tests__\ArchitectureTimeline.test.tsx:199:32)
    at Promise.finally.completed (D:\Desktop\AI-Based-Quality-Check-On-Project-Code-And-Architecture\frontend\node_modules\jest-circus\build\jestAdapterInit.js:1557:28)
    at new Promise (&lt;anonymous&gt;)
    at callAsyncCircusFn (D:\Desktop\AI-Based-Quality-Check-On-Project-Code-And-Architecture\frontend\node_modules\jest-circus\build\jestAdapterInit.js:1497:10)
    at _callCircusTest (D:\Desktop\AI-Based-Quality-Check-On-Project-Code-And-Architecture\frontend\node_modules\jest-circus\build\jestAdapterInit.js:1007:40)
    at _runTest (D:\Desktop\AI-Based-Quality-Check-On-Project-Code-And-Architecture\frontend\node_modules\jest-circus\build\jestAdapterInit.js:947:3)
    at D:\Desktop\AI-Based-Quality-Check-On-Project-Code-And-Architecture\frontend\node_modules\jest-circus\build\jestAdapterInit.js:849:7
    at _runTestsForDescribeBlock (D:\Desktop\AI-Based-Quality-Check-On-Project-Code-And-Architecture\frontend\node_modules\jest-circus\build\jestAdapterInit.js:862:11)
    at _runTestsForDescribeBlock (D:\Desktop\AI-Based-Quality-Check-On-Project-Code-And-Architecture\frontend\node_modules\jest-circus\build\jestAdapterInit.js:857:11)
    at run (D:\Desktop\AI-Based-Quality-Check-On-Project-Code-And-Architecture\frontend\node_modules\jest-circus\build\jestAdapterInit.js:761:3)
    at runAndTransformResultsToJestFormat (D:\Desktop\AI-Based-Quality-Check-On-Project-Code-And-Architecture\frontend\node_modules\jest-circus\build\jestAdapterInit.js:1918:21)
    at jestAdapter (D:\Desktop\AI-Based-Quality-Check-On-Project-Code-And-Architecture\frontend\node_modules\jest-circus\build\runner.js:101:19)
    at runTestInternal (D:\Desktop\AI-Based-Quality-Check-On-Project-Code-And-Architecture\frontend\node_modules\jest-runner\build\index.js:275:16)
    at runTest (D:\Desktop\AI-Based-Quality-Check-On-Project-Code-And-Architecture\frontend\node_modules\jest-runner\build\index.js:343:7)</failure>
    </testcase>
    <testcase classname="ArchitectureTimeline Component" name="applies responsive container styling" time="0.011">
      <failure>TypeError: _d3.axisBottom(...).ticks is not a function
    at ticks (D:\Desktop\AI-Based-Quality-Check-On-Project-Code-And-Architecture\frontend\src\components\visualizations\ArchitectureTimeline.tsx:71:45)
    at Object.react_stack_bottom_frame (D:\Desktop\AI-Based-Quality-Check-On-Project-Code-And-Architecture\frontend\node_modules\react-dom\cjs\react-dom-client.development.js:25989:20)
    at runWithFiberInDEV (D:\Desktop\AI-Based-Quality-Check-On-Project-Code-And-Architecture\frontend\node_modules\react-dom\cjs\react-dom-client.development.js:874:13)
    at commitHookEffectListMount (D:\Desktop\AI-Based-Quality-Check-On-Project-Code-And-Architecture\frontend\node_modules\react-dom\cjs\react-dom-client.development.js:13249:29)
    at commitHookPassiveMountEffects (D:\Desktop\AI-Based-Quality-Check-On-Project-Code-And-Architecture\frontend\node_modules\react-dom\cjs\react-dom-client.development.js:13336:11)
    at commitPassiveMountOnFiber (D:\Desktop\AI-Based-Quality-Check-On-Project-Code-And-Architecture\frontend\node_modules\react-dom\cjs\react-dom-client.development.js:15484:13)
    at recursivelyTraversePassiveMountEffects (D:\Desktop\AI-Based-Quality-Check-On-Project-Code-And-Architecture\frontend\node_modules\react-dom\cjs\react-dom-client.development.js:15439:11)
    at commitPassiveMountOnFiber (D:\Desktop\AI-Based-Quality-Check-On-Project-Code-And-Architecture\frontend\node_modules\react-dom\cjs\react-dom-client.development.js:15519:11)
    at flushPassiveEffects (D:\Desktop\AI-Based-Quality-Check-On-Project-Code-And-Architecture\frontend\node_modules\react-dom\cjs\react-dom-client.development.js:18432:9)
    at D:\Desktop\AI-Based-Quality-Check-On-Project-Code-And-Architecture\frontend\node_modules\react-dom\cjs\react-dom-client.development.js:17923:15
    at flushActQueue (D:\Desktop\AI-Based-Quality-Check-On-Project-Code-And-Architecture\frontend\node_modules\react\cjs\react.development.js:590:34)
    at process.env.NODE_ENV.exports.act (D:\Desktop\AI-Based-Quality-Check-On-Project-Code-And-Architecture\frontend\node_modules\react\cjs\react.development.js:884:10)
    at D:\Desktop\AI-Based-Quality-Check-On-Project-Code-And-Architecture\frontend\node_modules\@testing-library\react\dist\act-compat.js:46:25
    at renderRoot (D:\Desktop\AI-Based-Quality-Check-On-Project-Code-And-Architecture\frontend\node_modules\@testing-library\react\dist\pure.js:189:26)
    at render (D:\Desktop\AI-Based-Quality-Check-On-Project-Code-And-Architecture\frontend\node_modules\@testing-library\react\dist\pure.js:291:10)
    at Object.&lt;anonymous&gt; (D:\Desktop\AI-Based-Quality-Check-On-Project-Code-And-Architecture\frontend\src\components\visualizations\__tests__\ArchitectureTimeline.test.tsx:220:11)
    at Promise.finally.completed (D:\Desktop\AI-Based-Quality-Check-On-Project-Code-And-Architecture\frontend\node_modules\jest-circus\build\jestAdapterInit.js:1557:28)
    at new Promise (&lt;anonymous&gt;)
    at callAsyncCircusFn (D:\Desktop\AI-Based-Quality-Check-On-Project-Code-And-Architecture\frontend\node_modules\jest-circus\build\jestAdapterInit.js:1497:10)
    at _callCircusTest (D:\Desktop\AI-Based-Quality-Check-On-Project-Code-And-Architecture\frontend\node_modules\jest-circus\build\jestAdapterInit.js:1007:40)
    at _runTest (D:\Desktop\AI-Based-Quality-Check-On-Project-Code-And-Architecture\frontend\node_modules\jest-circus\build\jestAdapterInit.js:947:3)
    at D:\Desktop\AI-Based-Quality-Check-On-Project-Code-And-Architecture\frontend\node_modules\jest-circus\build\jestAdapterInit.js:849:7
    at _runTestsForDescribeBlock (D:\Desktop\AI-Based-Quality-Check-On-Project-Code-And-Architecture\frontend\node_modules\jest-circus\build\jestAdapterInit.js:862:11)
    at _runTestsForDescribeBlock (D:\Desktop\AI-Based-Quality-Check-On-Project-Code-And-Architecture\frontend\node_modules\jest-circus\build\jestAdapterInit.js:857:11)
    at run (D:\Desktop\AI-Based-Quality-Check-On-Project-Code-And-Architecture\frontend\node_modules\jest-circus\build\jestAdapterInit.js:761:3)
    at runAndTransformResultsToJestFormat (D:\Desktop\AI-Based-Quality-Check-On-Project-Code-And-Architecture\frontend\node_modules\jest-circus\build\jestAdapterInit.js:1918:21)
    at jestAdapter (D:\Desktop\AI-Based-Quality-Check-On-Project-Code-And-Architecture\frontend\node_modules\jest-circus\build\runner.js:101:19)
    at runTestInternal (D:\Desktop\AI-Based-Quality-Check-On-Project-Code-And-Architecture\frontend\node_modules\jest-runner\build\index.js:275:16)
    at runTest (D:\Desktop\AI-Based-Quality-Check-On-Project-Code-And-Architecture\frontend\node_modules\jest-runner\build\index.js:343:7)</failure>
    </testcase>
    <testcase classname="ArchitectureTimeline Component" name="handles different chart dimensions" time="0.014">
      <failure>TypeError: _d3.axisBottom(...).ticks is not a function
    at ticks (D:\Desktop\AI-Based-Quality-Check-On-Project-Code-And-Architecture\frontend\src\components\visualizations\ArchitectureTimeline.tsx:71:45)
    at Object.react_stack_bottom_frame (D:\Desktop\AI-Based-Quality-Check-On-Project-Code-And-Architecture\frontend\node_modules\react-dom\cjs\react-dom-client.development.js:25989:20)
    at runWithFiberInDEV (D:\Desktop\AI-Based-Quality-Check-On-Project-Code-And-Architecture\frontend\node_modules\react-dom\cjs\react-dom-client.development.js:874:13)
    at commitHookEffectListMount (D:\Desktop\AI-Based-Quality-Check-On-Project-Code-And-Architecture\frontend\node_modules\react-dom\cjs\react-dom-client.development.js:13249:29)
    at commitHookPassiveMountEffects (D:\Desktop\AI-Based-Quality-Check-On-Project-Code-And-Architecture\frontend\node_modules\react-dom\cjs\react-dom-client.development.js:13336:11)
    at commitPassiveMountOnFiber (D:\Desktop\AI-Based-Quality-Check-On-Project-Code-And-Architecture\frontend\node_modules\react-dom\cjs\react-dom-client.development.js:15484:13)
    at recursivelyTraversePassiveMountEffects (D:\Desktop\AI-Based-Quality-Check-On-Project-Code-And-Architecture\frontend\node_modules\react-dom\cjs\react-dom-client.development.js:15439:11)
    at commitPassiveMountOnFiber (D:\Desktop\AI-Based-Quality-Check-On-Project-Code-And-Architecture\frontend\node_modules\react-dom\cjs\react-dom-client.development.js:15519:11)
    at flushPassiveEffects (D:\Desktop\AI-Based-Quality-Check-On-Project-Code-And-Architecture\frontend\node_modules\react-dom\cjs\react-dom-client.development.js:18432:9)
    at D:\Desktop\AI-Based-Quality-Check-On-Project-Code-And-Architecture\frontend\node_modules\react-dom\cjs\react-dom-client.development.js:17923:15
    at flushActQueue (D:\Desktop\AI-Based-Quality-Check-On-Project-Code-And-Architecture\frontend\node_modules\react\cjs\react.development.js:590:34)
    at process.env.NODE_ENV.exports.act (D:\Desktop\AI-Based-Quality-Check-On-Project-Code-And-Architecture\frontend\node_modules\react\cjs\react.development.js:884:10)
    at D:\Desktop\AI-Based-Quality-Check-On-Project-Code-And-Architecture\frontend\node_modules\@testing-library\react\dist\act-compat.js:46:25
    at renderRoot (D:\Desktop\AI-Based-Quality-Check-On-Project-Code-And-Architecture\frontend\node_modules\@testing-library\react\dist\pure.js:189:26)
    at render (D:\Desktop\AI-Based-Quality-Check-On-Project-Code-And-Architecture\frontend\node_modules\@testing-library\react\dist\pure.js:291:10)
    at Object.&lt;anonymous&gt; (D:\Desktop\AI-Based-Quality-Check-On-Project-Code-And-Architecture\frontend\src\components\visualizations\__tests__\ArchitectureTimeline.test.tsx:227:32)
    at Promise.finally.completed (D:\Desktop\AI-Based-Quality-Check-On-Project-Code-And-Architecture\frontend\node_modules\jest-circus\build\jestAdapterInit.js:1557:28)
    at new Promise (&lt;anonymous&gt;)
    at callAsyncCircusFn (D:\Desktop\AI-Based-Quality-Check-On-Project-Code-And-Architecture\frontend\node_modules\jest-circus\build\jestAdapterInit.js:1497:10)
    at _callCircusTest (D:\Desktop\AI-Based-Quality-Check-On-Project-Code-And-Architecture\frontend\node_modules\jest-circus\build\jestAdapterInit.js:1007:40)
    at _runTest (D:\Desktop\AI-Based-Quality-Check-On-Project-Code-And-Architecture\frontend\node_modules\jest-circus\build\jestAdapterInit.js:947:3)
    at D:\Desktop\AI-Based-Quality-Check-On-Project-Code-And-Architecture\frontend\node_modules\jest-circus\build\jestAdapterInit.js:849:7
    at _runTestsForDescribeBlock (D:\Desktop\AI-Based-Quality-Check-On-Project-Code-And-Architecture\frontend\node_modules\jest-circus\build\jestAdapterInit.js:862:11)
    at _runTestsForDescribeBlock (D:\Desktop\AI-Based-Quality-Check-On-Project-Code-And-Architecture\frontend\node_modules\jest-circus\build\jestAdapterInit.js:857:11)
    at run (D:\Desktop\AI-Based-Quality-Check-On-Project-Code-And-Architecture\frontend\node_modules\jest-circus\build\jestAdapterInit.js:761:3)
    at runAndTransformResultsToJestFormat (D:\Desktop\AI-Based-Quality-Check-On-Project-Code-And-Architecture\frontend\node_modules\jest-circus\build\jestAdapterInit.js:1918:21)
    at jestAdapter (D:\Desktop\AI-Based-Quality-Check-On-Project-Code-And-Architecture\frontend\node_modules\jest-circus\build\runner.js:101:19)
    at runTestInternal (D:\Desktop\AI-Based-Quality-Check-On-Project-Code-And-Architecture\frontend\node_modules\jest-runner\build\index.js:275:16)
    at runTest (D:\Desktop\AI-Based-Quality-Check-On-Project-Code-And-Architecture\frontend\node_modules\jest-runner\build\index.js:343:7)</failure>
    </testcase>
    <testcase classname="ArchitectureTimeline Component" name="includes accessibility features" time="0.018">
      <failure>TypeError: _d3.axisBottom(...).ticks is not a function
    at ticks (D:\Desktop\AI-Based-Quality-Check-On-Project-Code-And-Architecture\frontend\src\components\visualizations\ArchitectureTimeline.tsx:71:45)
    at Object.react_stack_bottom_frame (D:\Desktop\AI-Based-Quality-Check-On-Project-Code-And-Architecture\frontend\node_modules\react-dom\cjs\react-dom-client.development.js:25989:20)
    at runWithFiberInDEV (D:\Desktop\AI-Based-Quality-Check-On-Project-Code-And-Architecture\frontend\node_modules\react-dom\cjs\react-dom-client.development.js:874:13)
    at commitHookEffectListMount (D:\Desktop\AI-Based-Quality-Check-On-Project-Code-And-Architecture\frontend\node_modules\react-dom\cjs\react-dom-client.development.js:13249:29)
    at commitHookPassiveMountEffects (D:\Desktop\AI-Based-Quality-Check-On-Project-Code-And-Architecture\frontend\node_modules\react-dom\cjs\react-dom-client.development.js:13336:11)
    at commitPassiveMountOnFiber (D:\Desktop\AI-Based-Quality-Check-On-Project-Code-And-Architecture\frontend\node_modules\react-dom\cjs\react-dom-client.development.js:15484:13)
    at recursivelyTraversePassiveMountEffects (D:\Desktop\AI-Based-Quality-Check-On-Project-Code-And-Architecture\frontend\node_modules\react-dom\cjs\react-dom-client.development.js:15439:11)
    at commitPassiveMountOnFiber (D:\Desktop\AI-Based-Quality-Check-On-Project-Code-And-Architecture\frontend\node_modules\react-dom\cjs\react-dom-client.development.js:15519:11)
    at flushPassiveEffects (D:\Desktop\AI-Based-Quality-Check-On-Project-Code-And-Architecture\frontend\node_modules\react-dom\cjs\react-dom-client.development.js:18432:9)
    at D:\Desktop\AI-Based-Quality-Check-On-Project-Code-And-Architecture\frontend\node_modules\react-dom\cjs\react-dom-client.development.js:17923:15
    at flushActQueue (D:\Desktop\AI-Based-Quality-Check-On-Project-Code-And-Architecture\frontend\node_modules\react\cjs\react.development.js:590:34)
    at process.env.NODE_ENV.exports.act (D:\Desktop\AI-Based-Quality-Check-On-Project-Code-And-Architecture\frontend\node_modules\react\cjs\react.development.js:884:10)
    at D:\Desktop\AI-Based-Quality-Check-On-Project-Code-And-Architecture\frontend\node_modules\@testing-library\react\dist\act-compat.js:46:25
    at renderRoot (D:\Desktop\AI-Based-Quality-Check-On-Project-Code-And-Architecture\frontend\node_modules\@testing-library\react\dist\pure.js:189:26)
    at render (D:\Desktop\AI-Based-Quality-Check-On-Project-Code-And-Architecture\frontend\node_modules\@testing-library\react\dist\pure.js:291:10)
    at Object.&lt;anonymous&gt; (D:\Desktop\AI-Based-Quality-Check-On-Project-Code-And-Architecture\frontend\src\components\visualizations\__tests__\ArchitectureTimeline.test.tsx:246:11)
    at Promise.finally.completed (D:\Desktop\AI-Based-Quality-Check-On-Project-Code-And-Architecture\frontend\node_modules\jest-circus\build\jestAdapterInit.js:1557:28)
    at new Promise (&lt;anonymous&gt;)
    at callAsyncCircusFn (D:\Desktop\AI-Based-Quality-Check-On-Project-Code-And-Architecture\frontend\node_modules\jest-circus\build\jestAdapterInit.js:1497:10)
    at _callCircusTest (D:\Desktop\AI-Based-Quality-Check-On-Project-Code-And-Architecture\frontend\node_modules\jest-circus\build\jestAdapterInit.js:1007:40)
    at _runTest (D:\Desktop\AI-Based-Quality-Check-On-Project-Code-And-Architecture\frontend\node_modules\jest-circus\build\jestAdapterInit.js:947:3)
    at D:\Desktop\AI-Based-Quality-Check-On-Project-Code-And-Architecture\frontend\node_modules\jest-circus\build\jestAdapterInit.js:849:7
    at _runTestsForDescribeBlock (D:\Desktop\AI-Based-Quality-Check-On-Project-Code-And-Architecture\frontend\node_modules\jest-circus\build\jestAdapterInit.js:862:11)
    at _runTestsForDescribeBlock (D:\Desktop\AI-Based-Quality-Check-On-Project-Code-And-Architecture\frontend\node_modules\jest-circus\build\jestAdapterInit.js:857:11)
    at run (D:\Desktop\AI-Based-Quality-Check-On-Project-Code-And-Architecture\frontend\node_modules\jest-circus\build\jestAdapterInit.js:761:3)
    at runAndTransformResultsToJestFormat (D:\Desktop\AI-Based-Quality-Check-On-Project-Code-And-Architecture\frontend\node_modules\jest-circus\build\jestAdapterInit.js:1918:21)
    at jestAdapter (D:\Desktop\AI-Based-Quality-Check-On-Project-Code-And-Architecture\frontend\node_modules\jest-circus\build\runner.js:101:19)
    at runTestInternal (D:\Desktop\AI-Based-Quality-Check-On-Project-Code-And-Architecture\frontend\node_modules\jest-runner\build\index.js:275:16)
    at runTest (D:\Desktop\AI-Based-Quality-Check-On-Project-Code-And-Architecture\frontend\node_modules\jest-runner\build\index.js:343:7)</failure>
    </testcase>
    <testcase classname="ArchitectureTimeline Component" name="handles edge case: single data point" time="0.015">
      <failure>TypeError: _d3.axisBottom(...).ticks is not a function
    at ticks (D:\Desktop\AI-Based-Quality-Check-On-Project-Code-And-Architecture\frontend\src\components\visualizations\ArchitectureTimeline.tsx:71:45)
    at Object.react_stack_bottom_frame (D:\Desktop\AI-Based-Quality-Check-On-Project-Code-And-Architecture\frontend\node_modules\react-dom\cjs\react-dom-client.development.js:25989:20)
    at runWithFiberInDEV (D:\Desktop\AI-Based-Quality-Check-On-Project-Code-And-Architecture\frontend\node_modules\react-dom\cjs\react-dom-client.development.js:874:13)
    at commitHookEffectListMount (D:\Desktop\AI-Based-Quality-Check-On-Project-Code-And-Architecture\frontend\node_modules\react-dom\cjs\react-dom-client.development.js:13249:29)
    at commitHookPassiveMountEffects (D:\Desktop\AI-Based-Quality-Check-On-Project-Code-And-Architecture\frontend\node_modules\react-dom\cjs\react-dom-client.development.js:13336:11)
    at commitPassiveMountOnFiber (D:\Desktop\AI-Based-Quality-Check-On-Project-Code-And-Architecture\frontend\node_modules\react-dom\cjs\react-dom-client.development.js:15484:13)
    at recursivelyTraversePassiveMountEffects (D:\Desktop\AI-Based-Quality-Check-On-Project-Code-And-Architecture\frontend\node_modules\react-dom\cjs\react-dom-client.development.js:15439:11)
    at commitPassiveMountOnFiber (D:\Desktop\AI-Based-Quality-Check-On-Project-Code-And-Architecture\frontend\node_modules\react-dom\cjs\react-dom-client.development.js:15519:11)
    at flushPassiveEffects (D:\Desktop\AI-Based-Quality-Check-On-Project-Code-And-Architecture\frontend\node_modules\react-dom\cjs\react-dom-client.development.js:18432:9)
    at D:\Desktop\AI-Based-Quality-Check-On-Project-Code-And-Architecture\frontend\node_modules\react-dom\cjs\react-dom-client.development.js:17923:15
    at flushActQueue (D:\Desktop\AI-Based-Quality-Check-On-Project-Code-And-Architecture\frontend\node_modules\react\cjs\react.development.js:590:34)
    at process.env.NODE_ENV.exports.act (D:\Desktop\AI-Based-Quality-Check-On-Project-Code-And-Architecture\frontend\node_modules\react\cjs\react.development.js:884:10)
    at D:\Desktop\AI-Based-Quality-Check-On-Project-Code-And-Architecture\frontend\node_modules\@testing-library\react\dist\act-compat.js:46:25
    at renderRoot (D:\Desktop\AI-Based-Quality-Check-On-Project-Code-And-Architecture\frontend\node_modules\@testing-library\react\dist\pure.js:189:26)
    at render (D:\Desktop\AI-Based-Quality-Check-On-Project-Code-And-Architecture\frontend\node_modules\@testing-library\react\dist\pure.js:291:10)
    at Object.&lt;anonymous&gt; (D:\Desktop\AI-Based-Quality-Check-On-Project-Code-And-Architecture\frontend\src\components\visualizations\__tests__\ArchitectureTimeline.test.tsx:258:11)
    at Promise.finally.completed (D:\Desktop\AI-Based-Quality-Check-On-Project-Code-And-Architecture\frontend\node_modules\jest-circus\build\jestAdapterInit.js:1557:28)
    at new Promise (&lt;anonymous&gt;)
    at callAsyncCircusFn (D:\Desktop\AI-Based-Quality-Check-On-Project-Code-And-Architecture\frontend\node_modules\jest-circus\build\jestAdapterInit.js:1497:10)
    at _callCircusTest (D:\Desktop\AI-Based-Quality-Check-On-Project-Code-And-Architecture\frontend\node_modules\jest-circus\build\jestAdapterInit.js:1007:40)
    at _runTest (D:\Desktop\AI-Based-Quality-Check-On-Project-Code-And-Architecture\frontend\node_modules\jest-circus\build\jestAdapterInit.js:947:3)
    at D:\Desktop\AI-Based-Quality-Check-On-Project-Code-And-Architecture\frontend\node_modules\jest-circus\build\jestAdapterInit.js:849:7
    at _runTestsForDescribeBlock (D:\Desktop\AI-Based-Quality-Check-On-Project-Code-And-Architecture\frontend\node_modules\jest-circus\build\jestAdapterInit.js:862:11)
    at _runTestsForDescribeBlock (D:\Desktop\AI-Based-Quality-Check-On-Project-Code-And-Architecture\frontend\node_modules\jest-circus\build\jestAdapterInit.js:857:11)
    at run (D:\Desktop\AI-Based-Quality-Check-On-Project-Code-And-Architecture\frontend\node_modules\jest-circus\build\jestAdapterInit.js:761:3)
    at runAndTransformResultsToJestFormat (D:\Desktop\AI-Based-Quality-Check-On-Project-Code-And-Architecture\frontend\node_modules\jest-circus\build\jestAdapterInit.js:1918:21)
    at jestAdapter (D:\Desktop\AI-Based-Quality-Check-On-Project-Code-And-Architecture\frontend\node_modules\jest-circus\build\runner.js:101:19)
    at runTestInternal (D:\Desktop\AI-Based-Quality-Check-On-Project-Code-And-Architecture\frontend\node_modules\jest-runner\build\index.js:275:16)
    at runTest (D:\Desktop\AI-Based-Quality-Check-On-Project-Code-And-Architecture\frontend\node_modules\jest-runner\build\index.js:343:7)</failure>
    </testcase>
    <testcase classname="ArchitectureTimeline Component" name="validates prop types and handles invalid data" time="0.068">
      <failure>Error: expect(received).not.toThrow()

Error name:    &quot;TypeError&quot;
Error message: &quot;_d3.axisBottom(...).ticks is not a function&quot;

      69 |
      70 |         // Axes
    &gt; 71 |         const xAxis = d3.axisBottom(xScale).ticks(6).tickFormat(d3.timeFormat(&apos;%b %Y&apos;) as any);
         |                                             ^
      72 |         const yAxis = d3.axisLeft(yScale);
      73 |
      74 |         g.append(&apos;g&apos;)

      at ticks (src/components/visualizations/ArchitectureTimeline.tsx:71:45)
      at Object.react_stack_bottom_frame (node_modules/react-dom/cjs/react-dom-client.development.js:25989:20)
      at runWithFiberInDEV (node_modules/react-dom/cjs/react-dom-client.development.js:874:13)
      at commitHookEffectListMount (node_modules/react-dom/cjs/react-dom-client.development.js:13249:29)
      at commitHookPassiveMountEffects (node_modules/react-dom/cjs/react-dom-client.development.js:13336:11)
      at commitPassiveMountOnFiber (node_modules/react-dom/cjs/react-dom-client.development.js:15484:13)
      at recursivelyTraversePassiveMountEffects (node_modules/react-dom/cjs/react-dom-client.development.js:15439:11)
      at commitPassiveMountOnFiber (node_modules/react-dom/cjs/react-dom-client.development.js:15519:11)
      at flushPassiveEffects (node_modules/react-dom/cjs/react-dom-client.development.js:18432:9)
      at node_modules/react-dom/cjs/react-dom-client.development.js:17923:15
      at flushActQueue (node_modules/react/cjs/react.development.js:590:34)
      at process.env.NODE_ENV.exports.act (node_modules/react/cjs/react.development.js:884:10)
      at node_modules/@testing-library/react/dist/act-compat.js:46:25
      at renderRoot (node_modules/@testing-library/react/dist/pure.js:189:26)
      at render (node_modules/@testing-library/react/dist/pure.js:291:10)
      at src/components/visualizations/__tests__/ArchitectureTimeline.test.tsx:283:13
      at Object.&lt;anonymous&gt; (node_modules/expect/build/index.js:1824:9)
      at Object.throwingMatcher [as toThrow] (node_modules/expect/build/index.js:2235:93)
      at Object.toThrow (src/components/visualizations/__tests__/ArchitectureTimeline.test.tsx:284:12)
    at Object.toThrow (D:\Desktop\AI-Based-Quality-Check-On-Project-Code-And-Architecture\frontend\src\components\visualizations\__tests__\ArchitectureTimeline.test.tsx:284:12)
    at Promise.finally.completed (D:\Desktop\AI-Based-Quality-Check-On-Project-Code-And-Architecture\frontend\node_modules\jest-circus\build\jestAdapterInit.js:1557:28)
    at new Promise (&lt;anonymous&gt;)
    at callAsyncCircusFn (D:\Desktop\AI-Based-Quality-Check-On-Project-Code-And-Architecture\frontend\node_modules\jest-circus\build\jestAdapterInit.js:1497:10)
    at _callCircusTest (D:\Desktop\AI-Based-Quality-Check-On-Project-Code-And-Architecture\frontend\node_modules\jest-circus\build\jestAdapterInit.js:1007:40)
    at _runTest (D:\Desktop\AI-Based-Quality-Check-On-Project-Code-And-Architecture\frontend\node_modules\jest-circus\build\jestAdapterInit.js:947:3)
    at D:\Desktop\AI-Based-Quality-Check-On-Project-Code-And-Architecture\frontend\node_modules\jest-circus\build\jestAdapterInit.js:849:7
    at _runTestsForDescribeBlock (D:\Desktop\AI-Based-Quality-Check-On-Project-Code-And-Architecture\frontend\node_modules\jest-circus\build\jestAdapterInit.js:862:11)
    at _runTestsForDescribeBlock (D:\Desktop\AI-Based-Quality-Check-On-Project-Code-And-Architecture\frontend\node_modules\jest-circus\build\jestAdapterInit.js:857:11)
    at run (D:\Desktop\AI-Based-Quality-Check-On-Project-Code-And-Architecture\frontend\node_modules\jest-circus\build\jestAdapterInit.js:761:3)
    at runAndTransformResultsToJestFormat (D:\Desktop\AI-Based-Quality-Check-On-Project-Code-And-Architecture\frontend\node_modules\jest-circus\build\jestAdapterInit.js:1918:21)
    at jestAdapter (D:\Desktop\AI-Based-Quality-Check-On-Project-Code-And-Architecture\frontend\node_modules\jest-circus\build\runner.js:101:19)
    at runTestInternal (D:\Desktop\AI-Based-Quality-Check-On-Project-Code-And-Architecture\frontend\node_modules\jest-runner\build\index.js:275:16)
    at runTest (D:\Desktop\AI-Based-Quality-Check-On-Project-Code-And-Architecture\frontend\node_modules\jest-runner\build\index.js:343:7)</failure>
    </testcase>
    <testcase classname="ArchitectureTimeline Component" name="renders correctly with realistic backend JSON response" time="0.014">
      <failure>TypeError: _d3.axisBottom(...).ticks is not a function
    at ticks (D:\Desktop\AI-Based-Quality-Check-On-Project-Code-And-Architecture\frontend\src\components\visualizations\ArchitectureTimeline.tsx:71:45)
    at Object.react_stack_bottom_frame (D:\Desktop\AI-Based-Quality-Check-On-Project-Code-And-Architecture\frontend\node_modules\react-dom\cjs\react-dom-client.development.js:25989:20)
    at runWithFiberInDEV (D:\Desktop\AI-Based-Quality-Check-On-Project-Code-And-Architecture\frontend\node_modules\react-dom\cjs\react-dom-client.development.js:874:13)
    at commitHookEffectListMount (D:\Desktop\AI-Based-Quality-Check-On-Project-Code-And-Architecture\frontend\node_modules\react-dom\cjs\react-dom-client.development.js:13249:29)
    at commitHookPassiveMountEffects (D:\Desktop\AI-Based-Quality-Check-On-Project-Code-And-Architecture\frontend\node_modules\react-dom\cjs\react-dom-client.development.js:13336:11)
    at commitPassiveMountOnFiber (D:\Desktop\AI-Based-Quality-Check-On-Project-Code-And-Architecture\frontend\node_modules\react-dom\cjs\react-dom-client.development.js:15484:13)
    at recursivelyTraversePassiveMountEffects (D:\Desktop\AI-Based-Quality-Check-On-Project-Code-And-Architecture\frontend\node_modules\react-dom\cjs\react-dom-client.development.js:15439:11)
    at commitPassiveMountOnFiber (D:\Desktop\AI-Based-Quality-Check-On-Project-Code-And-Architecture\frontend\node_modules\react-dom\cjs\react-dom-client.development.js:15519:11)
    at flushPassiveEffects (D:\Desktop\AI-Based-Quality-Check-On-Project-Code-And-Architecture\frontend\node_modules\react-dom\cjs\react-dom-client.development.js:18432:9)
    at D:\Desktop\AI-Based-Quality-Check-On-Project-Code-And-Architecture\frontend\node_modules\react-dom\cjs\react-dom-client.development.js:17923:15
    at flushActQueue (D:\Desktop\AI-Based-Quality-Check-On-Project-Code-And-Architecture\frontend\node_modules\react\cjs\react.development.js:590:34)
    at process.env.NODE_ENV.exports.act (D:\Desktop\AI-Based-Quality-Check-On-Project-Code-And-Architecture\frontend\node_modules\react\cjs\react.development.js:884:10)
    at D:\Desktop\AI-Based-Quality-Check-On-Project-Code-And-Architecture\frontend\node_modules\@testing-library\react\dist\act-compat.js:46:25
    at renderRoot (D:\Desktop\AI-Based-Quality-Check-On-Project-Code-And-Architecture\frontend\node_modules\@testing-library\react\dist\pure.js:189:26)
    at render (D:\Desktop\AI-Based-Quality-Check-On-Project-Code-And-Architecture\frontend\node_modules\@testing-library\react\dist\pure.js:291:10)
    at Object.&lt;anonymous&gt; (D:\Desktop\AI-Based-Quality-Check-On-Project-Code-And-Architecture\frontend\src\components\visualizations\__tests__\ArchitectureTimeline.test.tsx:304:11)
    at Promise.finally.completed (D:\Desktop\AI-Based-Quality-Check-On-Project-Code-And-Architecture\frontend\node_modules\jest-circus\build\jestAdapterInit.js:1557:28)
    at new Promise (&lt;anonymous&gt;)
    at callAsyncCircusFn (D:\Desktop\AI-Based-Quality-Check-On-Project-Code-And-Architecture\frontend\node_modules\jest-circus\build\jestAdapterInit.js:1497:10)
    at _callCircusTest (D:\Desktop\AI-Based-Quality-Check-On-Project-Code-And-Architecture\frontend\node_modules\jest-circus\build\jestAdapterInit.js:1007:40)
    at _runTest (D:\Desktop\AI-Based-Quality-Check-On-Project-Code-And-Architecture\frontend\node_modules\jest-circus\build\jestAdapterInit.js:947:3)
    at D:\Desktop\AI-Based-Quality-Check-On-Project-Code-And-Architecture\frontend\node_modules\jest-circus\build\jestAdapterInit.js:849:7
    at _runTestsForDescribeBlock (D:\Desktop\AI-Based-Quality-Check-On-Project-Code-And-Architecture\frontend\node_modules\jest-circus\build\jestAdapterInit.js:862:11)
    at _runTestsForDescribeBlock (D:\Desktop\AI-Based-Quality-Check-On-Project-Code-And-Architecture\frontend\node_modules\jest-circus\build\jestAdapterInit.js:857:11)
    at run (D:\Desktop\AI-Based-Quality-Check-On-Project-Code-And-Architecture\frontend\node_modules\jest-circus\build\jestAdapterInit.js:761:3)
    at runAndTransformResultsToJestFormat (D:\Desktop\AI-Based-Quality-Check-On-Project-Code-And-Architecture\frontend\node_modules\jest-circus\build\jestAdapterInit.js:1918:21)
    at jestAdapter (D:\Desktop\AI-Based-Quality-Check-On-Project-Code-And-Architecture\frontend\node_modules\jest-circus\build\runner.js:101:19)
    at runTestInternal (D:\Desktop\AI-Based-Quality-Check-On-Project-Code-And-Architecture\frontend\node_modules\jest-runner\build\index.js:275:16)
    at runTest (D:\Desktop\AI-Based-Quality-Check-On-Project-Code-And-Architecture\frontend\node_modules\jest-runner\build\index.js:343:7)</failure>
    </testcase>
    <testcase classname="ArchitectureTimeline Component" name="renders within performance budget" time="0.014">
      <failure>TypeError: _d3.axisBottom(...).ticks is not a function
    at ticks (D:\Desktop\AI-Based-Quality-Check-On-Project-Code-And-Architecture\frontend\src\components\visualizations\ArchitectureTimeline.tsx:71:45)
    at Object.react_stack_bottom_frame (D:\Desktop\AI-Based-Quality-Check-On-Project-Code-And-Architecture\frontend\node_modules\react-dom\cjs\react-dom-client.development.js:25989:20)
    at runWithFiberInDEV (D:\Desktop\AI-Based-Quality-Check-On-Project-Code-And-Architecture\frontend\node_modules\react-dom\cjs\react-dom-client.development.js:874:13)
    at commitHookEffectListMount (D:\Desktop\AI-Based-Quality-Check-On-Project-Code-And-Architecture\frontend\node_modules\react-dom\cjs\react-dom-client.development.js:13249:29)
    at commitHookPassiveMountEffects (D:\Desktop\AI-Based-Quality-Check-On-Project-Code-And-Architecture\frontend\node_modules\react-dom\cjs\react-dom-client.development.js:13336:11)
    at commitPassiveMountOnFiber (D:\Desktop\AI-Based-Quality-Check-On-Project-Code-And-Architecture\frontend\node_modules\react-dom\cjs\react-dom-client.development.js:15484:13)
    at recursivelyTraversePassiveMountEffects (D:\Desktop\AI-Based-Quality-Check-On-Project-Code-And-Architecture\frontend\node_modules\react-dom\cjs\react-dom-client.development.js:15439:11)
    at commitPassiveMountOnFiber (D:\Desktop\AI-Based-Quality-Check-On-Project-Code-And-Architecture\frontend\node_modules\react-dom\cjs\react-dom-client.development.js:15519:11)
    at flushPassiveEffects (D:\Desktop\AI-Based-Quality-Check-On-Project-Code-And-Architecture\frontend\node_modules\react-dom\cjs\react-dom-client.development.js:18432:9)
    at D:\Desktop\AI-Based-Quality-Check-On-Project-Code-And-Architecture\frontend\node_modules\react-dom\cjs\react-dom-client.development.js:17923:15
    at flushActQueue (D:\Desktop\AI-Based-Quality-Check-On-Project-Code-And-Architecture\frontend\node_modules\react\cjs\react.development.js:590:34)
    at process.env.NODE_ENV.exports.act (D:\Desktop\AI-Based-Quality-Check-On-Project-Code-And-Architecture\frontend\node_modules\react\cjs\react.development.js:884:10)
    at D:\Desktop\AI-Based-Quality-Check-On-Project-Code-And-Architecture\frontend\node_modules\@testing-library\react\dist\act-compat.js:46:25
    at renderRoot (D:\Desktop\AI-Based-Quality-Check-On-Project-Code-And-Architecture\frontend\node_modules\@testing-library\react\dist\pure.js:189:26)
    at render (D:\Desktop\AI-Based-Quality-Check-On-Project-Code-And-Architecture\frontend\node_modules\@testing-library\react\dist\pure.js:291:10)
    at Object.&lt;anonymous&gt; (D:\Desktop\AI-Based-Quality-Check-On-Project-Code-And-Architecture\frontend\src\components\visualizations\__tests__\ArchitectureTimeline.test.tsx:323:11)
    at Promise.finally.completed (D:\Desktop\AI-Based-Quality-Check-On-Project-Code-And-Architecture\frontend\node_modules\jest-circus\build\jestAdapterInit.js:1557:28)
    at new Promise (&lt;anonymous&gt;)
    at callAsyncCircusFn (D:\Desktop\AI-Based-Quality-Check-On-Project-Code-And-Architecture\frontend\node_modules\jest-circus\build\jestAdapterInit.js:1497:10)
    at _callCircusTest (D:\Desktop\AI-Based-Quality-Check-On-Project-Code-And-Architecture\frontend\node_modules\jest-circus\build\jestAdapterInit.js:1007:40)
    at _runTest (D:\Desktop\AI-Based-Quality-Check-On-Project-Code-And-Architecture\frontend\node_modules\jest-circus\build\jestAdapterInit.js:947:3)
    at D:\Desktop\AI-Based-Quality-Check-On-Project-Code-And-Architecture\frontend\node_modules\jest-circus\build\jestAdapterInit.js:849:7
    at _runTestsForDescribeBlock (D:\Desktop\AI-Based-Quality-Check-On-Project-Code-And-Architecture\frontend\node_modules\jest-circus\build\jestAdapterInit.js:862:11)
    at _runTestsForDescribeBlock (D:\Desktop\AI-Based-Quality-Check-On-Project-Code-And-Architecture\frontend\node_modules\jest-circus\build\jestAdapterInit.js:857:11)
    at run (D:\Desktop\AI-Based-Quality-Check-On-Project-Code-And-Architecture\frontend\node_modules\jest-circus\build\jestAdapterInit.js:761:3)
    at runAndTransformResultsToJestFormat (D:\Desktop\AI-Based-Quality-Check-On-Project-Code-And-Architecture\frontend\node_modules\jest-circus\build\jestAdapterInit.js:1918:21)
    at jestAdapter (D:\Desktop\AI-Based-Quality-Check-On-Project-Code-And-Architecture\frontend\node_modules\jest-circus\build\runner.js:101:19)
    at runTestInternal (D:\Desktop\AI-Based-Quality-Check-On-Project-Code-And-Architecture\frontend\node_modules\jest-runner\build\index.js:275:16)
    at runTest (D:\Desktop\AI-Based-Quality-Check-On-Project-Code-And-Architecture\frontend\node_modules\jest-runner\build\index.js:343:7)</failure>
    </testcase>
    <testcase classname="ArchitectureTimeline Component" name="cleans up resources on unmount" time="0.011">
      <failure>TypeError: _d3.axisBottom(...).ticks is not a function
    at ticks (D:\Desktop\AI-Based-Quality-Check-On-Project-Code-And-Architecture\frontend\src\components\visualizations\ArchitectureTimeline.tsx:71:45)
    at Object.react_stack_bottom_frame (D:\Desktop\AI-Based-Quality-Check-On-Project-Code-And-Architecture\frontend\node_modules\react-dom\cjs\react-dom-client.development.js:25989:20)
    at runWithFiberInDEV (D:\Desktop\AI-Based-Quality-Check-On-Project-Code-And-Architecture\frontend\node_modules\react-dom\cjs\react-dom-client.development.js:874:13)
    at commitHookEffectListMount (D:\Desktop\AI-Based-Quality-Check-On-Project-Code-And-Architecture\frontend\node_modules\react-dom\cjs\react-dom-client.development.js:13249:29)
    at commitHookPassiveMountEffects (D:\Desktop\AI-Based-Quality-Check-On-Project-Code-And-Architecture\frontend\node_modules\react-dom\cjs\react-dom-client.development.js:13336:11)
    at commitPassiveMountOnFiber (D:\Desktop\AI-Based-Quality-Check-On-Project-Code-And-Architecture\frontend\node_modules\react-dom\cjs\react-dom-client.development.js:15484:13)
    at recursivelyTraversePassiveMountEffects (D:\Desktop\AI-Based-Quality-Check-On-Project-Code-And-Architecture\frontend\node_modules\react-dom\cjs\react-dom-client.development.js:15439:11)
    at commitPassiveMountOnFiber (D:\Desktop\AI-Based-Quality-Check-On-Project-Code-And-Architecture\frontend\node_modules\react-dom\cjs\react-dom-client.development.js:15519:11)
    at flushPassiveEffects (D:\Desktop\AI-Based-Quality-Check-On-Project-Code-And-Architecture\frontend\node_modules\react-dom\cjs\react-dom-client.development.js:18432:9)
    at D:\Desktop\AI-Based-Quality-Check-On-Project-Code-And-Architecture\frontend\node_modules\react-dom\cjs\react-dom-client.development.js:17923:15
    at flushActQueue (D:\Desktop\AI-Based-Quality-Check-On-Project-Code-And-Architecture\frontend\node_modules\react\cjs\react.development.js:590:34)
    at process.env.NODE_ENV.exports.act (D:\Desktop\AI-Based-Quality-Check-On-Project-Code-And-Architecture\frontend\node_modules\react\cjs\react.development.js:884:10)
    at D:\Desktop\AI-Based-Quality-Check-On-Project-Code-And-Architecture\frontend\node_modules\@testing-library\react\dist\act-compat.js:46:25
    at renderRoot (D:\Desktop\AI-Based-Quality-Check-On-Project-Code-And-Architecture\frontend\node_modules\@testing-library\react\dist\pure.js:189:26)
    at render (D:\Desktop\AI-Based-Quality-Check-On-Project-Code-And-Architecture\frontend\node_modules\@testing-library\react\dist\pure.js:291:10)
    at Object.&lt;anonymous&gt; (D:\Desktop\AI-Based-Quality-Check-On-Project-Code-And-Architecture\frontend\src\components\visualizations\__tests__\ArchitectureTimeline.test.tsx:334:31)
    at Promise.finally.completed (D:\Desktop\AI-Based-Quality-Check-On-Project-Code-And-Architecture\frontend\node_modules\jest-circus\build\jestAdapterInit.js:1557:28)
    at new Promise (&lt;anonymous&gt;)
    at callAsyncCircusFn (D:\Desktop\AI-Based-Quality-Check-On-Project-Code-And-Architecture\frontend\node_modules\jest-circus\build\jestAdapterInit.js:1497:10)
    at _callCircusTest (D:\Desktop\AI-Based-Quality-Check-On-Project-Code-And-Architecture\frontend\node_modules\jest-circus\build\jestAdapterInit.js:1007:40)
    at _runTest (D:\Desktop\AI-Based-Quality-Check-On-Project-Code-And-Architecture\frontend\node_modules\jest-circus\build\jestAdapterInit.js:947:3)
    at D:\Desktop\AI-Based-Quality-Check-On-Project-Code-And-Architecture\frontend\node_modules\jest-circus\build\jestAdapterInit.js:849:7
    at _runTestsForDescribeBlock (D:\Desktop\AI-Based-Quality-Check-On-Project-Code-And-Architecture\frontend\node_modules\jest-circus\build\jestAdapterInit.js:862:11)
    at _runTestsForDescribeBlock (D:\Desktop\AI-Based-Quality-Check-On-Project-Code-And-Architecture\frontend\node_modules\jest-circus\build\jestAdapterInit.js:857:11)
    at run (D:\Desktop\AI-Based-Quality-Check-On-Project-Code-And-Architecture\frontend\node_modules\jest-circus\build\jestAdapterInit.js:761:3)
    at runAndTransformResultsToJestFormat (D:\Desktop\AI-Based-Quality-Check-On-Project-Code-And-Architecture\frontend\node_modules\jest-circus\build\jestAdapterInit.js:1918:21)
    at jestAdapter (D:\Desktop\AI-Based-Quality-Check-On-Project-Code-And-Architecture\frontend\node_modules\jest-circus\build\runner.js:101:19)
    at runTestInternal (D:\Desktop\AI-Based-Quality-Check-On-Project-Code-And-Architecture\frontend\node_modules\jest-runner\build\index.js:275:16)
    at runTest (D:\Desktop\AI-Based-Quality-Check-On-Project-Code-And-Architecture\frontend\node_modules\jest-runner\build\index.js:343:7)</failure>
    </testcase>
  </testsuite>
  <testsuite name="Property 19: 任务优先级调整重排序" errors="0" failures="0" skipped="0" timestamp="2026-03-08T07:40:58" time="1.085" tests="7">
    <testcase classname="Property 19: 任务优先级调整重排序 › 优先级调整后立即重排序" name="应该在优先级调整后立即重新排序任务队列" time="0.215">
    </testcase>
    <testcase classname="Property 19: 任务优先级调整重排序 › 优先级调整后立即重排序" name="应该在增加优先级后将任务向前移动" time="0.04">
    </testcase>
    <testcase classname="Property 19: 任务优先级调整重排序 › 优先级调整后立即重排序" name="应该在降低优先级后将任务向后移动" time="0.024">
    </testcase>
    <testcase classname="Property 19: 任务优先级调整重排序 › 优先级调整后立即重排序" name="应该在优先级调整后保持排序不变量" time="0.063">
    </testcase>
    <testcase classname="Property 19: 任务优先级调整重排序 › 调度结果更新" name="应该在优先级调整后更新调度结果" time="0.058">
    </testcase>
    <testcase classname="Property 19: 任务优先级调整重排序 › 调度结果更新" name="应该在优先级调整后正确更新tasksToExecute" time="0.027">
    </testcase>
    <testcase classname="Property 19: 任务优先级调整重排序 › 边界条件" name="应该正确处理优先级调整到边界值" time="0.028">
    </testcase>
  </testsuite>
  <testsuite name="LoginPage" errors="0" failures="8" skipped="0" timestamp="2026-03-08T07:40:59" time="0.878" tests="8">
    <testcase classname="LoginPage" name="renders login form with all required fields" time="0.033">
      <failure>TypeError: (0 , _navigation.useSearchParams) is not a function
    at LoginForm (D:\Desktop\AI-Based-Quality-Check-On-Project-Code-And-Architecture\frontend\src\app\login\page.tsx:26:39)
    at Object.react_stack_bottom_frame (D:\Desktop\AI-Based-Quality-Check-On-Project-Code-And-Architecture\frontend\node_modules\react-dom\cjs\react-dom-client.development.js:25904:20)
    at renderWithHooks (D:\Desktop\AI-Based-Quality-Check-On-Project-Code-And-Architecture\frontend\node_modules\react-dom\cjs\react-dom-client.development.js:7662:22)
    at updateFunctionComponent (D:\Desktop\AI-Based-Quality-Check-On-Project-Code-And-Architecture\frontend\node_modules\react-dom\cjs\react-dom-client.development.js:10166:19)
    at beginWork (D:\Desktop\AI-Based-Quality-Check-On-Project-Code-And-Architecture\frontend\node_modules\react-dom\cjs\react-dom-client.development.js:11778:18)
    at runWithFiberInDEV (D:\Desktop\AI-Based-Quality-Check-On-Project-Code-And-Architecture\frontend\node_modules\react-dom\cjs\react-dom-client.development.js:874:13)
    at performUnitOfWork (D:\Desktop\AI-Based-Quality-Check-On-Project-Code-And-Architecture\frontend\node_modules\react-dom\cjs\react-dom-client.development.js:17641:22)
    at workLoopSync (D:\Desktop\AI-Based-Quality-Check-On-Project-Code-And-Architecture\frontend\node_modules\react-dom\cjs\react-dom-client.development.js:17469:41)
    at renderRootSync (D:\Desktop\AI-Based-Quality-Check-On-Project-Code-And-Architecture\frontend\node_modules\react-dom\cjs\react-dom-client.development.js:17450:11)
    at performWorkOnRoot (D:\Desktop\AI-Based-Quality-Check-On-Project-Code-And-Architecture\frontend\node_modules\react-dom\cjs\react-dom-client.development.js:16583:35)
    at performWorkOnRootViaSchedulerTask (D:\Desktop\AI-Based-Quality-Check-On-Project-Code-And-Architecture\frontend\node_modules\react-dom\cjs\react-dom-client.development.js:18957:7)
    at flushActQueue (D:\Desktop\AI-Based-Quality-Check-On-Project-Code-And-Architecture\frontend\node_modules\react\cjs\react.development.js:590:34)
    at process.env.NODE_ENV.exports.act (D:\Desktop\AI-Based-Quality-Check-On-Project-Code-And-Architecture\frontend\node_modules\react\cjs\react.development.js:884:10)
    at D:\Desktop\AI-Based-Quality-Check-On-Project-Code-And-Architecture\frontend\node_modules\@testing-library\react\dist\act-compat.js:46:25
    at renderRoot (D:\Desktop\AI-Based-Quality-Check-On-Project-Code-And-Architecture\frontend\node_modules\@testing-library\react\dist\pure.js:189:26)
    at render (D:\Desktop\AI-Based-Quality-Check-On-Project-Code-And-Architecture\frontend\node_modules\@testing-library\react\dist\pure.js:291:10)
    at Object.&lt;anonymous&gt; (D:\Desktop\AI-Based-Quality-Check-On-Project-Code-And-Architecture\frontend\src\app\login\__tests__\page.test.tsx:38:11)
    at Promise.finally.completed (D:\Desktop\AI-Based-Quality-Check-On-Project-Code-And-Architecture\frontend\node_modules\jest-circus\build\jestAdapterInit.js:1557:28)
    at new Promise (&lt;anonymous&gt;)
    at callAsyncCircusFn (D:\Desktop\AI-Based-Quality-Check-On-Project-Code-And-Architecture\frontend\node_modules\jest-circus\build\jestAdapterInit.js:1497:10)
    at _callCircusTest (D:\Desktop\AI-Based-Quality-Check-On-Project-Code-And-Architecture\frontend\node_modules\jest-circus\build\jestAdapterInit.js:1007:40)
    at _runTest (D:\Desktop\AI-Based-Quality-Check-On-Project-Code-And-Architecture\frontend\node_modules\jest-circus\build\jestAdapterInit.js:947:3)
    at D:\Desktop\AI-Based-Quality-Check-On-Project-Code-And-Architecture\frontend\node_modules\jest-circus\build\jestAdapterInit.js:849:7
    at _runTestsForDescribeBlock (D:\Desktop\AI-Based-Quality-Check-On-Project-Code-And-Architecture\frontend\node_modules\jest-circus\build\jestAdapterInit.js:862:11)
    at _runTestsForDescribeBlock (D:\Desktop\AI-Based-Quality-Check-On-Project-Code-And-Architecture\frontend\node_modules\jest-circus\build\jestAdapterInit.js:857:11)
    at run (D:\Desktop\AI-Based-Quality-Check-On-Project-Code-And-Architecture\frontend\node_modules\jest-circus\build\jestAdapterInit.js:761:3)
    at runAndTransformResultsToJestFormat (D:\Desktop\AI-Based-Quality-Check-On-Project-Code-And-Architecture\frontend\node_modules\jest-circus\build\jestAdapterInit.js:1918:21)
    at jestAdapter (D:\Desktop\AI-Based-Quality-Check-On-Project-Code-And-Architecture\frontend\node_modules\jest-circus\build\runner.js:101:19)
    at runTestInternal (D:\Desktop\AI-Based-Quality-Check-On-Project-Code-And-Architecture\frontend\node_modules\jest-runner\build\index.js:275:16)
    at runTest (D:\Desktop\AI-Based-Quality-Check-On-Project-Code-And-Architecture\frontend\node_modules\jest-runner\build\index.js:343:7)</failure>
    </testcase>
    <testcase classname="LoginPage" name="validates email format" time="0.009">
      <failure>TypeError: (0 , _navigation.useSearchParams) is not a function
    at LoginForm (D:\Desktop\AI-Based-Quality-Check-On-Project-Code-And-Architecture\frontend\src\app\login\page.tsx:26:39)
    at Object.react_stack_bottom_frame (D:\Desktop\AI-Based-Quality-Check-On-Project-Code-And-Architecture\frontend\node_modules\react-dom\cjs\react-dom-client.development.js:25904:20)
    at renderWithHooks (D:\Desktop\AI-Based-Quality-Check-On-Project-Code-And-Architecture\frontend\node_modules\react-dom\cjs\react-dom-client.development.js:7662:22)
    at updateFunctionComponent (D:\Desktop\AI-Based-Quality-Check-On-Project-Code-And-Architecture\frontend\node_modules\react-dom\cjs\react-dom-client.development.js:10166:19)
    at beginWork (D:\Desktop\AI-Based-Quality-Check-On-Project-Code-And-Architecture\frontend\node_modules\react-dom\cjs\react-dom-client.development.js:11778:18)
    at runWithFiberInDEV (D:\Desktop\AI-Based-Quality-Check-On-Project-Code-And-Architecture\frontend\node_modules\react-dom\cjs\react-dom-client.development.js:874:13)
    at performUnitOfWork (D:\Desktop\AI-Based-Quality-Check-On-Project-Code-And-Architecture\frontend\node_modules\react-dom\cjs\react-dom-client.development.js:17641:22)
    at workLoopSync (D:\Desktop\AI-Based-Quality-Check-On-Project-Code-And-Architecture\frontend\node_modules\react-dom\cjs\react-dom-client.development.js:17469:41)
    at renderRootSync (D:\Desktop\AI-Based-Quality-Check-On-Project-Code-And-Architecture\frontend\node_modules\react-dom\cjs\react-dom-client.development.js:17450:11)
    at performWorkOnRoot (D:\Desktop\AI-Based-Quality-Check-On-Project-Code-And-Architecture\frontend\node_modules\react-dom\cjs\react-dom-client.development.js:16583:35)
    at performWorkOnRootViaSchedulerTask (D:\Desktop\AI-Based-Quality-Check-On-Project-Code-And-Architecture\frontend\node_modules\react-dom\cjs\react-dom-client.development.js:18957:7)
    at flushActQueue (D:\Desktop\AI-Based-Quality-Check-On-Project-Code-And-Architecture\frontend\node_modules\react\cjs\react.development.js:590:34)
    at process.env.NODE_ENV.exports.act (D:\Desktop\AI-Based-Quality-Check-On-Project-Code-And-Architecture\frontend\node_modules\react\cjs\react.development.js:884:10)
    at D:\Desktop\AI-Based-Quality-Check-On-Project-Code-And-Architecture\frontend\node_modules\@testing-library\react\dist\act-compat.js:46:25
    at renderRoot (D:\Desktop\AI-Based-Quality-Check-On-Project-Code-And-Architecture\frontend\node_modules\@testing-library\react\dist\pure.js:189:26)
    at render (D:\Desktop\AI-Based-Quality-Check-On-Project-Code-And-Architecture\frontend\node_modules\@testing-library\react\dist\pure.js:291:10)
    at Object.&lt;anonymous&gt; (D:\Desktop\AI-Based-Quality-Check-On-Project-Code-And-Architecture\frontend\src\app\login\__tests__\page.test.tsx:50:11)
    at Promise.finally.completed (D:\Desktop\AI-Based-Quality-Check-On-Project-Code-And-Architecture\frontend\node_modules\jest-circus\build\jestAdapterInit.js:1557:28)
    at new Promise (&lt;anonymous&gt;)
    at callAsyncCircusFn (D:\Desktop\AI-Based-Quality-Check-On-Project-Code-And-Architecture\frontend\node_modules\jest-circus\build\jestAdapterInit.js:1497:10)
    at _callCircusTest (D:\Desktop\AI-Based-Quality-Check-On-Project-Code-And-Architecture\frontend\node_modules\jest-circus\build\jestAdapterInit.js:1007:40)
    at _runTest (D:\Desktop\AI-Based-Quality-Check-On-Project-Code-And-Architecture\frontend\node_modules\jest-circus\build\jestAdapterInit.js:947:3)
    at D:\Desktop\AI-Based-Quality-Check-On-Project-Code-And-Architecture\frontend\node_modules\jest-circus\build\jestAdapterInit.js:849:7
    at _runTestsForDescribeBlock (D:\Desktop\AI-Based-Quality-Check-On-Project-Code-And-Architecture\frontend\node_modules\jest-circus\build\jestAdapterInit.js:862:11)
    at _runTestsForDescribeBlock (D:\Desktop\AI-Based-Quality-Check-On-Project-Code-And-Architecture\frontend\node_modules\jest-circus\build\jestAdapterInit.js:857:11)
    at run (D:\Desktop\AI-Based-Quality-Check-On-Project-Code-And-Architecture\frontend\node_modules\jest-circus\build\jestAdapterInit.js:761:3)
    at runAndTransformResultsToJestFormat (D:\Desktop\AI-Based-Quality-Check-On-Project-Code-And-Architecture\frontend\node_modules\jest-circus\build\jestAdapterInit.js:1918:21)
    at jestAdapter (D:\Desktop\AI-Based-Quality-Check-On-Project-Code-And-Architecture\frontend\node_modules\jest-circus\build\runner.js:101:19)
    at runTestInternal (D:\Desktop\AI-Based-Quality-Check-On-Project-Code-And-Architecture\frontend\node_modules\jest-runner\build\index.js:275:16)
    at runTest (D:\Desktop\AI-Based-Quality-Check-On-Project-Code-And-Architecture\frontend\node_modules\jest-runner\build\index.js:343:7)</failure>
    </testcase>
    <testcase classname="LoginPage" name="validates password length" time="0.01">
      <failure>TypeError: (0 , _navigation.useSearchParams) is not a function
    at LoginForm (D:\Desktop\AI-Based-Quality-Check-On-Project-Code-And-Architecture\frontend\src\app\login\page.tsx:26:39)
    at Object.react_stack_bottom_frame (D:\Desktop\AI-Based-Quality-Check-On-Project-Code-And-Architecture\frontend\node_modules\react-dom\cjs\react-dom-client.development.js:25904:20)
    at renderWithHooks (D:\Desktop\AI-Based-Quality-Check-On-Project-Code-And-Architecture\frontend\node_modules\react-dom\cjs\react-dom-client.development.js:7662:22)
    at updateFunctionComponent (D:\Desktop\AI-Based-Quality-Check-On-Project-Code-And-Architecture\frontend\node_modules\react-dom\cjs\react-dom-client.development.js:10166:19)
    at beginWork (D:\Desktop\AI-Based-Quality-Check-On-Project-Code-And-Architecture\frontend\node_modules\react-dom\cjs\react-dom-client.development.js:11778:18)
    at runWithFiberInDEV (D:\Desktop\AI-Based-Quality-Check-On-Project-Code-And-Architecture\frontend\node_modules\react-dom\cjs\react-dom-client.development.js:874:13)
    at performUnitOfWork (D:\Desktop\AI-Based-Quality-Check-On-Project-Code-And-Architecture\frontend\node_modules\react-dom\cjs\react-dom-client.development.js:17641:22)
    at workLoopSync (D:\Desktop\AI-Based-Quality-Check-On-Project-Code-And-Architecture\frontend\node_modules\react-dom\cjs\react-dom-client.development.js:17469:41)
    at renderRootSync (D:\Desktop\AI-Based-Quality-Check-On-Project-Code-And-Architecture\frontend\node_modules\react-dom\cjs\react-dom-client.development.js:17450:11)
    at performWorkOnRoot (D:\Desktop\AI-Based-Quality-Check-On-Project-Code-And-Architecture\frontend\node_modules\react-dom\cjs\react-dom-client.development.js:16583:35)
    at performWorkOnRootViaSchedulerTask (D:\Desktop\AI-Based-Quality-Check-On-Project-Code-And-Architecture\frontend\node_modules\react-dom\cjs\react-dom-client.development.js:18957:7)
    at flushActQueue (D:\Desktop\AI-Based-Quality-Check-On-Project-Code-And-Architecture\frontend\node_modules\react\cjs\react.development.js:590:34)
    at process.env.NODE_ENV.exports.act (D:\Desktop\AI-Based-Quality-Check-On-Project-Code-And-Architecture\frontend\node_modules\react\cjs\react.development.js:884:10)
    at D:\Desktop\AI-Based-Quality-Check-On-Project-Code-And-Architecture\frontend\node_modules\@testing-library\react\dist\act-compat.js:46:25
    at renderRoot (D:\Desktop\AI-Based-Quality-Check-On-Project-Code-And-Architecture\frontend\node_modules\@testing-library\react\dist\pure.js:189:26)
    at render (D:\Desktop\AI-Based-Quality-Check-On-Project-Code-And-Architecture\frontend\node_modules\@testing-library\react\dist\pure.js:291:10)
    at Object.&lt;anonymous&gt; (D:\Desktop\AI-Based-Quality-Check-On-Project-Code-And-Architecture\frontend\src\app\login\__tests__\page.test.tsx:65:11)
    at Promise.finally.completed (D:\Desktop\AI-Based-Quality-Check-On-Project-Code-And-Architecture\frontend\node_modules\jest-circus\build\jestAdapterInit.js:1557:28)
    at new Promise (&lt;anonymous&gt;)
    at callAsyncCircusFn (D:\Desktop\AI-Based-Quality-Check-On-Project-Code-And-Architecture\frontend\node_modules\jest-circus\build\jestAdapterInit.js:1497:10)
    at _callCircusTest (D:\Desktop\AI-Based-Quality-Check-On-Project-Code-And-Architecture\frontend\node_modules\jest-circus\build\jestAdapterInit.js:1007:40)
    at _runTest (D:\Desktop\AI-Based-Quality-Check-On-Project-Code-And-Architecture\frontend\node_modules\jest-circus\build\jestAdapterInit.js:947:3)
    at D:\Desktop\AI-Based-Quality-Check-On-Project-Code-And-Architecture\frontend\node_modules\jest-circus\build\jestAdapterInit.js:849:7
    at _runTestsForDescribeBlock (D:\Desktop\AI-Based-Quality-Check-On-Project-Code-And-Architecture\frontend\node_modules\jest-circus\build\jestAdapterInit.js:862:11)
    at _runTestsForDescribeBlock (D:\Desktop\AI-Based-Quality-Check-On-Project-Code-And-Architecture\frontend\node_modules\jest-circus\build\jestAdapterInit.js:857:11)
    at run (D:\Desktop\AI-Based-Quality-Check-On-Project-Code-And-Architecture\frontend\node_modules\jest-circus\build\jestAdapterInit.js:761:3)
    at runAndTransformResultsToJestFormat (D:\Desktop\AI-Based-Quality-Check-On-Project-Code-And-Architecture\frontend\node_modules\jest-circus\build\jestAdapterInit.js:1918:21)
    at jestAdapter (D:\Desktop\AI-Based-Quality-Check-On-Project-Code-And-Architecture\frontend\node_modules\jest-circus\build\runner.js:101:19)
    at runTestInternal (D:\Desktop\AI-Based-Quality-Check-On-Project-Code-And-Architecture\frontend\node_modules\jest-runner\build\index.js:275:16)
    at runTest (D:\Desktop\AI-Based-Quality-Check-On-Project-Code-And-Architecture\frontend\node_modules\jest-runner\build\index.js:343:7)</failure>
    </testcase>
    <testcase classname="LoginPage" name="calls login function with correct credentials" time="0.016">
      <failure>TypeError: (0 , _navigation.useSearchParams) is not a function
    at LoginForm (D:\Desktop\AI-Based-Quality-Check-On-Project-Code-And-Architecture\frontend\src\app\login\page.tsx:26:39)
    at Object.react_stack_bottom_frame (D:\Desktop\AI-Based-Quality-Check-On-Project-Code-And-Architecture\frontend\node_modules\react-dom\cjs\react-dom-client.development.js:25904:20)
    at renderWithHooks (D:\Desktop\AI-Based-Quality-Check-On-Project-Code-And-Architecture\frontend\node_modules\react-dom\cjs\react-dom-client.development.js:7662:22)
    at updateFunctionComponent (D:\Desktop\AI-Based-Quality-Check-On-Project-Code-And-Architecture\frontend\node_modules\react-dom\cjs\react-dom-client.development.js:10166:19)
    at beginWork (D:\Desktop\AI-Based-Quality-Check-On-Project-Code-And-Architecture\frontend\node_modules\react-dom\cjs\react-dom-client.development.js:11778:18)
    at runWithFiberInDEV (D:\Desktop\AI-Based-Quality-Check-On-Project-Code-And-Architecture\frontend\node_modules\react-dom\cjs\react-dom-client.development.js:874:13)
    at performUnitOfWork (D:\Desktop\AI-Based-Quality-Check-On-Project-Code-And-Architecture\frontend\node_modules\react-dom\cjs\react-dom-client.development.js:17641:22)
    at workLoopSync (D:\Desktop\AI-Based-Quality-Check-On-Project-Code-And-Architecture\frontend\node_modules\react-dom\cjs\react-dom-client.development.js:17469:41)
    at renderRootSync (D:\Desktop\AI-Based-Quality-Check-On-Project-Code-And-Architecture\frontend\node_modules\react-dom\cjs\react-dom-client.development.js:17450:11)
    at performWorkOnRoot (D:\Desktop\AI-Based-Quality-Check-On-Project-Code-And-Architecture\frontend\node_modules\react-dom\cjs\react-dom-client.development.js:16583:35)
    at performWorkOnRootViaSchedulerTask (D:\Desktop\AI-Based-Quality-Check-On-Project-Code-And-Architecture\frontend\node_modules\react-dom\cjs\react-dom-client.development.js:18957:7)
    at flushActQueue (D:\Desktop\AI-Based-Quality-Check-On-Project-Code-And-Architecture\frontend\node_modules\react\cjs\react.development.js:590:34)
    at process.env.NODE_ENV.exports.act (D:\Desktop\AI-Based-Quality-Check-On-Project-Code-And-Architecture\frontend\node_modules\react\cjs\react.development.js:884:10)
    at D:\Desktop\AI-Based-Quality-Check-On-Project-Code-And-Architecture\frontend\node_modules\@testing-library\react\dist\act-compat.js:46:25
    at renderRoot (D:\Desktop\AI-Based-Quality-Check-On-Project-Code-And-Architecture\frontend\node_modules\@testing-library\react\dist\pure.js:189:26)
    at render (D:\Desktop\AI-Based-Quality-Check-On-Project-Code-And-Architecture\frontend\node_modules\@testing-library\react\dist\pure.js:291:10)
    at Object.&lt;anonymous&gt; (D:\Desktop\AI-Based-Quality-Check-On-Project-Code-And-Architecture\frontend\src\app\login\__tests__\page.test.tsx:83:11)
    at Promise.finally.completed (D:\Desktop\AI-Based-Quality-Check-On-Project-Code-And-Architecture\frontend\node_modules\jest-circus\build\jestAdapterInit.js:1557:28)
    at new Promise (&lt;anonymous&gt;)
    at callAsyncCircusFn (D:\Desktop\AI-Based-Quality-Check-On-Project-Code-And-Architecture\frontend\node_modules\jest-circus\build\jestAdapterInit.js:1497:10)
    at _callCircusTest (D:\Desktop\AI-Based-Quality-Check-On-Project-Code-And-Architecture\frontend\node_modules\jest-circus\build\jestAdapterInit.js:1007:40)
    at _runTest (D:\Desktop\AI-Based-Quality-Check-On-Project-Code-And-Architecture\frontend\node_modules\jest-circus\build\jestAdapterInit.js:947:3)
    at D:\Desktop\AI-Based-Quality-Check-On-Project-Code-And-Architecture\frontend\node_modules\jest-circus\build\jestAdapterInit.js:849:7
    at _runTestsForDescribeBlock (D:\Desktop\AI-Based-Quality-Check-On-Project-Code-And-Architecture\frontend\node_modules\jest-circus\build\jestAdapterInit.js:862:11)
    at _runTestsForDescribeBlock (D:\Desktop\AI-Based-Quality-Check-On-Project-Code-And-Architecture\frontend\node_modules\jest-circus\build\jestAdapterInit.js:857:11)
    at run (D:\Desktop\AI-Based-Quality-Check-On-Project-Code-And-Architecture\frontend\node_modules\jest-circus\build\jestAdapterInit.js:761:3)
    at runAndTransformResultsToJestFormat (D:\Desktop\AI-Based-Quality-Check-On-Project-Code-And-Architecture\frontend\node_modules\jest-circus\build\jestAdapterInit.js:1918:21)
    at jestAdapter (D:\Desktop\AI-Based-Quality-Check-On-Project-Code-And-Architecture\frontend\node_modules\jest-circus\build\runner.js:101:19)
    at runTestInternal (D:\Desktop\AI-Based-Quality-Check-On-Project-Code-And-Architecture\frontend\node_modules\jest-runner\build\index.js:275:16)
    at runTest (D:\Desktop\AI-Based-Quality-Check-On-Project-Code-And-Architecture\frontend\node_modules\jest-runner\build\index.js:343:7)</failure>
    </testcase>
    <testcase classname="LoginPage" name="displays error message on login failure" time="0.013">
      <failure>TypeError: (0 , _navigation.useSearchParams) is not a function
    at LoginForm (D:\Desktop\AI-Based-Quality-Check-On-Project-Code-And-Architecture\frontend\src\app\login\page.tsx:26:39)
    at Object.react_stack_bottom_frame (D:\Desktop\AI-Based-Quality-Check-On-Project-Code-And-Architecture\frontend\node_modules\react-dom\cjs\react-dom-client.development.js:25904:20)
    at renderWithHooks (D:\Desktop\AI-Based-Quality-Check-On-Project-Code-And-Architecture\frontend\node_modules\react-dom\cjs\react-dom-client.development.js:7662:22)
    at updateFunctionComponent (D:\Desktop\AI-Based-Quality-Check-On-Project-Code-And-Architecture\frontend\node_modules\react-dom\cjs\react-dom-client.development.js:10166:19)
    at beginWork (D:\Desktop\AI-Based-Quality-Check-On-Project-Code-And-Architecture\frontend\node_modules\react-dom\cjs\react-dom-client.development.js:11778:18)
    at runWithFiberInDEV (D:\Desktop\AI-Based-Quality-Check-On-Project-Code-And-Architecture\frontend\node_modules\react-dom\cjs\react-dom-client.development.js:874:13)
    at performUnitOfWork (D:\Desktop\AI-Based-Quality-Check-On-Project-Code-And-Architecture\frontend\node_modules\react-dom\cjs\react-dom-client.development.js:17641:22)
    at workLoopSync (D:\Desktop\AI-Based-Quality-Check-On-Project-Code-And-Architecture\frontend\node_modules\react-dom\cjs\react-dom-client.development.js:17469:41)
    at renderRootSync (D:\Desktop\AI-Based-Quality-Check-On-Project-Code-And-Architecture\frontend\node_modules\react-dom\cjs\react-dom-client.development.js:17450:11)
    at performWorkOnRoot (D:\Desktop\AI-Based-Quality-Check-On-Project-Code-And-Architecture\frontend\node_modules\react-dom\cjs\react-dom-client.development.js:16583:35)
    at performWorkOnRootViaSchedulerTask (D:\Desktop\AI-Based-Quality-Check-On-Project-Code-And-Architecture\frontend\node_modules\react-dom\cjs\react-dom-client.development.js:18957:7)
    at flushActQueue (D:\Desktop\AI-Based-Quality-Check-On-Project-Code-And-Architecture\frontend\node_modules\react\cjs\react.development.js:590:34)
    at process.env.NODE_ENV.exports.act (D:\Desktop\AI-Based-Quality-Check-On-Project-Code-And-Architecture\frontend\node_modules\react\cjs\react.development.js:884:10)
    at D:\Desktop\AI-Based-Quality-Check-On-Project-Code-And-Architecture\frontend\node_modules\@testing-library\react\dist\act-compat.js:46:25
    at renderRoot (D:\Desktop\AI-Based-Quality-Check-On-Project-Code-And-Architecture\frontend\node_modules\@testing-library\react\dist\pure.js:189:26)
    at render (D:\Desktop\AI-Based-Quality-Check-On-Project-Code-And-Architecture\frontend\node_modules\@testing-library\react\dist\pure.js:291:10)
    at Object.&lt;anonymous&gt; (D:\Desktop\AI-Based-Quality-Check-On-Project-Code-And-Architecture\frontend\src\app\login\__tests__\page.test.tsx:102:11)
    at Promise.finally.completed (D:\Desktop\AI-Based-Quality-Check-On-Project-Code-And-Architecture\frontend\node_modules\jest-circus\build\jestAdapterInit.js:1557:28)
    at new Promise (&lt;anonymous&gt;)
    at callAsyncCircusFn (D:\Desktop\AI-Based-Quality-Check-On-Project-Code-And-Architecture\frontend\node_modules\jest-circus\build\jestAdapterInit.js:1497:10)
    at _callCircusTest (D:\Desktop\AI-Based-Quality-Check-On-Project-Code-And-Architecture\frontend\node_modules\jest-circus\build\jestAdapterInit.js:1007:40)
    at _runTest (D:\Desktop\AI-Based-Quality-Check-On-Project-Code-And-Architecture\frontend\node_modules\jest-circus\build\jestAdapterInit.js:947:3)
    at D:\Desktop\AI-Based-Quality-Check-On-Project-Code-And-Architecture\frontend\node_modules\jest-circus\build\jestAdapterInit.js:849:7
    at _runTestsForDescribeBlock (D:\Desktop\AI-Based-Quality-Check-On-Project-Code-And-Architecture\frontend\node_modules\jest-circus\build\jestAdapterInit.js:862:11)
    at _runTestsForDescribeBlock (D:\Desktop\AI-Based-Quality-Check-On-Project-Code-And-Architecture\frontend\node_modules\jest-circus\build\jestAdapterInit.js:857:11)
    at run (D:\Desktop\AI-Based-Quality-Check-On-Project-Code-And-Architecture\frontend\node_modules\jest-circus\build\jestAdapterInit.js:761:3)
    at runAndTransformResultsToJestFormat (D:\Desktop\AI-Based-Quality-Check-On-Project-Code-And-Architecture\frontend\node_modules\jest-circus\build\jestAdapterInit.js:1918:21)
    at jestAdapter (D:\Desktop\AI-Based-Quality-Check-On-Project-Code-And-Architecture\frontend\node_modules\jest-circus\build\runner.js:101:19)
    at runTestInternal (D:\Desktop\AI-Based-Quality-Check-On-Project-Code-And-Architecture\frontend\node_modules\jest-runner\build\index.js:275:16)
    at runTest (D:\Desktop\AI-Based-Quality-Check-On-Project-Code-And-Architecture\frontend\node_modules\jest-runner\build\index.js:343:7)</failure>
    </testcase>
    <testcase classname="LoginPage" name="disables form inputs while loading" time="0.011">
      <failure>TypeError: (0 , _navigation.useSearchParams) is not a function
    at LoginForm (D:\Desktop\AI-Based-Quality-Check-On-Project-Code-And-Architecture\frontend\src\app\login\page.tsx:26:39)
    at Object.react_stack_bottom_frame (D:\Desktop\AI-Based-Quality-Check-On-Project-Code-And-Architecture\frontend\node_modules\react-dom\cjs\react-dom-client.development.js:25904:20)
    at renderWithHooks (D:\Desktop\AI-Based-Quality-Check-On-Project-Code-And-Architecture\frontend\node_modules\react-dom\cjs\react-dom-client.development.js:7662:22)
    at updateFunctionComponent (D:\Desktop\AI-Based-Quality-Check-On-Project-Code-And-Architecture\frontend\node_modules\react-dom\cjs\react-dom-client.development.js:10166:19)
    at beginWork (D:\Desktop\AI-Based-Quality-Check-On-Project-Code-And-Architecture\frontend\node_modules\react-dom\cjs\react-dom-client.development.js:11778:18)
    at runWithFiberInDEV (D:\Desktop\AI-Based-Quality-Check-On-Project-Code-And-Architecture\frontend\node_modules\react-dom\cjs\react-dom-client.development.js:874:13)
    at performUnitOfWork (D:\Desktop\AI-Based-Quality-Check-On-Project-Code-And-Architecture\frontend\node_modules\react-dom\cjs\react-dom-client.development.js:17641:22)
    at workLoopSync (D:\Desktop\AI-Based-Quality-Check-On-Project-Code-And-Architecture\frontend\node_modules\react-dom\cjs\react-dom-client.development.js:17469:41)
    at renderRootSync (D:\Desktop\AI-Based-Quality-Check-On-Project-Code-And-Architecture\frontend\node_modules\react-dom\cjs\react-dom-client.development.js:17450:11)
    at performWorkOnRoot (D:\Desktop\AI-Based-Quality-Check-On-Project-Code-And-Architecture\frontend\node_modules\react-dom\cjs\react-dom-client.development.js:16583:35)
    at performWorkOnRootViaSchedulerTask (D:\Desktop\AI-Based-Quality-Check-On-Project-Code-And-Architecture\frontend\node_modules\react-dom\cjs\react-dom-client.development.js:18957:7)
    at flushActQueue (D:\Desktop\AI-Based-Quality-Check-On-Project-Code-And-Architecture\frontend\node_modules\react\cjs\react.development.js:590:34)
    at process.env.NODE_ENV.exports.act (D:\Desktop\AI-Based-Quality-Check-On-Project-Code-And-Architecture\frontend\node_modules\react\cjs\react.development.js:884:10)
    at D:\Desktop\AI-Based-Quality-Check-On-Project-Code-And-Architecture\frontend\node_modules\@testing-library\react\dist\act-compat.js:46:25
    at renderRoot (D:\Desktop\AI-Based-Quality-Check-On-Project-Code-And-Architecture\frontend\node_modules\@testing-library\react\dist\pure.js:189:26)
    at render (D:\Desktop\AI-Based-Quality-Check-On-Project-Code-And-Architecture\frontend\node_modules\@testing-library\react\dist\pure.js:291:10)
    at Object.&lt;anonymous&gt; (D:\Desktop\AI-Based-Quality-Check-On-Project-Code-And-Architecture\frontend\src\app\login\__tests__\page.test.tsx:122:11)
    at Promise.finally.completed (D:\Desktop\AI-Based-Quality-Check-On-Project-Code-And-Architecture\frontend\node_modules\jest-circus\build\jestAdapterInit.js:1557:28)
    at new Promise (&lt;anonymous&gt;)
    at callAsyncCircusFn (D:\Desktop\AI-Based-Quality-Check-On-Project-Code-And-Architecture\frontend\node_modules\jest-circus\build\jestAdapterInit.js:1497:10)
    at _callCircusTest (D:\Desktop\AI-Based-Quality-Check-On-Project-Code-And-Architecture\frontend\node_modules\jest-circus\build\jestAdapterInit.js:1007:40)
    at _runTest (D:\Desktop\AI-Based-Quality-Check-On-Project-Code-And-Architecture\frontend\node_modules\jest-circus\build\jestAdapterInit.js:947:3)
    at D:\Desktop\AI-Based-Quality-Check-On-Project-Code-And-Architecture\frontend\node_modules\jest-circus\build\jestAdapterInit.js:849:7
    at _runTestsForDescribeBlock (D:\Desktop\AI-Based-Quality-Check-On-Project-Code-And-Architecture\frontend\node_modules\jest-circus\build\jestAdapterInit.js:862:11)
    at _runTestsForDescribeBlock (D:\Desktop\AI-Based-Quality-Check-On-Project-Code-And-Architecture\frontend\node_modules\jest-circus\build\jestAdapterInit.js:857:11)
    at run (D:\Desktop\AI-Based-Quality-Check-On-Project-Code-And-Architecture\frontend\node_modules\jest-circus\build\jestAdapterInit.js:761:3)
    at runAndTransformResultsToJestFormat (D:\Desktop\AI-Based-Quality-Check-On-Project-Code-And-Architecture\frontend\node_modules\jest-circus\build\jestAdapterInit.js:1918:21)
    at jestAdapter (D:\Desktop\AI-Based-Quality-Check-On-Project-Code-And-Architecture\frontend\node_modules\jest-circus\build\runner.js:101:19)
    at runTestInternal (D:\Desktop\AI-Based-Quality-Check-On-Project-Code-And-Architecture\frontend\node_modules\jest-runner\build\index.js:275:16)
    at runTest (D:\Desktop\AI-Based-Quality-Check-On-Project-Code-And-Architecture\frontend\node_modules\jest-runner\build\index.js:343:7)</failure>
    </testcase>
    <testcase classname="LoginPage" name="has link to registration page" time="0.013">
      <failure>TypeError: (0 , _navigation.useSearchParams) is not a function
    at LoginForm (D:\Desktop\AI-Based-Quality-Check-On-Project-Code-And-Architecture\frontend\src\app\login\page.tsx:26:39)
    at Object.react_stack_bottom_frame (D:\Desktop\AI-Based-Quality-Check-On-Project-Code-And-Architecture\frontend\node_modules\react-dom\cjs\react-dom-client.development.js:25904:20)
    at renderWithHooks (D:\Desktop\AI-Based-Quality-Check-On-Project-Code-And-Architecture\frontend\node_modules\react-dom\cjs\react-dom-client.development.js:7662:22)
    at updateFunctionComponent (D:\Desktop\AI-Based-Quality-Check-On-Project-Code-And-Architecture\frontend\node_modules\react-dom\cjs\react-dom-client.development.js:10166:19)
    at beginWork (D:\Desktop\AI-Based-Quality-Check-On-Project-Code-And-Architecture\frontend\node_modules\react-dom\cjs\react-dom-client.development.js:11778:18)
    at runWithFiberInDEV (D:\Desktop\AI-Based-Quality-Check-On-Project-Code-And-Architecture\frontend\node_modules\react-dom\cjs\react-dom-client.development.js:874:13)
    at performUnitOfWork (D:\Desktop\AI-Based-Quality-Check-On-Project-Code-And-Architecture\frontend\node_modules\react-dom\cjs\react-dom-client.development.js:17641:22)
    at workLoopSync (D:\Desktop\AI-Based-Quality-Check-On-Project-Code-And-Architecture\frontend\node_modules\react-dom\cjs\react-dom-client.development.js:17469:41)
    at renderRootSync (D:\Desktop\AI-Based-Quality-Check-On-Project-Code-And-Architecture\frontend\node_modules\react-dom\cjs\react-dom-client.development.js:17450:11)
    at performWorkOnRoot (D:\Desktop\AI-Based-Quality-Check-On-Project-Code-And-Architecture\frontend\node_modules\react-dom\cjs\react-dom-client.development.js:16583:35)
    at performWorkOnRootViaSchedulerTask (D:\Desktop\AI-Based-Quality-Check-On-Project-Code-And-Architecture\frontend\node_modules\react-dom\cjs\react-dom-client.development.js:18957:7)
    at flushActQueue (D:\Desktop\AI-Based-Quality-Check-On-Project-Code-And-Architecture\frontend\node_modules\react\cjs\react.development.js:590:34)
    at process.env.NODE_ENV.exports.act (D:\Desktop\AI-Based-Quality-Check-On-Project-Code-And-Architecture\frontend\node_modules\react\cjs\react.development.js:884:10)
    at D:\Desktop\AI-Based-Quality-Check-On-Project-Code-And-Architecture\frontend\node_modules\@testing-library\react\dist\act-compat.js:46:25
    at renderRoot (D:\Desktop\AI-Based-Quality-Check-On-Project-Code-And-Architecture\frontend\node_modules\@testing-library\react\dist\pure.js:189:26)
    at render (D:\Desktop\AI-Based-Quality-Check-On-Project-Code-And-Architecture\frontend\node_modules\@testing-library\react\dist\pure.js:291:10)
    at Object.&lt;anonymous&gt; (D:\Desktop\AI-Based-Quality-Check-On-Project-Code-And-Architecture\frontend\src\app\login\__tests__\page.test.tsx:134:11)
    at Promise.finally.completed (D:\Desktop\AI-Based-Quality-Check-On-Project-Code-And-Architecture\frontend\node_modules\jest-circus\build\jestAdapterInit.js:1557:28)
    at new Promise (&lt;anonymous&gt;)
    at callAsyncCircusFn (D:\Desktop\AI-Based-Quality-Check-On-Project-Code-And-Architecture\frontend\node_modules\jest-circus\build\jestAdapterInit.js:1497:10)
    at _callCircusTest (D:\Desktop\AI-Based-Quality-Check-On-Project-Code-And-Architecture\frontend\node_modules\jest-circus\build\jestAdapterInit.js:1007:40)
    at _runTest (D:\Desktop\AI-Based-Quality-Check-On-Project-Code-And-Architecture\frontend\node_modules\jest-circus\build\jestAdapterInit.js:947:3)
    at D:\Desktop\AI-Based-Quality-Check-On-Project-Code-And-Architecture\frontend\node_modules\jest-circus\build\jestAdapterInit.js:849:7
    at _runTestsForDescribeBlock (D:\Desktop\AI-Based-Quality-Check-On-Project-Code-And-Architecture\frontend\node_modules\jest-circus\build\jestAdapterInit.js:862:11)
    at _runTestsForDescribeBlock (D:\Desktop\AI-Based-Quality-Check-On-Project-Code-And-Architecture\frontend\node_modules\jest-circus\build\jestAdapterInit.js:857:11)
    at run (D:\Desktop\AI-Based-Quality-Check-On-Project-Code-And-Architecture\frontend\node_modules\jest-circus\build\jestAdapterInit.js:761:3)
    at runAndTransformResultsToJestFormat (D:\Desktop\AI-Based-Quality-Check-On-Project-Code-And-Architecture\frontend\node_modules\jest-circus\build\jestAdapterInit.js:1918:21)
    at jestAdapter (D:\Desktop\AI-Based-Quality-Check-On-Project-Code-And-Architecture\frontend\node_modules\jest-circus\build\runner.js:101:19)
    at runTestInternal (D:\Desktop\AI-Based-Quality-Check-On-Project-Code-And-Architecture\frontend\node_modules\jest-runner\build\index.js:275:16)
    at runTest (D:\Desktop\AI-Based-Quality-Check-On-Project-Code-And-Architecture\frontend\node_modules\jest-runner\build\index.js:343:7)</failure>
    </testcase>
    <testcase classname="LoginPage" name="has link to forgot password page" time="0.01">
      <failure>TypeError: (0 , _navigation.useSearchParams) is not a function
    at LoginForm (D:\Desktop\AI-Based-Quality-Check-On-Project-Code-And-Architecture\frontend\src\app\login\page.tsx:26:39)
    at Object.react_stack_bottom_frame (D:\Desktop\AI-Based-Quality-Check-On-Project-Code-And-Architecture\frontend\node_modules\react-dom\cjs\react-dom-client.development.js:25904:20)
    at renderWithHooks (D:\Desktop\AI-Based-Quality-Check-On-Project-Code-And-Architecture\frontend\node_modules\react-dom\cjs\react-dom-client.development.js:7662:22)
    at updateFunctionComponent (D:\Desktop\AI-Based-Quality-Check-On-Project-Code-And-Architecture\frontend\node_modules\react-dom\cjs\react-dom-client.development.js:10166:19)
    at beginWork (D:\Desktop\AI-Based-Quality-Check-On-Project-Code-And-Architecture\frontend\node_modules\react-dom\cjs\react-dom-client.development.js:11778:18)
    at runWithFiberInDEV (D:\Desktop\AI-Based-Quality-Check-On-Project-Code-And-Architecture\frontend\node_modules\react-dom\cjs\react-dom-client.development.js:874:13)
    at performUnitOfWork (D:\Desktop\AI-Based-Quality-Check-On-Project-Code-And-Architecture\frontend\node_modules\react-dom\cjs\react-dom-client.development.js:17641:22)
    at workLoopSync (D:\Desktop\AI-Based-Quality-Check-On-Project-Code-And-Architecture\frontend\node_modules\react-dom\cjs\react-dom-client.development.js:17469:41)
    at renderRootSync (D:\Desktop\AI-Based-Quality-Check-On-Project-Code-And-Architecture\frontend\node_modules\react-dom\cjs\react-dom-client.development.js:17450:11)
    at performWorkOnRoot (D:\Desktop\AI-Based-Quality-Check-On-Project-Code-And-Architecture\frontend\node_modules\react-dom\cjs\react-dom-client.development.js:16583:35)
    at performWorkOnRootViaSchedulerTask (D:\Desktop\AI-Based-Quality-Check-On-Project-Code-And-Architecture\frontend\node_modules\react-dom\cjs\react-dom-client.development.js:18957:7)
    at flushActQueue (D:\Desktop\AI-Based-Quality-Check-On-Project-Code-And-Architecture\frontend\node_modules\react\cjs\react.development.js:590:34)
    at process.env.NODE_ENV.exports.act (D:\Desktop\AI-Based-Quality-Check-On-Project-Code-And-Architecture\frontend\node_modules\react\cjs\react.development.js:884:10)
    at D:\Desktop\AI-Based-Quality-Check-On-Project-Code-And-Architecture\frontend\node_modules\@testing-library\react\dist\act-compat.js:46:25
    at renderRoot (D:\Desktop\AI-Based-Quality-Check-On-Project-Code-And-Architecture\frontend\node_modules\@testing-library\react\dist\pure.js:189:26)
    at render (D:\Desktop\AI-Based-Quality-Check-On-Project-Code-And-Architecture\frontend\node_modules\@testing-library\react\dist\pure.js:291:10)
    at Object.&lt;anonymous&gt; (D:\Desktop\AI-Based-Quality-Check-On-Project-Code-And-Architecture\frontend\src\app\login\__tests__\page.test.tsx:141:11)
    at Promise.finally.completed (D:\Desktop\AI-Based-Quality-Check-On-Project-Code-And-Architecture\frontend\node_modules\jest-circus\build\jestAdapterInit.js:1557:28)
    at new Promise (&lt;anonymous&gt;)
    at callAsyncCircusFn (D:\Desktop\AI-Based-Quality-Check-On-Project-Code-And-Architecture\frontend\node_modules\jest-circus\build\jestAdapterInit.js:1497:10)
    at _callCircusTest (D:\Desktop\AI-Based-Quality-Check-On-Project-Code-And-Architecture\frontend\node_modules\jest-circus\build\jestAdapterInit.js:1007:40)
    at _runTest (D:\Desktop\AI-Based-Quality-Check-On-Project-Code-And-Architecture\frontend\node_modules\jest-circus\build\jestAdapterInit.js:947:3)
    at D:\Desktop\AI-Based-Quality-Check-On-Project-Code-And-Architecture\frontend\node_modules\jest-circus\build\jestAdapterInit.js:849:7
    at _runTestsForDescribeBlock (D:\Desktop\AI-Based-Quality-Check-On-Project-Code-And-Architecture\frontend\node_modules\jest-circus\build\jestAdapterInit.js:862:11)
    at _runTestsForDescribeBlock (D:\Desktop\AI-Based-Quality-Check-On-Project-Code-And-Architecture\frontend\node_modules\jest-circus\build\jestAdapterInit.js:857:11)
    at run (D:\Desktop\AI-Based-Quality-Check-On-Project-Code-And-Architecture\frontend\node_modules\jest-circus\build\jestAdapterInit.js:761:3)
    at runAndTransformResultsToJestFormat (D:\Desktop\AI-Based-Quality-Check-On-Project-Code-And-Architecture\frontend\node_modules\jest-circus\build\jestAdapterInit.js:1918:21)
    at jestAdapter (D:\Desktop\AI-Based-Quality-Check-On-Project-Code-And-Architecture\frontend\node_modules\jest-circus\build\runner.js:101:19)
    at runTestInternal (D:\Desktop\AI-Based-Quality-Check-On-Project-Code-And-Architecture\frontend\node_modules\jest-runner\build\index.js:275:16)
    at runTest (D:\Desktop\AI-Based-Quality-Check-On-Project-Code-And-Architecture\frontend\node_modules\jest-runner\build\index.js:343:7)</failure>
    </testcase>
  </testsuite>
  <testsuite name="RouteGuard Accessibility" errors="0" failures="4" skipped="0" timestamp="2026-03-08T07:41:00" time="0.801" tests="7">
    <testcase classname="RouteGuard Accessibility" name="should not have accessibility violations when loading" time="0.029">
      <failure>Error: Element type is invalid: expected a string (for built-in components) or a class/function (for composite components) but got: undefined. You likely forgot to export your component from the file it&apos;s defined in, or you might have mixed up default and named imports.

Check the render method of `RouteGuard`.
    at createFiberFromTypeAndProps (D:\Desktop\AI-Based-Quality-Check-On-Project-Code-And-Architecture\frontend\node_modules\react-dom\cjs\react-dom-client.development.js:5021:28)
    at createFiberFromElement (D:\Desktop\AI-Based-Quality-Check-On-Project-Code-And-Architecture\frontend\node_modules\react-dom\cjs\react-dom-client.development.js:5035:14)
    at createChild (D:\Desktop\AI-Based-Quality-Check-On-Project-Code-And-Architecture\frontend\node_modules\react-dom\cjs\react-dom-client.development.js:6338:26)
    at reconcileChildrenArray (D:\Desktop\AI-Based-Quality-Check-On-Project-Code-And-Architecture\frontend\node_modules\react-dom\cjs\react-dom-client.development.js:6670:25)
    at reconcileChildFibersImpl (D:\Desktop\AI-Based-Quality-Check-On-Project-Code-And-Architecture\frontend\node_modules\react-dom\cjs\react-dom-client.development.js:6993:30)
    at D:\Desktop\AI-Based-Quality-Check-On-Project-Code-And-Architecture\frontend\node_modules\react-dom\cjs\react-dom-client.development.js:7098:33
    at reconcileChildren (D:\Desktop\AI-Based-Quality-Check-On-Project-Code-And-Architecture\frontend\node_modules\react-dom\cjs\react-dom-client.development.js:9701:13)
    at beginWork (D:\Desktop\AI-Based-Quality-Check-On-Project-Code-And-Architecture\frontend\node_modules\react-dom\cjs\react-dom-client.development.js:12049:13)
    at runWithFiberInDEV (D:\Desktop\AI-Based-Quality-Check-On-Project-Code-And-Architecture\frontend\node_modules\react-dom\cjs\react-dom-client.development.js:874:13)
    at performUnitOfWork (D:\Desktop\AI-Based-Quality-Check-On-Project-Code-And-Architecture\frontend\node_modules\react-dom\cjs\react-dom-client.development.js:17641:22)
    at workLoopSync (D:\Desktop\AI-Based-Quality-Check-On-Project-Code-And-Architecture\frontend\node_modules\react-dom\cjs\react-dom-client.development.js:17469:41)
    at renderRootSync (D:\Desktop\AI-Based-Quality-Check-On-Project-Code-And-Architecture\frontend\node_modules\react-dom\cjs\react-dom-client.development.js:17450:11)
    at performWorkOnRoot (D:\Desktop\AI-Based-Quality-Check-On-Project-Code-And-Architecture\frontend\node_modules\react-dom\cjs\react-dom-client.development.js:16583:35)
    at performWorkOnRootViaSchedulerTask (D:\Desktop\AI-Based-Quality-Check-On-Project-Code-And-Architecture\frontend\node_modules\react-dom\cjs\react-dom-client.development.js:18957:7)
    at flushActQueue (D:\Desktop\AI-Based-Quality-Check-On-Project-Code-And-Architecture\frontend\node_modules\react\cjs\react.development.js:590:34)
    at process.env.NODE_ENV.exports.act (D:\Desktop\AI-Based-Quality-Check-On-Project-Code-And-Architecture\frontend\node_modules\react\cjs\react.development.js:884:10)
    at D:\Desktop\AI-Based-Quality-Check-On-Project-Code-And-Architecture\frontend\node_modules\@testing-library\react\dist\act-compat.js:46:25
    at renderRoot (D:\Desktop\AI-Based-Quality-Check-On-Project-Code-And-Architecture\frontend\node_modules\@testing-library\react\dist\pure.js:189:26)
    at render (D:\Desktop\AI-Based-Quality-Check-On-Project-Code-And-Architecture\frontend\node_modules\@testing-library\react\dist\pure.js:291:10)
    at Object.&lt;anonymous&gt; (D:\Desktop\AI-Based-Quality-Check-On-Project-Code-And-Architecture\frontend\src\components\auth\__tests__\accessibility.test.tsx:45:33)
    at Promise.finally.completed (D:\Desktop\AI-Based-Quality-Check-On-Project-Code-And-Architecture\frontend\node_modules\jest-circus\build\jestAdapterInit.js:1557:28)
    at new Promise (&lt;anonymous&gt;)
    at callAsyncCircusFn (D:\Desktop\AI-Based-Quality-Check-On-Project-Code-And-Architecture\frontend\node_modules\jest-circus\build\jestAdapterInit.js:1497:10)
    at _callCircusTest (D:\Desktop\AI-Based-Quality-Check-On-Project-Code-And-Architecture\frontend\node_modules\jest-circus\build\jestAdapterInit.js:1007:40)
    at _runTest (D:\Desktop\AI-Based-Quality-Check-On-Project-Code-And-Architecture\frontend\node_modules\jest-circus\build\jestAdapterInit.js:947:3)
    at D:\Desktop\AI-Based-Quality-Check-On-Project-Code-And-Architecture\frontend\node_modules\jest-circus\build\jestAdapterInit.js:849:7
    at _runTestsForDescribeBlock (D:\Desktop\AI-Based-Quality-Check-On-Project-Code-And-Architecture\frontend\node_modules\jest-circus\build\jestAdapterInit.js:862:11)
    at _runTestsForDescribeBlock (D:\Desktop\AI-Based-Quality-Check-On-Project-Code-And-Architecture\frontend\node_modules\jest-circus\build\jestAdapterInit.js:857:11)
    at run (D:\Desktop\AI-Based-Quality-Check-On-Project-Code-And-Architecture\frontend\node_modules\jest-circus\build\jestAdapterInit.js:761:3)
    at runAndTransformResultsToJestFormat (D:\Desktop\AI-Based-Quality-Check-On-Project-Code-And-Architecture\frontend\node_modules\jest-circus\build\jestAdapterInit.js:1918:21)
    at jestAdapter (D:\Desktop\AI-Based-Quality-Check-On-Project-Code-And-Architecture\frontend\node_modules\jest-circus\build\runner.js:101:19)
    at runTestInternal (D:\Desktop\AI-Based-Quality-Check-On-Project-Code-And-Architecture\frontend\node_modules\jest-runner\build\index.js:275:16)
    at runTest (D:\Desktop\AI-Based-Quality-Check-On-Project-Code-And-Architecture\frontend\node_modules\jest-runner\build\index.js:343:7)</failure>
    </testcase>
    <testcase classname="RouteGuard Accessibility" name="should have accessible loading state with proper role" time="0.008">
      <failure>Error: Element type is invalid: expected a string (for built-in components) or a class/function (for composite components) but got: undefined. You likely forgot to export your component from the file it&apos;s defined in, or you might have mixed up default and named imports.

Check the render method of `RouteGuard`.
    at createFiberFromTypeAndProps (D:\Desktop\AI-Based-Quality-Check-On-Project-Code-And-Architecture\frontend\node_modules\react-dom\cjs\react-dom-client.development.js:5021:28)
    at createFiberFromElement (D:\Desktop\AI-Based-Quality-Check-On-Project-Code-And-Architecture\frontend\node_modules\react-dom\cjs\react-dom-client.development.js:5035:14)
    at createChild (D:\Desktop\AI-Based-Quality-Check-On-Project-Code-And-Architecture\frontend\node_modules\react-dom\cjs\react-dom-client.development.js:6338:26)
    at reconcileChildrenArray (D:\Desktop\AI-Based-Quality-Check-On-Project-Code-And-Architecture\frontend\node_modules\react-dom\cjs\react-dom-client.development.js:6670:25)
    at reconcileChildFibersImpl (D:\Desktop\AI-Based-Quality-Check-On-Project-Code-And-Architecture\frontend\node_modules\react-dom\cjs\react-dom-client.development.js:6993:30)
    at D:\Desktop\AI-Based-Quality-Check-On-Project-Code-And-Architecture\frontend\node_modules\react-dom\cjs\react-dom-client.development.js:7098:33
    at reconcileChildren (D:\Desktop\AI-Based-Quality-Check-On-Project-Code-And-Architecture\frontend\node_modules\react-dom\cjs\react-dom-client.development.js:9701:13)
    at beginWork (D:\Desktop\AI-Based-Quality-Check-On-Project-Code-And-Architecture\frontend\node_modules\react-dom\cjs\react-dom-client.development.js:12049:13)
    at runWithFiberInDEV (D:\Desktop\AI-Based-Quality-Check-On-Project-Code-And-Architecture\frontend\node_modules\react-dom\cjs\react-dom-client.development.js:874:13)
    at performUnitOfWork (D:\Desktop\AI-Based-Quality-Check-On-Project-Code-And-Architecture\frontend\node_modules\react-dom\cjs\react-dom-client.development.js:17641:22)
    at workLoopSync (D:\Desktop\AI-Based-Quality-Check-On-Project-Code-And-Architecture\frontend\node_modules\react-dom\cjs\react-dom-client.development.js:17469:41)
    at renderRootSync (D:\Desktop\AI-Based-Quality-Check-On-Project-Code-And-Architecture\frontend\node_modules\react-dom\cjs\react-dom-client.development.js:17450:11)
    at performWorkOnRoot (D:\Desktop\AI-Based-Quality-Check-On-Project-Code-And-Architecture\frontend\node_modules\react-dom\cjs\react-dom-client.development.js:16583:35)
    at performWorkOnRootViaSchedulerTask (D:\Desktop\AI-Based-Quality-Check-On-Project-Code-And-Architecture\frontend\node_modules\react-dom\cjs\react-dom-client.development.js:18957:7)
    at flushActQueue (D:\Desktop\AI-Based-Quality-Check-On-Project-Code-And-Architecture\frontend\node_modules\react\cjs\react.development.js:590:34)
    at process.env.NODE_ENV.exports.act (D:\Desktop\AI-Based-Quality-Check-On-Project-Code-And-Architecture\frontend\node_modules\react\cjs\react.development.js:884:10)
    at D:\Desktop\AI-Based-Quality-Check-On-Project-Code-And-Architecture\frontend\node_modules\@testing-library\react\dist\act-compat.js:46:25
    at renderRoot (D:\Desktop\AI-Based-Quality-Check-On-Project-Code-And-Architecture\frontend\node_modules\@testing-library\react\dist\pure.js:189:26)
    at render (D:\Desktop\AI-Based-Quality-Check-On-Project-Code-And-Architecture\frontend\node_modules\@testing-library\react\dist\pure.js:291:10)
    at Object.&lt;anonymous&gt; (D:\Desktop\AI-Based-Quality-Check-On-Project-Code-And-Architecture\frontend\src\components\auth\__tests__\accessibility.test.tsx:63:33)
    at Promise.finally.completed (D:\Desktop\AI-Based-Quality-Check-On-Project-Code-And-Architecture\frontend\node_modules\jest-circus\build\jestAdapterInit.js:1557:28)
    at new Promise (&lt;anonymous&gt;)
    at callAsyncCircusFn (D:\Desktop\AI-Based-Quality-Check-On-Project-Code-And-Architecture\frontend\node_modules\jest-circus\build\jestAdapterInit.js:1497:10)
    at _callCircusTest (D:\Desktop\AI-Based-Quality-Check-On-Project-Code-And-Architecture\frontend\node_modules\jest-circus\build\jestAdapterInit.js:1007:40)
    at _runTest (D:\Desktop\AI-Based-Quality-Check-On-Project-Code-And-Architecture\frontend\node_modules\jest-circus\build\jestAdapterInit.js:947:3)
    at D:\Desktop\AI-Based-Quality-Check-On-Project-Code-And-Architecture\frontend\node_modules\jest-circus\build\jestAdapterInit.js:849:7
    at _runTestsForDescribeBlock (D:\Desktop\AI-Based-Quality-Check-On-Project-Code-And-Architecture\frontend\node_modules\jest-circus\build\jestAdapterInit.js:862:11)
    at _runTestsForDescribeBlock (D:\Desktop\AI-Based-Quality-Check-On-Project-Code-And-Architecture\frontend\node_modules\jest-circus\build\jestAdapterInit.js:857:11)
    at run (D:\Desktop\AI-Based-Quality-Check-On-Project-Code-And-Architecture\frontend\node_modules\jest-circus\build\jestAdapterInit.js:761:3)
    at runAndTransformResultsToJestFormat (D:\Desktop\AI-Based-Quality-Check-On-Project-Code-And-Architecture\frontend\node_modules\jest-circus\build\jestAdapterInit.js:1918:21)
    at jestAdapter (D:\Desktop\AI-Based-Quality-Check-On-Project-Code-And-Architecture\frontend\node_modules\jest-circus\build\runner.js:101:19)
    at runTestInternal (D:\Desktop\AI-Based-Quality-Check-On-Project-Code-And-Architecture\frontend\node_modules\jest-runner\build\index.js:275:16)
    at runTest (D:\Desktop\AI-Based-Quality-Check-On-Project-Code-And-Architecture\frontend\node_modules\jest-runner\build\index.js:343:7)</failure>
    </testcase>
    <testcase classname="RouteGuard Accessibility" name="should have screen reader text for loading state" time="0.009">
      <failure>Error: Element type is invalid: expected a string (for built-in components) or a class/function (for composite components) but got: undefined. You likely forgot to export your component from the file it&apos;s defined in, or you might have mixed up default and named imports.

Check the render method of `RouteGuard`.
    at createFiberFromTypeAndProps (D:\Desktop\AI-Based-Quality-Check-On-Project-Code-And-Architecture\frontend\node_modules\react-dom\cjs\react-dom-client.development.js:5021:28)
    at createFiberFromElement (D:\Desktop\AI-Based-Quality-Check-On-Project-Code-And-Architecture\frontend\node_modules\react-dom\cjs\react-dom-client.development.js:5035:14)
    at createChild (D:\Desktop\AI-Based-Quality-Check-On-Project-Code-And-Architecture\frontend\node_modules\react-dom\cjs\react-dom-client.development.js:6338:26)
    at reconcileChildrenArray (D:\Desktop\AI-Based-Quality-Check-On-Project-Code-And-Architecture\frontend\node_modules\react-dom\cjs\react-dom-client.development.js:6670:25)
    at reconcileChildFibersImpl (D:\Desktop\AI-Based-Quality-Check-On-Project-Code-And-Architecture\frontend\node_modules\react-dom\cjs\react-dom-client.development.js:6993:30)
    at D:\Desktop\AI-Based-Quality-Check-On-Project-Code-And-Architecture\frontend\node_modules\react-dom\cjs\react-dom-client.development.js:7098:33
    at reconcileChildren (D:\Desktop\AI-Based-Quality-Check-On-Project-Code-And-Architecture\frontend\node_modules\react-dom\cjs\react-dom-client.development.js:9701:13)
    at beginWork (D:\Desktop\AI-Based-Quality-Check-On-Project-Code-And-Architecture\frontend\node_modules\react-dom\cjs\react-dom-client.development.js:12049:13)
    at runWithFiberInDEV (D:\Desktop\AI-Based-Quality-Check-On-Project-Code-And-Architecture\frontend\node_modules\react-dom\cjs\react-dom-client.development.js:874:13)
    at performUnitOfWork (D:\Desktop\AI-Based-Quality-Check-On-Project-Code-And-Architecture\frontend\node_modules\react-dom\cjs\react-dom-client.development.js:17641:22)
    at workLoopSync (D:\Desktop\AI-Based-Quality-Check-On-Project-Code-And-Architecture\frontend\node_modules\react-dom\cjs\react-dom-client.development.js:17469:41)
    at renderRootSync (D:\Desktop\AI-Based-Quality-Check-On-Project-Code-And-Architecture\frontend\node_modules\react-dom\cjs\react-dom-client.development.js:17450:11)
    at performWorkOnRoot (D:\Desktop\AI-Based-Quality-Check-On-Project-Code-And-Architecture\frontend\node_modules\react-dom\cjs\react-dom-client.development.js:16583:35)
    at performWorkOnRootViaSchedulerTask (D:\Desktop\AI-Based-Quality-Check-On-Project-Code-And-Architecture\frontend\node_modules\react-dom\cjs\react-dom-client.development.js:18957:7)
    at flushActQueue (D:\Desktop\AI-Based-Quality-Check-On-Project-Code-And-Architecture\frontend\node_modules\react\cjs\react.development.js:590:34)
    at process.env.NODE_ENV.exports.act (D:\Desktop\AI-Based-Quality-Check-On-Project-Code-And-Architecture\frontend\node_modules\react\cjs\react.development.js:884:10)
    at D:\Desktop\AI-Based-Quality-Check-On-Project-Code-And-Architecture\frontend\node_modules\@testing-library\react\dist\act-compat.js:46:25
    at renderRoot (D:\Desktop\AI-Based-Quality-Check-On-Project-Code-And-Architecture\frontend\node_modules\@testing-library\react\dist\pure.js:189:26)
    at render (D:\Desktop\AI-Based-Quality-Check-On-Project-Code-And-Architecture\frontend\node_modules\@testing-library\react\dist\pure.js:291:10)
    at Object.&lt;anonymous&gt; (D:\Desktop\AI-Based-Quality-Check-On-Project-Code-And-Architecture\frontend\src\components\auth\__tests__\accessibility.test.tsx:82:33)
    at Promise.finally.completed (D:\Desktop\AI-Based-Quality-Check-On-Project-Code-And-Architecture\frontend\node_modules\jest-circus\build\jestAdapterInit.js:1557:28)
    at new Promise (&lt;anonymous&gt;)
    at callAsyncCircusFn (D:\Desktop\AI-Based-Quality-Check-On-Project-Code-And-Architecture\frontend\node_modules\jest-circus\build\jestAdapterInit.js:1497:10)
    at _callCircusTest (D:\Desktop\AI-Based-Quality-Check-On-Project-Code-And-Architecture\frontend\node_modules\jest-circus\build\jestAdapterInit.js:1007:40)
    at _runTest (D:\Desktop\AI-Based-Quality-Check-On-Project-Code-And-Architecture\frontend\node_modules\jest-circus\build\jestAdapterInit.js:947:3)
    at D:\Desktop\AI-Based-Quality-Check-On-Project-Code-And-Architecture\frontend\node_modules\jest-circus\build\jestAdapterInit.js:849:7
    at _runTestsForDescribeBlock (D:\Desktop\AI-Based-Quality-Check-On-Project-Code-And-Architecture\frontend\node_modules\jest-circus\build\jestAdapterInit.js:862:11)
    at _runTestsForDescribeBlock (D:\Desktop\AI-Based-Quality-Check-On-Project-Code-And-Architecture\frontend\node_modules\jest-circus\build\jestAdapterInit.js:857:11)
    at run (D:\Desktop\AI-Based-Quality-Check-On-Project-Code-And-Architecture\frontend\node_modules\jest-circus\build\jestAdapterInit.js:761:3)
    at runAndTransformResultsToJestFormat (D:\Desktop\AI-Based-Quality-Check-On-Project-Code-And-Architecture\frontend\node_modules\jest-circus\build\jestAdapterInit.js:1918:21)
    at jestAdapter (D:\Desktop\AI-Based-Quality-Check-On-Project-Code-And-Architecture\frontend\node_modules\jest-circus\build\runner.js:101:19)
    at runTestInternal (D:\Desktop\AI-Based-Quality-Check-On-Project-Code-And-Architecture\frontend\node_modules\jest-runner\build\index.js:275:16)
    at runTest (D:\Desktop\AI-Based-Quality-Check-On-Project-Code-And-Architecture\frontend\node_modules\jest-runner\build\index.js:343:7)</failure>
    </testcase>
    <testcase classname="RouteGuard Accessibility" name="should have decorative loading icon" time="0.008">
      <failure>Error: Element type is invalid: expected a string (for built-in components) or a class/function (for composite components) but got: undefined. You likely forgot to export your component from the file it&apos;s defined in, or you might have mixed up default and named imports.

Check the render method of `RouteGuard`.
    at createFiberFromTypeAndProps (D:\Desktop\AI-Based-Quality-Check-On-Project-Code-And-Architecture\frontend\node_modules\react-dom\cjs\react-dom-client.development.js:5021:28)
    at createFiberFromElement (D:\Desktop\AI-Based-Quality-Check-On-Project-Code-And-Architecture\frontend\node_modules\react-dom\cjs\react-dom-client.development.js:5035:14)
    at createChild (D:\Desktop\AI-Based-Quality-Check-On-Project-Code-And-Architecture\frontend\node_modules\react-dom\cjs\react-dom-client.development.js:6338:26)
    at reconcileChildrenArray (D:\Desktop\AI-Based-Quality-Check-On-Project-Code-And-Architecture\frontend\node_modules\react-dom\cjs\react-dom-client.development.js:6670:25)
    at reconcileChildFibersImpl (D:\Desktop\AI-Based-Quality-Check-On-Project-Code-And-Architecture\frontend\node_modules\react-dom\cjs\react-dom-client.development.js:6993:30)
    at D:\Desktop\AI-Based-Quality-Check-On-Project-Code-And-Architecture\frontend\node_modules\react-dom\cjs\react-dom-client.development.js:7098:33
    at reconcileChildren (D:\Desktop\AI-Based-Quality-Check-On-Project-Code-And-Architecture\frontend\node_modules\react-dom\cjs\react-dom-client.development.js:9701:13)
    at beginWork (D:\Desktop\AI-Based-Quality-Check-On-Project-Code-And-Architecture\frontend\node_modules\react-dom\cjs\react-dom-client.development.js:12049:13)
    at runWithFiberInDEV (D:\Desktop\AI-Based-Quality-Check-On-Project-Code-And-Architecture\frontend\node_modules\react-dom\cjs\react-dom-client.development.js:874:13)
    at performUnitOfWork (D:\Desktop\AI-Based-Quality-Check-On-Project-Code-And-Architecture\frontend\node_modules\react-dom\cjs\react-dom-client.development.js:17641:22)
    at workLoopSync (D:\Desktop\AI-Based-Quality-Check-On-Project-Code-And-Architecture\frontend\node_modules\react-dom\cjs\react-dom-client.development.js:17469:41)
    at renderRootSync (D:\Desktop\AI-Based-Quality-Check-On-Project-Code-And-Architecture\frontend\node_modules\react-dom\cjs\react-dom-client.development.js:17450:11)
    at performWorkOnRoot (D:\Desktop\AI-Based-Quality-Check-On-Project-Code-And-Architecture\frontend\node_modules\react-dom\cjs\react-dom-client.development.js:16583:35)
    at performWorkOnRootViaSchedulerTask (D:\Desktop\AI-Based-Quality-Check-On-Project-Code-And-Architecture\frontend\node_modules\react-dom\cjs\react-dom-client.development.js:18957:7)
    at flushActQueue (D:\Desktop\AI-Based-Quality-Check-On-Project-Code-And-Architecture\frontend\node_modules\react\cjs\react.development.js:590:34)
    at process.env.NODE_ENV.exports.act (D:\Desktop\AI-Based-Quality-Check-On-Project-Code-And-Architecture\frontend\node_modules\react\cjs\react.development.js:884:10)
    at D:\Desktop\AI-Based-Quality-Check-On-Project-Code-And-Architecture\frontend\node_modules\@testing-library\react\dist\act-compat.js:46:25
    at renderRoot (D:\Desktop\AI-Based-Quality-Check-On-Project-Code-And-Architecture\frontend\node_modules\@testing-library\react\dist\pure.js:189:26)
    at render (D:\Desktop\AI-Based-Quality-Check-On-Project-Code-And-Architecture\frontend\node_modules\@testing-library\react\dist\pure.js:291:10)
    at Object.&lt;anonymous&gt; (D:\Desktop\AI-Based-Quality-Check-On-Project-Code-And-Architecture\frontend\src\components\auth\__tests__\accessibility.test.tsx:101:33)
    at Promise.finally.completed (D:\Desktop\AI-Based-Quality-Check-On-Project-Code-And-Architecture\frontend\node_modules\jest-circus\build\jestAdapterInit.js:1557:28)
    at new Promise (&lt;anonymous&gt;)
    at callAsyncCircusFn (D:\Desktop\AI-Based-Quality-Check-On-Project-Code-And-Architecture\frontend\node_modules\jest-circus\build\jestAdapterInit.js:1497:10)
    at _callCircusTest (D:\Desktop\AI-Based-Quality-Check-On-Project-Code-And-Architecture\frontend\node_modules\jest-circus\build\jestAdapterInit.js:1007:40)
    at _runTest (D:\Desktop\AI-Based-Quality-Check-On-Project-Code-And-Architecture\frontend\node_modules\jest-circus\build\jestAdapterInit.js:947:3)
    at D:\Desktop\AI-Based-Quality-Check-On-Project-Code-And-Architecture\frontend\node_modules\jest-circus\build\jestAdapterInit.js:849:7
    at _runTestsForDescribeBlock (D:\Desktop\AI-Based-Quality-Check-On-Project-Code-And-Architecture\frontend\node_modules\jest-circus\build\jestAdapterInit.js:862:11)
    at _runTestsForDescribeBlock (D:\Desktop\AI-Based-Quality-Check-On-Project-Code-And-Architecture\frontend\node_modules\jest-circus\build\jestAdapterInit.js:857:11)
    at run (D:\Desktop\AI-Based-Quality-Check-On-Project-Code-And-Architecture\frontend\node_modules\jest-circus\build\jestAdapterInit.js:761:3)
    at runAndTransformResultsToJestFormat (D:\Desktop\AI-Based-Quality-Check-On-Project-Code-And-Architecture\frontend\node_modules\jest-circus\build\jestAdapterInit.js:1918:21)
    at jestAdapter (D:\Desktop\AI-Based-Quality-Check-On-Project-Code-And-Architecture\frontend\node_modules\jest-circus\build\runner.js:101:19)
    at runTestInternal (D:\Desktop\AI-Based-Quality-Check-On-Project-Code-And-Architecture\frontend\node_modules\jest-runner\build\index.js:275:16)
    at runTest (D:\Desktop\AI-Based-Quality-Check-On-Project-Code-And-Architecture\frontend\node_modules\jest-runner\build\index.js:343:7)</failure>
    </testcase>
    <testcase classname="RouteGuard Accessibility" name="should not have accessibility violations when authenticated" time="0.21">
    </testcase>
    <testcase classname="RouteGuard Accessibility" name="should render protected content when authenticated" time="0.01">
    </testcase>
    <testcase classname="RouteGuard Accessibility" name="should not render content when not authenticated" time="0.01">
    </testcase>
  </testsuite>
  <testsuite name="Authentication Service" errors="0" failures="15" skipped="0" timestamp="2026-03-08T07:41:01" time="0.581" tests="47">
    <testcase classname="Authentication Service › Configuration › getBackendUrl" name="should return NEXT_PUBLIC_API_URL when set" time="0.004">
    </testcase>
    <testcase classname="Authentication Service › Configuration › getBackendUrl" name="should return BACKEND_URL when NEXT_PUBLIC_API_URL is not set" time="0.001">
    </testcase>
    <testcase classname="Authentication Service › Configuration › getBackendUrl" name="should return default localhost URL when no env vars are set" time="0.002">
    </testcase>
    <testcase classname="Authentication Service › Configuration › getBackendUrl" name="should prefer NEXT_PUBLIC_API_URL over BACKEND_URL" time="0.002">
    </testcase>
    <testcase classname="Authentication Service › Configuration › validateEnvironmentConfig" name="should return valid when all required env vars are set" time="0.007">
    </testcase>
    <testcase classname="Authentication Service › Configuration › validateEnvironmentConfig" name="should return error when NEXTAUTH_SECRET is missing" time="0.003">
    </testcase>
    <testcase classname="Authentication Service › Configuration › validateEnvironmentConfig" name="should return error when NEXTAUTH_SECRET is too short" time="0.003">
    </testcase>
    <testcase classname="Authentication Service › Configuration › validateEnvironmentConfig" name="should return error when NEXTAUTH_URL is missing" time="0.003">
    </testcase>
    <testcase classname="Authentication Service › Configuration › validateEnvironmentConfig" name="should return multiple errors when multiple configs are invalid" time="0.003">
    </testcase>
    <testcase classname="Authentication Service › URL Construction › getAuthUrl" name="should construct URL with backend URL and endpoint" time="0.002">
    </testcase>
    <testcase classname="Authentication Service › URL Construction › getAuthUrl" name="should handle backend URL with trailing slash" time="0.002">
    </testcase>
    <testcase classname="Authentication Service › URL Construction › getAuthUrl" name="should handle endpoint without leading slash" time="0.002">
    </testcase>
    <testcase classname="Authentication Service › URL Construction › getAuthUrl" name="should use default backend URL when not configured" time="0.003">
    </testcase>
    <testcase classname="Authentication Service › URL Construction › getLoginUrl" name="should return correct login endpoint URL" time="0.001">
    </testcase>
    <testcase classname="Authentication Service › URL Construction › getUserDetailsUrl" name="should return correct user details endpoint URL" time="0.001">
    </testcase>
    <testcase classname="Authentication Service › Authentication Operations › authenticateUser" name="should successfully authenticate user with valid credentials" time="0.001">
      <failure>Error: Username and password are required
    at createAuthError (D:\Desktop\AI-Based-Quality-Check-On-Project-Code-And-Architecture\frontend\src\lib\auth.ts:260:17)
    at createAuthError (D:\Desktop\AI-Based-Quality-Check-On-Project-Code-And-Architecture\frontend\src\lib\auth.ts:151:11)
    at Object.&lt;anonymous&gt; (D:\Desktop\AI-Based-Quality-Check-On-Project-Code-And-Architecture\frontend\src\lib\__tests__\auth.test.ts:172:44)
    at Promise.finally.completed (D:\Desktop\AI-Based-Quality-Check-On-Project-Code-And-Architecture\frontend\node_modules\jest-circus\build\jestAdapterInit.js:1557:28)
    at new Promise (&lt;anonymous&gt;)
    at callAsyncCircusFn (D:\Desktop\AI-Based-Quality-Check-On-Project-Code-And-Architecture\frontend\node_modules\jest-circus\build\jestAdapterInit.js:1497:10)
    at _callCircusTest (D:\Desktop\AI-Based-Quality-Check-On-Project-Code-And-Architecture\frontend\node_modules\jest-circus\build\jestAdapterInit.js:1007:40)
    at _runTest (D:\Desktop\AI-Based-Quality-Check-On-Project-Code-And-Architecture\frontend\node_modules\jest-circus\build\jestAdapterInit.js:947:3)
    at D:\Desktop\AI-Based-Quality-Check-On-Project-Code-And-Architecture\frontend\node_modules\jest-circus\build\jestAdapterInit.js:849:7
    at _runTestsForDescribeBlock (D:\Desktop\AI-Based-Quality-Check-On-Project-Code-And-Architecture\frontend\node_modules\jest-circus\build\jestAdapterInit.js:862:11)
    at _runTestsForDescribeBlock (D:\Desktop\AI-Based-Quality-Check-On-Project-Code-And-Architecture\frontend\node_modules\jest-circus\build\jestAdapterInit.js:857:11)
    at _runTestsForDescribeBlock (D:\Desktop\AI-Based-Quality-Check-On-Project-Code-And-Architecture\frontend\node_modules\jest-circus\build\jestAdapterInit.js:857:11)
    at _runTestsForDescribeBlock (D:\Desktop\AI-Based-Quality-Check-On-Project-Code-And-Architecture\frontend\node_modules\jest-circus\build\jestAdapterInit.js:857:11)
    at run (D:\Desktop\AI-Based-Quality-Check-On-Project-Code-And-Architecture\frontend\node_modules\jest-circus\build\jestAdapterInit.js:761:3)
    at runAndTransformResultsToJestFormat (D:\Desktop\AI-Based-Quality-Check-On-Project-Code-And-Architecture\frontend\node_modules\jest-circus\build\jestAdapterInit.js:1918:21)
    at jestAdapter (D:\Desktop\AI-Based-Quality-Check-On-Project-Code-And-Architecture\frontend\node_modules\jest-circus\build\runner.js:101:19)
    at runTestInternal (D:\Desktop\AI-Based-Quality-Check-On-Project-Code-And-Architecture\frontend\node_modules\jest-runner\build\index.js:275:16)
    at runTest (D:\Desktop\AI-Based-Quality-Check-On-Project-Code-And-Architecture\frontend\node_modules\jest-runner\build\index.js:343:7)</failure>
    </testcase>
    <testcase classname="Authentication Service › Authentication Operations › authenticateUser" name="should throw validation error when email is missing" time="0.01">
      <failure>Error: expect(received).rejects.toMatchObject(expected)

- Expected  - 1
+ Received  + 0

  Object {
-   &quot;message&quot;: &quot;Email and password are required&quot;,
    &quot;type&quot;: &quot;validation&quot;,
  }
    at Object.toMatchObject (D:\Desktop\AI-Based-Quality-Check-On-Project-Code-And-Architecture\frontend\node_modules\expect\build\index.js:2155:20)
    at Object.toMatchObject (D:\Desktop\AI-Based-Quality-Check-On-Project-Code-And-Architecture\frontend\src\lib\__tests__\auth.test.ts:191:19)
    at Promise.finally.completed (D:\Desktop\AI-Based-Quality-Check-On-Project-Code-And-Architecture\frontend\node_modules\jest-circus\build\jestAdapterInit.js:1557:28)
    at new Promise (&lt;anonymous&gt;)
    at callAsyncCircusFn (D:\Desktop\AI-Based-Quality-Check-On-Project-Code-And-Architecture\frontend\node_modules\jest-circus\build\jestAdapterInit.js:1497:10)
    at _callCircusTest (D:\Desktop\AI-Based-Quality-Check-On-Project-Code-And-Architecture\frontend\node_modules\jest-circus\build\jestAdapterInit.js:1007:40)
    at _runTest (D:\Desktop\AI-Based-Quality-Check-On-Project-Code-And-Architecture\frontend\node_modules\jest-circus\build\jestAdapterInit.js:947:3)
    at D:\Desktop\AI-Based-Quality-Check-On-Project-Code-And-Architecture\frontend\node_modules\jest-circus\build\jestAdapterInit.js:849:7
    at _runTestsForDescribeBlock (D:\Desktop\AI-Based-Quality-Check-On-Project-Code-And-Architecture\frontend\node_modules\jest-circus\build\jestAdapterInit.js:862:11)
    at _runTestsForDescribeBlock (D:\Desktop\AI-Based-Quality-Check-On-Project-Code-And-Architecture\frontend\node_modules\jest-circus\build\jestAdapterInit.js:857:11)
    at _runTestsForDescribeBlock (D:\Desktop\AI-Based-Quality-Check-On-Project-Code-And-Architecture\frontend\node_modules\jest-circus\build\jestAdapterInit.js:857:11)
    at _runTestsForDescribeBlock (D:\Desktop\AI-Based-Quality-Check-On-Project-Code-And-Architecture\frontend\node_modules\jest-circus\build\jestAdapterInit.js:857:11)
    at run (D:\Desktop\AI-Based-Quality-Check-On-Project-Code-And-Architecture\frontend\node_modules\jest-circus\build\jestAdapterInit.js:761:3)
    at runAndTransformResultsToJestFormat (D:\Desktop\AI-Based-Quality-Check-On-Project-Code-And-Architecture\frontend\node_modules\jest-circus\build\jestAdapterInit.js:1918:21)
    at jestAdapter (D:\Desktop\AI-Based-Quality-Check-On-Project-Code-And-Architecture\frontend\node_modules\jest-circus\build\runner.js:101:19)
    at runTestInternal (D:\Desktop\AI-Based-Quality-Check-On-Project-Code-And-Architecture\frontend\node_modules\jest-runner\build\index.js:275:16)
    at runTest (D:\Desktop\AI-Based-Quality-Check-On-Project-Code-And-Architecture\frontend\node_modules\jest-runner\build\index.js:343:7)</failure>
    </testcase>
    <testcase classname="Authentication Service › Authentication Operations › authenticateUser" name="should throw validation error when password is missing" time="0.003">
      <failure>Error: expect(received).rejects.toMatchObject(expected)

- Expected  - 1
+ Received  + 0

  Object {
-   &quot;message&quot;: &quot;Email and password are required&quot;,
    &quot;type&quot;: &quot;validation&quot;,
  }
    at Object.toMatchObject (D:\Desktop\AI-Based-Quality-Check-On-Project-Code-And-Architecture\frontend\node_modules\expect\build\index.js:2155:20)
    at Object.toMatchObject (D:\Desktop\AI-Based-Quality-Check-On-Project-Code-And-Architecture\frontend\src\lib\__tests__\auth.test.ts:200:19)
    at Promise.finally.completed (D:\Desktop\AI-Based-Quality-Check-On-Project-Code-And-Architecture\frontend\node_modules\jest-circus\build\jestAdapterInit.js:1557:28)
    at new Promise (&lt;anonymous&gt;)
    at callAsyncCircusFn (D:\Desktop\AI-Based-Quality-Check-On-Project-Code-And-Architecture\frontend\node_modules\jest-circus\build\jestAdapterInit.js:1497:10)
    at _callCircusTest (D:\Desktop\AI-Based-Quality-Check-On-Project-Code-And-Architecture\frontend\node_modules\jest-circus\build\jestAdapterInit.js:1007:40)
    at _runTest (D:\Desktop\AI-Based-Quality-Check-On-Project-Code-And-Architecture\frontend\node_modules\jest-circus\build\jestAdapterInit.js:947:3)
    at D:\Desktop\AI-Based-Quality-Check-On-Project-Code-And-Architecture\frontend\node_modules\jest-circus\build\jestAdapterInit.js:849:7
    at _runTestsForDescribeBlock (D:\Desktop\AI-Based-Quality-Check-On-Project-Code-And-Architecture\frontend\node_modules\jest-circus\build\jestAdapterInit.js:862:11)
    at _runTestsForDescribeBlock (D:\Desktop\AI-Based-Quality-Check-On-Project-Code-And-Architecture\frontend\node_modules\jest-circus\build\jestAdapterInit.js:857:11)
    at _runTestsForDescribeBlock (D:\Desktop\AI-Based-Quality-Check-On-Project-Code-And-Architecture\frontend\node_modules\jest-circus\build\jestAdapterInit.js:857:11)
    at _runTestsForDescribeBlock (D:\Desktop\AI-Based-Quality-Check-On-Project-Code-And-Architecture\frontend\node_modules\jest-circus\build\jestAdapterInit.js:857:11)
    at run (D:\Desktop\AI-Based-Quality-Check-On-Project-Code-And-Architecture\frontend\node_modules\jest-circus\build\jestAdapterInit.js:761:3)
    at runAndTransformResultsToJestFormat (D:\Desktop\AI-Based-Quality-Check-On-Project-Code-And-Architecture\frontend\node_modules\jest-circus\build\jestAdapterInit.js:1918:21)
    at jestAdapter (D:\Desktop\AI-Based-Quality-Check-On-Project-Code-And-Architecture\frontend\node_modules\jest-circus\build\runner.js:101:19)
    at runTestInternal (D:\Desktop\AI-Based-Quality-Check-On-Project-Code-And-Architecture\frontend\node_modules\jest-runner\build\index.js:275:16)
    at runTest (D:\Desktop\AI-Based-Quality-Check-On-Project-Code-And-Architecture\frontend\node_modules\jest-runner\build\index.js:343:7)</failure>
    </testcase>
    <testcase classname="Authentication Service › Authentication Operations › authenticateUser" name="should throw credentials error on 401 response" time="0.003">
      <failure>Error: expect(received).rejects.toMatchObject(expected)

- Expected  - 3
+ Received  + 2

  Object {
-   &quot;message&quot;: &quot;Invalid credentials&quot;,
-   &quot;statusCode&quot;: 401,
-   &quot;type&quot;: &quot;credentials&quot;,
+   &quot;statusCode&quot;: undefined,
+   &quot;type&quot;: &quot;validation&quot;,
  }
    at Object.toMatchObject (D:\Desktop\AI-Based-Quality-Check-On-Project-Code-And-Architecture\frontend\node_modules\expect\build\index.js:2155:20)
    at Object.toMatchObject (D:\Desktop\AI-Based-Quality-Check-On-Project-Code-And-Architecture\frontend\src\lib\__tests__\auth.test.ts:213:65)
    at Promise.finally.completed (D:\Desktop\AI-Based-Quality-Check-On-Project-Code-And-Architecture\frontend\node_modules\jest-circus\build\jestAdapterInit.js:1557:28)
    at new Promise (&lt;anonymous&gt;)
    at callAsyncCircusFn (D:\Desktop\AI-Based-Quality-Check-On-Project-Code-And-Architecture\frontend\node_modules\jest-circus\build\jestAdapterInit.js:1497:10)
    at _callCircusTest (D:\Desktop\AI-Based-Quality-Check-On-Project-Code-And-Architecture\frontend\node_modules\jest-circus\build\jestAdapterInit.js:1007:40)
    at _runTest (D:\Desktop\AI-Based-Quality-Check-On-Project-Code-And-Architecture\frontend\node_modules\jest-circus\build\jestAdapterInit.js:947:3)
    at D:\Desktop\AI-Based-Quality-Check-On-Project-Code-And-Architecture\frontend\node_modules\jest-circus\build\jestAdapterInit.js:849:7
    at _runTestsForDescribeBlock (D:\Desktop\AI-Based-Quality-Check-On-Project-Code-And-Architecture\frontend\node_modules\jest-circus\build\jestAdapterInit.js:862:11)
    at _runTestsForDescribeBlock (D:\Desktop\AI-Based-Quality-Check-On-Project-Code-And-Architecture\frontend\node_modules\jest-circus\build\jestAdapterInit.js:857:11)
    at _runTestsForDescribeBlock (D:\Desktop\AI-Based-Quality-Check-On-Project-Code-And-Architecture\frontend\node_modules\jest-circus\build\jestAdapterInit.js:857:11)
    at _runTestsForDescribeBlock (D:\Desktop\AI-Based-Quality-Check-On-Project-Code-And-Architecture\frontend\node_modules\jest-circus\build\jestAdapterInit.js:857:11)
    at run (D:\Desktop\AI-Based-Quality-Check-On-Project-Code-And-Architecture\frontend\node_modules\jest-circus\build\jestAdapterInit.js:761:3)
    at runAndTransformResultsToJestFormat (D:\Desktop\AI-Based-Quality-Check-On-Project-Code-And-Architecture\frontend\node_modules\jest-circus\build\jestAdapterInit.js:1918:21)
    at jestAdapter (D:\Desktop\AI-Based-Quality-Check-On-Project-Code-And-Architecture\frontend\node_modules\jest-circus\build\runner.js:101:19)
    at runTestInternal (D:\Desktop\AI-Based-Quality-Check-On-Project-Code-And-Architecture\frontend\node_modules\jest-runner\build\index.js:275:16)
    at runTest (D:\Desktop\AI-Based-Quality-Check-On-Project-Code-And-Architecture\frontend\node_modules\jest-runner\build\index.js:343:7)</failure>
    </testcase>
    <testcase classname="Authentication Service › Authentication Operations › authenticateUser" name="should throw server error on 500 response" time="0.003">
      <failure>Error: expect(received).rejects.toMatchObject(expected)

- Expected  - 3
+ Received  + 2

  Object {
-   &quot;message&quot;: &quot;Internal server error&quot;,
-   &quot;statusCode&quot;: 500,
-   &quot;type&quot;: &quot;server&quot;,
+   &quot;statusCode&quot;: undefined,
+   &quot;type&quot;: &quot;validation&quot;,
  }
    at Object.toMatchObject (D:\Desktop\AI-Based-Quality-Check-On-Project-Code-And-Architecture\frontend\node_modules\expect\build\index.js:2155:20)
    at Object.toMatchObject (D:\Desktop\AI-Based-Quality-Check-On-Project-Code-And-Architecture\frontend\src\lib\__tests__\auth.test.ts:227:65)
    at Promise.finally.completed (D:\Desktop\AI-Based-Quality-Check-On-Project-Code-And-Architecture\frontend\node_modules\jest-circus\build\jestAdapterInit.js:1557:28)
    at new Promise (&lt;anonymous&gt;)
    at callAsyncCircusFn (D:\Desktop\AI-Based-Quality-Check-On-Project-Code-And-Architecture\frontend\node_modules\jest-circus\build\jestAdapterInit.js:1497:10)
    at _callCircusTest (D:\Desktop\AI-Based-Quality-Check-On-Project-Code-And-Architecture\frontend\node_modules\jest-circus\build\jestAdapterInit.js:1007:40)
    at _runTest (D:\Desktop\AI-Based-Quality-Check-On-Project-Code-And-Architecture\frontend\node_modules\jest-circus\build\jestAdapterInit.js:947:3)
    at D:\Desktop\AI-Based-Quality-Check-On-Project-Code-And-Architecture\frontend\node_modules\jest-circus\build\jestAdapterInit.js:849:7
    at _runTestsForDescribeBlock (D:\Desktop\AI-Based-Quality-Check-On-Project-Code-And-Architecture\frontend\node_modules\jest-circus\build\jestAdapterInit.js:862:11)
    at _runTestsForDescribeBlock (D:\Desktop\AI-Based-Quality-Check-On-Project-Code-And-Architecture\frontend\node_modules\jest-circus\build\jestAdapterInit.js:857:11)
    at _runTestsForDescribeBlock (D:\Desktop\AI-Based-Quality-Check-On-Project-Code-And-Architecture\frontend\node_modules\jest-circus\build\jestAdapterInit.js:857:11)
    at _runTestsForDescribeBlock (D:\Desktop\AI-Based-Quality-Check-On-Project-Code-And-Architecture\frontend\node_modules\jest-circus\build\jestAdapterInit.js:857:11)
    at run (D:\Desktop\AI-Based-Quality-Check-On-Project-Code-And-Architecture\frontend\node_modules\jest-circus\build\jestAdapterInit.js:761:3)
    at runAndTransformResultsToJestFormat (D:\Desktop\AI-Based-Quality-Check-On-Project-Code-And-Architecture\frontend\node_modules\jest-circus\build\jestAdapterInit.js:1918:21)
    at jestAdapter (D:\Desktop\AI-Based-Quality-Check-On-Project-Code-And-Architecture\frontend\node_modules\jest-circus\build\runner.js:101:19)
    at runTestInternal (D:\Desktop\AI-Based-Quality-Check-On-Project-Code-And-Architecture\frontend\node_modules\jest-runner\build\index.js:275:16)
    at runTest (D:\Desktop\AI-Based-Quality-Check-On-Project-Code-And-Architecture\frontend\node_modules\jest-runner\build\index.js:343:7)</failure>
    </testcase>
    <testcase classname="Authentication Service › Authentication Operations › authenticateUser" name="should throw server error when access_token is missing" time="0.003">
      <failure>Error: expect(received).rejects.toMatchObject(expected)

- Expected  - 2
+ Received  + 1

  Object {
-   &quot;message&quot;: &quot;Invalid response from authentication server&quot;,
-   &quot;type&quot;: &quot;server&quot;,
+   &quot;type&quot;: &quot;validation&quot;,
  }
    at Object.toMatchObject (D:\Desktop\AI-Based-Quality-Check-On-Project-Code-And-Architecture\frontend\node_modules\expect\build\index.js:2155:20)
    at Object.toMatchObject (D:\Desktop\AI-Based-Quality-Check-On-Project-Code-And-Architecture\frontend\src\lib\__tests__\auth.test.ts:240:65)
    at Promise.finally.completed (D:\Desktop\AI-Based-Quality-Check-On-Project-Code-And-Architecture\frontend\node_modules\jest-circus\build\jestAdapterInit.js:1557:28)
    at new Promise (&lt;anonymous&gt;)
    at callAsyncCircusFn (D:\Desktop\AI-Based-Quality-Check-On-Project-Code-And-Architecture\frontend\node_modules\jest-circus\build\jestAdapterInit.js:1497:10)
    at _callCircusTest (D:\Desktop\AI-Based-Quality-Check-On-Project-Code-And-Architecture\frontend\node_modules\jest-circus\build\jestAdapterInit.js:1007:40)
    at _runTest (D:\Desktop\AI-Based-Quality-Check-On-Project-Code-And-Architecture\frontend\node_modules\jest-circus\build\jestAdapterInit.js:947:3)
    at D:\Desktop\AI-Based-Quality-Check-On-Project-Code-And-Architecture\frontend\node_modules\jest-circus\build\jestAdapterInit.js:849:7
    at _runTestsForDescribeBlock (D:\Desktop\AI-Based-Quality-Check-On-Project-Code-And-Architecture\frontend\node_modules\jest-circus\build\jestAdapterInit.js:862:11)
    at _runTestsForDescribeBlock (D:\Desktop\AI-Based-Quality-Check-On-Project-Code-And-Architecture\frontend\node_modules\jest-circus\build\jestAdapterInit.js:857:11)
    at _runTestsForDescribeBlock (D:\Desktop\AI-Based-Quality-Check-On-Project-Code-And-Architecture\frontend\node_modules\jest-circus\build\jestAdapterInit.js:857:11)
    at _runTestsForDescribeBlock (D:\Desktop\AI-Based-Quality-Check-On-Project-Code-And-Architecture\frontend\node_modules\jest-circus\build\jestAdapterInit.js:857:11)
    at run (D:\Desktop\AI-Based-Quality-Check-On-Project-Code-And-Architecture\frontend\node_modules\jest-circus\build\jestAdapterInit.js:761:3)
    at runAndTransformResultsToJestFormat (D:\Desktop\AI-Based-Quality-Check-On-Project-Code-And-Architecture\frontend\node_modules\jest-circus\build\jestAdapterInit.js:1918:21)
    at jestAdapter (D:\Desktop\AI-Based-Quality-Check-On-Project-Code-And-Architecture\frontend\node_modules\jest-circus\build\runner.js:101:19)
    at runTestInternal (D:\Desktop\AI-Based-Quality-Check-On-Project-Code-And-Architecture\frontend\node_modules\jest-runner\build\index.js:275:16)
    at runTest (D:\Desktop\AI-Based-Quality-Check-On-Project-Code-And-Architecture\frontend\node_modules\jest-runner\build\index.js:343:7)</failure>
    </testcase>
    <testcase classname="Authentication Service › Authentication Operations › authenticateUser" name="should throw server error when user details fetch fails" time="0.004">
      <failure>Error: expect(received).rejects.toMatchObject(expected)

- Expected  - 3
+ Received  + 2

  Object {
-   &quot;message&quot;: &quot;Failed to fetch user details&quot;,
-   &quot;statusCode&quot;: 500,
-   &quot;type&quot;: &quot;server&quot;,
+   &quot;statusCode&quot;: undefined,
+   &quot;type&quot;: &quot;validation&quot;,
  }
    at Object.toMatchObject (D:\Desktop\AI-Based-Quality-Check-On-Project-Code-And-Architecture\frontend\node_modules\expect\build\index.js:2155:20)
    at Object.toMatchObject (D:\Desktop\AI-Based-Quality-Check-On-Project-Code-And-Architecture\frontend\src\lib\__tests__\auth.test.ts:257:65)
    at Promise.finally.completed (D:\Desktop\AI-Based-Quality-Check-On-Project-Code-And-Architecture\frontend\node_modules\jest-circus\build\jestAdapterInit.js:1557:28)
    at new Promise (&lt;anonymous&gt;)
    at callAsyncCircusFn (D:\Desktop\AI-Based-Quality-Check-On-Project-Code-And-Architecture\frontend\node_modules\jest-circus\build\jestAdapterInit.js:1497:10)
    at _callCircusTest (D:\Desktop\AI-Based-Quality-Check-On-Project-Code-And-Architecture\frontend\node_modules\jest-circus\build\jestAdapterInit.js:1007:40)
    at _runTest (D:\Desktop\AI-Based-Quality-Check-On-Project-Code-And-Architecture\frontend\node_modules\jest-circus\build\jestAdapterInit.js:947:3)
    at D:\Desktop\AI-Based-Quality-Check-On-Project-Code-And-Architecture\frontend\node_modules\jest-circus\build\jestAdapterInit.js:849:7
    at _runTestsForDescribeBlock (D:\Desktop\AI-Based-Quality-Check-On-Project-Code-And-Architecture\frontend\node_modules\jest-circus\build\jestAdapterInit.js:862:11)
    at _runTestsForDescribeBlock (D:\Desktop\AI-Based-Quality-Check-On-Project-Code-And-Architecture\frontend\node_modules\jest-circus\build\jestAdapterInit.js:857:11)
    at _runTestsForDescribeBlock (D:\Desktop\AI-Based-Quality-Check-On-Project-Code-And-Architecture\frontend\node_modules\jest-circus\build\jestAdapterInit.js:857:11)
    at _runTestsForDescribeBlock (D:\Desktop\AI-Based-Quality-Check-On-Project-Code-And-Architecture\frontend\node_modules\jest-circus\build\jestAdapterInit.js:857:11)
    at run (D:\Desktop\AI-Based-Quality-Check-On-Project-Code-And-Architecture\frontend\node_modules\jest-circus\build\jestAdapterInit.js:761:3)
    at runAndTransformResultsToJestFormat (D:\Desktop\AI-Based-Quality-Check-On-Project-Code-And-Architecture\frontend\node_modules\jest-circus\build\jestAdapterInit.js:1918:21)
    at jestAdapter (D:\Desktop\AI-Based-Quality-Check-On-Project-Code-And-Architecture\frontend\node_modules\jest-circus\build\runner.js:101:19)
    at runTestInternal (D:\Desktop\AI-Based-Quality-Check-On-Project-Code-And-Architecture\frontend\node_modules\jest-runner\build\index.js:275:16)
    at runTest (D:\Desktop\AI-Based-Quality-Check-On-Project-Code-And-Architecture\frontend\node_modules\jest-runner\build\index.js:343:7)</failure>
    </testcase>
    <testcase classname="Authentication Service › Authentication Operations › authenticateUser" name="should throw network error on fetch failure" time="0.004">
      <failure>Error: expect(received).rejects.toMatchObject(expected)

- Expected  - 2
+ Received  + 1

  Object {
-   &quot;message&quot;: &quot;Network error&quot;,
-   &quot;type&quot;: &quot;network&quot;,
+   &quot;type&quot;: &quot;validation&quot;,
  }
    at Object.toMatchObject (D:\Desktop\AI-Based-Quality-Check-On-Project-Code-And-Architecture\frontend\node_modules\expect\build\index.js:2155:20)
    at Object.toMatchObject (D:\Desktop\AI-Based-Quality-Check-On-Project-Code-And-Architecture\frontend\src\lib\__tests__\auth.test.ts:267:65)
    at Promise.finally.completed (D:\Desktop\AI-Based-Quality-Check-On-Project-Code-And-Architecture\frontend\node_modules\jest-circus\build\jestAdapterInit.js:1557:28)
    at new Promise (&lt;anonymous&gt;)
    at callAsyncCircusFn (D:\Desktop\AI-Based-Quality-Check-On-Project-Code-And-Architecture\frontend\node_modules\jest-circus\build\jestAdapterInit.js:1497:10)
    at _callCircusTest (D:\Desktop\AI-Based-Quality-Check-On-Project-Code-And-Architecture\frontend\node_modules\jest-circus\build\jestAdapterInit.js:1007:40)
    at _runTest (D:\Desktop\AI-Based-Quality-Check-On-Project-Code-And-Architecture\frontend\node_modules\jest-circus\build\jestAdapterInit.js:947:3)
    at D:\Desktop\AI-Based-Quality-Check-On-Project-Code-And-Architecture\frontend\node_modules\jest-circus\build\jestAdapterInit.js:849:7
    at _runTestsForDescribeBlock (D:\Desktop\AI-Based-Quality-Check-On-Project-Code-And-Architecture\frontend\node_modules\jest-circus\build\jestAdapterInit.js:862:11)
    at _runTestsForDescribeBlock (D:\Desktop\AI-Based-Quality-Check-On-Project-Code-And-Architecture\frontend\node_modules\jest-circus\build\jestAdapterInit.js:857:11)
    at _runTestsForDescribeBlock (D:\Desktop\AI-Based-Quality-Check-On-Project-Code-And-Architecture\frontend\node_modules\jest-circus\build\jestAdapterInit.js:857:11)
    at _runTestsForDescribeBlock (D:\Desktop\AI-Based-Quality-Check-On-Project-Code-And-Architecture\frontend\node_modules\jest-circus\build\jestAdapterInit.js:857:11)
    at run (D:\Desktop\AI-Based-Quality-Check-On-Project-Code-And-Architecture\frontend\node_modules\jest-circus\build\jestAdapterInit.js:761:3)
    at runAndTransformResultsToJestFormat (D:\Desktop\AI-Based-Quality-Check-On-Project-Code-And-Architecture\frontend\node_modules\jest-circus\build\jestAdapterInit.js:1918:21)
    at jestAdapter (D:\Desktop\AI-Based-Quality-Check-On-Project-Code-And-Architecture\frontend\node_modules\jest-circus\build\runner.js:101:19)
    at runTestInternal (D:\Desktop\AI-Based-Quality-Check-On-Project-Code-And-Architecture\frontend\node_modules\jest-runner\build\index.js:275:16)
    at runTest (D:\Desktop\AI-Based-Quality-Check-On-Project-Code-And-Architecture\frontend\node_modules\jest-runner\build\index.js:343:7)</failure>
    </testcase>
    <testcase classname="Authentication Service › Authentication Operations › authenticateUser" name="should use correct authorization header for user details request" time="0.002">
      <failure>Error: Username and password are required
    at createAuthError (D:\Desktop\AI-Based-Quality-Check-On-Project-Code-And-Architecture\frontend\src\lib\auth.ts:260:17)
    at createAuthError (D:\Desktop\AI-Based-Quality-Check-On-Project-Code-And-Architecture\frontend\src\lib\auth.ts:151:11)
    at Object.&lt;anonymous&gt; (D:\Desktop\AI-Based-Quality-Check-On-Project-Code-And-Architecture\frontend\src\lib\__tests__\auth.test.ts:284:31)
    at Promise.finally.completed (D:\Desktop\AI-Based-Quality-Check-On-Project-Code-And-Architecture\frontend\node_modules\jest-circus\build\jestAdapterInit.js:1557:28)
    at new Promise (&lt;anonymous&gt;)
    at callAsyncCircusFn (D:\Desktop\AI-Based-Quality-Check-On-Project-Code-And-Architecture\frontend\node_modules\jest-circus\build\jestAdapterInit.js:1497:10)
    at _callCircusTest (D:\Desktop\AI-Based-Quality-Check-On-Project-Code-And-Architecture\frontend\node_modules\jest-circus\build\jestAdapterInit.js:1007:40)
    at _runTest (D:\Desktop\AI-Based-Quality-Check-On-Project-Code-And-Architecture\frontend\node_modules\jest-circus\build\jestAdapterInit.js:947:3)
    at D:\Desktop\AI-Based-Quality-Check-On-Project-Code-And-Architecture\frontend\node_modules\jest-circus\build\jestAdapterInit.js:849:7
    at _runTestsForDescribeBlock (D:\Desktop\AI-Based-Quality-Check-On-Project-Code-And-Architecture\frontend\node_modules\jest-circus\build\jestAdapterInit.js:862:11)
    at _runTestsForDescribeBlock (D:\Desktop\AI-Based-Quality-Check-On-Project-Code-And-Architecture\frontend\node_modules\jest-circus\build\jestAdapterInit.js:857:11)
    at _runTestsForDescribeBlock (D:\Desktop\AI-Based-Quality-Check-On-Project-Code-And-Architecture\frontend\node_modules\jest-circus\build\jestAdapterInit.js:857:11)
    at _runTestsForDescribeBlock (D:\Desktop\AI-Based-Quality-Check-On-Project-Code-And-Architecture\frontend\node_modules\jest-circus\build\jestAdapterInit.js:857:11)
    at run (D:\Desktop\AI-Based-Quality-Check-On-Project-Code-And-Architecture\frontend\node_modules\jest-circus\build\jestAdapterInit.js:761:3)
    at runAndTransformResultsToJestFormat (D:\Desktop\AI-Based-Quality-Check-On-Project-Code-And-Architecture\frontend\node_modules\jest-circus\build\jestAdapterInit.js:1918:21)
    at jestAdapter (D:\Desktop\AI-Based-Quality-Check-On-Project-Code-And-Architecture\frontend\node_modules\jest-circus\build\runner.js:101:19)
    at runTestInternal (D:\Desktop\AI-Based-Quality-Check-On-Project-Code-And-Architecture\frontend\node_modules\jest-runner\build\index.js:275:16)
    at runTest (D:\Desktop\AI-Based-Quality-Check-On-Project-Code-And-Architecture\frontend\node_modules\jest-runner\build\index.js:343:7)</failure>
    </testcase>
    <testcase classname="Authentication Service › Error Handling › createAuthError" name="should create error with all properties" time="0.02">
    </testcase>
    <testcase classname="Authentication Service › Error Handling › createAuthError" name="should create error without optional properties" time="0.003">
    </testcase>
    <testcase classname="Authentication Service › Error Handling › getUserFriendlyErrorMessage" name="should return friendly message for configuration error" time="0.002">
    </testcase>
    <testcase classname="Authentication Service › Error Handling › getUserFriendlyErrorMessage" name="should return friendly message for network error" time="0.001">
    </testcase>
    <testcase classname="Authentication Service › Error Handling › getUserFriendlyErrorMessage" name="should return friendly message for credentials error" time="0.005">
      <failure>Error: expect(received).toBe(expected) // Object.is equality

Expected: &quot;Invalid email or password. Please try again.&quot;
Received: &quot;Invalid username or password. Please try again.&quot;
    at Object.toBe (D:\Desktop\AI-Based-Quality-Check-On-Project-Code-And-Architecture\frontend\src\lib\__tests__\auth.test.ts:331:52)
    at Promise.finally.completed (D:\Desktop\AI-Based-Quality-Check-On-Project-Code-And-Architecture\frontend\node_modules\jest-circus\build\jestAdapterInit.js:1557:28)
    at new Promise (&lt;anonymous&gt;)
    at callAsyncCircusFn (D:\Desktop\AI-Based-Quality-Check-On-Project-Code-And-Architecture\frontend\node_modules\jest-circus\build\jestAdapterInit.js:1497:10)
    at _callCircusTest (D:\Desktop\AI-Based-Quality-Check-On-Project-Code-And-Architecture\frontend\node_modules\jest-circus\build\jestAdapterInit.js:1007:40)
    at _runTest (D:\Desktop\AI-Based-Quality-Check-On-Project-Code-And-Architecture\frontend\node_modules\jest-circus\build\jestAdapterInit.js:947:3)
    at D:\Desktop\AI-Based-Quality-Check-On-Project-Code-And-Architecture\frontend\node_modules\jest-circus\build\jestAdapterInit.js:849:7
    at _runTestsForDescribeBlock (D:\Desktop\AI-Based-Quality-Check-On-Project-Code-And-Architecture\frontend\node_modules\jest-circus\build\jestAdapterInit.js:862:11)
    at _runTestsForDescribeBlock (D:\Desktop\AI-Based-Quality-Check-On-Project-Code-And-Architecture\frontend\node_modules\jest-circus\build\jestAdapterInit.js:857:11)
    at _runTestsForDescribeBlock (D:\Desktop\AI-Based-Quality-Check-On-Project-Code-And-Architecture\frontend\node_modules\jest-circus\build\jestAdapterInit.js:857:11)
    at _runTestsForDescribeBlock (D:\Desktop\AI-Based-Quality-Check-On-Project-Code-And-Architecture\frontend\node_modules\jest-circus\build\jestAdapterInit.js:857:11)
    at run (D:\Desktop\AI-Based-Quality-Check-On-Project-Code-And-Architecture\frontend\node_modules\jest-circus\build\jestAdapterInit.js:761:3)
    at runAndTransformResultsToJestFormat (D:\Desktop\AI-Based-Quality-Check-On-Project-Code-And-Architecture\frontend\node_modules\jest-circus\build\jestAdapterInit.js:1918:21)
    at jestAdapter (D:\Desktop\AI-Based-Quality-Check-On-Project-Code-And-Architecture\frontend\node_modules\jest-circus\build\runner.js:101:19)
    at runTestInternal (D:\Desktop\AI-Based-Quality-Check-On-Project-Code-And-Architecture\frontend\node_modules\jest-runner\build\index.js:275:16)
    at runTest (D:\Desktop\AI-Based-Quality-Check-On-Project-Code-And-Architecture\frontend\node_modules\jest-runner\build\index.js:343:7)</failure>
    </testcase>
    <testcase classname="Authentication Service › Error Handling › getUserFriendlyErrorMessage" name="should return friendly message for server error" time="0.002">
    </testcase>
    <testcase classname="Authentication Service › Error Handling › getUserFriendlyErrorMessage" name="should return original message for validation error" time="0.002">
    </testcase>
    <testcase classname="Authentication Service › Error Handling › handleAuthError" name="should handle AuthError correctly" time="0.003">
    </testcase>
    <testcase classname="Authentication Service › Error Handling › handleAuthError" name="should convert regular Error to AuthError" time="0.002">
    </testcase>
    <testcase classname="Authentication Service › Error Handling › handleAuthError" name="should handle unknown error types" time="0.003">
    </testcase>
    <testcase classname="Authentication Service › Validation › isValidEmail" name="should validate correct email addresses" time="0.003">
      <failure>TypeError: (0 , _auth.isValidEmail) is not a function
    at Object.&lt;anonymous&gt; (D:\Desktop\AI-Based-Quality-Check-On-Project-Code-And-Architecture\frontend\src\lib\__tests__\auth.test.ts:377:28)
    at Promise.finally.completed (D:\Desktop\AI-Based-Quality-Check-On-Project-Code-And-Architecture\frontend\node_modules\jest-circus\build\jestAdapterInit.js:1557:28)
    at new Promise (&lt;anonymous&gt;)
    at callAsyncCircusFn (D:\Desktop\AI-Based-Quality-Check-On-Project-Code-And-Architecture\frontend\node_modules\jest-circus\build\jestAdapterInit.js:1497:10)
    at _callCircusTest (D:\Desktop\AI-Based-Quality-Check-On-Project-Code-And-Architecture\frontend\node_modules\jest-circus\build\jestAdapterInit.js:1007:40)
    at _runTest (D:\Desktop\AI-Based-Quality-Check-On-Project-Code-And-Architecture\frontend\node_modules\jest-circus\build\jestAdapterInit.js:947:3)
    at D:\Desktop\AI-Based-Quality-Check-On-Project-Code-And-Architecture\frontend\node_modules\jest-circus\build\jestAdapterInit.js:849:7
    at _runTestsForDescribeBlock (D:\Desktop\AI-Based-Quality-Check-On-Project-Code-And-Architecture\frontend\node_modules\jest-circus\build\jestAdapterInit.js:862:11)
    at _runTestsForDescribeBlock (D:\Desktop\AI-Based-Quality-Check-On-Project-Code-And-Architecture\frontend\node_modules\jest-circus\build\jestAdapterInit.js:857:11)
    at _runTestsForDescribeBlock (D:\Desktop\AI-Based-Quality-Check-On-Project-Code-And-Architecture\frontend\node_modules\jest-circus\build\jestAdapterInit.js:857:11)
    at _runTestsForDescribeBlock (D:\Desktop\AI-Based-Quality-Check-On-Project-Code-And-Architecture\frontend\node_modules\jest-circus\build\jestAdapterInit.js:857:11)
    at run (D:\Desktop\AI-Based-Quality-Check-On-Project-Code-And-Architecture\frontend\node_modules\jest-circus\build\jestAdapterInit.js:761:3)
    at runAndTransformResultsToJestFormat (D:\Desktop\AI-Based-Quality-Check-On-Project-Code-And-Architecture\frontend\node_modules\jest-circus\build\jestAdapterInit.js:1918:21)
    at jestAdapter (D:\Desktop\AI-Based-Quality-Check-On-Project-Code-And-Architecture\frontend\node_modules\jest-circus\build\runner.js:101:19)
    at runTestInternal (D:\Desktop\AI-Based-Quality-Check-On-Project-Code-And-Architecture\frontend\node_modules\jest-runner\build\index.js:275:16)
    at runTest (D:\Desktop\AI-Based-Quality-Check-On-Project-Code-And-Architecture\frontend\node_modules\jest-runner\build\index.js:343:7)</failure>
    </testcase>
    <testcase classname="Authentication Service › Validation › isValidEmail" name="should reject invalid email addresses" time="0.003">
      <failure>TypeError: (0 , _auth.isValidEmail) is not a function
    at Object.&lt;anonymous&gt; (D:\Desktop\AI-Based-Quality-Check-On-Project-Code-And-Architecture\frontend\src\lib\__tests__\auth.test.ts:383:28)
    at Promise.finally.completed (D:\Desktop\AI-Based-Quality-Check-On-Project-Code-And-Architecture\frontend\node_modules\jest-circus\build\jestAdapterInit.js:1557:28)
    at new Promise (&lt;anonymous&gt;)
    at callAsyncCircusFn (D:\Desktop\AI-Based-Quality-Check-On-Project-Code-And-Architecture\frontend\node_modules\jest-circus\build\jestAdapterInit.js:1497:10)
    at _callCircusTest (D:\Desktop\AI-Based-Quality-Check-On-Project-Code-And-Architecture\frontend\node_modules\jest-circus\build\jestAdapterInit.js:1007:40)
    at _runTest (D:\Desktop\AI-Based-Quality-Check-On-Project-Code-And-Architecture\frontend\node_modules\jest-circus\build\jestAdapterInit.js:947:3)
    at D:\Desktop\AI-Based-Quality-Check-On-Project-Code-And-Architecture\frontend\node_modules\jest-circus\build\jestAdapterInit.js:849:7
    at _runTestsForDescribeBlock (D:\Desktop\AI-Based-Quality-Check-On-Project-Code-And-Architecture\frontend\node_modules\jest-circus\build\jestAdapterInit.js:862:11)
    at _runTestsForDescribeBlock (D:\Desktop\AI-Based-Quality-Check-On-Project-Code-And-Architecture\frontend\node_modules\jest-circus\build\jestAdapterInit.js:857:11)
    at _runTestsForDescribeBlock (D:\Desktop\AI-Based-Quality-Check-On-Project-Code-And-Architecture\frontend\node_modules\jest-circus\build\jestAdapterInit.js:857:11)
    at _runTestsForDescribeBlock (D:\Desktop\AI-Based-Quality-Check-On-Project-Code-And-Architecture\frontend\node_modules\jest-circus\build\jestAdapterInit.js:857:11)
    at run (D:\Desktop\AI-Based-Quality-Check-On-Project-Code-And-Architecture\frontend\node_modules\jest-circus\build\jestAdapterInit.js:761:3)
    at runAndTransformResultsToJestFormat (D:\Desktop\AI-Based-Quality-Check-On-Project-Code-And-Architecture\frontend\node_modules\jest-circus\build\jestAdapterInit.js:1918:21)
    at jestAdapter (D:\Desktop\AI-Based-Quality-Check-On-Project-Code-And-Architecture\frontend\node_modules\jest-circus\build\runner.js:101:19)
    at runTestInternal (D:\Desktop\AI-Based-Quality-Check-On-Project-Code-And-Architecture\frontend\node_modules\jest-runner\build\index.js:275:16)
    at runTest (D:\Desktop\AI-Based-Quality-Check-On-Project-Code-And-Architecture\frontend\node_modules\jest-runner\build\index.js:343:7)</failure>
    </testcase>
    <testcase classname="Authentication Service › Validation › isValidPassword" name="should validate strong passwords" time="0.004">
    </testcase>
    <testcase classname="Authentication Service › Validation › isValidPassword" name="should reject password that is too short" time="0.003">
    </testcase>
    <testcase classname="Authentication Service › Validation › isValidPassword" name="should reject password without uppercase letter" time="0.002">
    </testcase>
    <testcase classname="Authentication Service › Validation › isValidPassword" name="should reject password without lowercase letter" time="0.003">
    </testcase>
    <testcase classname="Authentication Service › Validation › isValidPassword" name="should reject password without number" time="0.003">
    </testcase>
    <testcase classname="Authentication Service › Validation › isValidPassword" name="should return multiple errors for weak password" time="0.003">
    </testcase>
    <testcase classname="Authentication Service › Validation › validateCredentials" name="should validate correct credentials" time="0.003">
      <failure>Error: expect(received).toBe(expected) // Object.is equality

Expected: true
Received: false
    at Object.toBe (D:\Desktop\AI-Based-Quality-Check-On-Project-Code-And-Architecture\frontend\src\lib\__tests__\auth.test.ts:435:30)
    at Promise.finally.completed (D:\Desktop\AI-Based-Quality-Check-On-Project-Code-And-Architecture\frontend\node_modules\jest-circus\build\jestAdapterInit.js:1557:28)
    at new Promise (&lt;anonymous&gt;)
    at callAsyncCircusFn (D:\Desktop\AI-Based-Quality-Check-On-Project-Code-And-Architecture\frontend\node_modules\jest-circus\build\jestAdapterInit.js:1497:10)
    at _callCircusTest (D:\Desktop\AI-Based-Quality-Check-On-Project-Code-And-Architecture\frontend\node_modules\jest-circus\build\jestAdapterInit.js:1007:40)
    at _runTest (D:\Desktop\AI-Based-Quality-Check-On-Project-Code-And-Architecture\frontend\node_modules\jest-circus\build\jestAdapterInit.js:947:3)
    at D:\Desktop\AI-Based-Quality-Check-On-Project-Code-And-Architecture\frontend\node_modules\jest-circus\build\jestAdapterInit.js:849:7
    at _runTestsForDescribeBlock (D:\Desktop\AI-Based-Quality-Check-On-Project-Code-And-Architecture\frontend\node_modules\jest-circus\build\jestAdapterInit.js:862:11)
    at _runTestsForDescribeBlock (D:\Desktop\AI-Based-Quality-Check-On-Project-Code-And-Architecture\frontend\node_modules\jest-circus\build\jestAdapterInit.js:857:11)
    at _runTestsForDescribeBlock (D:\Desktop\AI-Based-Quality-Check-On-Project-Code-And-Architecture\frontend\node_modules\jest-circus\build\jestAdapterInit.js:857:11)
    at _runTestsForDescribeBlock (D:\Desktop\AI-Based-Quality-Check-On-Project-Code-And-Architecture\frontend\node_modules\jest-circus\build\jestAdapterInit.js:857:11)
    at run (D:\Desktop\AI-Based-Quality-Check-On-Project-Code-And-Architecture\frontend\node_modules\jest-circus\build\jestAdapterInit.js:761:3)
    at runAndTransformResultsToJestFormat (D:\Desktop\AI-Based-Quality-Check-On-Project-Code-And-Architecture\frontend\node_modules\jest-circus\build\jestAdapterInit.js:1918:21)
    at jestAdapter (D:\Desktop\AI-Based-Quality-Check-On-Project-Code-And-Architecture\frontend\node_modules\jest-circus\build\runner.js:101:19)
    at runTestInternal (D:\Desktop\AI-Based-Quality-Check-On-Project-Code-And-Architecture\frontend\node_modules\jest-runner\build\index.js:275:16)
    at runTest (D:\Desktop\AI-Based-Quality-Check-On-Project-Code-And-Architecture\frontend\node_modules\jest-runner\build\index.js:343:7)</failure>
    </testcase>
    <testcase classname="Authentication Service › Validation › validateCredentials" name="should reject missing email" time="0.005">
      <failure>Error: expect(received).toContain(expected) // indexOf

Expected value: &quot;Email is required&quot;
Received array: [&quot;Username is required&quot;]
    at Object.toContain (D:\Desktop\AI-Based-Quality-Check-On-Project-Code-And-Architecture\frontend\src\lib\__tests__\auth.test.ts:445:31)
    at Promise.finally.completed (D:\Desktop\AI-Based-Quality-Check-On-Project-Code-And-Architecture\frontend\node_modules\jest-circus\build\jestAdapterInit.js:1557:28)
    at new Promise (&lt;anonymous&gt;)
    at callAsyncCircusFn (D:\Desktop\AI-Based-Quality-Check-On-Project-Code-And-Architecture\frontend\node_modules\jest-circus\build\jestAdapterInit.js:1497:10)
    at _callCircusTest (D:\Desktop\AI-Based-Quality-Check-On-Project-Code-And-Architecture\frontend\node_modules\jest-circus\build\jestAdapterInit.js:1007:40)
    at _runTest (D:\Desktop\AI-Based-Quality-Check-On-Project-Code-And-Architecture\frontend\node_modules\jest-circus\build\jestAdapterInit.js:947:3)
    at D:\Desktop\AI-Based-Quality-Check-On-Project-Code-And-Architecture\frontend\node_modules\jest-circus\build\jestAdapterInit.js:849:7
    at _runTestsForDescribeBlock (D:\Desktop\AI-Based-Quality-Check-On-Project-Code-And-Architecture\frontend\node_modules\jest-circus\build\jestAdapterInit.js:862:11)
    at _runTestsForDescribeBlock (D:\Desktop\AI-Based-Quality-Check-On-Project-Code-And-Architecture\frontend\node_modules\jest-circus\build\jestAdapterInit.js:857:11)
    at _runTestsForDescribeBlock (D:\Desktop\AI-Based-Quality-Check-On-Project-Code-And-Architecture\frontend\node_modules\jest-circus\build\jestAdapterInit.js:857:11)
    at _runTestsForDescribeBlock (D:\Desktop\AI-Based-Quality-Check-On-Project-Code-And-Architecture\frontend\node_modules\jest-circus\build\jestAdapterInit.js:857:11)
    at run (D:\Desktop\AI-Based-Quality-Check-On-Project-Code-And-Architecture\frontend\node_modules\jest-circus\build\jestAdapterInit.js:761:3)
    at runAndTransformResultsToJestFormat (D:\Desktop\AI-Based-Quality-Check-On-Project-Code-And-Architecture\frontend\node_modules\jest-circus\build\jestAdapterInit.js:1918:21)
    at jestAdapter (D:\Desktop\AI-Based-Quality-Check-On-Project-Code-And-Architecture\frontend\node_modules\jest-circus\build\runner.js:101:19)
    at runTestInternal (D:\Desktop\AI-Based-Quality-Check-On-Project-Code-And-Architecture\frontend\node_modules\jest-runner\build\index.js:275:16)
    at runTest (D:\Desktop\AI-Based-Quality-Check-On-Project-Code-And-Architecture\frontend\node_modules\jest-runner\build\index.js:343:7)</failure>
    </testcase>
    <testcase classname="Authentication Service › Validation › validateCredentials" name="should reject invalid email format" time="0.003">
      <failure>Error: expect(received).toContain(expected) // indexOf

Expected value: &quot;Invalid email format&quot;
Received array: [&quot;Username is required&quot;]
    at Object.toContain (D:\Desktop\AI-Based-Quality-Check-On-Project-Code-And-Architecture\frontend\src\lib\__tests__\auth.test.ts:454:31)
    at Promise.finally.completed (D:\Desktop\AI-Based-Quality-Check-On-Project-Code-And-Architecture\frontend\node_modules\jest-circus\build\jestAdapterInit.js:1557:28)
    at new Promise (&lt;anonymous&gt;)
    at callAsyncCircusFn (D:\Desktop\AI-Based-Quality-Check-On-Project-Code-And-Architecture\frontend\node_modules\jest-circus\build\jestAdapterInit.js:1497:10)
    at _callCircusTest (D:\Desktop\AI-Based-Quality-Check-On-Project-Code-And-Architecture\frontend\node_modules\jest-circus\build\jestAdapterInit.js:1007:40)
    at _runTest (D:\Desktop\AI-Based-Quality-Check-On-Project-Code-And-Architecture\frontend\node_modules\jest-circus\build\jestAdapterInit.js:947:3)
    at D:\Desktop\AI-Based-Quality-Check-On-Project-Code-And-Architecture\frontend\node_modules\jest-circus\build\jestAdapterInit.js:849:7
    at _runTestsForDescribeBlock (D:\Desktop\AI-Based-Quality-Check-On-Project-Code-And-Architecture\frontend\node_modules\jest-circus\build\jestAdapterInit.js:862:11)
    at _runTestsForDescribeBlock (D:\Desktop\AI-Based-Quality-Check-On-Project-Code-And-Architecture\frontend\node_modules\jest-circus\build\jestAdapterInit.js:857:11)
    at _runTestsForDescribeBlock (D:\Desktop\AI-Based-Quality-Check-On-Project-Code-And-Architecture\frontend\node_modules\jest-circus\build\jestAdapterInit.js:857:11)
    at _runTestsForDescribeBlock (D:\Desktop\AI-Based-Quality-Check-On-Project-Code-And-Architecture\frontend\node_modules\jest-circus\build\jestAdapterInit.js:857:11)
    at run (D:\Desktop\AI-Based-Quality-Check-On-Project-Code-And-Architecture\frontend\node_modules\jest-circus\build\jestAdapterInit.js:761:3)
    at runAndTransformResultsToJestFormat (D:\Desktop\AI-Based-Quality-Check-On-Project-Code-And-Architecture\frontend\node_modules\jest-circus\build\jestAdapterInit.js:1918:21)
    at jestAdapter (D:\Desktop\AI-Based-Quality-Check-On-Project-Code-And-Architecture\frontend\node_modules\jest-circus\build\runner.js:101:19)
    at runTestInternal (D:\Desktop\AI-Based-Quality-Check-On-Project-Code-And-Architecture\frontend\node_modules\jest-runner\build\index.js:275:16)
    at runTest (D:\Desktop\AI-Based-Quality-Check-On-Project-Code-And-Architecture\frontend\node_modules\jest-runner\build\index.js:343:7)</failure>
    </testcase>
    <testcase classname="Authentication Service › Validation › validateCredentials" name="should reject missing password" time="0.002">
    </testcase>
    <testcase classname="Authentication Service › Validation › validateCredentials" name="should return multiple errors for invalid credentials" time="0.002">
    </testcase>
  </testsuite>
  <testsuite name="WebSocketManager" errors="0" failures="1" skipped="0" timestamp="2026-03-08T07:41:01" time="0.615" tests="25">
    <testcase classname="WebSocketManager › Initialization" name="should create WebSocket connection with autoConnect" time="0.01">
    </testcase>
    <testcase classname="WebSocketManager › Initialization" name="should not connect when autoConnect is false" time="0.004">
    </testcase>
    <testcase classname="WebSocketManager › Initialization" name="should use custom timeout" time="0.003">
    </testcase>
    <testcase classname="WebSocketManager › Connection Events" name="should emit connecting event when connecting" time="0.002">
    </testcase>
    <testcase classname="WebSocketManager › Connection Events" name="should emit connected event on successful connection" time="0.009">
    </testcase>
    <testcase classname="WebSocketManager › Connection Events" name="should emit disconnected event on disconnect" time="0.022">
    </testcase>
    <testcase classname="WebSocketManager › Connection Events" name="should emit error event on connection error" time="0.021">
    </testcase>
    <testcase classname="WebSocketManager › Reconnection Logic" name="should attempt reconnection after disconnect" time="0.006">
    </testcase>
    <testcase classname="WebSocketManager › Reconnection Logic" name="should use exponential backoff for reconnection" time="0.007">
    </testcase>
    <testcase classname="WebSocketManager › Reconnection Logic" name="should stop reconnecting after max attempts" time="0.006">
    </testcase>
    <testcase classname="WebSocketManager › Reconnection Logic" name="should not reconnect on manual disconnect" time="0.004">
    </testcase>
    <testcase classname="WebSocketManager › Message Sending" name="should send message when connected" time="0.005">
    </testcase>
    <testcase classname="WebSocketManager › Message Sending" name="should not send message when disconnected" time="0.006">
    </testcase>
    <testcase classname="WebSocketManager › Message Sending" name="should handle send errors gracefully" time="0.01">
    </testcase>
    <testcase classname="WebSocketManager › Heartbeat" name="should send ping messages periodically when connected" time="0.006">
    </testcase>
    <testcase classname="WebSocketManager › Heartbeat" name="should stop heartbeat on disconnect" time="0.005">
    </testcase>
    <testcase classname="WebSocketManager › Metrics" name="should track connection metrics" time="0.006">
    </testcase>
    <testcase classname="WebSocketManager › Metrics" name="should track message count" time="0.006">
    </testcase>
    <testcase classname="WebSocketManager › Metrics" name="should track latency from pong events" time="0.004">
    </testcase>
    <testcase classname="WebSocketManager › Convenience Methods" name="should subscribe to project updates" time="0.005">
    </testcase>
    <testcase classname="WebSocketManager › Convenience Methods" name="should unsubscribe from project updates" time="0.004">
    </testcase>
    <testcase classname="WebSocketManager › Convenience Methods" name="should subscribe to performance updates" time="0.007">
      <failure>Error: expect(jest.fn()).toHaveBeenCalledWith(...expected)

Expected: &quot;subscribe:performance&quot;
Received: &quot;subscribe:performance&quot;, undefined

Number of calls: 1
    at Object.toHaveBeenCalledWith (D:\Desktop\AI-Based-Quality-Check-On-Project-Code-And-Architecture\frontend\src\lib\__tests__\websocket-manager.test.ts:423:31)
    at Promise.finally.completed (D:\Desktop\AI-Based-Quality-Check-On-Project-Code-And-Architecture\frontend\node_modules\jest-circus\build\jestAdapterInit.js:1557:28)
    at new Promise (&lt;anonymous&gt;)
    at callAsyncCircusFn (D:\Desktop\AI-Based-Quality-Check-On-Project-Code-And-Architecture\frontend\node_modules\jest-circus\build\jestAdapterInit.js:1497:10)
    at _callCircusTest (D:\Desktop\AI-Based-Quality-Check-On-Project-Code-And-Architecture\frontend\node_modules\jest-circus\build\jestAdapterInit.js:1007:40)
    at _runTest (D:\Desktop\AI-Based-Quality-Check-On-Project-Code-And-Architecture\frontend\node_modules\jest-circus\build\jestAdapterInit.js:947:3)
    at D:\Desktop\AI-Based-Quality-Check-On-Project-Code-And-Architecture\frontend\node_modules\jest-circus\build\jestAdapterInit.js:849:7
    at _runTestsForDescribeBlock (D:\Desktop\AI-Based-Quality-Check-On-Project-Code-And-Architecture\frontend\node_modules\jest-circus\build\jestAdapterInit.js:862:11)
    at _runTestsForDescribeBlock (D:\Desktop\AI-Based-Quality-Check-On-Project-Code-And-Architecture\frontend\node_modules\jest-circus\build\jestAdapterInit.js:857:11)
    at _runTestsForDescribeBlock (D:\Desktop\AI-Based-Quality-Check-On-Project-Code-And-Architecture\frontend\node_modules\jest-circus\build\jestAdapterInit.js:857:11)
    at run (D:\Desktop\AI-Based-Quality-Check-On-Project-Code-And-Architecture\frontend\node_modules\jest-circus\build\jestAdapterInit.js:761:3)
    at runAndTransformResultsToJestFormat (D:\Desktop\AI-Based-Quality-Check-On-Project-Code-And-Architecture\frontend\node_modules\jest-circus\build\jestAdapterInit.js:1918:21)
    at jestAdapter (D:\Desktop\AI-Based-Quality-Check-On-Project-Code-And-Architecture\frontend\node_modules\jest-circus\build\runner.js:101:19)
    at runTestInternal (D:\Desktop\AI-Based-Quality-Check-On-Project-Code-And-Architecture\frontend\node_modules\jest-runner\build\index.js:275:16)
    at runTest (D:\Desktop\AI-Based-Quality-Check-On-Project-Code-And-Architecture\frontend\node_modules\jest-runner\build\index.js:343:7)</failure>
    </testcase>
    <testcase classname="WebSocketManager › Convenience Methods" name="should handle project update events" time="0.004">
    </testcase>
    <testcase classname="WebSocketManager › Connection State" name="should return correct connection state" time="0.004">
    </testcase>
    <testcase classname="WebSocketManager › Connection State" name="should return correct isConnected status" time="0.004">
    </testcase>
  </testsuite>
  <testsuite name="usePermission" errors="0" failures="3" skipped="0" timestamp="2026-03-08T07:41:02" time="0.714" tests="11">
    <testcase classname="usePermission › Admin role" name="should have all permissions" time="0.033">
      <failure>Error: expect(received).toBe(expected) // Object.is equality

Expected: true
Received: false
    at Object.toBe (D:\Desktop\AI-Based-Quality-Check-On-Project-Code-And-Architecture\frontend\src\hooks\__tests__\usePermission.test.tsx:38:70)
    at Promise.finally.completed (D:\Desktop\AI-Based-Quality-Check-On-Project-Code-And-Architecture\frontend\node_modules\jest-circus\build\jestAdapterInit.js:1557:28)
    at new Promise (&lt;anonymous&gt;)
    at callAsyncCircusFn (D:\Desktop\AI-Based-Quality-Check-On-Project-Code-And-Architecture\frontend\node_modules\jest-circus\build\jestAdapterInit.js:1497:10)
    at _callCircusTest (D:\Desktop\AI-Based-Quality-Check-On-Project-Code-And-Architecture\frontend\node_modules\jest-circus\build\jestAdapterInit.js:1007:40)
    at _runTest (D:\Desktop\AI-Based-Quality-Check-On-Project-Code-And-Architecture\frontend\node_modules\jest-circus\build\jestAdapterInit.js:947:3)
    at D:\Desktop\AI-Based-Quality-Check-On-Project-Code-And-Architecture\frontend\node_modules\jest-circus\build\jestAdapterInit.js:849:7
    at _runTestsForDescribeBlock (D:\Desktop\AI-Based-Quality-Check-On-Project-Code-And-Architecture\frontend\node_modules\jest-circus\build\jestAdapterInit.js:862:11)
    at _runTestsForDescribeBlock (D:\Desktop\AI-Based-Quality-Check-On-Project-Code-And-Architecture\frontend\node_modules\jest-circus\build\jestAdapterInit.js:857:11)
    at _runTestsForDescribeBlock (D:\Desktop\AI-Based-Quality-Check-On-Project-Code-And-Architecture\frontend\node_modules\jest-circus\build\jestAdapterInit.js:857:11)
    at run (D:\Desktop\AI-Based-Quality-Check-On-Project-Code-And-Architecture\frontend\node_modules\jest-circus\build\jestAdapterInit.js:761:3)
    at runAndTransformResultsToJestFormat (D:\Desktop\AI-Based-Quality-Check-On-Project-Code-And-Architecture\frontend\node_modules\jest-circus\build\jestAdapterInit.js:1918:21)
    at jestAdapter (D:\Desktop\AI-Based-Quality-Check-On-Project-Code-And-Architecture\frontend\node_modules\jest-circus\build\runner.js:101:19)
    at runTestInternal (D:\Desktop\AI-Based-Quality-Check-On-Project-Code-And-Architecture\frontend\node_modules\jest-runner\build\index.js:275:16)
    at runTest (D:\Desktop\AI-Based-Quality-Check-On-Project-Code-And-Architecture\frontend\node_modules\jest-runner\build\index.js:343:7)</failure>
    </testcase>
    <testcase classname="usePermission › Admin role" name="should not be loading" time="0.007">
    </testcase>
    <testcase classname="usePermission › Programmer role" name="should have project and review permissions" time="0.009">
      <failure>Error: expect(received).toBe(expected) // Object.is equality

Expected: true
Received: false
    at Object.toBe (D:\Desktop\AI-Based-Quality-Check-On-Project-Code-And-Architecture\frontend\src\hooks\__tests__\usePermission.test.tsx:73:70)
    at Promise.finally.completed (D:\Desktop\AI-Based-Quality-Check-On-Project-Code-And-Architecture\frontend\node_modules\jest-circus\build\jestAdapterInit.js:1557:28)
    at new Promise (&lt;anonymous&gt;)
    at callAsyncCircusFn (D:\Desktop\AI-Based-Quality-Check-On-Project-Code-And-Architecture\frontend\node_modules\jest-circus\build\jestAdapterInit.js:1497:10)
    at _callCircusTest (D:\Desktop\AI-Based-Quality-Check-On-Project-Code-And-Architecture\frontend\node_modules\jest-circus\build\jestAdapterInit.js:1007:40)
    at _runTest (D:\Desktop\AI-Based-Quality-Check-On-Project-Code-And-Architecture\frontend\node_modules\jest-circus\build\jestAdapterInit.js:947:3)
    at D:\Desktop\AI-Based-Quality-Check-On-Project-Code-And-Architecture\frontend\node_modules\jest-circus\build\jestAdapterInit.js:849:7
    at _runTestsForDescribeBlock (D:\Desktop\AI-Based-Quality-Check-On-Project-Code-And-Architecture\frontend\node_modules\jest-circus\build\jestAdapterInit.js:862:11)
    at _runTestsForDescribeBlock (D:\Desktop\AI-Based-Quality-Check-On-Project-Code-And-Architecture\frontend\node_modules\jest-circus\build\jestAdapterInit.js:857:11)
    at _runTestsForDescribeBlock (D:\Desktop\AI-Based-Quality-Check-On-Project-Code-And-Architecture\frontend\node_modules\jest-circus\build\jestAdapterInit.js:857:11)
    at run (D:\Desktop\AI-Based-Quality-Check-On-Project-Code-And-Architecture\frontend\node_modules\jest-circus\build\jestAdapterInit.js:761:3)
    at runAndTransformResultsToJestFormat (D:\Desktop\AI-Based-Quality-Check-On-Project-Code-And-Architecture\frontend\node_modules\jest-circus\build\jestAdapterInit.js:1918:21)
    at jestAdapter (D:\Desktop\AI-Based-Quality-Check-On-Project-Code-And-Architecture\frontend\node_modules\jest-circus\build\runner.js:101:19)
    at runTestInternal (D:\Desktop\AI-Based-Quality-Check-On-Project-Code-And-Architecture\frontend\node_modules\jest-runner\build\index.js:275:16)
    at runTest (D:\Desktop\AI-Based-Quality-Check-On-Project-Code-And-Architecture\frontend\node_modules\jest-runner\build\index.js:343:7)</failure>
    </testcase>
    <testcase classname="usePermission › Programmer role" name="should not have user management permissions" time="0.008">
    </testcase>
    <testcase classname="usePermission › Programmer role" name="should not have delete project permission" time="0.01">
    </testcase>
    <testcase classname="usePermission › Programmer role" name="should not have config modification permission" time="0.008">
    </testcase>
    <testcase classname="usePermission › Visitor role" name="should only have view permissions" time="0.009">
      <failure>Error: expect(received).toBe(expected) // Object.is equality

Expected: true
Received: false
    at Object.toBe (D:\Desktop\AI-Based-Quality-Check-On-Project-Code-And-Architecture\frontend\src\hooks\__tests__\usePermission.test.tsx:116:70)
    at Promise.finally.completed (D:\Desktop\AI-Based-Quality-Check-On-Project-Code-And-Architecture\frontend\node_modules\jest-circus\build\jestAdapterInit.js:1557:28)
    at new Promise (&lt;anonymous&gt;)
    at callAsyncCircusFn (D:\Desktop\AI-Based-Quality-Check-On-Project-Code-And-Architecture\frontend\node_modules\jest-circus\build\jestAdapterInit.js:1497:10)
    at _callCircusTest (D:\Desktop\AI-Based-Quality-Check-On-Project-Code-And-Architecture\frontend\node_modules\jest-circus\build\jestAdapterInit.js:1007:40)
    at _runTest (D:\Desktop\AI-Based-Quality-Check-On-Project-Code-And-Architecture\frontend\node_modules\jest-circus\build\jestAdapterInit.js:947:3)
    at D:\Desktop\AI-Based-Quality-Check-On-Project-Code-And-Architecture\frontend\node_modules\jest-circus\build\jestAdapterInit.js:849:7
    at _runTestsForDescribeBlock (D:\Desktop\AI-Based-Quality-Check-On-Project-Code-And-Architecture\frontend\node_modules\jest-circus\build\jestAdapterInit.js:862:11)
    at _runTestsForDescribeBlock (D:\Desktop\AI-Based-Quality-Check-On-Project-Code-And-Architecture\frontend\node_modules\jest-circus\build\jestAdapterInit.js:857:11)
    at _runTestsForDescribeBlock (D:\Desktop\AI-Based-Quality-Check-On-Project-Code-And-Architecture\frontend\node_modules\jest-circus\build\jestAdapterInit.js:857:11)
    at run (D:\Desktop\AI-Based-Quality-Check-On-Project-Code-And-Architecture\frontend\node_modules\jest-circus\build\jestAdapterInit.js:761:3)
    at runAndTransformResultsToJestFormat (D:\Desktop\AI-Based-Quality-Check-On-Project-Code-And-Architecture\frontend\node_modules\jest-circus\build\jestAdapterInit.js:1918:21)
    at jestAdapter (D:\Desktop\AI-Based-Quality-Check-On-Project-Code-And-Architecture\frontend\node_modules\jest-circus\build\runner.js:101:19)
    at runTestInternal (D:\Desktop\AI-Based-Quality-Check-On-Project-Code-And-Architecture\frontend\node_modules\jest-runner\build\index.js:275:16)
    at runTest (D:\Desktop\AI-Based-Quality-Check-On-Project-Code-And-Architecture\frontend\node_modules\jest-runner\build\index.js:343:7)</failure>
    </testcase>
    <testcase classname="usePermission › Visitor role" name="should not have create/modify/delete permissions" time="0.009">
    </testcase>
    <testcase classname="usePermission › No user (unauthenticated)" name="should have no permissions" time="0.008">
    </testcase>
    <testcase classname="usePermission › Loading state" name="should reflect loading state" time="0.008">
    </testcase>
    <testcase classname="usePermission › Invalid role" name="should have no permissions for invalid role" time="0.031">
    </testcase>
  </testsuite>
  <testsuite name="Integration Tests: Authentication Flow" errors="0" failures="19" skipped="0" timestamp="2026-03-08T07:41:03" time="0.61" tests="21">
    <testcase classname="Integration Tests: Authentication Flow › Complete Authentication Flow" name="should complete full authentication flow with valid credentials" time="0.005">
      <failure>Error: Username and password are required
    at createAuthError (D:\Desktop\AI-Based-Quality-Check-On-Project-Code-And-Architecture\frontend\src\lib\auth.ts:260:17)
    at createAuthError (D:\Desktop\AI-Based-Quality-Check-On-Project-Code-And-Architecture\frontend\src\lib\auth.ts:151:11)
    at Object.&lt;anonymous&gt; (D:\Desktop\AI-Based-Quality-Check-On-Project-Code-And-Architecture\frontend\src\lib\__tests__\auth.integration.test.ts:61:42)
    at Promise.finally.completed (D:\Desktop\AI-Based-Quality-Check-On-Project-Code-And-Architecture\frontend\node_modules\jest-circus\build\jestAdapterInit.js:1557:28)
    at new Promise (&lt;anonymous&gt;)
    at callAsyncCircusFn (D:\Desktop\AI-Based-Quality-Check-On-Project-Code-And-Architecture\frontend\node_modules\jest-circus\build\jestAdapterInit.js:1497:10)
    at _callCircusTest (D:\Desktop\AI-Based-Quality-Check-On-Project-Code-And-Architecture\frontend\node_modules\jest-circus\build\jestAdapterInit.js:1007:40)
    at _runTest (D:\Desktop\AI-Based-Quality-Check-On-Project-Code-And-Architecture\frontend\node_modules\jest-circus\build\jestAdapterInit.js:947:3)
    at D:\Desktop\AI-Based-Quality-Check-On-Project-Code-And-Architecture\frontend\node_modules\jest-circus\build\jestAdapterInit.js:849:7
    at _runTestsForDescribeBlock (D:\Desktop\AI-Based-Quality-Check-On-Project-Code-And-Architecture\frontend\node_modules\jest-circus\build\jestAdapterInit.js:862:11)
    at _runTestsForDescribeBlock (D:\Desktop\AI-Based-Quality-Check-On-Project-Code-And-Architecture\frontend\node_modules\jest-circus\build\jestAdapterInit.js:857:11)
    at _runTestsForDescribeBlock (D:\Desktop\AI-Based-Quality-Check-On-Project-Code-And-Architecture\frontend\node_modules\jest-circus\build\jestAdapterInit.js:857:11)
    at run (D:\Desktop\AI-Based-Quality-Check-On-Project-Code-And-Architecture\frontend\node_modules\jest-circus\build\jestAdapterInit.js:761:3)
    at runAndTransformResultsToJestFormat (D:\Desktop\AI-Based-Quality-Check-On-Project-Code-And-Architecture\frontend\node_modules\jest-circus\build\jestAdapterInit.js:1918:21)
    at jestAdapter (D:\Desktop\AI-Based-Quality-Check-On-Project-Code-And-Architecture\frontend\node_modules\jest-circus\build\runner.js:101:19)
    at runTestInternal (D:\Desktop\AI-Based-Quality-Check-On-Project-Code-And-Architecture\frontend\node_modules\jest-runner\build\index.js:275:16)
    at runTest (D:\Desktop\AI-Based-Quality-Check-On-Project-Code-And-Architecture\frontend\node_modules\jest-runner\build\index.js:343:7)</failure>
    </testcase>
    <testcase classname="Integration Tests: Authentication Flow › Complete Authentication Flow" name="should handle authentication failure at login step" time="0.016">
      <failure>Error: expect(received).rejects.toMatchObject(expected)

- Expected  - 3
+ Received  + 2

  Object {
-   &quot;message&quot;: &quot;Invalid credentials&quot;,
-   &quot;statusCode&quot;: 401,
-   &quot;type&quot;: &quot;credentials&quot;,
+   &quot;statusCode&quot;: undefined,
+   &quot;type&quot;: &quot;validation&quot;,
  }
    at Object.toMatchObject (D:\Desktop\AI-Based-Quality-Check-On-Project-Code-And-Architecture\frontend\node_modules\expect\build\index.js:2155:20)
    at Object.toMatchObject (D:\Desktop\AI-Based-Quality-Check-On-Project-Code-And-Architecture\frontend\src\lib\__tests__\auth.integration.test.ts:103:59)
    at Promise.finally.completed (D:\Desktop\AI-Based-Quality-Check-On-Project-Code-And-Architecture\frontend\node_modules\jest-circus\build\jestAdapterInit.js:1557:28)
    at new Promise (&lt;anonymous&gt;)
    at callAsyncCircusFn (D:\Desktop\AI-Based-Quality-Check-On-Project-Code-And-Architecture\frontend\node_modules\jest-circus\build\jestAdapterInit.js:1497:10)
    at _callCircusTest (D:\Desktop\AI-Based-Quality-Check-On-Project-Code-And-Architecture\frontend\node_modules\jest-circus\build\jestAdapterInit.js:1007:40)
    at _runTest (D:\Desktop\AI-Based-Quality-Check-On-Project-Code-And-Architecture\frontend\node_modules\jest-circus\build\jestAdapterInit.js:947:3)
    at D:\Desktop\AI-Based-Quality-Check-On-Project-Code-And-Architecture\frontend\node_modules\jest-circus\build\jestAdapterInit.js:849:7
    at _runTestsForDescribeBlock (D:\Desktop\AI-Based-Quality-Check-On-Project-Code-And-Architecture\frontend\node_modules\jest-circus\build\jestAdapterInit.js:862:11)
    at _runTestsForDescribeBlock (D:\Desktop\AI-Based-Quality-Check-On-Project-Code-And-Architecture\frontend\node_modules\jest-circus\build\jestAdapterInit.js:857:11)
    at _runTestsForDescribeBlock (D:\Desktop\AI-Based-Quality-Check-On-Project-Code-And-Architecture\frontend\node_modules\jest-circus\build\jestAdapterInit.js:857:11)
    at run (D:\Desktop\AI-Based-Quality-Check-On-Project-Code-And-Architecture\frontend\node_modules\jest-circus\build\jestAdapterInit.js:761:3)
    at runAndTransformResultsToJestFormat (D:\Desktop\AI-Based-Quality-Check-On-Project-Code-And-Architecture\frontend\node_modules\jest-circus\build\jestAdapterInit.js:1918:21)
    at jestAdapter (D:\Desktop\AI-Based-Quality-Check-On-Project-Code-And-Architecture\frontend\node_modules\jest-circus\build\runner.js:101:19)
    at runTestInternal (D:\Desktop\AI-Based-Quality-Check-On-Project-Code-And-Architecture\frontend\node_modules\jest-runner\build\index.js:275:16)
    at runTest (D:\Desktop\AI-Based-Quality-Check-On-Project-Code-And-Architecture\frontend\node_modules\jest-runner\build\index.js:343:7)</failure>
    </testcase>
    <testcase classname="Integration Tests: Authentication Flow › Complete Authentication Flow" name="should handle authentication failure at user details step" time="0.005">
      <failure>Error: expect(received).rejects.toMatchObject(expected)

- Expected  - 3
+ Received  + 2

  Object {
-   &quot;message&quot;: &quot;Failed to fetch user details&quot;,
-   &quot;statusCode&quot;: 500,
-   &quot;type&quot;: &quot;server&quot;,
+   &quot;statusCode&quot;: undefined,
+   &quot;type&quot;: &quot;validation&quot;,
  }
    at Object.toMatchObject (D:\Desktop\AI-Based-Quality-Check-On-Project-Code-And-Architecture\frontend\node_modules\expect\build\index.js:2155:20)
    at Object.toMatchObject (D:\Desktop\AI-Based-Quality-Check-On-Project-Code-And-Architecture\frontend\src\lib\__tests__\auth.integration.test.ts:136:59)
    at Promise.finally.completed (D:\Desktop\AI-Based-Quality-Check-On-Project-Code-And-Architecture\frontend\node_modules\jest-circus\build\jestAdapterInit.js:1557:28)
    at new Promise (&lt;anonymous&gt;)
    at callAsyncCircusFn (D:\Desktop\AI-Based-Quality-Check-On-Project-Code-And-Architecture\frontend\node_modules\jest-circus\build\jestAdapterInit.js:1497:10)
    at _callCircusTest (D:\Desktop\AI-Based-Quality-Check-On-Project-Code-And-Architecture\frontend\node_modules\jest-circus\build\jestAdapterInit.js:1007:40)
    at _runTest (D:\Desktop\AI-Based-Quality-Check-On-Project-Code-And-Architecture\frontend\node_modules\jest-circus\build\jestAdapterInit.js:947:3)
    at D:\Desktop\AI-Based-Quality-Check-On-Project-Code-And-Architecture\frontend\node_modules\jest-circus\build\jestAdapterInit.js:849:7
    at _runTestsForDescribeBlock (D:\Desktop\AI-Based-Quality-Check-On-Project-Code-And-Architecture\frontend\node_modules\jest-circus\build\jestAdapterInit.js:862:11)
    at _runTestsForDescribeBlock (D:\Desktop\AI-Based-Quality-Check-On-Project-Code-And-Architecture\frontend\node_modules\jest-circus\build\jestAdapterInit.js:857:11)
    at _runTestsForDescribeBlock (D:\Desktop\AI-Based-Quality-Check-On-Project-Code-And-Architecture\frontend\node_modules\jest-circus\build\jestAdapterInit.js:857:11)
    at run (D:\Desktop\AI-Based-Quality-Check-On-Project-Code-And-Architecture\frontend\node_modules\jest-circus\build\jestAdapterInit.js:761:3)
    at runAndTransformResultsToJestFormat (D:\Desktop\AI-Based-Quality-Check-On-Project-Code-And-Architecture\frontend\node_modules\jest-circus\build\jestAdapterInit.js:1918:21)
    at jestAdapter (D:\Desktop\AI-Based-Quality-Check-On-Project-Code-And-Architecture\frontend\node_modules\jest-circus\build\runner.js:101:19)
    at runTestInternal (D:\Desktop\AI-Based-Quality-Check-On-Project-Code-And-Architecture\frontend\node_modules\jest-runner\build\index.js:275:16)
    at runTest (D:\Desktop\AI-Based-Quality-Check-On-Project-Code-And-Architecture\frontend\node_modules\jest-runner\build\index.js:343:7)</failure>
    </testcase>
    <testcase classname="Integration Tests: Authentication Flow › Session Management" name="should properly format user data for session storage" time="0.003">
      <failure>Error: Username and password are required
    at createAuthError (D:\Desktop\AI-Based-Quality-Check-On-Project-Code-And-Architecture\frontend\src\lib\auth.ts:260:17)
    at createAuthError (D:\Desktop\AI-Based-Quality-Check-On-Project-Code-And-Architecture\frontend\src\lib\auth.ts:151:11)
    at Object.&lt;anonymous&gt; (D:\Desktop\AI-Based-Quality-Check-On-Project-Code-And-Architecture\frontend\src\lib\__tests__\auth.integration.test.ts:172:42)
    at Promise.finally.completed (D:\Desktop\AI-Based-Quality-Check-On-Project-Code-And-Architecture\frontend\node_modules\jest-circus\build\jestAdapterInit.js:1557:28)
    at new Promise (&lt;anonymous&gt;)
    at callAsyncCircusFn (D:\Desktop\AI-Based-Quality-Check-On-Project-Code-And-Architecture\frontend\node_modules\jest-circus\build\jestAdapterInit.js:1497:10)
    at _callCircusTest (D:\Desktop\AI-Based-Quality-Check-On-Project-Code-And-Architecture\frontend\node_modules\jest-circus\build\jestAdapterInit.js:1007:40)
    at _runTest (D:\Desktop\AI-Based-Quality-Check-On-Project-Code-And-Architecture\frontend\node_modules\jest-circus\build\jestAdapterInit.js:947:3)
    at D:\Desktop\AI-Based-Quality-Check-On-Project-Code-And-Architecture\frontend\node_modules\jest-circus\build\jestAdapterInit.js:849:7
    at _runTestsForDescribeBlock (D:\Desktop\AI-Based-Quality-Check-On-Project-Code-And-Architecture\frontend\node_modules\jest-circus\build\jestAdapterInit.js:862:11)
    at _runTestsForDescribeBlock (D:\Desktop\AI-Based-Quality-Check-On-Project-Code-And-Architecture\frontend\node_modules\jest-circus\build\jestAdapterInit.js:857:11)
    at _runTestsForDescribeBlock (D:\Desktop\AI-Based-Quality-Check-On-Project-Code-And-Architecture\frontend\node_modules\jest-circus\build\jestAdapterInit.js:857:11)
    at run (D:\Desktop\AI-Based-Quality-Check-On-Project-Code-And-Architecture\frontend\node_modules\jest-circus\build\jestAdapterInit.js:761:3)
    at runAndTransformResultsToJestFormat (D:\Desktop\AI-Based-Quality-Check-On-Project-Code-And-Architecture\frontend\node_modules\jest-circus\build\jestAdapterInit.js:1918:21)
    at jestAdapter (D:\Desktop\AI-Based-Quality-Check-On-Project-Code-And-Architecture\frontend\node_modules\jest-circus\build\runner.js:101:19)
    at runTestInternal (D:\Desktop\AI-Based-Quality-Check-On-Project-Code-And-Architecture\frontend\node_modules\jest-runner\build\index.js:275:16)
    at runTest (D:\Desktop\AI-Based-Quality-Check-On-Project-Code-And-Architecture\frontend\node_modules\jest-runner\build\index.js:343:7)</failure>
    </testcase>
    <testcase classname="Integration Tests: Authentication Flow › Session Management" name="should handle missing full_name by deriving from email" time="0.003">
      <failure>Error: Username and password are required
    at createAuthError (D:\Desktop\AI-Based-Quality-Check-On-Project-Code-And-Architecture\frontend\src\lib\auth.ts:260:17)
    at createAuthError (D:\Desktop\AI-Based-Quality-Check-On-Project-Code-And-Architecture\frontend\src\lib\auth.ts:151:11)
    at Object.&lt;anonymous&gt; (D:\Desktop\AI-Based-Quality-Check-On-Project-Code-And-Architecture\frontend\src\lib\__tests__\auth.integration.test.ts:216:42)
    at Promise.finally.completed (D:\Desktop\AI-Based-Quality-Check-On-Project-Code-And-Architecture\frontend\node_modules\jest-circus\build\jestAdapterInit.js:1557:28)
    at new Promise (&lt;anonymous&gt;)
    at callAsyncCircusFn (D:\Desktop\AI-Based-Quality-Check-On-Project-Code-And-Architecture\frontend\node_modules\jest-circus\build\jestAdapterInit.js:1497:10)
    at _callCircusTest (D:\Desktop\AI-Based-Quality-Check-On-Project-Code-And-Architecture\frontend\node_modules\jest-circus\build\jestAdapterInit.js:1007:40)
    at _runTest (D:\Desktop\AI-Based-Quality-Check-On-Project-Code-And-Architecture\frontend\node_modules\jest-circus\build\jestAdapterInit.js:947:3)
    at D:\Desktop\AI-Based-Quality-Check-On-Project-Code-And-Architecture\frontend\node_modules\jest-circus\build\jestAdapterInit.js:849:7
    at _runTestsForDescribeBlock (D:\Desktop\AI-Based-Quality-Check-On-Project-Code-And-Architecture\frontend\node_modules\jest-circus\build\jestAdapterInit.js:862:11)
    at _runTestsForDescribeBlock (D:\Desktop\AI-Based-Quality-Check-On-Project-Code-And-Architecture\frontend\node_modules\jest-circus\build\jestAdapterInit.js:857:11)
    at _runTestsForDescribeBlock (D:\Desktop\AI-Based-Quality-Check-On-Project-Code-And-Architecture\frontend\node_modules\jest-circus\build\jestAdapterInit.js:857:11)
    at run (D:\Desktop\AI-Based-Quality-Check-On-Project-Code-And-Architecture\frontend\node_modules\jest-circus\build\jestAdapterInit.js:761:3)
    at runAndTransformResultsToJestFormat (D:\Desktop\AI-Based-Quality-Check-On-Project-Code-And-Architecture\frontend\node_modules\jest-circus\build\jestAdapterInit.js:1918:21)
    at jestAdapter (D:\Desktop\AI-Based-Quality-Check-On-Project-Code-And-Architecture\frontend\node_modules\jest-circus\build\runner.js:101:19)
    at runTestInternal (D:\Desktop\AI-Based-Quality-Check-On-Project-Code-And-Architecture\frontend\node_modules\jest-runner\build\index.js:275:16)
    at runTest (D:\Desktop\AI-Based-Quality-Check-On-Project-Code-And-Architecture\frontend\node_modules\jest-runner\build\index.js:343:7)</failure>
    </testcase>
    <testcase classname="Integration Tests: Authentication Flow › Token Handling" name="should include access token in user details request" time="0.002">
      <failure>Error: Username and password are required
    at createAuthError (D:\Desktop\AI-Based-Quality-Check-On-Project-Code-And-Architecture\frontend\src\lib\auth.ts:260:17)
    at createAuthError (D:\Desktop\AI-Based-Quality-Check-On-Project-Code-And-Architecture\frontend\src\lib\auth.ts:151:11)
    at Object.&lt;anonymous&gt; (D:\Desktop\AI-Based-Quality-Check-On-Project-Code-And-Architecture\frontend\src\lib\__tests__\auth.integration.test.ts:250:29)
    at Promise.finally.completed (D:\Desktop\AI-Based-Quality-Check-On-Project-Code-And-Architecture\frontend\node_modules\jest-circus\build\jestAdapterInit.js:1557:28)
    at new Promise (&lt;anonymous&gt;)
    at callAsyncCircusFn (D:\Desktop\AI-Based-Quality-Check-On-Project-Code-And-Architecture\frontend\node_modules\jest-circus\build\jestAdapterInit.js:1497:10)
    at _callCircusTest (D:\Desktop\AI-Based-Quality-Check-On-Project-Code-And-Architecture\frontend\node_modules\jest-circus\build\jestAdapterInit.js:1007:40)
    at _runTest (D:\Desktop\AI-Based-Quality-Check-On-Project-Code-And-Architecture\frontend\node_modules\jest-circus\build\jestAdapterInit.js:947:3)
    at D:\Desktop\AI-Based-Quality-Check-On-Project-Code-And-Architecture\frontend\node_modules\jest-circus\build\jestAdapterInit.js:849:7
    at _runTestsForDescribeBlock (D:\Desktop\AI-Based-Quality-Check-On-Project-Code-And-Architecture\frontend\node_modules\jest-circus\build\jestAdapterInit.js:862:11)
    at _runTestsForDescribeBlock (D:\Desktop\AI-Based-Quality-Check-On-Project-Code-And-Architecture\frontend\node_modules\jest-circus\build\jestAdapterInit.js:857:11)
    at _runTestsForDescribeBlock (D:\Desktop\AI-Based-Quality-Check-On-Project-Code-And-Architecture\frontend\node_modules\jest-circus\build\jestAdapterInit.js:857:11)
    at run (D:\Desktop\AI-Based-Quality-Check-On-Project-Code-And-Architecture\frontend\node_modules\jest-circus\build\jestAdapterInit.js:761:3)
    at runAndTransformResultsToJestFormat (D:\Desktop\AI-Based-Quality-Check-On-Project-Code-And-Architecture\frontend\node_modules\jest-circus\build\jestAdapterInit.js:1918:21)
    at jestAdapter (D:\Desktop\AI-Based-Quality-Check-On-Project-Code-And-Architecture\frontend\node_modules\jest-circus\build\runner.js:101:19)
    at runTestInternal (D:\Desktop\AI-Based-Quality-Check-On-Project-Code-And-Architecture\frontend\node_modules\jest-runner\build\index.js:275:16)
    at runTest (D:\Desktop\AI-Based-Quality-Check-On-Project-Code-And-Architecture\frontend\node_modules\jest-runner\build\index.js:343:7)</failure>
    </testcase>
    <testcase classname="Integration Tests: Authentication Flow › Token Handling" name="should return both access and refresh tokens" time="0.002">
      <failure>Error: Username and password are required
    at createAuthError (D:\Desktop\AI-Based-Quality-Check-On-Project-Code-And-Architecture\frontend\src\lib\auth.ts:260:17)
    at createAuthError (D:\Desktop\AI-Based-Quality-Check-On-Project-Code-And-Architecture\frontend\src\lib\auth.ts:151:11)
    at Object.&lt;anonymous&gt; (D:\Desktop\AI-Based-Quality-Check-On-Project-Code-And-Architecture\frontend\src\lib\__tests__\auth.integration.test.ts:282:42)
    at Promise.finally.completed (D:\Desktop\AI-Based-Quality-Check-On-Project-Code-And-Architecture\frontend\node_modules\jest-circus\build\jestAdapterInit.js:1557:28)
    at new Promise (&lt;anonymous&gt;)
    at callAsyncCircusFn (D:\Desktop\AI-Based-Quality-Check-On-Project-Code-And-Architecture\frontend\node_modules\jest-circus\build\jestAdapterInit.js:1497:10)
    at _callCircusTest (D:\Desktop\AI-Based-Quality-Check-On-Project-Code-And-Architecture\frontend\node_modules\jest-circus\build\jestAdapterInit.js:1007:40)
    at _runTest (D:\Desktop\AI-Based-Quality-Check-On-Project-Code-And-Architecture\frontend\node_modules\jest-circus\build\jestAdapterInit.js:947:3)
    at D:\Desktop\AI-Based-Quality-Check-On-Project-Code-And-Architecture\frontend\node_modules\jest-circus\build\jestAdapterInit.js:849:7
    at _runTestsForDescribeBlock (D:\Desktop\AI-Based-Quality-Check-On-Project-Code-And-Architecture\frontend\node_modules\jest-circus\build\jestAdapterInit.js:862:11)
    at _runTestsForDescribeBlock (D:\Desktop\AI-Based-Quality-Check-On-Project-Code-And-Architecture\frontend\node_modules\jest-circus\build\jestAdapterInit.js:857:11)
    at _runTestsForDescribeBlock (D:\Desktop\AI-Based-Quality-Check-On-Project-Code-And-Architecture\frontend\node_modules\jest-circus\build\jestAdapterInit.js:857:11)
    at run (D:\Desktop\AI-Based-Quality-Check-On-Project-Code-And-Architecture\frontend\node_modules\jest-circus\build\jestAdapterInit.js:761:3)
    at runAndTransformResultsToJestFormat (D:\Desktop\AI-Based-Quality-Check-On-Project-Code-And-Architecture\frontend\node_modules\jest-circus\build\jestAdapterInit.js:1918:21)
    at jestAdapter (D:\Desktop\AI-Based-Quality-Check-On-Project-Code-And-Architecture\frontend\node_modules\jest-circus\build\runner.js:101:19)
    at runTestInternal (D:\Desktop\AI-Based-Quality-Check-On-Project-Code-And-Architecture\frontend\node_modules\jest-runner\build\index.js:275:16)
    at runTest (D:\Desktop\AI-Based-Quality-Check-On-Project-Code-And-Architecture\frontend\node_modules\jest-runner\build\index.js:343:7)</failure>
    </testcase>
    <testcase classname="Integration Tests: Authentication Flow › Token Handling" name="should handle missing refresh token gracefully" time="0.002">
      <failure>Error: Username and password are required
    at createAuthError (D:\Desktop\AI-Based-Quality-Check-On-Project-Code-And-Architecture\frontend\src\lib\auth.ts:260:17)
    at createAuthError (D:\Desktop\AI-Based-Quality-Check-On-Project-Code-And-Architecture\frontend\src\lib\auth.ts:151:11)
    at Object.&lt;anonymous&gt; (D:\Desktop\AI-Based-Quality-Check-On-Project-Code-And-Architecture\frontend\src\lib\__tests__\auth.integration.test.ts:314:42)
    at Promise.finally.completed (D:\Desktop\AI-Based-Quality-Check-On-Project-Code-And-Architecture\frontend\node_modules\jest-circus\build\jestAdapterInit.js:1557:28)
    at new Promise (&lt;anonymous&gt;)
    at callAsyncCircusFn (D:\Desktop\AI-Based-Quality-Check-On-Project-Code-And-Architecture\frontend\node_modules\jest-circus\build\jestAdapterInit.js:1497:10)
    at _callCircusTest (D:\Desktop\AI-Based-Quality-Check-On-Project-Code-And-Architecture\frontend\node_modules\jest-circus\build\jestAdapterInit.js:1007:40)
    at _runTest (D:\Desktop\AI-Based-Quality-Check-On-Project-Code-And-Architecture\frontend\node_modules\jest-circus\build\jestAdapterInit.js:947:3)
    at D:\Desktop\AI-Based-Quality-Check-On-Project-Code-And-Architecture\frontend\node_modules\jest-circus\build\jestAdapterInit.js:849:7
    at _runTestsForDescribeBlock (D:\Desktop\AI-Based-Quality-Check-On-Project-Code-And-Architecture\frontend\node_modules\jest-circus\build\jestAdapterInit.js:862:11)
    at _runTestsForDescribeBlock (D:\Desktop\AI-Based-Quality-Check-On-Project-Code-And-Architecture\frontend\node_modules\jest-circus\build\jestAdapterInit.js:857:11)
    at _runTestsForDescribeBlock (D:\Desktop\AI-Based-Quality-Check-On-Project-Code-And-Architecture\frontend\node_modules\jest-circus\build\jestAdapterInit.js:857:11)
    at run (D:\Desktop\AI-Based-Quality-Check-On-Project-Code-And-Architecture\frontend\node_modules\jest-circus\build\jestAdapterInit.js:761:3)
    at runAndTransformResultsToJestFormat (D:\Desktop\AI-Based-Quality-Check-On-Project-Code-And-Architecture\frontend\node_modules\jest-circus\build\jestAdapterInit.js:1918:21)
    at jestAdapter (D:\Desktop\AI-Based-Quality-Check-On-Project-Code-And-Architecture\frontend\node_modules\jest-circus\build\runner.js:101:19)
    at runTestInternal (D:\Desktop\AI-Based-Quality-Check-On-Project-Code-And-Architecture\frontend\node_modules\jest-runner\build\index.js:275:16)
    at runTest (D:\Desktop\AI-Based-Quality-Check-On-Project-Code-And-Architecture\frontend\node_modules\jest-runner\build\index.js:343:7)</failure>
    </testcase>
    <testcase classname="Integration Tests: Authentication Flow › Error Scenarios Across Components" name="should handle network timeout gracefully" time="0.004">
      <failure>Error: expect(received).rejects.toMatchObject(expected)

- Expected  - 2
+ Received  + 1

  Object {
-   &quot;message&quot;: &quot;Network request timed out&quot;,
-   &quot;type&quot;: &quot;network&quot;,
+   &quot;type&quot;: &quot;validation&quot;,
  }
    at Object.toMatchObject (D:\Desktop\AI-Based-Quality-Check-On-Project-Code-And-Architecture\frontend\node_modules\expect\build\index.js:2155:20)
    at Object.toMatchObject (D:\Desktop\AI-Based-Quality-Check-On-Project-Code-And-Architecture\frontend\src\lib\__tests__\auth.integration.test.ts:335:17)
    at Promise.finally.completed (D:\Desktop\AI-Based-Quality-Check-On-Project-Code-And-Architecture\frontend\node_modules\jest-circus\build\jestAdapterInit.js:1557:28)
    at new Promise (&lt;anonymous&gt;)
    at callAsyncCircusFn (D:\Desktop\AI-Based-Quality-Check-On-Project-Code-And-Architecture\frontend\node_modules\jest-circus\build\jestAdapterInit.js:1497:10)
    at _callCircusTest (D:\Desktop\AI-Based-Quality-Check-On-Project-Code-And-Architecture\frontend\node_modules\jest-circus\build\jestAdapterInit.js:1007:40)
    at _runTest (D:\Desktop\AI-Based-Quality-Check-On-Project-Code-And-Architecture\frontend\node_modules\jest-circus\build\jestAdapterInit.js:947:3)
    at D:\Desktop\AI-Based-Quality-Check-On-Project-Code-And-Architecture\frontend\node_modules\jest-circus\build\jestAdapterInit.js:849:7
    at _runTestsForDescribeBlock (D:\Desktop\AI-Based-Quality-Check-On-Project-Code-And-Architecture\frontend\node_modules\jest-circus\build\jestAdapterInit.js:862:11)
    at _runTestsForDescribeBlock (D:\Desktop\AI-Based-Quality-Check-On-Project-Code-And-Architecture\frontend\node_modules\jest-circus\build\jestAdapterInit.js:857:11)
    at _runTestsForDescribeBlock (D:\Desktop\AI-Based-Quality-Check-On-Project-Code-And-Architecture\frontend\node_modules\jest-circus\build\jestAdapterInit.js:857:11)
    at run (D:\Desktop\AI-Based-Quality-Check-On-Project-Code-And-Architecture\frontend\node_modules\jest-circus\build\jestAdapterInit.js:761:3)
    at runAndTransformResultsToJestFormat (D:\Desktop\AI-Based-Quality-Check-On-Project-Code-And-Architecture\frontend\node_modules\jest-circus\build\jestAdapterInit.js:1918:21)
    at jestAdapter (D:\Desktop\AI-Based-Quality-Check-On-Project-Code-And-Architecture\frontend\node_modules\jest-circus\build\runner.js:101:19)
    at runTestInternal (D:\Desktop\AI-Based-Quality-Check-On-Project-Code-And-Architecture\frontend\node_modules\jest-runner\build\index.js:275:16)
    at runTest (D:\Desktop\AI-Based-Quality-Check-On-Project-Code-And-Architecture\frontend\node_modules\jest-runner\build\index.js:343:7)</failure>
    </testcase>
    <testcase classname="Integration Tests: Authentication Flow › Error Scenarios Across Components" name="should handle malformed JSON response" time="0.003">
      <failure>Error: expect(received).rejects.toMatchObject(expected)

- Expected  - 1
+ Received  + 1

  Object {
-   &quot;type&quot;: &quot;network&quot;,
+   &quot;type&quot;: &quot;validation&quot;,
  }
    at Object.toMatchObject (D:\Desktop\AI-Based-Quality-Check-On-Project-Code-And-Architecture\frontend\node_modules\expect\build\index.js:2155:20)
    at Object.toMatchObject (D:\Desktop\AI-Based-Quality-Check-On-Project-Code-And-Architecture\frontend\src\lib\__tests__\auth.integration.test.ts:354:17)
    at Promise.finally.completed (D:\Desktop\AI-Based-Quality-Check-On-Project-Code-And-Architecture\frontend\node_modules\jest-circus\build\jestAdapterInit.js:1557:28)
    at new Promise (&lt;anonymous&gt;)
    at callAsyncCircusFn (D:\Desktop\AI-Based-Quality-Check-On-Project-Code-And-Architecture\frontend\node_modules\jest-circus\build\jestAdapterInit.js:1497:10)
    at _callCircusTest (D:\Desktop\AI-Based-Quality-Check-On-Project-Code-And-Architecture\frontend\node_modules\jest-circus\build\jestAdapterInit.js:1007:40)
    at _runTest (D:\Desktop\AI-Based-Quality-Check-On-Project-Code-And-Architecture\frontend\node_modules\jest-circus\build\jestAdapterInit.js:947:3)
    at D:\Desktop\AI-Based-Quality-Check-On-Project-Code-And-Architecture\frontend\node_modules\jest-circus\build\jestAdapterInit.js:849:7
    at _runTestsForDescribeBlock (D:\Desktop\AI-Based-Quality-Check-On-Project-Code-And-Architecture\frontend\node_modules\jest-circus\build\jestAdapterInit.js:862:11)
    at _runTestsForDescribeBlock (D:\Desktop\AI-Based-Quality-Check-On-Project-Code-And-Architecture\frontend\node_modules\jest-circus\build\jestAdapterInit.js:857:11)
    at _runTestsForDescribeBlock (D:\Desktop\AI-Based-Quality-Check-On-Project-Code-And-Architecture\frontend\node_modules\jest-circus\build\jestAdapterInit.js:857:11)
    at run (D:\Desktop\AI-Based-Quality-Check-On-Project-Code-And-Architecture\frontend\node_modules\jest-circus\build\jestAdapterInit.js:761:3)
    at runAndTransformResultsToJestFormat (D:\Desktop\AI-Based-Quality-Check-On-Project-Code-And-Architecture\frontend\node_modules\jest-circus\build\jestAdapterInit.js:1918:21)
    at jestAdapter (D:\Desktop\AI-Based-Quality-Check-On-Project-Code-And-Architecture\frontend\node_modules\jest-circus\build\runner.js:101:19)
    at runTestInternal (D:\Desktop\AI-Based-Quality-Check-On-Project-Code-And-Architecture\frontend\node_modules\jest-runner\build\index.js:275:16)
    at runTest (D:\Desktop\AI-Based-Quality-Check-On-Project-Code-And-Architecture\frontend\node_modules\jest-runner\build\index.js:343:7)</failure>
    </testcase>
    <testcase classname="Integration Tests: Authentication Flow › Error Scenarios Across Components" name="should handle backend server unavailable" time="0.003">
      <failure>Error: expect(received).rejects.toMatchObject(expected)

- Expected  - 2
+ Received  + 1

  Object {
-   &quot;message&quot;: &quot;ECONNREFUSED&quot;,
-   &quot;type&quot;: &quot;network&quot;,
+   &quot;type&quot;: &quot;validation&quot;,
  }
    at Object.toMatchObject (D:\Desktop\AI-Based-Quality-Check-On-Project-Code-And-Architecture\frontend\node_modules\expect\build\index.js:2155:20)
    at Object.toMatchObject (D:\Desktop\AI-Based-Quality-Check-On-Project-Code-And-Architecture\frontend\src\lib\__tests__\auth.integration.test.ts:369:17)
    at Promise.finally.completed (D:\Desktop\AI-Based-Quality-Check-On-Project-Code-And-Architecture\frontend\node_modules\jest-circus\build\jestAdapterInit.js:1557:28)
    at new Promise (&lt;anonymous&gt;)
    at callAsyncCircusFn (D:\Desktop\AI-Based-Quality-Check-On-Project-Code-And-Architecture\frontend\node_modules\jest-circus\build\jestAdapterInit.js:1497:10)
    at _callCircusTest (D:\Desktop\AI-Based-Quality-Check-On-Project-Code-And-Architecture\frontend\node_modules\jest-circus\build\jestAdapterInit.js:1007:40)
    at _runTest (D:\Desktop\AI-Based-Quality-Check-On-Project-Code-And-Architecture\frontend\node_modules\jest-circus\build\jestAdapterInit.js:947:3)
    at D:\Desktop\AI-Based-Quality-Check-On-Project-Code-And-Architecture\frontend\node_modules\jest-circus\build\jestAdapterInit.js:849:7
    at _runTestsForDescribeBlock (D:\Desktop\AI-Based-Quality-Check-On-Project-Code-And-Architecture\frontend\node_modules\jest-circus\build\jestAdapterInit.js:862:11)
    at _runTestsForDescribeBlock (D:\Desktop\AI-Based-Quality-Check-On-Project-Code-And-Architecture\frontend\node_modules\jest-circus\build\jestAdapterInit.js:857:11)
    at _runTestsForDescribeBlock (D:\Desktop\AI-Based-Quality-Check-On-Project-Code-And-Architecture\frontend\node_modules\jest-circus\build\jestAdapterInit.js:857:11)
    at run (D:\Desktop\AI-Based-Quality-Check-On-Project-Code-And-Architecture\frontend\node_modules\jest-circus\build\jestAdapterInit.js:761:3)
    at runAndTransformResultsToJestFormat (D:\Desktop\AI-Based-Quality-Check-On-Project-Code-And-Architecture\frontend\node_modules\jest-circus\build\jestAdapterInit.js:1918:21)
    at jestAdapter (D:\Desktop\AI-Based-Quality-Check-On-Project-Code-And-Architecture\frontend\node_modules\jest-circus\build\runner.js:101:19)
    at runTestInternal (D:\Desktop\AI-Based-Quality-Check-On-Project-Code-And-Architecture\frontend\node_modules\jest-runner\build\index.js:275:16)
    at runTest (D:\Desktop\AI-Based-Quality-Check-On-Project-Code-And-Architecture\frontend\node_modules\jest-runner\build\index.js:343:7)</failure>
    </testcase>
    <testcase classname="Integration Tests: Authentication Flow › Error Scenarios Across Components" name="should handle 500 server errors with proper error type" time="0.004">
      <failure>Error: expect(received).rejects.toMatchObject(expected)

- Expected  - 2
+ Received  + 2

  Object {
-   &quot;statusCode&quot;: 500,
-   &quot;type&quot;: &quot;server&quot;,
+   &quot;statusCode&quot;: undefined,
+   &quot;type&quot;: &quot;validation&quot;,
  }
    at Object.toMatchObject (D:\Desktop\AI-Based-Quality-Check-On-Project-Code-And-Architecture\frontend\node_modules\expect\build\index.js:2155:20)
    at Object.toMatchObject (D:\Desktop\AI-Based-Quality-Check-On-Project-Code-And-Architecture\frontend\src\lib\__tests__\auth.integration.test.ts:387:17)
    at Promise.finally.completed (D:\Desktop\AI-Based-Quality-Check-On-Project-Code-And-Architecture\frontend\node_modules\jest-circus\build\jestAdapterInit.js:1557:28)
    at new Promise (&lt;anonymous&gt;)
    at callAsyncCircusFn (D:\Desktop\AI-Based-Quality-Check-On-Project-Code-And-Architecture\frontend\node_modules\jest-circus\build\jestAdapterInit.js:1497:10)
    at _callCircusTest (D:\Desktop\AI-Based-Quality-Check-On-Project-Code-And-Architecture\frontend\node_modules\jest-circus\build\jestAdapterInit.js:1007:40)
    at _runTest (D:\Desktop\AI-Based-Quality-Check-On-Project-Code-And-Architecture\frontend\node_modules\jest-circus\build\jestAdapterInit.js:947:3)
    at D:\Desktop\AI-Based-Quality-Check-On-Project-Code-And-Architecture\frontend\node_modules\jest-circus\build\jestAdapterInit.js:849:7
    at _runTestsForDescribeBlock (D:\Desktop\AI-Based-Quality-Check-On-Project-Code-And-Architecture\frontend\node_modules\jest-circus\build\jestAdapterInit.js:862:11)
    at _runTestsForDescribeBlock (D:\Desktop\AI-Based-Quality-Check-On-Project-Code-And-Architecture\frontend\node_modules\jest-circus\build\jestAdapterInit.js:857:11)
    at _runTestsForDescribeBlock (D:\Desktop\AI-Based-Quality-Check-On-Project-Code-And-Architecture\frontend\node_modules\jest-circus\build\jestAdapterInit.js:857:11)
    at run (D:\Desktop\AI-Based-Quality-Check-On-Project-Code-And-Architecture\frontend\node_modules\jest-circus\build\jestAdapterInit.js:761:3)
    at runAndTransformResultsToJestFormat (D:\Desktop\AI-Based-Quality-Check-On-Project-Code-And-Architecture\frontend\node_modules\jest-circus\build\jestAdapterInit.js:1918:21)
    at jestAdapter (D:\Desktop\AI-Based-Quality-Check-On-Project-Code-And-Architecture\frontend\node_modules\jest-circus\build\runner.js:101:19)
    at runTestInternal (D:\Desktop\AI-Based-Quality-Check-On-Project-Code-And-Architecture\frontend\node_modules\jest-runner\build\index.js:275:16)
    at runTest (D:\Desktop\AI-Based-Quality-Check-On-Project-Code-And-Architecture\frontend\node_modules\jest-runner\build\index.js:343:7)</failure>
    </testcase>
    <testcase classname="Integration Tests: Authentication Flow › Error Scenarios Across Components" name="should handle 401 unauthorized with proper error type" time="0.005">
      <failure>Error: expect(received).rejects.toMatchObject(expected)

- Expected  - 2
+ Received  + 2

  Object {
-   &quot;statusCode&quot;: 401,
-   &quot;type&quot;: &quot;credentials&quot;,
+   &quot;statusCode&quot;: undefined,
+   &quot;type&quot;: &quot;validation&quot;,
  }
    at Object.toMatchObject (D:\Desktop\AI-Based-Quality-Check-On-Project-Code-And-Architecture\frontend\node_modules\expect\build\index.js:2155:20)
    at Object.toMatchObject (D:\Desktop\AI-Based-Quality-Check-On-Project-Code-And-Architecture\frontend\src\lib\__tests__\auth.integration.test.ts:405:17)
    at Promise.finally.completed (D:\Desktop\AI-Based-Quality-Check-On-Project-Code-And-Architecture\frontend\node_modules\jest-circus\build\jestAdapterInit.js:1557:28)
    at new Promise (&lt;anonymous&gt;)
    at callAsyncCircusFn (D:\Desktop\AI-Based-Quality-Check-On-Project-Code-And-Architecture\frontend\node_modules\jest-circus\build\jestAdapterInit.js:1497:10)
    at _callCircusTest (D:\Desktop\AI-Based-Quality-Check-On-Project-Code-And-Architecture\frontend\node_modules\jest-circus\build\jestAdapterInit.js:1007:40)
    at _runTest (D:\Desktop\AI-Based-Quality-Check-On-Project-Code-And-Architecture\frontend\node_modules\jest-circus\build\jestAdapterInit.js:947:3)
    at D:\Desktop\AI-Based-Quality-Check-On-Project-Code-And-Architecture\frontend\node_modules\jest-circus\build\jestAdapterInit.js:849:7
    at _runTestsForDescribeBlock (D:\Desktop\AI-Based-Quality-Check-On-Project-Code-And-Architecture\frontend\node_modules\jest-circus\build\jestAdapterInit.js:862:11)
    at _runTestsForDescribeBlock (D:\Desktop\AI-Based-Quality-Check-On-Project-Code-And-Architecture\frontend\node_modules\jest-circus\build\jestAdapterInit.js:857:11)
    at _runTestsForDescribeBlock (D:\Desktop\AI-Based-Quality-Check-On-Project-Code-And-Architecture\frontend\node_modules\jest-circus\build\jestAdapterInit.js:857:11)
    at run (D:\Desktop\AI-Based-Quality-Check-On-Project-Code-And-Architecture\frontend\node_modules\jest-circus\build\jestAdapterInit.js:761:3)
    at runAndTransformResultsToJestFormat (D:\Desktop\AI-Based-Quality-Check-On-Project-Code-And-Architecture\frontend\node_modules\jest-circus\build\jestAdapterInit.js:1918:21)
    at jestAdapter (D:\Desktop\AI-Based-Quality-Check-On-Project-Code-And-Architecture\frontend\node_modules\jest-circus\build\runner.js:101:19)
    at runTestInternal (D:\Desktop\AI-Based-Quality-Check-On-Project-Code-And-Architecture\frontend\node_modules\jest-runner\build\index.js:275:16)
    at runTest (D:\Desktop\AI-Based-Quality-Check-On-Project-Code-And-Architecture\frontend\node_modules\jest-runner\build\index.js:343:7)</failure>
    </testcase>
    <testcase classname="Integration Tests: Authentication Flow › Backend URL Configuration" name="should use correct backend URL from environment" time="0.002">
      <failure>Error: Username and password are required
    at createAuthError (D:\Desktop\AI-Based-Quality-Check-On-Project-Code-And-Architecture\frontend\src\lib\auth.ts:260:17)
    at createAuthError (D:\Desktop\AI-Based-Quality-Check-On-Project-Code-And-Architecture\frontend\src\lib\auth.ts:151:11)
    at Object.&lt;anonymous&gt; (D:\Desktop\AI-Based-Quality-Check-On-Project-Code-And-Architecture\frontend\src\lib\__tests__\auth.integration.test.ts:438:29)
    at Promise.finally.completed (D:\Desktop\AI-Based-Quality-Check-On-Project-Code-And-Architecture\frontend\node_modules\jest-circus\build\jestAdapterInit.js:1557:28)
    at new Promise (&lt;anonymous&gt;)
    at callAsyncCircusFn (D:\Desktop\AI-Based-Quality-Check-On-Project-Code-And-Architecture\frontend\node_modules\jest-circus\build\jestAdapterInit.js:1497:10)
    at _callCircusTest (D:\Desktop\AI-Based-Quality-Check-On-Project-Code-And-Architecture\frontend\node_modules\jest-circus\build\jestAdapterInit.js:1007:40)
    at _runTest (D:\Desktop\AI-Based-Quality-Check-On-Project-Code-And-Architecture\frontend\node_modules\jest-circus\build\jestAdapterInit.js:947:3)
    at D:\Desktop\AI-Based-Quality-Check-On-Project-Code-And-Architecture\frontend\node_modules\jest-circus\build\jestAdapterInit.js:849:7
    at _runTestsForDescribeBlock (D:\Desktop\AI-Based-Quality-Check-On-Project-Code-And-Architecture\frontend\node_modules\jest-circus\build\jestAdapterInit.js:862:11)
    at _runTestsForDescribeBlock (D:\Desktop\AI-Based-Quality-Check-On-Project-Code-And-Architecture\frontend\node_modules\jest-circus\build\jestAdapterInit.js:857:11)
    at _runTestsForDescribeBlock (D:\Desktop\AI-Based-Quality-Check-On-Project-Code-And-Architecture\frontend\node_modules\jest-circus\build\jestAdapterInit.js:857:11)
    at run (D:\Desktop\AI-Based-Quality-Check-On-Project-Code-And-Architecture\frontend\node_modules\jest-circus\build\jestAdapterInit.js:761:3)
    at runAndTransformResultsToJestFormat (D:\Desktop\AI-Based-Quality-Check-On-Project-Code-And-Architecture\frontend\node_modules\jest-circus\build\jestAdapterInit.js:1918:21)
    at jestAdapter (D:\Desktop\AI-Based-Quality-Check-On-Project-Code-And-Architecture\frontend\node_modules\jest-circus\build\runner.js:101:19)
    at runTestInternal (D:\Desktop\AI-Based-Quality-Check-On-Project-Code-And-Architecture\frontend\node_modules\jest-runner\build\index.js:275:16)
    at runTest (D:\Desktop\AI-Based-Quality-Check-On-Project-Code-And-Architecture\frontend\node_modules\jest-runner\build\index.js:343:7)</failure>
    </testcase>
    <testcase classname="Integration Tests: Authentication Flow › Backend URL Configuration" name="should fall back to default URL when not configured" time="0.004">
    </testcase>
    <testcase classname="Integration Tests: Authentication Flow › Request/Response Flow" name="should send correct headers in login request" time="0.002">
      <failure>Error: Username and password are required
    at createAuthError (D:\Desktop\AI-Based-Quality-Check-On-Project-Code-And-Architecture\frontend\src\lib\auth.ts:260:17)
    at createAuthError (D:\Desktop\AI-Based-Quality-Check-On-Project-Code-And-Architecture\frontend\src\lib\auth.ts:151:11)
    at Object.&lt;anonymous&gt; (D:\Desktop\AI-Based-Quality-Check-On-Project-Code-And-Architecture\frontend\src\lib\__tests__\auth.integration.test.ts:480:29)
    at Promise.finally.completed (D:\Desktop\AI-Based-Quality-Check-On-Project-Code-And-Architecture\frontend\node_modules\jest-circus\build\jestAdapterInit.js:1557:28)
    at new Promise (&lt;anonymous&gt;)
    at callAsyncCircusFn (D:\Desktop\AI-Based-Quality-Check-On-Project-Code-And-Architecture\frontend\node_modules\jest-circus\build\jestAdapterInit.js:1497:10)
    at _callCircusTest (D:\Desktop\AI-Based-Quality-Check-On-Project-Code-And-Architecture\frontend\node_modules\jest-circus\build\jestAdapterInit.js:1007:40)
    at _runTest (D:\Desktop\AI-Based-Quality-Check-On-Project-Code-And-Architecture\frontend\node_modules\jest-circus\build\jestAdapterInit.js:947:3)
    at D:\Desktop\AI-Based-Quality-Check-On-Project-Code-And-Architecture\frontend\node_modules\jest-circus\build\jestAdapterInit.js:849:7
    at _runTestsForDescribeBlock (D:\Desktop\AI-Based-Quality-Check-On-Project-Code-And-Architecture\frontend\node_modules\jest-circus\build\jestAdapterInit.js:862:11)
    at _runTestsForDescribeBlock (D:\Desktop\AI-Based-Quality-Check-On-Project-Code-And-Architecture\frontend\node_modules\jest-circus\build\jestAdapterInit.js:857:11)
    at _runTestsForDescribeBlock (D:\Desktop\AI-Based-Quality-Check-On-Project-Code-And-Architecture\frontend\node_modules\jest-circus\build\jestAdapterInit.js:857:11)
    at run (D:\Desktop\AI-Based-Quality-Check-On-Project-Code-And-Architecture\frontend\node_modules\jest-circus\build\jestAdapterInit.js:761:3)
    at runAndTransformResultsToJestFormat (D:\Desktop\AI-Based-Quality-Check-On-Project-Code-And-Architecture\frontend\node_modules\jest-circus\build\jestAdapterInit.js:1918:21)
    at jestAdapter (D:\Desktop\AI-Based-Quality-Check-On-Project-Code-And-Architecture\frontend\node_modules\jest-circus\build\runner.js:101:19)
    at runTestInternal (D:\Desktop\AI-Based-Quality-Check-On-Project-Code-And-Architecture\frontend\node_modules\jest-runner\build\index.js:275:16)
    at runTest (D:\Desktop\AI-Based-Quality-Check-On-Project-Code-And-Architecture\frontend\node_modules\jest-runner\build\index.js:343:7)</failure>
    </testcase>
    <testcase classname="Integration Tests: Authentication Flow › Request/Response Flow" name="should send correct body in login request" time="0.003">
      <failure>Error: Username and password are required
    at createAuthError (D:\Desktop\AI-Based-Quality-Check-On-Project-Code-And-Architecture\frontend\src\lib\auth.ts:260:17)
    at createAuthError (D:\Desktop\AI-Based-Quality-Check-On-Project-Code-And-Architecture\frontend\src\lib\auth.ts:151:11)
    at Object.&lt;anonymous&gt; (D:\Desktop\AI-Based-Quality-Check-On-Project-Code-And-Architecture\frontend\src\lib\__tests__\auth.integration.test.ts:518:29)
    at Promise.finally.completed (D:\Desktop\AI-Based-Quality-Check-On-Project-Code-And-Architecture\frontend\node_modules\jest-circus\build\jestAdapterInit.js:1557:28)
    at new Promise (&lt;anonymous&gt;)
    at callAsyncCircusFn (D:\Desktop\AI-Based-Quality-Check-On-Project-Code-And-Architecture\frontend\node_modules\jest-circus\build\jestAdapterInit.js:1497:10)
    at _callCircusTest (D:\Desktop\AI-Based-Quality-Check-On-Project-Code-And-Architecture\frontend\node_modules\jest-circus\build\jestAdapterInit.js:1007:40)
    at _runTest (D:\Desktop\AI-Based-Quality-Check-On-Project-Code-And-Architecture\frontend\node_modules\jest-circus\build\jestAdapterInit.js:947:3)
    at D:\Desktop\AI-Based-Quality-Check-On-Project-Code-And-Architecture\frontend\node_modules\jest-circus\build\jestAdapterInit.js:849:7
    at _runTestsForDescribeBlock (D:\Desktop\AI-Based-Quality-Check-On-Project-Code-And-Architecture\frontend\node_modules\jest-circus\build\jestAdapterInit.js:862:11)
    at _runTestsForDescribeBlock (D:\Desktop\AI-Based-Quality-Check-On-Project-Code-And-Architecture\frontend\node_modules\jest-circus\build\jestAdapterInit.js:857:11)
    at _runTestsForDescribeBlock (D:\Desktop\AI-Based-Quality-Check-On-Project-Code-And-Architecture\frontend\node_modules\jest-circus\build\jestAdapterInit.js:857:11)
    at run (D:\Desktop\AI-Based-Quality-Check-On-Project-Code-And-Architecture\frontend\node_modules\jest-circus\build\jestAdapterInit.js:761:3)
    at runAndTransformResultsToJestFormat (D:\Desktop\AI-Based-Quality-Check-On-Project-Code-And-Architecture\frontend\node_modules\jest-circus\build\jestAdapterInit.js:1918:21)
    at jestAdapter (D:\Desktop\AI-Based-Quality-Check-On-Project-Code-And-Architecture\frontend\node_modules\jest-circus\build\runner.js:101:19)
    at runTestInternal (D:\Desktop\AI-Based-Quality-Check-On-Project-Code-And-Architecture\frontend\node_modules\jest-runner\build\index.js:275:16)
    at runTest (D:\Desktop\AI-Based-Quality-Check-On-Project-Code-And-Architecture\frontend\node_modules\jest-runner\build\index.js:343:7)</failure>
    </testcase>
    <testcase classname="Integration Tests: Authentication Flow › Request/Response Flow" name="should not include credentials in user details request" time="0.002">
      <failure>Error: Username and password are required
    at createAuthError (D:\Desktop\AI-Based-Quality-Check-On-Project-Code-And-Architecture\frontend\src\lib\auth.ts:260:17)
    at createAuthError (D:\Desktop\AI-Based-Quality-Check-On-Project-Code-And-Architecture\frontend\src\lib\auth.ts:151:11)
    at Object.&lt;anonymous&gt; (D:\Desktop\AI-Based-Quality-Check-On-Project-Code-And-Architecture\frontend\src\lib\__tests__\auth.integration.test.ts:548:29)
    at Promise.finally.completed (D:\Desktop\AI-Based-Quality-Check-On-Project-Code-And-Architecture\frontend\node_modules\jest-circus\build\jestAdapterInit.js:1557:28)
    at new Promise (&lt;anonymous&gt;)
    at callAsyncCircusFn (D:\Desktop\AI-Based-Quality-Check-On-Project-Code-And-Architecture\frontend\node_modules\jest-circus\build\jestAdapterInit.js:1497:10)
    at _callCircusTest (D:\Desktop\AI-Based-Quality-Check-On-Project-Code-And-Architecture\frontend\node_modules\jest-circus\build\jestAdapterInit.js:1007:40)
    at _runTest (D:\Desktop\AI-Based-Quality-Check-On-Project-Code-And-Architecture\frontend\node_modules\jest-circus\build\jestAdapterInit.js:947:3)
    at D:\Desktop\AI-Based-Quality-Check-On-Project-Code-And-Architecture\frontend\node_modules\jest-circus\build\jestAdapterInit.js:849:7
    at _runTestsForDescribeBlock (D:\Desktop\AI-Based-Quality-Check-On-Project-Code-And-Architecture\frontend\node_modules\jest-circus\build\jestAdapterInit.js:862:11)
    at _runTestsForDescribeBlock (D:\Desktop\AI-Based-Quality-Check-On-Project-Code-And-Architecture\frontend\node_modules\jest-circus\build\jestAdapterInit.js:857:11)
    at _runTestsForDescribeBlock (D:\Desktop\AI-Based-Quality-Check-On-Project-Code-And-Architecture\frontend\node_modules\jest-circus\build\jestAdapterInit.js:857:11)
    at run (D:\Desktop\AI-Based-Quality-Check-On-Project-Code-And-Architecture\frontend\node_modules\jest-circus\build\jestAdapterInit.js:761:3)
    at runAndTransformResultsToJestFormat (D:\Desktop\AI-Based-Quality-Check-On-Project-Code-And-Architecture\frontend\node_modules\jest-circus\build\jestAdapterInit.js:1918:21)
    at jestAdapter (D:\Desktop\AI-Based-Quality-Check-On-Project-Code-And-Architecture\frontend\node_modules\jest-circus\build\runner.js:101:19)
    at runTestInternal (D:\Desktop\AI-Based-Quality-Check-On-Project-Code-And-Architecture\frontend\node_modules\jest-runner\build\index.js:275:16)
    at runTest (D:\Desktop\AI-Based-Quality-Check-On-Project-Code-And-Architecture\frontend\node_modules\jest-runner\build\index.js:343:7)</failure>
    </testcase>
    <testcase classname="Integration Tests: Authentication Flow › Data Validation" name="should reject empty email" time="0.003">
      <failure>Error: expect(received).rejects.toMatchObject(expected)

- Expected  - 1
+ Received  + 0

  Object {
-   &quot;message&quot;: &quot;Email and password are required&quot;,
    &quot;type&quot;: &quot;validation&quot;,
  }
    at Object.toMatchObject (D:\Desktop\AI-Based-Quality-Check-On-Project-Code-And-Architecture\frontend\node_modules\expect\build\index.js:2155:20)
    at Object.toMatchObject (D:\Desktop\AI-Based-Quality-Check-On-Project-Code-And-Architecture\frontend\src\lib\__tests__\auth.integration.test.ts:566:17)
    at Promise.finally.completed (D:\Desktop\AI-Based-Quality-Check-On-Project-Code-And-Architecture\frontend\node_modules\jest-circus\build\jestAdapterInit.js:1557:28)
    at new Promise (&lt;anonymous&gt;)
    at callAsyncCircusFn (D:\Desktop\AI-Based-Quality-Check-On-Project-Code-And-Architecture\frontend\node_modules\jest-circus\build\jestAdapterInit.js:1497:10)
    at _callCircusTest (D:\Desktop\AI-Based-Quality-Check-On-Project-Code-And-Architecture\frontend\node_modules\jest-circus\build\jestAdapterInit.js:1007:40)
    at _runTest (D:\Desktop\AI-Based-Quality-Check-On-Project-Code-And-Architecture\frontend\node_modules\jest-circus\build\jestAdapterInit.js:947:3)
    at D:\Desktop\AI-Based-Quality-Check-On-Project-Code-And-Architecture\frontend\node_modules\jest-circus\build\jestAdapterInit.js:849:7
    at _runTestsForDescribeBlock (D:\Desktop\AI-Based-Quality-Check-On-Project-Code-And-Architecture\frontend\node_modules\jest-circus\build\jestAdapterInit.js:862:11)
    at _runTestsForDescribeBlock (D:\Desktop\AI-Based-Quality-Check-On-Project-Code-And-Architecture\frontend\node_modules\jest-circus\build\jestAdapterInit.js:857:11)
    at _runTestsForDescribeBlock (D:\Desktop\AI-Based-Quality-Check-On-Project-Code-And-Architecture\frontend\node_modules\jest-circus\build\jestAdapterInit.js:857:11)
    at run (D:\Desktop\AI-Based-Quality-Check-On-Project-Code-And-Architecture\frontend\node_modules\jest-circus\build\jestAdapterInit.js:761:3)
    at runAndTransformResultsToJestFormat (D:\Desktop\AI-Based-Quality-Check-On-Project-Code-And-Architecture\frontend\node_modules\jest-circus\build\jestAdapterInit.js:1918:21)
    at jestAdapter (D:\Desktop\AI-Based-Quality-Check-On-Project-Code-And-Architecture\frontend\node_modules\jest-circus\build\runner.js:101:19)
    at runTestInternal (D:\Desktop\AI-Based-Quality-Check-On-Project-Code-And-Architecture\frontend\node_modules\jest-runner\build\index.js:275:16)
    at runTest (D:\Desktop\AI-Based-Quality-Check-On-Project-Code-And-Architecture\frontend\node_modules\jest-runner\build\index.js:343:7)</failure>
    </testcase>
    <testcase classname="Integration Tests: Authentication Flow › Data Validation" name="should reject empty password" time="0.005">
      <failure>Error: expect(received).rejects.toMatchObject(expected)

- Expected  - 1
+ Received  + 0

  Object {
-   &quot;message&quot;: &quot;Email and password are required&quot;,
    &quot;type&quot;: &quot;validation&quot;,
  }
    at Object.toMatchObject (D:\Desktop\AI-Based-Quality-Check-On-Project-Code-And-Architecture\frontend\node_modules\expect\build\index.js:2155:20)
    at Object.toMatchObject (D:\Desktop\AI-Based-Quality-Check-On-Project-Code-And-Architecture\frontend\src\lib\__tests__\auth.integration.test.ts:580:17)
    at Promise.finally.completed (D:\Desktop\AI-Based-Quality-Check-On-Project-Code-And-Architecture\frontend\node_modules\jest-circus\build\jestAdapterInit.js:1557:28)
    at new Promise (&lt;anonymous&gt;)
    at callAsyncCircusFn (D:\Desktop\AI-Based-Quality-Check-On-Project-Code-And-Architecture\frontend\node_modules\jest-circus\build\jestAdapterInit.js:1497:10)
    at _callCircusTest (D:\Desktop\AI-Based-Quality-Check-On-Project-Code-And-Architecture\frontend\node_modules\jest-circus\build\jestAdapterInit.js:1007:40)
    at _runTest (D:\Desktop\AI-Based-Quality-Check-On-Project-Code-And-Architecture\frontend\node_modules\jest-circus\build\jestAdapterInit.js:947:3)
    at D:\Desktop\AI-Based-Quality-Check-On-Project-Code-And-Architecture\frontend\node_modules\jest-circus\build\jestAdapterInit.js:849:7
    at _runTestsForDescribeBlock (D:\Desktop\AI-Based-Quality-Check-On-Project-Code-And-Architecture\frontend\node_modules\jest-circus\build\jestAdapterInit.js:862:11)
    at _runTestsForDescribeBlock (D:\Desktop\AI-Based-Quality-Check-On-Project-Code-And-Architecture\frontend\node_modules\jest-circus\build\jestAdapterInit.js:857:11)
    at _runTestsForDescribeBlock (D:\Desktop\AI-Based-Quality-Check-On-Project-Code-And-Architecture\frontend\node_modules\jest-circus\build\jestAdapterInit.js:857:11)
    at run (D:\Desktop\AI-Based-Quality-Check-On-Project-Code-And-Architecture\frontend\node_modules\jest-circus\build\jestAdapterInit.js:761:3)
    at runAndTransformResultsToJestFormat (D:\Desktop\AI-Based-Quality-Check-On-Project-Code-And-Architecture\frontend\node_modules\jest-circus\build\jestAdapterInit.js:1918:21)
    at jestAdapter (D:\Desktop\AI-Based-Quality-Check-On-Project-Code-And-Architecture\frontend\node_modules\jest-circus\build\runner.js:101:19)
    at runTestInternal (D:\Desktop\AI-Based-Quality-Check-On-Project-Code-And-Architecture\frontend\node_modules\jest-runner\build\index.js:275:16)
    at runTest (D:\Desktop\AI-Based-Quality-Check-On-Project-Code-And-Architecture\frontend\node_modules\jest-runner\build\index.js:343:7)</failure>
    </testcase>
    <testcase classname="Integration Tests: Authentication Flow › Data Validation" name="should reject both empty credentials" time="0.002">
    </testcase>
  </testsuite>
  <testsuite name="Jest Setup Verification" errors="0" failures="1" skipped="0" timestamp="2026-03-08T07:41:03" time="0.36" tests="8">
    <testcase classname="Jest Setup Verification" name="should have environment variables configured" time="0.005">
    </testcase>
    <testcase classname="Jest Setup Verification" name="should have localStorage mocked" time="0.002">
    </testcase>
    <testcase classname="Jest Setup Verification" name="should have window.location mocked" time="0.006">
      <failure>Error: expect(received).toBe(expected) // Object.is equality

Expected: &quot;http://localhost:3000&quot;
Received: &quot;http://localhost/&quot;
    at Object.toBe (D:\Desktop\AI-Based-Quality-Check-On-Project-Code-And-Architecture\frontend\src\__tests__\setup.test.tsx:19:34)
    at Promise.finally.completed (D:\Desktop\AI-Based-Quality-Check-On-Project-Code-And-Architecture\frontend\node_modules\jest-circus\build\jestAdapterInit.js:1557:28)
    at new Promise (&lt;anonymous&gt;)
    at callAsyncCircusFn (D:\Desktop\AI-Based-Quality-Check-On-Project-Code-And-Architecture\frontend\node_modules\jest-circus\build\jestAdapterInit.js:1497:10)
    at _callCircusTest (D:\Desktop\AI-Based-Quality-Check-On-Project-Code-And-Architecture\frontend\node_modules\jest-circus\build\jestAdapterInit.js:1007:40)
    at _runTest (D:\Desktop\AI-Based-Quality-Check-On-Project-Code-And-Architecture\frontend\node_modules\jest-circus\build\jestAdapterInit.js:947:3)
    at D:\Desktop\AI-Based-Quality-Check-On-Project-Code-And-Architecture\frontend\node_modules\jest-circus\build\jestAdapterInit.js:849:7
    at _runTestsForDescribeBlock (D:\Desktop\AI-Based-Quality-Check-On-Project-Code-And-Architecture\frontend\node_modules\jest-circus\build\jestAdapterInit.js:862:11)
    at _runTestsForDescribeBlock (D:\Desktop\AI-Based-Quality-Check-On-Project-Code-And-Architecture\frontend\node_modules\jest-circus\build\jestAdapterInit.js:857:11)
    at run (D:\Desktop\AI-Based-Quality-Check-On-Project-Code-And-Architecture\frontend\node_modules\jest-circus\build\jestAdapterInit.js:761:3)
    at runAndTransformResultsToJestFormat (D:\Desktop\AI-Based-Quality-Check-On-Project-Code-And-Architecture\frontend\node_modules\jest-circus\build\jestAdapterInit.js:1918:21)
    at jestAdapter (D:\Desktop\AI-Based-Quality-Check-On-Project-Code-And-Architecture\frontend\node_modules\jest-circus\build\runner.js:101:19)
    at runTestInternal (D:\Desktop\AI-Based-Quality-Check-On-Project-Code-And-Architecture\frontend\node_modules\jest-runner\build\index.js:275:16)
    at runTest (D:\Desktop\AI-Based-Quality-Check-On-Project-Code-And-Architecture\frontend\node_modules\jest-runner\build\index.js:343:7)</failure>
    </testcase>
    <testcase classname="Jest Setup Verification" name="should have window.matchMedia mocked" time="0.003">
    </testcase>
    <testcase classname="Jest Setup Verification" name="should have fetch mocked" time="0.014">
    </testcase>
    <testcase classname="Jest Setup Verification" name="should have custom matchers" time="0.009">
    </testcase>
    <testcase classname="Jest Setup Verification" name="should have DOM mocks" time="0.003">
    </testcase>
    <testcase classname="Jest Setup Verification" name="should have SVG mocks" time="0.005">
    </testcase>
  </testsuite>
  <testsuite name="Property 21: 指标数据导出" errors="0" failures="0" skipped="0" timestamp="2026-03-08T07:41:04" time="597.003" tests="10">
    <testcase classname="Property 21: 指标数据导出" name="应该在任何时间范围下导出CSV格式的数据" time="60.519">
    </testcase>
    <testcase classname="Property 21: 指标数据导出" name="应该在任何时间范围下导出JSON格式的数据" time="60.287">
    </testcase>
    <testcase classname="Property 21: 指标数据导出" name="应该导出与显示数据一致的CSV内容" time="59.453">
    </testcase>
    <testcase classname="Property 21: 指标数据导出" name="应该导出与显示数据一致的JSON内容" time="59.354">
    </testcase>
    <testcase classname="Property 21: 指标数据导出" name="应该在自定义仪表板中导出选定的指标" time="62.245">
    </testcase>
    <testcase classname="Property 21: 指标数据导出" name="应该在CSV导出中包含所有指标的正确单位" time="57.753">
    </testcase>
    <testcase classname="Property 21: 指标数据导出" name="应该在JSON导出中包含完整的指标定义" time="58.537">
    </testcase>
    <testcase classname="Property 21: 指标数据导出" name="应该在CSV导出中正确格式化数值" time="58.586">
    </testcase>
    <testcase classname="Property 21: 指标数据导出" name="应该在JSON导出中包含导出时间戳" time="58.323">
    </testcase>
    <testcase classname="Property 21: 指标数据导出" name="应该确保CSV和JSON导出的数据点数量一致" time="60.169">
    </testcase>
  </testsuite>
  <testsuite name="Property 23: 阈值告警显示" errors="0" failures="0" skipped="0" timestamp="2026-03-08T07:51:05" time="167.866" tests="9">
    <testcase classname="Property 23: 阈值告警显示" name="应该为超过warning阈值的指标显示warning告警标识" time="17.517">
    </testcase>
    <testcase classname="Property 23: 阈值告警显示" name="应该为超过critical阈值的指标显示critical告警标识" time="17.255">
    </testcase>
    <testcase classname="Property 23: 阈值告警显示" name="应该为正常范围内的指标不显示告警标识" time="17.158">
    </testcase>
    <testcase classname="Property 23: 阈值告警显示" name="应该在摘要卡片中显示阈值配置信息" time="17.04">
    </testcase>
    <testcase classname="Property 23: 阈值告警显示" name="应该根据指标类型正确判断告警级别（越高越好 vs 越低越好）" time="27.83">
    </testcase>
    <testcase classname="Property 23: 阈值告警显示" name="应该在图表中显示阈值参考线（单指标选择时）" time="19.17">
    </testcase>
    <testcase classname="Property 23: 阈值告警显示" name="应该在告警标识中显示正确的图标和颜色" time="17.033">
    </testcase>
    <testcase classname="Property 23: 阈值告警显示" name="应该在不同时间范围下一致地显示告警标识" time="17.236">
    </testcase>
    <testcase classname="Property 23: 阈值告警显示" name="应该为自定义仪表板中的指标显示告警标识" time="16.722">
    </testcase>
  </testsuite>
  <testsuite name="Property 1: 页面加载性能保证" errors="0" failures="0" skipped="0" timestamp="2026-03-08T07:53:53" time="109.664" tests="28">
    <testcase classname="Property 1: 页面加载性能保证" name="应该在任何有效数据输入下快速完成首屏渲染" time="3.474">
    </testcase>
    <testcase classname="Property 1: 页面加载性能保证" name="应该在任何数据输入下正确渲染所有指标" time="3.09">
    </testcase>
    <testcase classname="Property 1: 页面加载性能保证" name="应该在任何数据输入下正确处理系统健康状态" time="3.036">
    </testcase>
    <testcase classname="Property 1: 页面加载性能保证" name="应该在任何数据输入下正确显示最后更新时间" time="2.999">
    </testcase>
    <testcase classname="Property 1: 页面加载性能保证" name="应该在任何数据输入下正确处理边界值" time="3.221">
    </testcase>
    <testcase classname="Property 1: 页面加载性能保证" name="应该在任何有效配置下正确调用API端点" time="2.883">
    </testcase>
    <testcase classname="Property 1: 页面加载性能保证" name="应该在任何数据输入下保持渲染稳定性" time="3.363">
    </testcase>
    <testcase classname="Property 1: 页面加载性能保证" name="应该在任何数据输入下正确处理零值" time="1.502">
    </testcase>
    <testcase classname="Property 1: 页面加载性能保证" name="应该在任何数据输入下正确处理最大值" time="1.427">
    </testcase>
    <testcase classname="Property 1: 页面加载性能保证" name="应该在所有健康状态下正确渲染" time="2.634">
    </testcase>
    <testcase classname="Property 2: 数据刷新响应性" name="应该在任何数据更新时在500毫秒内刷新UI" time="5.523">
    </testcase>
    <testcase classname="Property 2: 数据刷新响应性" name="应该在任何数据更新时正确更新所有指标值" time="5.519">
    </testcase>
    <testcase classname="Property 2: 数据刷新响应性" name="应该在任何健康状态变化时快速更新UI" time="5.531">
    </testcase>
    <testcase classname="Property 2: 数据刷新响应性" name="应该在任何数值变化时快速更新UI" time="5.699">
    </testcase>
    <testcase classname="Property 2: 数据刷新响应性" name="应该在多次连续更新时保持响应性" time="5.024">
    </testcase>
    <testcase classname="Property 2: 数据刷新响应性" name="应该在边界值变化时快速更新UI" time="5.77">
    </testcase>
    <testcase classname="Property 2: 数据刷新响应性" name="应该在所有指标同时变化时快速更新UI" time="5.561">
    </testcase>
    <testcase classname="Property 2: 数据刷新响应性" name="应该在最后更新时间变化时快速更新UI" time="23.327">
    </testcase>
    <testcase classname="Property 7: 资源清理防止内存泄漏" name="应该在任何刷新间隔配置下正确清理定时器" time="0.994">
    </testcase>
    <testcase classname="Property 7: 资源清理防止内存泄漏" name="应该在任何数据状态下卸载时不触发状态更新" time="6.206">
    </testcase>
    <testcase classname="Property 7: 资源清理防止内存泄漏" name="应该在任何配置下正确清理多个定时器" time="1.298">
    </testcase>
    <testcase classname="Property 7: 资源清理防止内存泄漏" name="应该在任何时间点卸载时正确清理资源" time="0.323">
    </testcase>
    <testcase classname="Property 7: 资源清理防止内存泄漏" name="应该在禁用刷新间隔时不创建定时器" time="0.475">
    </testcase>
    <testcase classname="Property 7: 资源清理防止内存泄漏" name="应该在任何刷新周期中卸载时正确清理" time="1.195">
    </testcase>
    <testcase classname="Property 7: 资源清理防止内存泄漏" name="应该在快速挂载和卸载时正确清理资源" time="0.784">
    </testcase>
    <testcase classname="Property 7: 资源清理防止内存泄漏" name="应该在任何错误状态下卸载时正确清理资源" time="0.759">
    </testcase>
    <testcase classname="Property 7: 资源清理防止内存泄漏" name="应该在任何加载状态下卸载时正确清理资源" time="6.213">
    </testcase>
    <testcase classname="Property 7: 资源清理防止内存泄漏" name="应该在任何刷新间隔配置下正确处理边界值" time="1.003">
    </testcase>
  </testsuite>
  <testsuite name="ApiClient Property-Based Tests" errors="0" failures="2" skipped="0" timestamp="2026-03-08T07:55:43" time="78.223" tests="17">
    <testcase classname="ApiClient Property-Based Tests › Property 25: 请求去重" name="应该在1秒内合并相同的GET请求为单个网络请求" time="0.722">
    </testcase>
    <testcase classname="ApiClient Property-Based Tests › Property 25: 请求去重" name="应该为不同的URL发起独立的网络请求" time="0.122">
    </testcase>
    <testcase classname="ApiClient Property-Based Tests › Property 25: 请求去重" name="应该为不同的查询参数发起独立的网络请求" time="0.123">
    </testcase>
    <testcase classname="ApiClient Property-Based Tests › Property 25: 请求去重" name="应该在skipDeduplication选项启用时不进行去重" time="0.114">
    </testcase>
    <testcase classname="ApiClient Property-Based Tests › Property 25: 请求去重" name="应该在去重窗口过期后允许新的请求" time="7.768">
    </testcase>
    <testcase classname="ApiClient Property-Based Tests › Property 25: 请求去重" name="应该在请求失败后清理去重状态" time="0.129">
    </testcase>
    <testcase classname="ApiClient Property-Based Tests › Property 26: 并发请求限制" name="应该限制并发请求数量不超过6个" time="7.88">
    </testcase>
    <testcase classname="ApiClient Property-Based Tests › Property 26: 并发请求限制" name="应该在请求完成后释放并发槽位并处理队列" time="13.119">
    </testcase>
    <testcase classname="ApiClient Property-Based Tests › Property 26: 并发请求限制" name="应该正确处理混合的成功和失败请求的并发限制" time="12.699">
    </testcase>
    <testcase classname="ApiClient Property-Based Tests › Property 26: 并发请求限制" name="应该在不同的HTTP方法间共享并发限制" time="20.015">
      <failure>Error: thrown: &quot;Exceeded timeout of 20000 ms for a test.
Add a timeout value to this test to increase the timeout, if this is a long-running test. See https://jestjs.io/docs/api#testname-fn-timeout.&quot;
    at it (D:\Desktop\AI-Based-Quality-Check-On-Project-Code-And-Architecture\frontend\src\services\__tests__\ApiClient.property.test.ts:493:5)
    at _dispatchDescribe (D:\Desktop\AI-Based-Quality-Check-On-Project-Code-And-Architecture\frontend\node_modules\jest-circus\build\jestAdapterInit.js:604:26)
    at describe (D:\Desktop\AI-Based-Quality-Check-On-Project-Code-And-Architecture\frontend\node_modules\jest-circus\build\jestAdapterInit.js:572:44)
    at describe (D:\Desktop\AI-Based-Quality-Check-On-Project-Code-And-Architecture\frontend\src\services\__tests__\ApiClient.property.test.ts:330:3)
    at _dispatchDescribe (D:\Desktop\AI-Based-Quality-Check-On-Project-Code-And-Architecture\frontend\node_modules\jest-circus\build\jestAdapterInit.js:604:26)
    at describe (D:\Desktop\AI-Based-Quality-Check-On-Project-Code-And-Architecture\frontend\node_modules\jest-circus\build\jestAdapterInit.js:572:44)
    at Object.describe (D:\Desktop\AI-Based-Quality-Check-On-Project-Code-And-Architecture\frontend\src\services\__tests__\ApiClient.property.test.ts:32:1)
    at Runtime._execModule (D:\Desktop\AI-Based-Quality-Check-On-Project-Code-And-Architecture\frontend\node_modules\jest-runtime\build\index.js:1268:24)
    at Runtime._loadModule (D:\Desktop\AI-Based-Quality-Check-On-Project-Code-And-Architecture\frontend\node_modules\jest-runtime\build\index.js:944:12)
    at Runtime.requireModule (D:\Desktop\AI-Based-Quality-Check-On-Project-Code-And-Architecture\frontend\node_modules\jest-runtime\build\index.js:832:12)
    at jestAdapter (D:\Desktop\AI-Based-Quality-Check-On-Project-Code-And-Architecture\frontend\node_modules\jest-circus\build\runner.js:95:13)
    at runTestInternal (D:\Desktop\AI-Based-Quality-Check-On-Project-Code-And-Architecture\frontend\node_modules\jest-runner\build\index.js:275:16)
    at runTest (D:\Desktop\AI-Based-Quality-Check-On-Project-Code-And-Architecture\frontend\node_modules\jest-runner\build\index.js:343:7)</failure>
    </testcase>
    <testcase classname="ApiClient Property-Based Tests › Property 26: 并发请求限制" name="应该在高并发场景下保持队列的FIFO顺序" time="0.647">
      <failure>Error: Property failed after 1 tests
{ seed: 2032198744, path: &quot;0:1:0:0&quot;, endOnFailure: true }
Counterexample: [10]
Shrunk 3 time(s)

Hint: Enable verbose mode in order to have the list of all failing values encountered during the run
    at buildError (D:\Desktop\AI-Based-Quality-Check-On-Project-Code-And-Architecture\frontend\node_modules\fast-check\lib\cjs\check\runner\utils\RunDetailsFormatter.js:162:19)
    at asyncThrowIfFailed (D:\Desktop\AI-Based-Quality-Check-On-Project-Code-And-Architecture\frontend\node_modules\fast-check\lib\cjs\check\runner\utils\RunDetailsFormatter.js:176:11)</failure>
    </testcase>
    <testcase classname="ApiClient Property-Based Tests › Property 26: 并发请求限制" name="应该在达到并发限制时正确排队新请求" time="14.437">
    </testcase>
    <testcase classname="ApiClient Property-Based Tests › Property 27: 超时提示" name="应该在请求超过5秒时触发超时回调" time="0.028">
    </testcase>
    <testcase classname="ApiClient Property-Based Tests › Property 27: 超时提示" name="应该在请求小于5秒完成时不触发超时回调" time="0.031">
    </testcase>
    <testcase classname="ApiClient Property-Based Tests › Property 27: 超时提示" name="应该在请求完成后清理超时警告" time="0.021">
    </testcase>
    <testcase classname="ApiClient Property-Based Tests › Property 27: 超时提示" name="应该在请求失败时也清理超时警告" time="0.047">
    </testcase>
    <testcase classname="ApiClient Property-Based Tests › Property 27: 超时提示" name="应该在没有提供onTimeout回调时使用默认警告" time="0.03">
    </testcase>
  </testsuite>
  <testsuite name="Property 22: 多指标对比显示" errors="0" failures="0" skipped="0" timestamp="2026-03-08T07:57:01" time="83.856" tests="8">
    <testcase classname="Property 22: 多指标对比显示" name="应该在同一图表中显示任何选中的多个指标" time="11.975">
    </testcase>
    <testcase classname="Property 22: 多指标对比显示" name="应该在选择变化时更新图表中显示的指标" time="6.101">
    </testcase>
    <testcase classname="Property 22: 多指标对比显示" name="应该为每个选中的指标显示摘要卡片" time="11.717">
    </testcase>
    <testcase classname="Property 22: 多指标对比显示" name="应该在选择所有指标时显示所有指标" time="11.665">
    </testcase>
    <testcase classname="Property 22: 多指标对比显示" name="应该保持至少一个指标被选中" time="11.618">
    </testcase>
    <testcase classname="Property 22: 多指标对比显示" name="应该在不同时间范围下正确显示多指标对比" time="5.817">
    </testcase>
    <testcase classname="Property 22: 多指标对比显示" name="应该为每个指标使用不同的颜色指示器" time="12.188">
    </testcase>
    <testcase classname="Property 22: 多指标对比显示" name="应该显示选中指标的数量" time="12.069">
    </testcase>
  </testsuite>
  <testsuite name="ApiClient" errors="0" failures="0" skipped="2" timestamp="2026-03-08T07:58:25" time="35.231" tests="27">
    <testcase classname="ApiClient › 基本HTTP方法" name="应该成功执行GET请求" time="0.009">
    </testcase>
    <testcase classname="ApiClient › 基本HTTP方法" name="应该成功执行POST请求" time="0.002">
    </testcase>
    <testcase classname="ApiClient › 基本HTTP方法" name="应该成功执行PUT请求" time="0.002">
    </testcase>
    <testcase classname="ApiClient › 基本HTTP方法" name="应该成功执行DELETE请求" time="0.002">
    </testcase>
    <testcase classname="ApiClient › GET请求缓存" name="应该缓存GET请求结果" time="0.002">
    </testcase>
    <testcase classname="ApiClient › GET请求缓存" name="应该支持跳过缓存选项" time="0.002">
    </testcase>
    <testcase classname="ApiClient › GET请求缓存" name="应该为不同的URL使用不同的缓存" time="0.002">
    </testcase>
    <testcase classname="ApiClient › GET请求缓存" name="应该为不同的查询参数使用不同的缓存" time="0.003">
    </testcase>
    <testcase classname="ApiClient › 请求去重" name="应该在1秒内合并相同的GET请求" time="0.002">
    </testcase>
    <testcase classname="ApiClient › 请求去重" name="应该支持跳过去重选项" time="0.002">
    </testcase>
    <testcase classname="ApiClient › 并发请求限制" name="应该限制并发请求数量" time="0">
      <skipped/>
    </testcase>
    <testcase classname="ApiClient › 并发请求限制" name="应该在请求完成后处理队列中的请求" time="0.011">
    </testcase>
    <testcase classname="ApiClient › 指数退避重试" name="应该在请求失败时重试最多3次" time="6.834">
    </testcase>
    <testcase classname="ApiClient › 指数退避重试" name="应该在达到最大重试次数后抛出错误" time="6.831">
    </testcase>
    <testcase classname="ApiClient › 指数退避重试" name="应该不重试401错误" time="0.002">
    </testcase>
    <testcase classname="ApiClient › 指数退避重试" name="应该不重试403错误" time="0.002">
    </testcase>
    <testcase classname="ApiClient › 指数退避重试" name="应该不重试404错误" time="0.002">
    </testcase>
    <testcase classname="ApiClient › 指数退避重试" name="应该支持跳过重试选项" time="0.002">
    </testcase>
    <testcase classname="ApiClient › 缓存管理" name="应该能够清除所有缓存" time="0.003">
    </testcase>
    <testcase classname="ApiClient › 缓存管理" name="应该能够清除匹配模式的缓存" time="0.003">
    </testcase>
    <testcase classname="ApiClient › 缓存管理" name="应该能够获取缓存统计" time="0.004">
    </testcase>
    <testcase classname="ApiClient › 工具方法" name="应该能够获取当前活跃请求数" time="0.018">
    </testcase>
    <testcase classname="ApiClient › 工具方法" name="应该能够获取队列中等待的请求数" time="0">
      <skipped/>
    </testcase>
    <testcase classname="ApiClient › 边缘情况" name="应该处理空响应" time="0.003">
    </testcase>
    <testcase classname="ApiClient › 边缘情况" name="应该处理网络错误" time="6.937">
    </testcase>
    <testcase classname="ApiClient › 边缘情况" name="应该处理超时错误" time="7.154">
    </testcase>
    <testcase classname="ApiClient › 边缘情况" name="应该处理服务器错误" time="7.213">
    </testcase>
  </testsuite>
  <testsuite name="Property 12: 拖拽顺序持久化" errors="0" failures="0" skipped="0" timestamp="2026-03-08T07:59:00" time="26.542" tests="10">
    <testcase classname="Property 12: 拖拽顺序持久化" name="应该在任何拖拽操作后调用API持久化新顺序" time="3.2">
    </testcase>
    <testcase classname="Property 12: 拖拽顺序持久化" name="应该为重新排序后的每个项目调用updateProject" time="1.694">
    </testcase>
    <testcase classname="Property 12: 拖拽顺序持久化" name="应该在拖拽后保持项目数据完整性" time="2.052">
    </testcase>
    <testcase classname="Property 12: 拖拽顺序持久化" name="应该在拖拽到相同位置时不调用API" time="1.621">
    </testcase>
    <testcase classname="Property 12: 拖拽顺序持久化" name="应该在不同大小的项目列表中支持拖拽" time="7.873">
    </testcase>
    <testcase classname="Property 12: 拖拽顺序持久化" name="应该在拖拽后立即更新UI显示新顺序" time="1.66">
    </testcase>
    <testcase classname="Property 12: 拖拽顺序持久化" name="应该在拖拽时保持项目选择状态" time="1.661">
    </testcase>
    <testcase classname="Property 12: 拖拽顺序持久化" name="应该在拖拽时显示正确的视觉反馈" time="2.931">
    </testcase>
    <testcase classname="Property 12: 拖拽顺序持久化" name="应该在拖拽后保持搜索过滤状态" time="1.648">
    </testcase>
    <testcase classname="Property 12: 拖拽顺序持久化" name="应该在拖拽后保持排序设置" time="1.77">
    </testcase>
  </testsuite>
  <testsuite name="Property 9: API请求重试机制" errors="0" failures="0" skipped="0" timestamp="2026-03-08T07:59:27" time="27.615" tests="8">
    <testcase classname="Property 9: API请求重试机制" name="should retry up to maxRetries times for any failing operation" time="3.987">
    </testcase>
    <testcase classname="Property 9: API请求重试机制" name="should throw immediately for errors that should not be retried" time="0.017">
    </testcase>
    <testcase classname="Property 9: API请求重试机制" name="should eventually succeed if any retry succeeds" time="1.911">
    </testcase>
    <testcase classname="Property 9: API请求重试机制" name="should throw the last error if all retries fail" time="4.017">
    </testcase>
    <testcase classname="Property 9: API请求重试机制" name="should respect custom shouldRetry function" time="2.802">
    </testcase>
    <testcase classname="Property 9: API请求重试机制" name="should retry 5xx server errors" time="4.812">
    </testcase>
    <testcase classname="Property 9: API请求重试机制" name="should retry network errors" time="5.07">
    </testcase>
    <testcase classname="Property 9: API请求重试机制" name="should retry 429 Too Many Requests errors" time="4.743">
    </testcase>
  </testsuite>
  <testsuite name="Metrics Component" errors="0" failures="0" skipped="0" timestamp="2026-03-08T07:59:54" time="23.242" tests="40">
    <testcase classname="Metrics Component" name="should render loading state initially" time="0.018">
    </testcase>
    <testcase classname="Metrics Component" name="should render metrics dashboard after loading" time="0.543">
    </testcase>
    <testcase classname="Metrics Component" name="should render time range selector buttons" time="0.603">
    </testcase>
    <testcase classname="Metrics Component" name="should have week as default time range" time="0.562">
    </testcase>
    <testcase classname="Metrics Component" name="should change time range when button is clicked" time="0.572">
    </testcase>
    <testcase classname="Metrics Component" name="should call onTimeRangeChange callback when time range changes" time="0.558">
    </testcase>
    <testcase classname="Metrics Component" name="should render metric summary cards" time="0.54">
    </testcase>
    <testcase classname="Metrics Component" name="should render chart with metric trends" time="0.536">
    </testcase>
    <testcase classname="Metrics Component" name="should use custom initial time range" time="0.555">
    </testcase>
    <testcase classname="Metrics Component" name="should reload data when time range changes" time="1.128">
    </testcase>
    <testcase classname="Metrics Component" name="should display latest metric values in summary cards" time="0.543">
    </testcase>
    <testcase classname="Custom Dashboard Functionality" name="should render create dashboard button" time="0.536">
    </testcase>
    <testcase classname="Custom Dashboard Functionality" name="should open dashboard modal when create button is clicked" time="0.558">
    </testcase>
    <testcase classname="Custom Dashboard Functionality" name="should close modal when cancel is clicked" time="0.66">
    </testcase>
    <testcase classname="Custom Dashboard Functionality" name="should create a new dashboard when form is submitted" time="0.638">
    </testcase>
    <testcase classname="Custom Dashboard Functionality" name="should load saved dashboards on mount" time="0.54">
    </testcase>
    <testcase classname="Custom Dashboard Functionality" name="should switch to custom dashboard view when dashboard tab is clicked" time="0.567">
    </testcase>
    <testcase classname="Custom Dashboard Functionality" name="should show edit and delete buttons when dashboard is active" time="0.562">
    </testcase>
    <testcase classname="Custom Dashboard Functionality" name="should delete dashboard when delete button is clicked and confirmed" time="0.57">
    </testcase>
    <testcase classname="Custom Dashboard Functionality" name="should not delete dashboard when delete is cancelled" time="0.562">
    </testcase>
    <testcase classname="Custom Dashboard Functionality" name="should switch back to default view when default view tab is clicked" time="0.597">
    </testcase>
    <testcase classname="Custom Dashboard Functionality" name="should validate dashboard form and show errors" time="0.61">
    </testcase>
    <testcase classname="Data Export Functionality" name="should render CSV export button" time="0.545">
    </testcase>
    <testcase classname="Data Export Functionality" name="should render JSON export button" time="0.564">
    </testcase>
    <testcase classname="Data Export Functionality" name="should export data as CSV when CSV button is clicked" time="0.565">
    </testcase>
    <testcase classname="Data Export Functionality" name="should export data as JSON when JSON button is clicked" time="0.571">
    </testcase>
    <testcase classname="Data Export Functionality" name="should include time range in CSV filename" time="0.554">
    </testcase>
    <testcase classname="Data Export Functionality" name="should include time range in JSON filename" time="0.558">
    </testcase>
    <testcase classname="Data Export Functionality" name="should include dashboard name in filename when exporting from custom dashboard" time="0.589">
    </testcase>
    <testcase classname="Data Export Functionality" name="should export only selected metrics from custom dashboard" time="0.591">
    </testcase>
    <testcase classname="Data Export Functionality" name="should disable export buttons when no data is available" time="0.558">
    </testcase>
    <testcase classname="Data Export Functionality" name="should export data that matches displayed data" time="0.558">
    </testcase>
    <testcase classname="Data Export Functionality" name="should include metric definitions in JSON export" time="0.575">
    </testcase>
    <testcase classname="Data Export Functionality" name="should include timestamp and labels in CSV export" time="0.551">
    </testcase>
    <testcase classname="Threshold Alert Display" name="should display warning indicator when metric exceeds warning threshold" time="0.538">
    </testcase>
    <testcase classname="Threshold Alert Display" name="should display threshold configuration in summary cards" time="0.562">
    </testcase>
    <testcase classname="Threshold Alert Display" name="should show threshold reference lines when single metric is selected" time="0.57">
    </testcase>
    <testcase classname="Threshold Alert Display" name="should not show threshold lines when multiple metrics are selected" time="0.538">
    </testcase>
    <testcase classname="Threshold Alert Display" name="should apply correct alert level styling to summary cards" time="0.54">
    </testcase>
    <testcase classname="Threshold Alert Display" name="should show threshold values in summary cards" time="0.543">
    </testcase>
  </testsuite>
  <testsuite name="Property 13: 批量操作一致性" errors="0" failures="0" skipped="0" timestamp="2026-03-08T08:00:18" time="16.448" tests="7">
    <testcase classname="Property 13: 批量操作一致性" name="批量删除应该对所有选中的项目生效" time="2.518">
    </testcase>
    <testcase classname="Property 13: 批量操作一致性" name="批量归档应该对所有选中的项目生效" time="2.573">
    </testcase>
    <testcase classname="Property 13: 批量操作一致性" name="批量添加标签应该对所有选中的项目生效" time="2.569">
    </testcase>
    <testcase classname="Property 13: 批量操作一致性" name="批量操作应该在不同项目数量下保持一致性" time="3.778">
    </testcase>
    <testcase classname="Property 13: 批量操作一致性" name="批量操作失败时应该保持数据一致性" time="1.524">
    </testcase>
    <testcase classname="Property 13: 批量操作一致性" name="空选择时批量操作应该不执行任何操作" time="1.388">
    </testcase>
    <testcase classname="Property 13: 批量操作一致性" name="批量操作应该正确处理重复选择" time="1.727">
    </testcase>
  </testsuite>
  <testsuite name="Property 6: 错误边界捕获" errors="0" failures="0" skipped="0" timestamp="2026-03-08T08:00:34" time="10.729" tests="11">
    <testcase classname="Property 6: 错误边界捕获" name="应该捕获所有类型的组件错误并显示降级UI" time="1.099">
    </testcase>
    <testcase classname="Property 6: 错误边界捕获" name="应该为所有捕获的错误上报到ErrorMonitor" time="0.71">
    </testcase>
    <testcase classname="Property 6: 错误边界捕获" name="应该在捕获错误后不影响应用的其他部分" time="0.723">
    </testcase>
    <testcase classname="Property 6: 错误边界捕获" name="应该为嵌套的ErrorBoundary正确隔离错误" time="0.686">
    </testcase>
    <testcase classname="Property 6: 错误边界捕获" name="应该在渲染生命周期的任何阶段捕获错误" time="0.768">
    </testcase>
    <testcase classname="Property 6: 错误边界捕获" name="应该在使用自定义fallback时正确传递错误信息" time="0.641">
    </testcase>
    <testcase classname="Property 6: 错误边界捕获" name="应该为所有错误类型提供一致的错误处理" time="2.609">
    </testcase>
    <testcase classname="Property 6: 错误边界捕获" name="应该在错误发生时保持应用状态的完整性" time="0.882">
    </testcase>
    <testcase classname="Property 6: 错误边界捕获" name="应该在捕获错误后允许用户继续使用应用的其他功能" time="0.88">
    </testcase>
    <testcase classname="Property 6: 错误边界捕获" name="应该为所有捕获的错误调用onError回调" time="0.685">
    </testcase>
    <testcase classname="Property 6: 错误边界捕获" name="应该在ErrorMonitor未初始化时仍然显示降级UI" time="0.728">
    </testcase>
  </testsuite>
  <testsuite name="Property 24: GET请求缓存" errors="0" failures="0" skipped="0" timestamp="2026-03-08T08:00:45" time="9.258" tests="8">
    <testcase classname="Property 24: GET请求缓存 › 缓存基本属性" name="对于任何键值对，设置后立即获取应该返回相同的数据" time="0.025">
    </testcase>
    <testcase classname="Property 24: GET请求缓存 › 缓存基本属性" name="对于任何键，在5分钟内的重复获取应该返回缓存数据" time="0.067">
    </testcase>
    <testcase classname="Property 24: GET请求缓存 › 缓存基本属性" name="对于任何键，在TTL过期后获取应该返回null" time="8.73">
    </testcase>
    <testcase classname="Property 24: GET请求缓存 › 缓存隔离属性" name="对于任何不同的键，缓存应该独立存储数据" time="0.065">
    </testcase>
    <testcase classname="Property 24: GET请求缓存 › 缓存统计属性" name="对于任何操作序列，命中数和未命中数之和应该等于总请求数" time="0.022">
    </testcase>
    <testcase classname="Property 24: GET请求缓存 › 缓存统计属性" name="对于任何缓存状态，命中率应该在0到100之间" time="0.028">
    </testcase>
    <testcase classname="Property 24: GET请求缓存 › 缓存清理属性" name="对于任何缓存状态，clear()应该清空所有缓存" time="0.05">
    </testcase>
    <testcase classname="Property 24: GET请求缓存 › 缓存清理属性" name="对于任何模式，clear(pattern)应该只清除匹配的键" time="0.046">
    </testcase>
  </testsuite>
  <testsuite name="CodeDiff Component" errors="0" failures="0" skipped="0" timestamp="2026-03-08T08:00:54" time="3.771" tests="16">
    <testcase classname="CodeDiff Component › Basic Rendering" name="should render file diff with correct file name" time="0.019">
    </testcase>
    <testcase classname="CodeDiff Component › Basic Rendering" name="should display file status badge" time="0.01">
    </testcase>
    <testcase classname="CodeDiff Component › Basic Rendering" name="should display additions and deletions count" time="0.01">
    </testcase>
    <testcase classname="CodeDiff Component › Basic Rendering" name="should display total files changed count" time="0.013">
    </testcase>
    <testcase classname="CodeDiff Component › Basic Rendering" name="should display total additions and deletions in header" time="0.01">
    </testcase>
    <testcase classname="CodeDiff Component › File Expansion" name="should expand file by default" time="0.008">
    </testcase>
    <testcase classname="CodeDiff Component › File Expansion" name="should collapse file when clicking header" time="0.093">
    </testcase>
    <testcase classname="CodeDiff Component › Inline Comments" name="should display existing comments" time="0.011">
    </testcase>
    <testcase classname="CodeDiff Component › Inline Comments" name="should show comment button when onAddComment is provided" time="0.011">
    </testcase>
    <testcase classname="CodeDiff Component › Pagination" name="should not show pagination for files under 1000 lines" time="0.374">
    </testcase>
    <testcase classname="CodeDiff Component › Pagination" name="should show pagination for files over 1000 lines" time="0.763">
    </testcase>
    <testcase classname="CodeDiff Component › Pagination" name="should display correct line range in pagination" time="0.873">
    </testcase>
    <testcase classname="CodeDiff Component › Pagination" name="should respect custom linesPerPage prop" time="0.251">
    </testcase>
    <testcase classname="CodeDiff Component › Pagination" name="should disable pagination when enablePagination is false" time="1.034">
    </testcase>
    <testcase classname="CodeDiff Component › Edge Cases" name="should handle empty files array" time="0.007">
    </testcase>
    <testcase classname="CodeDiff Component › Edge Cases" name="should handle file with no chunks" time="0.011">
    </testcase>
  </testsuite>
  <testsuite name="RBACGuard Property Tests" errors="0" failures="0" skipped="0" timestamp="2026-03-08T08:00:58" time="3.508" tests="4">
    <testcase classname="RBACGuard Property Tests" name="Property 19: Non-Admin users are redirected from admin routes" time="0.798">
    </testcase>
    <testcase classname="RBACGuard Property Tests" name="Property 20: Users without MODIFY_CONFIG cannot access settings" time="0.775">
    </testcase>
    <testcase classname="RBACGuard Property Tests" name="Property 22: Expired sessions redirect to login" time="0.759">
    </testcase>
    <testcase classname="RBACGuard Property Tests" name="Property: Admin users can access admin-protected routes" time="0.779">
    </testcase>
  </testsuite>
  <testsuite name="Property 8: 错误监控上报" errors="0" failures="0" skipped="0" timestamp="2026-03-08T08:01:01" time="2.52" tests="8">
    <testcase classname="Property 8: 错误监控上报" name="应该为所有错误生成包含完整上下文的错误报告" time="0.676">
    </testcase>
    <testcase classname="Property 8: 错误监控上报" name="应该为所有错误生成唯一的错误ID" time="1.315">
    </testcase>
    <testcase classname="Property 8: 错误监控上报" name="应该正确分类所有类型的错误" time="0.027">
    </testcase>
    <testcase classname="Property 8: 错误监控上报" name="应该在设置用户上下文后将用户信息包含在错误报告中" time="0.051">
    </testcase>
    <testcase classname="Property 8: 错误监控上报" name="应该支持beforeSend钩子修改或过滤错误报告" time="0.059">
    </testcase>
    <testcase classname="Property 8: 错误监控上报" name="应该在错误报告中包含完整的错误堆栈" time="0.048">
    </testcase>
    <testcase classname="Property 8: 错误监控上报" name="应该在错误报告中包含浏览器信息（userAgent）" time="0.062">
    </testcase>
    <testcase classname="Property 8: 错误监控上报" name="应该在错误报告中包含页面URL" time="0.062">
    </testcase>
  </testsuite>
  <testsuite name="DashboardService Property-Based Tests" errors="0" failures="0" skipped="0" timestamp="2026-03-08T08:01:04" time="2.37" tests="8">
    <testcase classname="DashboardService Property-Based Tests" name="should persist and load any dashboard configuration correctly" time="0.274">
    </testcase>
    <testcase classname="DashboardService Property-Based Tests" name="should persist multiple dashboards independently" time="0.378">
    </testcase>
    <testcase classname="DashboardService Property-Based Tests" name="should update dashboards while preserving identity" time="0.161">
    </testcase>
    <testcase classname="DashboardService Property-Based Tests" name="should delete specific dashboard without affecting others" time="0.254">
    </testcase>
    <testcase classname="DashboardService Property-Based Tests" name="should maintain dashboard integrity during widget operations" time="0.424">
    </testcase>
    <testcase classname="DashboardService Property-Based Tests" name="should isolate dashboards by user" time="0.343">
    </testcase>
    <testcase classname="DashboardService Property-Based Tests" name="should preserve metadata when updating layout" time="0.222">
    </testcase>
    <testcase classname="DashboardService Property-Based Tests" name="should handle corrupted data gracefully" time="0.076">
    </testcase>
  </testsuite>
  <testsuite name="Property 37: API请求日志记录" errors="0" failures="0" skipped="0" timestamp="2026-03-08T08:01:07" time="2.058" tests="20">
    <testcase classname="Property 37: API请求日志记录" name="应该为所有API请求记录包含响应时间和状态码的日志" time="0.512">
    </testcase>
    <testcase classname="Property 37: API请求日志记录" name="应该为所有API请求生成包含必需字段的日志条目" time="0.124">
    </testcase>
    <testcase classname="Property 37: API请求日志记录" name="应该为所有API请求生成唯一的日志ID" time="0.083">
    </testcase>
    <testcase classname="Property 37: API请求日志记录" name="应该正确记录HTTP方法（转换为大写）" time="0.036">
    </testcase>
    <testcase classname="Property 37: API请求日志记录" name="应该在API日志中包含可选的请求和响应大小" time="0.041">
    </testcase>
    <testcase classname="Property 37: API请求日志记录" name="应该在API日志中包含错误信息（如果提供）" time="0.037">
    </testcase>
    <testcase classname="Property 37: API请求日志记录" name="应该在API日志中包含当前用户ID（如果已设置）" time="0.039">
    </testcase>
    <testcase classname="Property 37: API请求日志记录" name="应该在达到批量大小时触发日志刷新" time="0.041">
    </testcase>
    <testcase classname="Property 37: API请求日志记录" name="应该为所有API请求记录时间戳" time="0.053">
    </testcase>
    <testcase classname="Property 37: API请求日志记录" name="应该在开发环境中输出API请求日志到控制台" time="0.052">
    </testcase>
    <testcase classname="Property 38: 用户操作日志记录" name="应该为所有用户操作记录包含用户ID、时间戳和操作类型的日志" time="0.093">
    </testcase>
    <testcase classname="Property 38: 用户操作日志记录" name="应该为所有用户操作生成唯一的日志ID" time="0.146">
    </testcase>
    <testcase classname="Property 38: 用户操作日志记录" name="应该为所有用户操作记录时间戳" time="0.06">
    </testcase>
    <testcase classname="Property 38: 用户操作日志记录" name="应该在用户操作日志中包含当前页面路径" time="0.05">
    </testcase>
    <testcase classname="Property 38: 用户操作日志记录" name="应该在开发环境中输出用户操作日志到控制台" time="0.055">
    </testcase>
    <testcase classname="Property 38: 用户操作日志记录" name="应该在达到批量大小时触发用户操作日志刷新" time="0.038">
    </testcase>
    <testcase classname="Property 38: 用户操作日志记录" name="应该正确处理包含特殊字符的用户ID和操作类型" time="0.043">
    </testcase>
    <testcase classname="Property 38: 用户操作日志记录" name="应该支持在用户操作日志中包含复杂的详情对象" time="0.044">
    </testcase>
    <testcase classname="Property 38: 用户操作日志记录" name="应该为不同用户的相同操作创建独立的日志条目" time="0.107">
    </testcase>
    <testcase classname="Property 38: 用户操作日志记录" name="应该在混合日志类型时正确维护用户操作日志缓冲区" time="0.186">
    </testcase>
  </testsuite>
  <testsuite name="ConfigService" errors="0" failures="0" skipped="0" timestamp="2026-03-08T08:01:09" time="1.591" tests="47">
    <testcase classname="ConfigService › load" name="should load valid configuration from environment variables" time="0.004">
    </testcase>
    <testcase classname="ConfigService › load" name="should throw error when required environment variables are missing" time="0.012">
    </testcase>
    <testcase classname="ConfigService › load" name="should throw error when configuration validation fails" time="0.003">
    </testcase>
    <testcase classname="ConfigService › load" name="should return cached configuration on subsequent calls" time="0.003">
    </testcase>
    <testcase classname="ConfigService › load" name="should set enableDebugMode to true in development" time="0.002">
    </testcase>
    <testcase classname="ConfigService › load" name="should set enableDebugMode to false in production" time="0.002">
    </testcase>
    <testcase classname="ConfigService › load" name="should load optional configuration when provided" time="0.002">
    </testcase>
    <testcase classname="ConfigService › validate" name="should validate a complete valid configuration" time="0.003">
    </testcase>
    <testcase classname="ConfigService › validate" name="should return error for missing apiBaseUrl" time="0.003">
    </testcase>
    <testcase classname="ConfigService › validate" name="should return error for invalid apiBaseUrl" time="0.002">
    </testcase>
    <testcase classname="ConfigService › validate" name="should return error for invalid environment" time="0.002">
    </testcase>
    <testcase classname="ConfigService › validate" name="should return error for non-boolean enableDebugMode" time="0.002">
    </testcase>
    <testcase classname="ConfigService › validate" name="should return error for missing features" time="0.002">
    </testcase>
    <testcase classname="ConfigService › validate" name="should return error for non-boolean feature flags" time="0.002">
    </testcase>
    <testcase classname="ConfigService › validate" name="should return error for invalid optional sentryDsn" time="0.002">
    </testcase>
    <testcase classname="ConfigService › validate" name="should return multiple errors for multiple invalid fields" time="0.002">
    </testcase>
    <testcase classname="ConfigService › get" name="should return configuration value by key" time="0.002">
    </testcase>
    <testcase classname="ConfigService › get" name="should load configuration if not already loaded" time="0.002">
    </testcase>
    <testcase classname="ConfigService › checkRequiredEnvVars" name="should not throw when all required variables are set" time="0.006">
    </testcase>
    <testcase classname="ConfigService › checkRequiredEnvVars" name="should throw when required variables are missing" time="0.002">
    </testcase>
    <testcase classname="ConfigService › checkRequiredEnvVars" name="should list all missing variables in error message" time="0.002">
    </testcase>
    <testcase classname="ConfigService › parseConfig" name="should parse valid JSON configuration" time="0.001">
    </testcase>
    <testcase classname="ConfigService › parseConfig" name="should throw error for invalid JSON" time="0.002">
    </testcase>
    <testcase classname="ConfigService › parseConfig" name="should throw error for invalid configuration structure" time="0.002">
    </testcase>
    <testcase classname="ConfigService › formatConfig" name="should format configuration to JSON string" time="0.002">
    </testcase>
    <testcase classname="ConfigService › formatConfig" name="should format with proper indentation" time="0.001">
    </testcase>
    <testcase classname="ConfigService › reset" name="should clear cached configuration" time="0.001">
    </testcase>
    <testcase classname="ConfigService › edge cases" name="should handle empty string environment variables" time="0.001">
    </testcase>
    <testcase classname="ConfigService › edge cases" name="should handle whitespace-only environment variables" time="0.002">
    </testcase>
    <testcase classname="ConfigService › edge cases" name="should handle case-sensitive boolean strings" time="0.002">
    </testcase>
    <testcase classname="Property-Based Tests › Property 35: Configuration Round-Trip Consistency" name="should maintain equivalence after parse → format → parse cycle for any valid configuration" time="0.613">
    </testcase>
    <testcase classname="Property-Based Tests › Property 35: Configuration Round-Trip Consistency" name="should preserve all required fields through round-trip" time="0.066">
    </testcase>
    <testcase classname="Property-Based Tests › Property 35: Configuration Round-Trip Consistency" name="should preserve optional fields through round-trip when present" time="0.037">
    </testcase>
    <testcase classname="Property-Based Tests › Property 35: Configuration Round-Trip Consistency" name="should maintain type correctness through round-trip" time="0.059">
    </testcase>
    <testcase classname="Property-Based Tests › Property 35: Configuration Round-Trip Consistency" name="should produce idempotent formatting after first round-trip" time="0.064">
    </testcase>
    <testcase classname="Property-Based Tests › Property 36: Configuration Formatting Correctness" name="should format any valid Configuration object to valid JSON string" time="0.018">
    </testcase>
    <testcase classname="Property-Based Tests › Property 36: Configuration Formatting Correctness" name="should format configuration with proper JSON structure" time="0.036">
    </testcase>
    <testcase classname="Property-Based Tests › Property 36: Configuration Formatting Correctness" name="should format configuration with all required fields present in output" time="0.053">
    </testcase>
    <testcase classname="Property-Based Tests › Property 36: Configuration Formatting Correctness" name="should format configuration preserving optional fields when present" time="0.021">
    </testcase>
    <testcase classname="Property-Based Tests › Property 36: Configuration Formatting Correctness" name="should format configuration with consistent indentation" time="0.018">
    </testcase>
    <testcase classname="Property-Based Tests › Property 36: Configuration Formatting Correctness" name="should format configuration that can be used with parseConfig" time="0.04">
    </testcase>
    <testcase classname="Property-Based Tests › Property 36: Configuration Formatting Correctness" name="should format configuration preserving data types" time="0.047">
    </testcase>
    <testcase classname="Property-Based Tests › Property 34: Configuration Parsing Correctness" name="should correctly parse any valid configuration string into Configuration object with matching field values" time="0.064">
    </testcase>
    <testcase classname="Property-Based Tests › Property 34: Configuration Parsing Correctness" name="should correctly parse configuration with only required fields" time="0.029">
    </testcase>
    <testcase classname="Property-Based Tests › Property 34: Configuration Parsing Correctness" name="should correctly parse configuration with optional fields" time="0.025">
    </testcase>
    <testcase classname="Property-Based Tests › Property 34: Configuration Parsing Correctness" name="should correctly parse configuration for all environment types" time="0.022">
    </testcase>
    <testcase classname="Property-Based Tests › Property 34: Configuration Parsing Correctness" name="should correctly parse configuration with all boolean combinations for features" time="0.049">
    </testcase>
  </testsuite>
  <testsuite name="Dashboard Component" errors="0" failures="0" skipped="0" timestamp="2026-03-08T08:01:10" time="1.91" tests="21">
    <testcase classname="Dashboard Component › Loading State" name="should display loading state on initial render" time="0.01">
    </testcase>
    <testcase classname="Dashboard Component › Loading State" name="should hide loading state after data is loaded" time="0.012">
    </testcase>
    <testcase classname="Dashboard Component › Error State" name="should display error message when data fetch fails" time="0.008">
    </testcase>
    <testcase classname="Dashboard Component › Error State" name="should allow retry on error" time="0.064">
    </testcase>
    <testcase classname="Dashboard Component › Error State" name="should show background error banner when refresh fails but data exists" time="0.015">
    </testcase>
    <testcase classname="Dashboard Component › Data Display" name="should display metrics correctly" time="0.013">
    </testcase>
    <testcase classname="Dashboard Component › Data Display" name="should display different system health states correctly" time="0.028">
    </testcase>
    <testcase classname="Dashboard Component › Data Display" name="should display last update time" time="0.009">
    </testcase>
    <testcase classname="Dashboard Component › Auto Refresh" name="should refresh data at specified interval" time="0.01">
    </testcase>
    <testcase classname="Dashboard Component › Auto Refresh" name="should use default refresh interval of 30 seconds" time="0.011">
    </testcase>
    <testcase classname="Dashboard Component › Auto Refresh" name="should not auto-refresh when interval is 0" time="0.005">
    </testcase>
    <testcase classname="Dashboard Component › Manual Refresh" name="should refresh data when refresh button is clicked" time="0.076">
    </testcase>
    <testcase classname="Dashboard Component › Memory Leak Prevention" name="should clean up timer on unmount" time="0.006">
    </testcase>
    <testcase classname="Dashboard Component › Memory Leak Prevention" name="should not update state after unmount" time="0.116">
    </testcase>
    <testcase classname="Dashboard Component › Memory Leak Prevention" name="should clean up all pending requests on unmount" time="0.061">
    </testcase>
    <testcase classname="Dashboard Component › Memory Leak Prevention" name="should clear abort controller on unmount" time="0.011">
    </testcase>
    <testcase classname="Dashboard Component › API Integration" name="should call correct API endpoint" time="0.012">
    </testcase>
    <testcase classname="Dashboard Component › Data Refresh Performance" name="should update UI within 500ms of receiving data" time="0.1">
    </testcase>
    <testcase classname="Dashboard Component › Data Refresh Performance" name="should handle rapid data updates efficiently" time="0.42">
    </testcase>
    <testcase classname="Dashboard Component › Data Refresh Performance" name="should track response time in development mode" time="0.031">
    </testcase>
    <testcase classname="Dashboard Component › Data Refresh Performance" name="should warn when refresh exceeds 500ms in development mode" time="0.636">
    </testcase>
  </testsuite>
  <testsuite name="VirtualList Property-Based Tests" errors="0" failures="0" skipped="0" timestamp="2026-03-08T08:01:12" time="1.478" tests="8">
    <testcase classname="VirtualList Property-Based Tests" name="should only render visible items regardless of total item count" time="0.144">
    </testcase>
    <testcase classname="VirtualList Property-Based Tests" name="should position items correctly based on their index and height" time="0.177">
    </testcase>
    <testcase classname="VirtualList Property-Based Tests" name="should calculate total height correctly" time="0.148">
    </testcase>
    <testcase classname="VirtualList Property-Based Tests" name="should render correct items after scrolling" time="0.228">
    </testcase>
    <testcase classname="VirtualList Property-Based Tests" name="should support dynamic item heights" time="0.121">
    </testcase>
    <testcase classname="VirtualList Property-Based Tests" name="should handle empty lists gracefully" time="0.041">
    </testcase>
    <testcase classname="VirtualList Property-Based Tests" name="should maintain consistent performance for large lists" time="0.08">
    </testcase>
    <testcase classname="VirtualList Property-Based Tests" name="should call onScroll with correct scroll position" time="0.232">
    </testcase>
  </testsuite>
  <testsuite name="PullRequests Component" errors="0" failures="0" skipped="0" timestamp="2026-03-08T08:01:14" time="1.003" tests="51">
    <testcase classname="PullRequests Component › Empty State" name="should display empty state when no PRs exist" time="0.015">
    </testcase>
    <testcase classname="PullRequests Component › Empty State" name="should display filtered empty state when no PRs match filter" time="0.011">
    </testcase>
    <testcase classname="PullRequests Component › PR List View" name="should render PR list with correct information" time="0.009">
    </testcase>
    <testcase classname="PullRequests Component › PR List View" name="should display PR metadata correctly" time="0.009">
    </testcase>
    <testcase classname="PullRequests Component › PR List View" name="should display correct status badges" time="0.013">
    </testcase>
    <testcase classname="PullRequests Component › Status Filtering" name="should filter PRs by status" time="0.03">
    </testcase>
    <testcase classname="PullRequests Component › Status Filtering" name="should show all PRs when &quot;All&quot; filter is selected" time="0.017">
    </testcase>
    <testcase classname="PullRequests Component › PR Detail View" name="should show PR details when clicking on a PR" time="0.015">
    </testcase>
    <testcase classname="PullRequests Component › PR Detail View" name="should show back button in detail view" time="0.012">
    </testcase>
    <testcase classname="PullRequests Component › PR Detail View" name="should return to list view when clicking back button" time="0.017">
    </testcase>
    <testcase classname="PullRequests Component › PR Detail View" name="should display approvers in detail view" time="0.017">
    </testcase>
    <testcase classname="PullRequests Component › Code Diff Integration" name="should render CodeDiff component in detail view" time="0.015">
    </testcase>
    <testcase classname="PullRequests Component › Code Diff Integration" name="should highlight code differences" time="0.012">
    </testcase>
    <testcase classname="PullRequests Component › Comment Functionality" name="should allow adding comments through CodeDiff" time="0.019">
    </testcase>
    <testcase classname="PullRequests Component › Comment Functionality" name="should create comment threads on code lines" time="0.012">
    </testcase>
    <testcase classname="PullRequests Component › Comment Functionality" name="should support replying to comments" time="0.012">
    </testcase>
    <testcase classname="PullRequests Component › Comment Functionality" name="should display comment threads with replies" time="0.012">
    </testcase>
    <testcase classname="PullRequests Component › Comment Functionality" name="should handle deleting comments and replies" time="0.011">
    </testcase>
    <testcase classname="PullRequests Component › Requirement 3.1 Validation" name="should highlight code differences when opening PR details (Requirement 3.1)" time="0.012">
    </testcase>
    <testcase classname="PullRequests Component › Requirement 3.2 Validation" name="should create comment threads and support replies (Requirement 3.2)" time="0.014">
    </testcase>
    <testcase classname="PullRequests Component › Requirement 3.2 Validation" name="should allow adding new comments on code lines (Requirement 3.2)" time="0.014">
    </testcase>
    <testcase classname="PullRequests Component › Requirement 3.2 Validation" name="should support replying to existing comments (Requirement 3.2)" time="0.012">
    </testcase>
    <testcase classname="PullRequests Component › Requirement 3.3 Validation" name="should display approval status and approver list (Requirement 3.3)" time="0.018">
    </testcase>
    <testcase classname="PullRequests Component › Requirement 3.3 Validation" name="should show approver timestamps (Requirement 3.3)" time="0.013">
    </testcase>
    <testcase classname="PullRequests Component › Requirement 3.4 Validation" name="should allow submitting approval decision (Requirement 3.4)" time="0.017">
    </testcase>
    <testcase classname="PullRequests Component › Requirement 3.4 Validation" name="should update approval status when approving (Requirement 3.4)" time="0.027">
    </testcase>
    <testcase classname="PullRequests Component › Requirement 3.4 Validation" name="should update approval status when rejecting (Requirement 3.4)" time="0.03">
    </testcase>
    <testcase classname="PullRequests Component › Requirement 3.4 Validation" name="should allow submitting approval without comment (Requirement 3.4)" time="0.02">
    </testcase>
    <testcase classname="PullRequests Component › Requirement 3.4 Validation" name="should update PR status to approved when all approvers approve (Requirement 3.4)" time="0.027">
    </testcase>
    <testcase classname="PullRequests Component › Requirement 3.4 Validation" name="should update PR status to rejected when any approver rejects (Requirement 3.4)" time="0.024">
    </testcase>
    <testcase classname="PullRequests Component › Requirement 3.4 Validation" name="should allow canceling approval decision (Requirement 3.4)" time="0.019">
    </testcase>
    <testcase classname="PullRequests Component › Requirement 3.4 Validation" name="should not show approval actions for non-open PRs (Requirement 3.4)" time="0.012">
    </testcase>
    <testcase classname="PullRequests Component › Requirement 3.4 Validation" name="should send notification when approval decision is submitted (Requirement 3.4)" time="0.023">
    </testcase>
    <testcase classname="PullRequests Component › Requirement 3.5 Validation - Large PR Pagination" name="should paginate large PRs with 1000+ lines of code changes (Requirement 3.5)" time="0.013">
    </testcase>
    <testcase classname="PullRequests Component › Requirement 3.5 Validation - Large PR Pagination" name="should handle pagination for PRs with exactly 1000 lines (Requirement 3.5)" time="0.012">
    </testcase>
    <testcase classname="PullRequests Component › Requirement 3.5 Validation - Large PR Pagination" name="should handle multiple large files in a single PR (Requirement 3.5)" time="0.013">
    </testcase>
    <testcase classname="PullRequests Component › Requirement 3.5 Validation - Large PR Pagination" name="should not paginate small PRs with less than 1000 lines (Requirement 3.5)" time="0.011">
    </testcase>
    <testcase classname="PullRequests Component › Code Syntax Highlighting" name="should display code differences with syntax highlighting" time="0.015">
    </testcase>
    <testcase classname="PullRequests Component › Code Syntax Highlighting" name="should highlight different file types correctly" time="0.012">
    </testcase>
    <testcase classname="PullRequests Component › Code Syntax Highlighting" name="should display added, deleted, and context lines with appropriate styling" time="0.011">
    </testcase>
    <testcase classname="PullRequests Component › Code Syntax Highlighting" name="should handle syntax highlighting for edge cases" time="0.015">
    </testcase>
    <testcase classname="PullRequests Component › Comment Thread Interaction" name="should display existing comment threads on code lines" time="0.011">
    </testcase>
    <testcase classname="PullRequests Component › Comment Thread Interaction" name="should allow adding new comments to code lines" time="0.014">
    </testcase>
    <testcase classname="PullRequests Component › Comment Thread Interaction" name="should support replying to existing comments" time="0.011">
    </testcase>
    <testcase classname="PullRequests Component › Comment Thread Interaction" name="should handle deleting comments from threads" time="0.011">
    </testcase>
    <testcase classname="PullRequests Component › Comment Thread Interaction" name="should display comment threads in chronological order" time="0.014">
    </testcase>
    <testcase classname="PullRequests Component › Comment Thread Interaction" name="should handle comment threads across multiple files" time="0.012">
    </testcase>
    <testcase classname="PullRequests Component › Comment Thread Interaction" name="should preserve comment thread state when navigating" time="0.021">
    </testcase>
    <testcase classname="PullRequests Component › Comment Thread Interaction" name="should handle empty comment threads gracefully" time="0.012">
    </testcase>
    <testcase classname="PullRequests Component › Comment Thread Interaction" name="should update comment count when adding/deleting comments" time="0.014">
    </testcase>
    <testcase classname="PullRequests Component › Comment Thread Interaction" name="should handle nested reply threads correctly" time="0.015">
    </testcase>
  </testsuite>
  <testsuite name="CacheService" errors="0" failures="0" skipped="0" timestamp="2026-03-08T08:01:15" time="0.992" tests="34">
    <testcase classname="CacheService › set and get" name="should store and retrieve data" time="0.003">
    </testcase>
    <testcase classname="CacheService › set and get" name="should return null for non-existent key" time="0.001">
    </testcase>
    <testcase classname="CacheService › set and get" name="should support different data types" time="0.002">
    </testcase>
    <testcase classname="CacheService › set and get" name="should overwrite existing key" time="0.001">
    </testcase>
    <testcase classname="CacheService › TTL and expiration" name="should use default TTL when not specified" time="0.002">
    </testcase>
    <testcase classname="CacheService › TTL and expiration" name="should use custom TTL when specified" time="0.001">
    </testcase>
    <testcase classname="CacheService › TTL and expiration" name="should return null for expired data" time="0.162">
    </testcase>
    <testcase classname="CacheService › TTL and expiration" name="should detect expired entries" time="0.154">
    </testcase>
    <testcase classname="CacheService › TTL and expiration" name="should return 0 TTL for expired entries" time="0.156">
    </testcase>
    <testcase classname="CacheService › TTL and expiration" name="should update TTL for existing entry" time="0.001">
    </testcase>
    <testcase classname="CacheService › TTL and expiration" name="should not update TTL for non-existent entry" time="0.001">
    </testcase>
    <testcase classname="CacheService › clear" name="should clear all cache when no pattern provided" time="0.001">
    </testcase>
    <testcase classname="CacheService › clear" name="should clear only matching keys when pattern provided" time="0.002">
    </testcase>
    <testcase classname="CacheService › clear" name="should not affect cache when pattern matches nothing" time="0.001">
    </testcase>
    <testcase classname="CacheService › clearExpired" name="should remove only expired entries" time="0.163">
    </testcase>
    <testcase classname="CacheService › clearExpired" name="should return 0 when no entries are expired" time="0.001">
    </testcase>
    <testcase classname="CacheService › has" name="should return true for existing non-expired entry" time="0.001">
    </testcase>
    <testcase classname="CacheService › has" name="should return false for non-existent entry" time="0.001">
    </testcase>
    <testcase classname="CacheService › has" name="should return false for expired entry" time="0.168">
    </testcase>
    <testcase classname="CacheService › statistics" name="should track cache hits" time="0.002">
    </testcase>
    <testcase classname="CacheService › statistics" name="should track cache misses" time="0.001">
    </testcase>
    <testcase classname="CacheService › statistics" name="should calculate hit rate correctly" time="0.001">
    </testcase>
    <testcase classname="CacheService › statistics" name="should return 0 hit rate when no requests" time="0.001">
    </testcase>
    <testcase classname="CacheService › statistics" name="should include cache size in stats" time="0.001">
    </testcase>
    <testcase classname="CacheService › statistics" name="should include all keys in stats" time="0.002">
    </testcase>
    <testcase classname="CacheService › statistics" name="should reset statistics" time="0.001">
    </testcase>
    <testcase classname="CacheService › edge cases" name="should handle empty string as key" time="0.001">
    </testcase>
    <testcase classname="CacheService › edge cases" name="should handle null as data" time="0.002">
    </testcase>
    <testcase classname="CacheService › edge cases" name="should handle undefined as data" time="0.001">
    </testcase>
    <testcase classname="CacheService › edge cases" name="should handle very large TTL" time="0.001">
    </testcase>
    <testcase classname="CacheService › edge cases" name="should handle zero TTL (immediate expiration)" time="0.001">
    </testcase>
    <testcase classname="CacheService › edge cases" name="should handle negative TTL (immediate expiration)" time="0.001">
    </testcase>
    <testcase classname="CacheService › concurrent operations" name="should handle multiple rapid sets and gets" time="0.006">
    </testcase>
    <testcase classname="CacheService › concurrent operations" name="should maintain consistency during mixed operations" time="0.001">
    </testcase>
  </testsuite>
  <testsuite name="ErrorHandler" errors="0" failures="0" skipped="0" timestamp="2026-03-08T08:01:16" time="1.049" tests="29">
    <testcase classname="ErrorHandler › handleError" name="should handle network errors" time="0.004">
    </testcase>
    <testcase classname="ErrorHandler › handleError" name="should handle timeout errors" time="0.001">
    </testcase>
    <testcase classname="ErrorHandler › handleError" name="should handle authentication errors (401)" time="0.003">
    </testcase>
    <testcase classname="ErrorHandler › handleError" name="should handle authorization errors (403)" time="0.002">
    </testcase>
    <testcase classname="ErrorHandler › handleError" name="should handle validation errors (422)" time="0.001">
    </testcase>
    <testcase classname="ErrorHandler › handleError" name="should handle server errors (500)" time="0.002">
    </testcase>
    <testcase classname="ErrorHandler › handleError" name="should handle rate limit errors (429)" time="0.002">
    </testcase>
    <testcase classname="ErrorHandler › handleError" name="should handle ApiError from API client" time="0.008">
    </testcase>
    <testcase classname="ErrorHandler › handleError" name="should handle standard Error objects" time="0.008">
    </testcase>
    <testcase classname="ErrorHandler › handleError" name="should handle unknown error types" time="0.002">
    </testcase>
    <testcase classname="ErrorHandler › handleError" name="should include timestamp in error info" time="0.002">
    </testcase>
    <testcase classname="ErrorHandler › getUserMessage" name="should return appropriate message for each error type" time="0.003">
    </testcase>
    <testcase classname="ErrorHandler › shouldRetry" name="should return true for retryable errors" time="0.001">
    </testcase>
    <testcase classname="ErrorHandler › shouldRetry" name="should return false for non-retryable errors" time="0.002">
    </testcase>
    <testcase classname="ErrorHandler › logError" name="should log error to console in development" time="0.002">
    </testcase>
    <testcase classname="ErrorHandler › logError" name="should log structured JSON in production" time="0.001">
    </testcase>
    <testcase classname="ErrorHandler › reportToBackend" name="should send error report to backend" time="0.002">
    </testcase>
    <testcase classname="ErrorHandler › reportToBackend" name="should handle backend reporting failure gracefully" time="0.002">
    </testcase>
    <testcase classname="ErrorHandler › handleErrorComplete" name="should handle, log, and report error in production" time="0.003">
    </testcase>
    <testcase classname="ErrorHandler › handleErrorComplete" name="should not report to backend in development" time="0.002">
    </testcase>
    <testcase classname="ErrorHandler › createRetryHandler" name="should retry retryable errors" time="0.323">
    </testcase>
    <testcase classname="ErrorHandler › createRetryHandler" name="should not retry non-retryable errors" time="0.001">
    </testcase>
    <testcase classname="ErrorHandler › createRetryHandler" name="should throw after max retries" time="0.171">
    </testcase>
    <testcase classname="ErrorHandler › createRetryHandler" name="should use exponential backoff" time="0.312">
    </testcase>
    <testcase classname="ErrorHandler › Convenience functions" name="should export convenience function for handleError" time="0.002">
    </testcase>
    <testcase classname="ErrorHandler › Convenience functions" name="should export convenience function for getUserMessage" time="0.002">
    </testcase>
    <testcase classname="ErrorHandler › Convenience functions" name="should export convenience function for shouldRetry" time="0.002">
    </testcase>
    <testcase classname="ErrorHandler › Convenience functions" name="should export convenience function for logError" time="0.002">
    </testcase>
    <testcase classname="ErrorHandler › Convenience functions" name="should export convenience function for reportToBackend" time="0.001">
    </testcase>
  </testsuite>
  <testsuite name="Architecture Component" errors="0" failures="0" skipped="0" timestamp="2026-03-08T08:01:17" time="0.701" tests="35">
    <testcase classname="Architecture Component" name="should render without crashing" time="0.011">
    </testcase>
    <testcase classname="Architecture Component" name="should render with provided data" time="0.006">
    </testcase>
    <testcase classname="Architecture Component" name="should display architecture visualization title" time="0.005">
    </testcase>
    <testcase classname="Architecture Component" name="should display legend with node types" time="0.009">
    </testcase>
    <testcase classname="Architecture Component" name="should render ReactFlow controls" time="0.005">
    </testcase>
    <testcase classname="Architecture Component" name="should render ReactFlow background" time="0.005">
    </testcase>
    <testcase classname="Architecture Component" name="should render ReactFlow minimap" time="0.011">
    </testcase>
    <testcase classname="Architecture Component" name="should call onNodeClick when provided" time="0.005">
    </testcase>
    <testcase classname="Architecture Component" name="should accept onExport callback" time="0.005">
    </testcase>
    <testcase classname="Architecture Component" name="should display export buttons" time="0.005">
    </testcase>
    <testcase classname="Architecture Component" name="should call onExport callback when PNG export is triggered" time="0.037">
    </testcase>
    <testcase classname="Architecture Component" name="should call onExport callback when SVG export is triggered" time="0.032">
    </testcase>
    <testcase classname="Architecture Component" name="should disable export buttons while exporting" time="0.139">
    </testcase>
    <testcase classname="Architecture Component" name="should show export panel in top-right position" time="0.007">
    </testcase>
    <testcase classname="Architecture Component" name="should generate sample data when no data provided" time="0.005">
    </testcase>
    <testcase classname="Architecture Component" name="should handle nodes with metrics" time="0.006">
    </testcase>
    <testcase classname="Architecture Component" name="should handle nodes without metrics" time="0.005">
    </testcase>
    <testcase classname="Architecture Component" name="should handle different node types" time="0.019">
    </testcase>
    <testcase classname="Architecture Component" name="should handle nodes with dependencies" time="0.004">
    </testcase>
    <testcase classname="Architecture Component" name="should handle nested children" time="0.004">
    </testcase>
    <testcase classname="Architecture Component" name="should handle empty architecture data" time="0.005">
    </testcase>
    <testcase classname="Architecture Component › Node Expansion (Requirement 4.2)" name="should show expansion indicator for nodes with children" time="0.005">
    </testcase>
    <testcase classname="Architecture Component › Node Expansion (Requirement 4.2)" name="should not show expansion indicator for nodes without children" time="0.006">
    </testcase>
    <testcase classname="Architecture Component › Node Expansion (Requirement 4.2)" name="should handle node click for expansion" time="0.012">
    </testcase>
    <testcase classname="Architecture Component › Node Expansion (Requirement 4.2)" name="should handle multiple levels of nesting" time="0.004">
    </testcase>
    <testcase classname="Architecture Component › Performance Metrics Display (Requirement 4.3)" name="should display all performance metrics on nodes" time="0.005">
    </testcase>
    <testcase classname="Architecture Component › Performance Metrics Display (Requirement 4.3)" name="should handle nodes with healthy metrics" time="0.005">
    </testcase>
    <testcase classname="Architecture Component › Performance Metrics Display (Requirement 4.3)" name="should handle nodes with warning metrics" time="0.005">
    </testcase>
    <testcase classname="Architecture Component › Performance Metrics Display (Requirement 4.3)" name="should handle nodes with critical metrics" time="0.005">
    </testcase>
    <testcase classname="Architecture Component › Performance Metrics Display (Requirement 4.3)" name="should handle nodes without metrics gracefully" time="0.005">
    </testcase>
    <testcase classname="Architecture Component › Performance Metrics Display (Requirement 4.3)" name="should display metrics for multiple nodes" time="0.004">
    </testcase>
    <testcase classname="Architecture Component › Performance Metrics Display (Requirement 4.3)" name="should handle zero values in metrics" time="0.004">
    </testcase>
    <testcase classname="Architecture Component › Performance Metrics Display (Requirement 4.3)" name="should handle very high metric values" time="0.005">
    </testcase>
    <testcase classname="Architecture Component › Node Interaction Integration" name="should display metrics on expandable nodes" time="0.006">
    </testcase>
    <testcase classname="Architecture Component › Node Interaction Integration" name="should handle complex architecture with mixed node types and metrics" time="0.006">
    </testcase>
  </testsuite>
  <testsuite name="PermissionCheck Property Tests" errors="0" failures="0" skipped="0" timestamp="2026-03-08T08:01:17" time="0.761" tests="4">
    <testcase classname="PermissionCheck Property Tests" name="Property 21: UI elements are hidden when user lacks required permission" time="0.186">
    </testcase>
    <testcase classname="PermissionCheck Property Tests" name="Property: Admin users can see all permission-protected UI elements" time="0.096">
    </testcase>
    <testcase classname="PermissionCheck Property Tests" name="Property: Visitor users can only see view-related UI elements" time="0.085">
    </testcase>
    <testcase classname="PermissionCheck Property Tests" name="Property: Fallback content is rendered when user lacks permission" time="0.092">
    </testcase>
  </testsuite>
  <testsuite name="Register Page Accessibility" errors="0" failures="0" skipped="0" timestamp="2026-03-08T08:01:18" time="0.72" tests="9">
    <testcase classname="Register Page Accessibility" name="should not have any automatically detectable accessibility violations" time="0.177">
    </testcase>
    <testcase classname="Register Page Accessibility" name="should have proper ARIA labels on form elements" time="0.022">
    </testcase>
    <testcase classname="Register Page Accessibility" name="should have proper role attributes" time="0.019">
    </testcase>
    <testcase classname="Register Page Accessibility" name="should have accessible form with proper aria-label" time="0.019">
    </testcase>
    <testcase classname="Register Page Accessibility" name="should have accessible button with proper aria-label" time="0.021">
    </testcase>
    <testcase classname="Register Page Accessibility" name="should have accessible password strength indicator" time="0.016">
    </testcase>
    <testcase classname="Register Page Accessibility" name="should have accessible checkbox for terms acceptance" time="0.02">
    </testcase>
    <testcase classname="Register Page Accessibility" name="should have keyboard accessible links" time="0.02">
    </testcase>
    <testcase classname="Register Page Accessibility" name="should have proper heading hierarchy" time="0.015">
    </testcase>
  </testsuite>
  <testsuite name="Login Page Accessibility" errors="0" failures="0" skipped="0" timestamp="2026-03-08T08:01:19" time="0.602" tests="8">
    <testcase classname="Login Page Accessibility" name="should not have any automatically detectable accessibility violations" time="0.123">
    </testcase>
    <testcase classname="Login Page Accessibility" name="should have proper ARIA labels on form elements" time="0.015">
    </testcase>
    <testcase classname="Login Page Accessibility" name="should have proper role attributes" time="0.015">
    </testcase>
    <testcase classname="Login Page Accessibility" name="should have accessible form with proper aria-label" time="0.012">
    </testcase>
    <testcase classname="Login Page Accessibility" name="should have accessible button with proper aria-label" time="0.024">
    </testcase>
    <testcase classname="Login Page Accessibility" name="should have proper heading hierarchy" time="0.012">
    </testcase>
    <testcase classname="Login Page Accessibility" name="should have keyboard accessible links" time="0.019">
    </testcase>
    <testcase classname="Login Page Accessibility" name="should have proper color contrast (manual verification required)" time="0.001">
    </testcase>
  </testsuite>
  <testsuite name="Property 18: 任务优先级调度" errors="0" failures="0" skipped="0" timestamp="2026-03-08T08:01:20" time="0.562" tests="17">
    <testcase classname="Property 18: 任务优先级调度 › 核心调度属性" name="应该始终按优先级降序返回待执行任务" time="0.026">
    </testcase>
    <testcase classname="Property 18: 任务优先级调度 › 核心调度属性" name="应该只调度pending状态的任务" time="0.017">
    </testcase>
    <testcase classname="Property 18: 任务优先级调度 › 核心调度属性" name="应该遵守maxConcurrent限制" time="0.031">
    </testcase>
    <testcase classname="Property 18: 任务优先级调度 › 核心调度属性" name="应该在资源不可用时不调度任何任务" time="0.028">
    </testcase>
    <testcase classname="Property 18: 任务优先级调度 › 优先级调度正确性" name="应该优先调度高优先级任务" time="0.01">
    </testcase>
    <testcase classname="Property 18: 任务优先级调度 › 优先级调度正确性" name="应该在优先级相同时使用FIFO顺序" time="0.022">
    </testcase>
    <testcase classname="Property 18: 任务优先级调度 › 优先级调度正确性" name="应该在有可用槽位时调度最高优先级的pending任务" time="0.015">
    </testcase>
    <testcase classname="Property 18: 任务优先级调度 › 边界条件" name="应该正确处理空任务列表" time="0.019">
    </testcase>
    <testcase classname="Property 18: 任务优先级调度 › 边界条件" name="应该正确处理所有任务都在运行的情况" time="0.017">
    </testcase>
    <testcase classname="Property 18: 任务优先级调度 › 边界条件" name="应该正确处理所有任务都已完成的情况" time="0.024">
    </testcase>
    <testcase classname="Property 18: 任务优先级调度 › 边界条件" name="应该正确处理maxConcurrent为1的情况" time="0.014">
    </testcase>
    <testcase classname="Property 18: 任务优先级调度 › 不变量验证" name="tasksToExecute和waitingTasks的总数应该等于pending任务数" time="0.013">
    </testcase>
    <testcase classname="Property 18: 任务优先级调度 › 不变量验证" name="不应该有重复的任务ID在结果中" time="0.022">
    </testcase>
    <testcase classname="Property 18: 任务优先级调度 › 不变量验证" name="sortByPriority应该不改变原数组" time="0.018">
    </testcase>
    <testcase classname="Property 18: 任务优先级调度 › 不变量验证" name="getNextTask应该返回最高优先级的pending任务或null" time="0.016">
    </testcase>
    <testcase classname="Property 18: 任务优先级调度 › 配置更新" name="updateConfig应该正确更新配置" time="0.011">
    </testcase>
    <testcase classname="Property 18: 任务优先级调度 › 配置更新" name="部分配置更新应该保留未更新的值" time="0.012">
    </testcase>
  </testsuite>
  <testsuite name="Property: Dependency Path Highlighting (Requirement 4.4)" errors="0" failures="0" skipped="0" timestamp="2026-03-08T08:01:20" time="0.418" tests="8">
    <testcase classname="Property: Dependency Path Highlighting (Requirement 4.4)" name="should always include the selected node in highlighted nodes" time="0.046">
    </testcase>
    <testcase classname="Property: Dependency Path Highlighting (Requirement 4.4)" name="should highlight all downstream dependencies (nodes that selected node depends on)" time="0.03">
    </testcase>
    <testcase classname="Property: Dependency Path Highlighting (Requirement 4.4)" name="should highlight all upstream dependencies (nodes that depend on selected node)" time="0.018">
    </testcase>
    <testcase classname="Property: Dependency Path Highlighting (Requirement 4.4)" name="should highlight all edges that connect highlighted nodes" time="0.027">
    </testcase>
    <testcase classname="Property: Dependency Path Highlighting (Requirement 4.4)" name="should not highlight nodes that are not in any dependency path" time="0.067">
    </testcase>
    <testcase classname="Property: Dependency Path Highlighting (Requirement 4.4)" name="should handle circular dependencies without infinite loops" time="0.001">
    </testcase>
    <testcase classname="Property: Dependency Path Highlighting (Requirement 4.4)" name="should only highlight selected node when it has no dependencies" time="0.001">
    </testcase>
    <testcase classname="Property: Dependency Path Highlighting (Requirement 4.4)" name="should trace complex multi-level dependency chains" time="0.001">
    </testcase>
  </testsuite>
  <testsuite name="ErrorBoundary" errors="0" failures="0" skipped="0" timestamp="2026-03-08T08:01:21" time="0.388" tests="16">
    <testcase classname="ErrorBoundary › 正常渲染" name="should render children when no error occurs" time="0.008">
    </testcase>
    <testcase classname="ErrorBoundary › 正常渲染" name="should not show error UI when children render successfully" time="0.005">
    </testcase>
    <testcase classname="ErrorBoundary › 错误捕获" name="should catch errors from child components" time="0.02">
    </testcase>
    <testcase classname="ErrorBoundary › 错误捕获" name="should display error message in development mode" time="0.008">
    </testcase>
    <testcase classname="ErrorBoundary › 错误捕获" name="should call onError callback when error occurs" time="0.009">
    </testcase>
    <testcase classname="ErrorBoundary › 错误捕获" name="should report error to ErrorMonitor" time="0.007">
    </testcase>
    <testcase classname="ErrorBoundary › 降级UI" name="should display default fallback UI" time="0.008">
    </testcase>
    <testcase classname="ErrorBoundary › 降级UI" name="should use custom fallback when provided" time="0.008">
    </testcase>
    <testcase classname="ErrorBoundary › 重置功能" name="should reset error state when Try Again is clicked" time="0.011">
    </testcase>
    <testcase classname="ErrorBoundary › 重置功能" name="should call onReset callback when reset" time="0.014">
    </testcase>
    <testcase classname="ErrorBoundary › 重新加载功能" name="should reload page when Reload Page is clicked" time="0.007">
    </testcase>
    <testcase classname="ErrorBoundary › 报告问题功能" name="should open mailto link when Report Issue is clicked" time="0.014">
    </testcase>
    <testcase classname="ErrorBoundary › 边缘情况" name="should handle ErrorMonitor not initialized gracefully" time="0.007">
    </testcase>
    <testcase classname="ErrorBoundary › 边缘情况" name="should handle onError callback throwing error" time="0.007">
    </testcase>
    <testcase classname="ErrorBoundary › 边缘情况" name="should handle onReset callback throwing error" time="0.022">
    </testcase>
    <testcase classname="ErrorBoundary › 多个ErrorBoundary嵌套" name="should allow nested ErrorBoundaries" time="0.008">
    </testcase>
  </testsuite>
  <testsuite name="OfflineIndicator" errors="0" failures="0" skipped="0" timestamp="2026-03-08T08:01:21" time="0.416" tests="24">
    <testcase classname="OfflineIndicator › Initial State" name="should not render when online initially" time="0.007">
    </testcase>
    <testcase classname="OfflineIndicator › Initial State" name="should render when offline initially" time="0.008">
    </testcase>
    <testcase classname="OfflineIndicator › Offline State" name="should show offline message when going offline" time="0.007">
    </testcase>
    <testcase classname="OfflineIndicator › Offline State" name="should display custom offline message" time="0.004">
    </testcase>
    <testcase classname="OfflineIndicator › Offline State" name="should show warning icon when offline" time="0.006">
    </testcase>
    <testcase classname="OfflineIndicator › Offline State" name="should call onOffline callback when going offline" time="0.007">
    </testcase>
    <testcase classname="OfflineIndicator › Online State" name="should show online message when connection is restored" time="0.011">
    </testcase>
    <testcase classname="OfflineIndicator › Online State" name="should display custom online message" time="0.011">
    </testcase>
    <testcase classname="OfflineIndicator › Online State" name="should show checkmark icon when online" time="0.009">
    </testcase>
    <testcase classname="OfflineIndicator › Online State" name="should call onOnline callback when going online" time="0.006">
    </testcase>
    <testcase classname="OfflineIndicator › Online State" name="should auto-hide online message after duration" time="0.018">
    </testcase>
    <testcase classname="OfflineIndicator › Online State" name="should not auto-hide when duration is 0" time="0.009">
    </testcase>
    <testcase classname="OfflineIndicator › Retry Button" name="should show retry button when offline" time="0.005">
    </testcase>
    <testcase classname="OfflineIndicator › Retry Button" name="should not show retry button when showRetryButton is false" time="0.004">
    </testcase>
    <testcase classname="OfflineIndicator › Retry Button" name="should not show retry button when online" time="0.005">
    </testcase>
    <testcase classname="OfflineIndicator › Retry Button" name="should call onRetry callback when retry button is clicked" time="0.006">
    </testcase>
    <testcase classname="OfflineIndicator › Retry Button" name="should reload page when retry is clicked without onRetry callback" time="0.002">
    </testcase>
    <testcase classname="OfflineIndicator › Position" name="should position at top by default" time="0.009">
    </testcase>
    <testcase classname="OfflineIndicator › Position" name="should position at bottom when specified" time="0.005">
    </testcase>
    <testcase classname="OfflineIndicator › Customization" name="should apply custom className" time="0.004">
    </testcase>
    <testcase classname="OfflineIndicator › Accessibility" name="should have proper ARIA attributes" time="0.005">
    </testcase>
    <testcase classname="OfflineIndicator › Event Cleanup" name="should remove event listeners on unmount" time="0.005">
    </testcase>
    <testcase classname="OfflineIndicator › Edge Cases" name="should not show online message if never went offline" time="0.004">
    </testcase>
    <testcase classname="OfflineIndicator › Edge Cases" name="should handle rapid online/offline transitions" time="0.013">
    </testcase>
  </testsuite>
  <testsuite name="LoadingState" errors="0" failures="0" skipped="0" timestamp="2026-03-08T08:01:21" time="0.365" tests="22">
    <testcase classname="LoadingState › Rendering" name="should render spinner variant by default" time="0.009">
    </testcase>
    <testcase classname="LoadingState › Rendering" name="should render dots variant" time="0.006">
    </testcase>
    <testcase classname="LoadingState › Rendering" name="should render skeleton variant" time="0.004">
    </testcase>
    <testcase classname="LoadingState › Rendering" name="should render with loading text" time="0.006">
    </testcase>
    <testcase classname="LoadingState › Rendering" name="should not render text when not provided" time="0.005">
    </testcase>
    <testcase classname="LoadingState › Sizes" name="should render small size" time="0.007">
    </testcase>
    <testcase classname="LoadingState › Sizes" name="should render medium size by default" time="0.005">
    </testcase>
    <testcase classname="LoadingState › Sizes" name="should render large size" time="0.006">
    </testcase>
    <testcase classname="LoadingState › Fullscreen Mode" name="should render in fullscreen mode" time="0.005">
    </testcase>
    <testcase classname="LoadingState › Fullscreen Mode" name="should not be fullscreen by default" time="0.004">
    </testcase>
    <testcase classname="LoadingState › Customization" name="should apply custom className" time="0.004">
    </testcase>
    <testcase classname="LoadingState › Customization" name="should apply custom color" time="0.005">
    </testcase>
    <testcase classname="LoadingState › Customization" name="should render custom number of skeleton lines" time="0.004">
    </testcase>
    <testcase classname="LoadingState › Customization" name="should render default 3 skeleton lines" time="0.005">
    </testcase>
    <testcase classname="LoadingState › Accessibility" name="should have proper ARIA attributes" time="0.004">
    </testcase>
    <testcase classname="LoadingState › Accessibility" name="should have accessible text when provided" time="0.006">
    </testcase>
    <testcase classname="LoadingState › Variants Rendering" name="should render spinner with correct structure" time="0.006">
    </testcase>
    <testcase classname="LoadingState › Variants Rendering" name="should render dots with three dots" time="0.004">
    </testcase>
    <testcase classname="LoadingState › Variants Rendering" name="should render skeleton with proper structure" time="0.005">
    </testcase>
    <testcase classname="LoadingState › Edge Cases" name="should handle empty text gracefully" time="0.003">
    </testcase>
    <testcase classname="LoadingState › Edge Cases" name="should handle zero skeleton lines" time="0.003">
    </testcase>
    <testcase classname="LoadingState › Edge Cases" name="should handle very large skeleton lines" time="0.014">
    </testcase>
  </testsuite>
  <testsuite name="Page Load Performance Tests" errors="0" failures="0" skipped="0" timestamp="2026-03-08T08:01:22" time="0.432" tests="10">
    <testcase classname="Page Load Performance Tests" name="home page should render within 500ms" time="0.008">
    </testcase>
    <testcase classname="Page Load Performance Tests" name="login page should render within 500ms" time="0.021">
    </testcase>
    <testcase classname="Page Load Performance Tests" name="projects list page should render within 1000ms" time="0.029">
    </testcase>
    <testcase classname="Page Load Performance Tests" name="lazy-loaded components should not block initial render" time="0.016">
    </testcase>
    <testcase classname="Page Load Performance Tests" name="component with large list should use virtualization" time="0.014">
    </testcase>
    <testcase classname="Page Load Performance Tests" name="form validation should not cause performance issues" time="0.015">
    </testcase>
    <testcase classname="Page Load Performance Tests" name="navigation between pages should be fast" time="0.015">
    </testcase>
    <testcase classname="Page Load Performance Tests" name="image loading should not block page render" time="0.02">
    </testcase>
    <testcase classname="Page Load Performance Tests" name="error boundaries should not impact performance" time="0.03">
    </testcase>
    <testcase classname="Page Load Performance Tests" name="theme switching should be performant" time="0.032">
    </testcase>
  </testsuite>
  <testsuite name="DashboardService" errors="0" failures="0" skipped="0" timestamp="2026-03-08T08:01:22" time="0.566" tests="23">
    <testcase classname="DashboardService › saveDashboard" name="should save a new dashboard to localStorage" time="0.013">
    </testcase>
    <testcase classname="DashboardService › saveDashboard" name="should generate unique IDs for multiple dashboards" time="0.007">
    </testcase>
    <testcase classname="DashboardService › saveDashboard" name="should set createdAt and updatedAt timestamps" time="0.007">
    </testcase>
    <testcase classname="DashboardService › saveDashboard" name="should initialize with empty widget layout" time="0.006">
    </testcase>
    <testcase classname="DashboardService › getDashboards" name="should return empty array when no dashboards exist" time="0.027">
    </testcase>
    <testcase classname="DashboardService › getDashboards" name="should return all dashboards for a user" time="0.006">
    </testcase>
    <testcase classname="DashboardService › getDashboards" name="should filter dashboards by user ID" time="0.006">
    </testcase>
    <testcase classname="DashboardService › getDashboards" name="should parse dates correctly when loading" time="0.005">
    </testcase>
    <testcase classname="DashboardService › getDashboard" name="should return null when dashboard does not exist" time="0.003">
    </testcase>
    <testcase classname="DashboardService › getDashboard" name="should return specific dashboard by ID" time="0.005">
    </testcase>
    <testcase classname="DashboardService › updateDashboard" name="should update dashboard properties" time="0.004">
    </testcase>
    <testcase classname="DashboardService › updateDashboard" name="should update updatedAt timestamp" time="0.002">
    </testcase>
    <testcase classname="DashboardService › updateDashboard" name="should return null for nonexistent dashboard" time="0.002">
    </testcase>
    <testcase classname="DashboardService › deleteDashboard" name="should delete dashboard from storage" time="0.004">
    </testcase>
    <testcase classname="DashboardService › deleteDashboard" name="should return false for nonexistent dashboard" time="0.003">
    </testcase>
    <testcase classname="DashboardService › deleteDashboard" name="should not affect other dashboards" time="0.006">
    </testcase>
    <testcase classname="DashboardService › updateLayout" name="should update dashboard layout" time="0.007">
    </testcase>
    <testcase classname="DashboardService › addWidget" name="should add widget to dashboard" time="0.008">
    </testcase>
    <testcase classname="DashboardService › addWidget" name="should preserve existing widgets when adding new one" time="0.006">
    </testcase>
    <testcase classname="DashboardService › removeWidget" name="should remove widget from dashboard" time="0.006">
    </testcase>
    <testcase classname="DashboardService › removeWidget" name="should not affect other widgets" time="0.006">
    </testcase>
    <testcase classname="DashboardService › error handling" name="should handle corrupted localStorage data gracefully" time="0.021">
    </testcase>
    <testcase classname="DashboardService › error handling" name="should handle localStorage errors when saving" time="0.009">
    </testcase>
  </testsuite>
  <testsuite name="VirtualList" errors="0" failures="0" skipped="0" timestamp="2026-03-08T08:01:23" time="0.689" tests="13">
    <testcase classname="VirtualList" name="should render only visible items" time="0.016">
    </testcase>
    <testcase classname="VirtualList" name="should render all items when list is short" time="0.016">
    </testcase>
    <testcase classname="VirtualList" name="should update visible items on scroll" time="0.053">
    </testcase>
    <testcase classname="VirtualList" name="should call onScroll callback when scrolling" time="0.014">
    </testcase>
    <testcase classname="VirtualList" name="should support dynamic item heights with function" time="0.009">
    </testcase>
    <testcase classname="VirtualList" name="should apply custom className" time="0.009">
    </testcase>
    <testcase classname="VirtualList" name="should handle empty items array" time="0.007">
    </testcase>
    <testcase classname="VirtualList" name="should set correct total height based on items" time="0.021">
    </testcase>
    <testcase classname="VirtualList" name="should support custom overscan value" time="0.015">
    </testcase>
    <testcase classname="VirtualList" name="should handle large lists efficiently (100+ items)" time="0.026">
    </testcase>
    <testcase classname="VirtualList" name="should position items correctly" time="0.018">
    </testcase>
    <testcase classname="VirtualList" name="should handle scroll to bottom" time="0.033">
    </testcase>
    <testcase classname="VirtualList" name="should maintain performance with frequent scrolling" time="0.076">
    </testcase>
  </testsuite>
  <testsuite name="RBACGuard" errors="0" failures="0" skipped="0" timestamp="2026-03-08T08:01:24" time="0.51" tests="6">
    <testcase classname="RBACGuard" name="shows loading state while checking authentication" time="0.033">
    </testcase>
    <testcase classname="RBACGuard" name="redirects to login when session is expired" time="0.01">
    </testcase>
    <testcase classname="RBACGuard" name="redirects to unauthorized when role requirement is not met" time="0.009">
    </testcase>
    <testcase classname="RBACGuard" name="redirects to unauthorized when permission requirement is not met" time="0.02">
    </testcase>
    <testcase classname="RBACGuard" name="renders children when all requirements are met" time="0.017">
    </testcase>
    <testcase classname="RBACGuard" name="renders fallback when unauthorized" time="0.013">
    </testcase>
  </testsuite>
  <testsuite name="FeatureFlagsService - A/B Testing" errors="0" failures="0" skipped="0" timestamp="2026-03-08T08:01:24" time="0.491" tests="14">
    <testcase classname="FeatureFlagsService - A/B Testing › User ID-based hash grouping" name="should consistently assign the same user to the same group" time="0.007">
    </testcase>
    <testcase classname="FeatureFlagsService - A/B Testing › User ID-based hash grouping" name="should distribute users across rollout percentage" time="0.005">
    </testcase>
    <testcase classname="FeatureFlagsService - A/B Testing › A/B test variant assignment" name="should assign users to variants consistently" time="0.007">
    </testcase>
    <testcase classname="FeatureFlagsService - A/B Testing › A/B test variant assignment" name="should distribute users across variants" time="0.142">
    </testcase>
    <testcase classname="FeatureFlagsService - A/B Testing › A/B test variant assignment" name="should return null for users not in rollout" time="0.008">
    </testcase>
    <testcase classname="FeatureFlagsService - A/B Testing › A/B test variant assignment" name="should return null for disabled flags" time="0.006">
    </testcase>
    <testcase classname="FeatureFlagsService - A/B Testing › A/B test metrics collection" name="should track impression metrics" time="0.009">
    </testcase>
    <testcase classname="FeatureFlagsService - A/B Testing › A/B test metrics collection" name="should track interaction metrics" time="0.006">
    </testcase>
    <testcase classname="FeatureFlagsService - A/B Testing › A/B test metrics collection" name="should track conversion metrics" time="0.005">
    </testcase>
    <testcase classname="FeatureFlagsService - A/B Testing › A/B test metrics collection" name="should aggregate metrics across multiple users" time="0.025">
    </testcase>
    <testcase classname="FeatureFlagsService - A/B Testing › A/B test metrics collection" name="should clear metrics when requested" time="0.008">
    </testcase>
    <testcase classname="FeatureFlagsService - A/B Testing › Rollout percentage logic" name="should respect 0% rollout" time="0.004">
    </testcase>
    <testcase classname="FeatureFlagsService - A/B Testing › Rollout percentage logic" name="should respect 100% rollout" time="0.006">
    </testcase>
    <testcase classname="FeatureFlagsService - A/B Testing › Rollout percentage logic" name="should reject invalid rollout percentages" time="0.004">
    </testcase>
  </testsuite>
  <testsuite name="PermissionCheck" errors="0" failures="0" skipped="0" timestamp="2026-03-08T08:01:25" time="0.44" tests="7">
    <testcase classname="PermissionCheck" name="renders children when permission requirement is met" time="0.012">
    </testcase>
    <testcase classname="PermissionCheck" name="renders fallback when permission requirement is not met" time="0.007">
    </testcase>
    <testcase classname="PermissionCheck" name="renders children when role requirement is met" time="0.006">
    </testcase>
    <testcase classname="PermissionCheck" name="renders fallback when role requirement is not met" time="0.006">
    </testcase>
    <testcase classname="PermissionCheck" name="renders fallback while loading" time="0.023">
    </testcase>
    <testcase classname="PermissionCheck" name="renders children when both role and permission requirements are met" time="0.014">
    </testcase>
    <testcase classname="PermissionCheck" name="hides UI elements without required permissions (Property 21)" time="0.013">
    </testcase>
  </testsuite>
  <testsuite name="QuickActions" errors="0" failures="0" skipped="0" timestamp="2026-03-08T08:01:25" time="0.551" tests="9">
    <testcase classname="QuickActions" name="should render component title and description" time="0.037">
    </testcase>
    <testcase classname="QuickActions" name="should render all action buttons" time="0.012">
    </testcase>
    <testcase classname="QuickActions" name="should render buttons with correct icons" time="0.012">
    </testcase>
    <testcase classname="QuickActions" name="should render buttons with outline variant" time="0.009">
    </testcase>
    <testcase classname="QuickActions" name="should render buttons with full width" time="0.008">
    </testcase>
    <testcase classname="QuickActions" name="should render buttons with left-aligned content" time="0.011">
    </testcase>
    <testcase classname="QuickActions" name="should be clickable" time="0.019">
    </testcase>
    <testcase classname="QuickActions" name="should render in correct order" time="0.048">
    </testcase>
    <testcase classname="QuickActions" name="should have proper spacing between buttons" time="0.012">
    </testcase>
  </testsuite>
  <testsuite name="Example Test Suite" errors="0" failures="0" skipped="0" timestamp="2026-03-08T08:01:26" time="0.37" tests="3">
    <testcase classname="Example Test Suite" name="renders hello world" time="0.01">
    </testcase>
    <testcase classname="Example Test Suite" name="basic math works" time="0.004">
    </testcase>
    <testcase classname="Example Test Suite" name="async test example" time="0.002">
    </testcase>
  </testsuite>
  <testsuite name="GraphVirtualization" errors="0" failures="0" skipped="0" timestamp="2026-03-08T08:01:26" time="0.413" tests="42">
    <testcase classname="GraphVirtualization › shouldEnableVirtualization" name="should enable virtualization for graphs with &gt;1000 nodes" time="0.003">
    </testcase>
    <testcase classname="GraphVirtualization › shouldEnableVirtualization" name="should not enable virtualization for graphs with &lt;=1000 nodes" time="0.003">
    </testcase>
    <testcase classname="GraphVirtualization › shouldEnableVirtualization" name="should respect custom threshold" time="0.001">
    </testcase>
    <testcase classname="GraphVirtualization › calculateViewportBounds" name="should calculate correct viewport bounds" time="0.002">
    </testcase>
    <testcase classname="GraphVirtualization › calculateViewportBounds" name="should account for zoom level" time="0.002">
    </testcase>
    <testcase classname="GraphVirtualization › calculateViewportBounds" name="should include padding" time="0.001">
    </testcase>
    <testcase classname="GraphVirtualization › calculateViewportBounds" name="should handle camera offset" time="0.001">
    </testcase>
    <testcase classname="GraphVirtualization › isNodeInViewport" name="should return true for nodes inside viewport" time="0.001">
    </testcase>
    <testcase classname="GraphVirtualization › isNodeInViewport" name="should return false for nodes outside viewport" time="0.002">
    </testcase>
    <testcase classname="GraphVirtualization › isNodeInViewport" name="should return false for nodes without position" time="0.002">
    </testcase>
    <testcase classname="GraphVirtualization › isNodeInViewport" name="should handle boundary cases" time="0.001">
    </testcase>
    <testcase classname="GraphVirtualization › calculateNodeDistance" name="should calculate correct distance" time="0.003">
    </testcase>
    <testcase classname="GraphVirtualization › calculateNodeDistance" name="should return Infinity for nodes without position" time="0.002">
    </testcase>
    <testcase classname="GraphVirtualization › calculateNodeDistance" name="should return 0 for node at camera position" time="0.002">
    </testcase>
    <testcase classname="GraphVirtualization › calculateNodeLOD" name="should return high LOD for close distances" time="0.003">
    </testcase>
    <testcase classname="GraphVirtualization › calculateNodeLOD" name="should return medium LOD for medium distances" time="0.002">
    </testcase>
    <testcase classname="GraphVirtualization › calculateNodeLOD" name="should return low LOD for far distances" time="0.003">
    </testcase>
    <testcase classname="GraphVirtualization › calculateNodeLOD" name="should respect custom LOD distances" time="0.001">
    </testcase>
    <testcase classname="GraphVirtualization › virtualizeNodes" name="should mark all nodes as visible for small graphs" time="0.003">
    </testcase>
    <testcase classname="GraphVirtualization › virtualizeNodes" name="should virtualize nodes for large graphs" time="0.005">
    </testcase>
    <testcase classname="GraphVirtualization › virtualizeNodes" name="should assign correct LOD based on distance" time="0.003">
    </testcase>
    <testcase classname="GraphVirtualization › virtualizeNodes" name="should adjust visibility based on zoom" time="0.005">
    </testcase>
    <testcase classname="GraphVirtualization › virtualizeLinks" name="should mark links as visible when both nodes are visible" time="0.031">
    </testcase>
    <testcase classname="GraphVirtualization › virtualizeLinks" name="should mark links as invisible when source node is not visible" time="0.001">
    </testcase>
    <testcase classname="GraphVirtualization › virtualizeLinks" name="should mark links as invisible when target node is not visible" time="0.003">
    </testcase>
    <testcase classname="GraphVirtualization › virtualizeLinks" name="should handle object-based source/target" time="0.001">
    </testcase>
    <testcase classname="GraphVirtualization › clusterNodes" name="should create clusters for nearby nodes" time="0.001">
    </testcase>
    <testcase classname="GraphVirtualization › clusterNodes" name="should not create clusters for distant nodes" time="0.001">
    </testcase>
    <testcase classname="GraphVirtualization › clusterNodes" name="should calculate cluster center correctly" time="0.002">
    </testcase>
    <testcase classname="GraphVirtualization › simplifyGraph" name="should keep all nodes if below threshold" time="0.002">
    </testcase>
    <testcase classname="GraphVirtualization › simplifyGraph" name="should reduce nodes if above threshold" time="0.004">
    </testcase>
    <testcase classname="GraphVirtualization › simplifyGraph" name="should prioritize high-degree nodes" time="0.002">
    </testcase>
    <testcase classname="GraphVirtualization › simplifyGraph" name="should filter links to match kept nodes" time="0.001">
    </testcase>
    <testcase classname="GraphVirtualization › RenderPerformanceMonitor" name="should track FPS" time="0.002">
    </testcase>
    <testcase classname="GraphVirtualization › RenderPerformanceMonitor" name="should detect good performance" time="0.003">
    </testcase>
    <testcase classname="GraphVirtualization › RenderPerformanceMonitor" name="should measure frame duration" time="0.003">
    </testcase>
    <testcase classname="GraphVirtualization › AdaptiveLODController" name="should initialize with default config" time="0.001">
    </testcase>
    <testcase classname="GraphVirtualization › AdaptiveLODController" name="should track performance" time="0.001">
    </testcase>
    <testcase classname="GraphVirtualization › AdaptiveLODController" name="should provide FPS" time="0.001">
    </testcase>
    <testcase classname="GraphVirtualization › AdaptiveLODController" name="should adjust LOD distances based on performance" time="0.001">
    </testcase>
    <testcase classname="GraphVirtualization › Performance Requirements (Requirement 1.8)" name="should handle 1000 nodes efficiently" time="0.002">
    </testcase>
    <testcase classname="GraphVirtualization › Performance Requirements (Requirement 1.8)" name="should handle 5000 nodes with virtualization" time="0.01">
    </testcase>
  </testsuite>
  <testsuite name="TaskScheduler" errors="0" failures="0" skipped="0" timestamp="2026-03-08T08:01:26" time="0.333" tests="19">
    <testcase classname="TaskScheduler › schedule" name="should schedule high priority tasks first" time="0.005">
    </testcase>
    <testcase classname="TaskScheduler › schedule" name="should respect maxConcurrent limit" time="0.003">
    </testcase>
    <testcase classname="TaskScheduler › schedule" name="should schedule tasks when slots become available" time="0.002">
    </testcase>
    <testcase classname="TaskScheduler › schedule" name="should use FIFO for tasks with same priority" time="0.002">
    </testcase>
    <testcase classname="TaskScheduler › schedule" name="should return empty tasksToExecute when resources unavailable" time="0.003">
    </testcase>
    <testcase classname="TaskScheduler › schedule" name="should handle empty task list" time="0.002">
    </testcase>
    <testcase classname="TaskScheduler › schedule" name="should only schedule pending tasks" time="0.002">
    </testcase>
    <testcase classname="TaskScheduler › sortByPriority" name="should sort tasks by priority descending" time="0.003">
    </testcase>
    <testcase classname="TaskScheduler › sortByPriority" name="should not mutate original array" time="0.003">
    </testcase>
    <testcase classname="TaskScheduler › getNextTask" name="should return highest priority pending task" time="0.001">
    </testcase>
    <testcase classname="TaskScheduler › getNextTask" name="should return null when no tasks can be scheduled" time="0.001">
    </testcase>
    <testcase classname="TaskScheduler › getNextTask" name="should return null when no pending tasks" time="0.002">
    </testcase>
    <testcase classname="TaskScheduler › updateConfig" name="should update maxConcurrent" time="0.002">
    </testcase>
    <testcase classname="TaskScheduler › updateConfig" name="should update checkResourceAvailability" time="0.001">
    </testcase>
    <testcase classname="TaskScheduler › updateConfig" name="should preserve other config values" time="0.001">
    </testcase>
    <testcase classname="TaskScheduler › createTaskScheduler" name="should create scheduler with default maxConcurrent" time="0.003">
    </testcase>
    <testcase classname="TaskScheduler › createTaskScheduler" name="should create scheduler with custom maxConcurrent" time="0.001">
    </testcase>
    <testcase classname="TaskScheduler › complex scheduling scenarios" name="should handle mixed priority and status tasks" time="0.001">
    </testcase>
    <testcase classname="TaskScheduler › complex scheduling scenarios" name="should schedule all pending tasks when enough slots" time="0.002">
    </testcase>
  </testsuite>
  <testsuite name="ErrorMonitor" errors="0" failures="0" skipped="0" timestamp="2026-03-08T08:01:27" time="0.433" tests="40">
    <testcase classname="ErrorMonitor › 初始化" name="应该成功初始化" time="0.016">
    </testcase>
    <testcase classname="ErrorMonitor › 初始化" name="应该支持初始化时传入配置" time="0.006">
    </testcase>
    <testcase classname="ErrorMonitor › 初始化" name="未初始化时捕获错误应该显示警告" time="0.006">
    </testcase>
    <testcase classname="ErrorMonitor › 错误捕获" name="应该捕获并记录错误" time="0.005">
    </testcase>
    <testcase classname="ErrorMonitor › 错误捕获" name="应该包含错误堆栈" time="0.004">
    </testcase>
    <testcase classname="ErrorMonitor › 错误捕获" name="应该包含错误上下文" time="0.002">
    </testcase>
    <testcase classname="ErrorMonitor › 错误捕获" name="应该使用当前用户ID作为默认userId" time="0.005">
    </testcase>
    <testcase classname="ErrorMonitor › 错误捕获" name="应该生成唯一的错误ID" time="0.004">
    </testcase>
    <testcase classname="ErrorMonitor › 错误捕获" name="应该支持beforeSend钩子" time="0.003">
    </testcase>
    <testcase classname="ErrorMonitor › 错误捕获" name="beforeSend返回null时应该不上报错误" time="0.003">
    </testcase>
    <testcase classname="ErrorMonitor › 错误分类" name="应该识别网络错误" time="0.002">
    </testcase>
    <testcase classname="ErrorMonitor › 错误分类" name="应该识别验证错误" time="0.003">
    </testcase>
    <testcase classname="ErrorMonitor › 错误分类" name="应该识别授权错误" time="0.002">
    </testcase>
    <testcase classname="ErrorMonitor › 错误分类" name="应该识别服务器错误" time="0.003">
    </testcase>
    <testcase classname="ErrorMonitor › 错误分类" name="应该识别客户端错误" time="0.002">
    </testcase>
    <testcase classname="ErrorMonitor › 错误分类" name="应该将未知错误分类为unknown" time="0.003">
    </testcase>
    <testcase classname="ErrorMonitor › 消息捕获" name="应该捕获info级别消息" time="0.002">
    </testcase>
    <testcase classname="ErrorMonitor › 消息捕获" name="应该捕获warning级别消息" time="0.002">
    </testcase>
    <testcase classname="ErrorMonitor › 消息捕获" name="应该捕获error级别消息" time="0.002">
    </testcase>
    <testcase classname="ErrorMonitor › 消息捕获" name="默认应该使用info级别" time="0.003">
    </testcase>
    <testcase classname="ErrorMonitor › 消息捕获" name="未初始化时应该显示警告" time="0.003">
    </testcase>
    <testcase classname="ErrorMonitor › 用户上下文" name="应该设置用户上下文" time="0.002">
    </testcase>
    <testcase classname="ErrorMonitor › 用户上下文" name="应该支持清除用户上下文" time="0.004">
    </testcase>
    <testcase classname="ErrorMonitor › 用户上下文" name="未初始化时设置用户应该显示警告" time="0.002">
    </testcase>
    <testcase classname="ErrorMonitor › 错误率监控" name="应该正确计算错误率" time="0.003">
    </testcase>
    <testcase classname="ErrorMonitor › 错误率监控" name="没有请求时错误率应该为0" time="0.002">
    </testcase>
    <testcase classname="ErrorMonitor › 错误率监控" name="应该在错误率超过10%时触发告警" time="0.003">
    </testcase>
    <testcase classname="ErrorMonitor › 错误率监控" name="错误率低于10%时不应该触发告警" time="0.002">
    </testcase>
    <testcase classname="ErrorMonitor › 错误率监控" name="请求数少于10时不应该触发告警" time="0.003">
    </testcase>
    <testcase classname="ErrorMonitor › 错误率监控" name="应该在5分钟后重置错误率窗口" time="0.003">
    </testcase>
    <testcase classname="ErrorMonitor › 错误率监控" name="触发告警后不应该立即重置窗口" time="0.004">
    </testcase>
    <testcase classname="ErrorMonitor › 错误率监控" name="应该支持多个告警回调" time="0.002">
    </testcase>
    <testcase classname="ErrorMonitor › 错误率监控" name="应该能够清除告警回调" time="0.005">
    </testcase>
    <testcase classname="ErrorMonitor › 错误率监控" name="告警回调抛出错误不应该影响其他回调" time="0.004">
    </testcase>
    <testcase classname="ErrorMonitor › 单例模式" name="应该返回同一个实例" time="0.002">
    </testcase>
    <testcase classname="ErrorMonitor › 单例模式" name="首次调用时必须提供配置" time="0.01">
    </testcase>
    <testcase classname="ErrorMonitor › 单例模式" name="应该能够重置单例" time="0.019">
    </testcase>
    <testcase classname="ErrorMonitor › 边缘情况" name="应该处理没有堆栈的错误" time="0.004">
    </testcase>
    <testcase classname="ErrorMonitor › 边缘情况" name="应该处理空的additionalData" time="0.002">
    </testcase>
    <testcase classname="ErrorMonitor › 边缘情况" name="应该处理非调试模式" time="0.004">
    </testcase>
  </testsuite>
  <testsuite name="ApiClient" errors="0" failures="0" skipped="0" timestamp="2026-03-08T08:01:27" time="0.27" tests="17">
    <testcase classname="ApiClient › Configuration" name="should create an instance with required configuration" time="0.003">
    </testcase>
    <testcase classname="ApiClient › Configuration" name="should use default timeout of 30 seconds when not specified" time="0.002">
    </testcase>
    <testcase classname="ApiClient › Configuration" name="should accept custom timeout configuration" time="0.002">
    </testcase>
    <testcase classname="ApiClient › Configuration" name="should accept custom retry configuration" time="0.001">
    </testcase>
    <testcase classname="ApiClient › Authentication token management" name="should set authentication token" time="0.006">
    </testcase>
    <testcase classname="ApiClient › Authentication token management" name="should clear authentication token" time="0.005">
    </testcase>
    <testcase classname="ApiClient › Authentication token management" name="should handle multiple token set/clear operations" time="0.002">
    </testcase>
    <testcase classname="ApiClient › HTTP Methods" name="should have GET method" time="0.002">
    </testcase>
    <testcase classname="ApiClient › HTTP Methods" name="should have POST method" time="0.002">
    </testcase>
    <testcase classname="ApiClient › HTTP Methods" name="should have PUT method" time="0.001">
    </testcase>
    <testcase classname="ApiClient › HTTP Methods" name="should have DELETE method" time="0.004">
    </testcase>
    <testcase classname="ApiClient › Type Safety" name="should support generic type parameters for responses" time="0.001">
    </testcase>
    <testcase classname="ApiClient › Default Export" name="should export a default apiClientEnhanced instance" time="0.002">
    </testcase>
    <testcase classname="ApiClient › Default Export" name="should configure default instance with environment variable" time="0.001">
    </testcase>
    <testcase classname="ApiClient › Requirements Validation" name="should satisfy Requirement 2.5: API client service for centralized request management" time="0.001">
    </testcase>
    <testcase classname="ApiClient › Requirements Validation" name="should satisfy Requirement 4.4: Retry mechanism with exponential backoff" time="0.001">
    </testcase>
    <testcase classname="ApiClient › Requirements Validation" name="should satisfy Requirement 4.7: Timeout handling (default 30 seconds)" time="0.002">
    </testcase>
  </testsuite>
  <testsuite name="Bundle Size Performance Tests" errors="0" failures="0" skipped="1" timestamp="2026-03-08T08:01:27" time="0.204" tests="7">
    <testcase classname="Bundle Size Performance Tests" name="Bundle size tests require production build - run &quot;npm run build&quot; first" time="0">
      <skipped/>
    </testcase>
    <testcase classname="Bundle Size Performance Tests" name="initial bundle size should be below 500KB" time="0.005">
    </testcase>
    <testcase classname="Bundle Size Performance Tests" name="visualization chunks should be lazy-loaded" time="0.002">
    </testcase>
    <testcase classname="Bundle Size Performance Tests" name="code splitting should create separate chunks for different routes" time="0.001">
    </testcase>
    <testcase classname="Bundle Size Performance Tests" name="total bundle size should be reasonable" time="0.002">
    </testcase>
    <testcase classname="Bundle Size Performance Tests" name="CSS bundle size should be reasonable" time="0.001">
    </testcase>
    <testcase classname="Bundle Size Performance Tests" name="no duplicate dependencies in chunks" time="0.001">
    </testcase>
  </testsuite>
  <testsuite name="cn (className merger)" errors="0" failures="0" skipped="0" timestamp="2026-03-08T08:01:28" time="0.31" tests="25">
    <testcase classname="cn (className merger)" name="should merge class names correctly" time="0.01">
    </testcase>
    <testcase classname="cn (className merger)" name="should handle conditional classes" time="0.002">
    </testcase>
    <testcase classname="cn (className merger)" name="should handle tailwind conflicts" time="0.001">
    </testcase>
    <testcase classname="cn (className merger)" name="should handle empty inputs" time="0.001">
    </testcase>
    <testcase classname="cn (className merger)" name="should handle undefined and null" time="0.002">
    </testcase>
    <testcase classname="formatDate" name="should format Date object correctly" time="0.002">
    </testcase>
    <testcase classname="formatDate" name="should format date string correctly" time="0.002">
    </testcase>
    <testcase classname="formatDate" name="should include time in formatted output" time="0.002">
    </testcase>
    <testcase classname="formatRelativeTime" name="should return &quot;just now&quot; for recent times" time="0.002">
    </testcase>
    <testcase classname="formatRelativeTime" name="should return minutes ago for times under 1 hour" time="0.004">
    </testcase>
    <testcase classname="formatRelativeTime" name="should return hours ago for times under 24 hours" time="0.002">
    </testcase>
    <testcase classname="formatRelativeTime" name="should return days ago for times under 7 days" time="0.003">
    </testcase>
    <testcase classname="formatRelativeTime" name="should return formatted date for times over 7 days" time="0.002">
    </testcase>
    <testcase classname="formatRelativeTime" name="should handle string dates" time="0.004">
    </testcase>
    <testcase classname="truncate" name="should truncate long strings" time="0.001">
    </testcase>
    <testcase classname="truncate" name="should not truncate short strings" time="0.002">
    </testcase>
    <testcase classname="truncate" name="should handle exact length" time="0.002">
    </testcase>
    <testcase classname="truncate" name="should handle empty strings" time="0.002">
    </testcase>
    <testcase classname="truncate" name="should handle zero length" time="0.006">
    </testcase>
    <testcase classname="capitalize" name="should capitalize first letter" time="0.004">
    </testcase>
    <testcase classname="capitalize" name="should not affect already capitalized strings" time="0.001">
    </testcase>
    <testcase classname="capitalize" name="should handle single character" time="0.001">
    </testcase>
    <testcase classname="capitalize" name="should handle empty string" time="0.003">
    </testcase>
    <testcase classname="capitalize" name="should only capitalize first letter" time="0.002">
    </testcase>
    <testcase classname="capitalize" name="should handle strings with numbers" time="0.001">
    </testcase>
  </testsuite>
  <testsuite name="Logger" errors="0" failures="0" skipped="0" timestamp="2026-03-08T08:01:28" time="0.319" tests="27">
    <testcase classname="Logger › 日志级别过滤" name="应该根据环境设置默认日志级别" time="0.006">
    </testcase>
    <testcase classname="Logger › 日志级别过滤" name="应该只记录大于等于当前级别的日志" time="0.003">
    </testcase>
    <testcase classname="Logger › 日志级别过滤" name="应该在生产环境只记录error和warn" time="0.003">
    </testcase>
    <testcase classname="Logger › 日志记录方法" name="应该记录debug日志" time="0.004">
    </testcase>
    <testcase classname="Logger › 日志记录方法" name="应该记录info日志" time="0.002">
    </testcase>
    <testcase classname="Logger › 日志记录方法" name="应该记录warn日志" time="0.019">
    </testcase>
    <testcase classname="Logger › 日志记录方法" name="应该记录error日志并包含错误堆栈" time="0.01">
    </testcase>
    <testcase classname="Logger › API请求日志" name="应该记录API请求的响应时间和状态码" time="0.002">
    </testcase>
    <testcase classname="Logger › API请求日志" name="应该记录失败的API请求" time="0.002">
    </testcase>
    <testcase classname="Logger › API请求日志" name="应该记录请求和响应大小" time="0.002">
    </testcase>
    <testcase classname="Logger › 用户操作日志" name="应该记录用户操作包含用户ID、时间戳和操作类型" time="0.001">
    </testcase>
    <testcase classname="Logger › 用户操作日志" name="应该记录关键操作" time="0.003">
    </testcase>
    <testcase classname="Logger › 批量日志发送" name="应该在达到批量大小时自动刷新" time="0.003">
    </testcase>
    <testcase classname="Logger › 批量日志发送" name="应该清空缓冲区" time="0.003">
    </testcase>
    <testcase classname="Logger › 批量日志发送" name="应该在没有日志时不执行刷新" time="0.002">
    </testcase>
    <testcase classname="Logger › 用户上下文" name="应该设置和获取用户ID" time="0.002">
    </testcase>
    <testcase classname="Logger › 用户上下文" name="应该在日志中包含用户ID" time="0.001">
    </testcase>
    <testcase classname="Logger › 用户上下文" name="应该在API日志中包含用户ID" time="0.004">
    </testcase>
    <testcase classname="Logger › 缓冲区管理" name="应该返回正确的缓冲区状态" time="0.003">
    </testcase>
    <testcase classname="Logger › 定时器管理" name="应该在销毁时停止定时器并刷新日志" time="0.002">
    </testcase>
    <testcase classname="Logger › 定时器管理" name="应该能够停止和重启定时器" time="0.001">
    </testcase>
    <testcase classname="Logger › 控制台输出" name="应该在开发环境启用控制台输出" time="0.002">
    </testcase>
    <testcase classname="Logger › 控制台输出" name="应该在生产环境禁用控制台输出" time="0.004">
    </testcase>
    <testcase classname="Logger › 边缘情况" name="应该处理没有上下文的日志" time="0.002">
    </testcase>
    <testcase classname="Logger › 边缘情况" name="应该处理没有错误对象的error日志" time="0.002">
    </testcase>
    <testcase classname="Logger › 边缘情况" name="应该处理空字符串消息" time="0.001">
    </testcase>
    <testcase classname="Logger › 边缘情况" name="应该处理大量日志" time="0.003">
    </testcase>
  </testsuite>
  <testsuite name="TaskRetryScheduler" errors="0" failures="0" skipped="0" timestamp="2026-03-08T08:01:28" time="0.283" tests="25">
    <testcase classname="TaskRetryScheduler › scheduleRetry" name="should schedule retry for failed task" time="0.005">
    </testcase>
    <testcase classname="TaskRetryScheduler › scheduleRetry" name="should not schedule retry if max retries reached" time="0.002">
    </testcase>
    <testcase classname="TaskRetryScheduler › scheduleRetry" name="should not schedule retry for non-failed task" time="0.003">
    </testcase>
    <testcase classname="TaskRetryScheduler › scheduleRetry" name="should use correct retry delay based on retry count" time="0.002">
    </testcase>
    <testcase classname="TaskRetryScheduler › scheduleRetry" name="should call retry callback after delay" time="0.004">
    </testcase>
    <testcase classname="TaskRetryScheduler › scheduleRetry" name="should replace existing retry schedule" time="0.002">
    </testcase>
    <testcase classname="TaskRetryScheduler › getRetryDelay" name="should return correct delay for each retry count" time="0.003">
    </testcase>
    <testcase classname="TaskRetryScheduler › getRetryDelay" name="should return last delay for retry count beyond defined delays" time="0.003">
    </testcase>
    <testcase classname="TaskRetryScheduler › cancelRetry" name="should cancel scheduled retry" time="0.003">
    </testcase>
    <testcase classname="TaskRetryScheduler › getRetrySchedule" name="should return retry schedule for scheduled task" time="0.002">
    </testcase>
    <testcase classname="TaskRetryScheduler › getRetrySchedule" name="should return null for non-scheduled task" time="0.002">
    </testcase>
    <testcase classname="TaskRetryScheduler › isScheduled" name="should return true for scheduled task" time="0.003">
    </testcase>
    <testcase classname="TaskRetryScheduler › isScheduled" name="should return false for non-scheduled task" time="0.016">
    </testcase>
    <testcase classname="TaskRetryScheduler › getTimeUntilRetry" name="should return correct time until retry" time="0.001">
    </testcase>
    <testcase classname="TaskRetryScheduler › getTimeUntilRetry" name="should return null for non-scheduled task" time="0.002">
    </testcase>
    <testcase classname="TaskRetryScheduler › getTimeUntilRetry" name="should decrease as time passes" time="0.004">
    </testcase>
    <testcase classname="TaskRetryScheduler › formatRetryDelay" name="should format minutes correctly" time="0.002">
    </testcase>
    <testcase classname="TaskRetryScheduler › formatRetryDelay" name="should format hours correctly" time="0.002">
    </testcase>
    <testcase classname="TaskRetryScheduler › getRetryStatusText" name="should return empty string for non-failed task" time="0.002">
    </testcase>
    <testcase classname="TaskRetryScheduler › getRetryStatusText" name="should return max retries message when limit reached" time="0.001">
    </testcase>
    <testcase classname="TaskRetryScheduler › getRetryStatusText" name="should return retry countdown for scheduled task" time="0.003">
    </testcase>
    <testcase classname="TaskRetryScheduler › clearAll" name="should clear all retry schedules and timers" time="0.002">
    </testcase>
    <testcase classname="TaskRetryScheduler › getAllRetrySchedules" name="should return all scheduled retries" time="0.003">
    </testcase>
    <testcase classname="TaskRetryScheduler › getAllRetrySchedules" name="should return empty array when no retries scheduled" time="0.004">
    </testcase>
    <testcase classname="TaskRetryScheduler › integration test" name="should handle complete retry workflow" time="0.004">
    </testcase>
  </testsuite>
</testsuites>