pytest : D:\DT\anaconda\Lib\site-packages\pytest_asyncio\plugin.py:208: PytestDeprecationWarning: The conf
iguration option "asyncio_default_fixture_loop_scope" is unset.
所在位置 行:1 字符: 1
+ pytest backend/tests/test_config.py -vv > test_report.txt 2>&1
+ ~~~~~~~~~~~~~~~~~~~~~~~~~~~~~~~~~~~~~~~~~~~~~~~~~~~~~~~~~~~~~~
    + CategoryInfo          : NotSpecified: (D:\DT\anaconda\...cope" is unset.:String) [], RemoteExceptio 
   n
    + FullyQualifiedErrorId : NativeCommandError
 
The event loop scope for asynchronous fixtures will default to the fixture caching scope. Future versions 
of pytest-asyncio will default the loop scope for asynchronous fixtures to function scope. Set the default
 fixture loop scope explicitly in order to avoid unexpected behavior in the future. Valid fixture loop sco
pes are: "function", "class", "module", "package", "session"

  warnings.warn(PytestDeprecationWarning(_DEFAULT_FIXTURE_LOOP_SCOPE_UNSET))
============================= test session starts =============================
platform win32 -- Python 3.13.9, pytest-8.3.4, pluggy-1.5.0 -- D:\DT\anaconda\python.exe
cachedir: .pytest_cache
hypothesis profile 'default'
rootdir: D:\Desktop\AI-Based-Quality-Check-On-Project-Code-And-Architecture\backend
configfile: pytest.ini
plugins: anyio-4.10.0, hypothesis-6.150.2, langsmith-0.6.4, asyncio-0.24.0, cov-6.0.0
asyncio: mode=Mode.STRICT, default_loop_scope=None
collecting ... collected 37 items

backend\tests\test_config.py::TestSettingsRequiredFields::test_missing_jwt_secret_raises_error FAILED [  2%]
backend\tests\test_config.py::TestSettingsRequiredFields::test_empty_jwt_secret_raises_error PASSED [  5%]
backend\tests\test_config.py::TestSettingsRequiredFields::test_missing_postgres_password_raises_error FAILED [  8%]
backend\tests\test_config.py::TestSettingsRequiredFields::test_empty_postgres_password_raises_error PASSED [ 10%]
backend\tests\test_config.py::TestSettingsRequiredFields::test_missing_neo4j_password_raises_error FAILED [ 13%]
backend\tests\test_config.py::TestSettingsRequiredFields::test_empty_neo4j_password_raises_error PASSED [ 16%]
backend\tests\test_config.py::TestSettingsRequiredFields::test_all_required_fields_present_succeeds PASSED [ 18%]
backend\tests\test_config.py::TestSettingsOptionalFields::test_optional_github_token_defaults_to_none_or_empty PASSED [ 21%]
backend\tests\test_config.py::TestSettingsOptionalFields::test_optional_openai_api_key_defaults_to_none_or_empty PASSED [ 24%]
backend\tests\test_config.py::TestSettingsOptionalFields::test_optional_celery_broker_url_defaults_to_none_or_empty FAILED [ 27%]
backend\tests\test_config.py::TestSettingsOptionalFields::test_optional_redis_password_defaults_to_empty_string FAILED [ 29%]
backend\tests\test_config.py::TestSettingsOptionalFields::test_optional_fields_can_be_set PASSED [ 32%]
backend\tests\test_config.py::TestSettingsSecurityValidation::test_bcrypt_rounds_minimum_12_required PASSED [ 35%]
backend\tests\test_config.py::TestSettingsSecurityValidation::test_bcrypt_rounds_12_is_valid PASSED [ 37%]
backend\tests\test_config.py::TestSettingsSecurityValidation::test_validate_security_settings_warns_short_jwt_secret PASSED [ 40%]
backend\tests\test_config.py::TestSettingsSecurityValidation::test_validate_security_settings_no_warnings_for_valid_config PASSED [ 43%]
backend\tests\test_config.py::TestSettingsDatabaseValidation::test_validate_database_urls_no_errors_for_valid_config PASSED [ 45%]
backend\tests\test_config.py::TestSettingsDatabaseValidation::test_postgres_url_property_formats_correctly PASSED [ 48%]
backend\tests\test_config.py::TestSettingsDatabaseValidation::test_redis_url_without_password PASSED [ 51%]
backend\tests\test_config.py::TestSettingsDatabaseValidation::test_redis_url_with_password PASSED [ 54%]
backend\tests\test_config.py::TestSettingsCeleryValidation::test_celery_broker_without_result_backend_succeeds_with_empty_strings PASSED [ 56%]
backend\tests\test_config.py::TestSettingsCeleryValidation::test_celery_result_backend_without_broker_succeeds_with_empty_strings PASSED [ 59%]
backend\tests\test_config.py::TestSettingsCeleryValidation::test_celery_both_urls_set_succeeds PASSED [ 62%]
backend\tests\test_config.py::TestSettingsCeleryValidation::test_is_celery_enabled_returns_true_when_configured PASSED [ 64%]
backend\tests\test_config.py::TestSettingsCeleryValidation::test_is_celery_enabled_returns_false_when_not_configured FAILED [ 67%]
backend\tests\test_config.py::TestSettingsEnvironmentSpecific::test_environment_development_is_valid PASSED [ 70%]
backend\tests\test_config.py::TestSettingsEnvironmentSpecific::test_environment_staging_is_valid PASSED [ 72%]
backend\tests\test_config.py::TestSettingsEnvironmentSpecific::test_environment_production_is_valid PASSED [ 75%]
backend\tests\test_config.py::TestSettingsEnvironmentSpecific::test_invalid_environment_raises_error PASSED [ 78%]
backend\tests\test_config.py::TestSettingsEnvironmentSpecific::test_get_environment_specific_defaults_development PASSED [ 81%]
backend\tests\test_config.py::TestSettingsEnvironmentSpecific::test_get_environment_specific_defaults_production PASSED [ 83%]
backend\tests\test_config.py::TestSettingsIntegrationFeatures::test_is_github_integration_enabled_true PASSED [ 86%]
backend\tests\test_config.py::TestSettingsIntegrationFeatures::test_is_github_integration_enabled_false PASSED [ 89%]
backend\tests\test_config.py::TestSettingsIntegrationFeatures::test_is_openai_enabled_true PASSED [ 91%]
backend\tests\test_config.py::TestSettingsIntegrationFeatures::test_is_openai_enabled_false PASSED [ 94%]
backend\tests\test_config.py::TestSettingsIntegrationFeatures::test_is_anthropic_enabled_true PASSED [ 97%]
backend\tests\test_config.py::TestSettingsIntegrationFeatures::test_is_ollama_enabled_true PASSED [100%]

================================== FAILURES ===================================
_______ TestSettingsRequiredFields.test_missing_jwt_secret_raises_error _______

self = <test_config.TestSettingsRequiredFields object at 0x000002264CB8C2D0>

    def test_missing_jwt_secret_raises_error(self):
        """Test that missing JWT_SECRET raises ValidationError"""
        with patch.dict(os.environ, {
            "POSTGRES_HOST": "localhost",
            "POSTGRES_DB": "test",
            "POSTGRES_USER": "user",
            "POSTGRES_PASSWORD": TEST_PASSWORD,
            "NEO4J_URI": "bolt://localhost:7687",
            "NEO4J_USER": "neo4j",
            "NEO4J_PASSWORD": TEST_PASSWORD,
            "REDIS_HOST": "localhost",
        }, clear=True):
>           with pytest.raises(ValidationError) as exc_info:
E           Failed: DID NOT RAISE <class 'pydantic_core._pydantic_core.ValidationError'>

backend\tests\test_config.py:43: Failed
___ TestSettingsRequiredFields.test_missing_postgres_password_raises_error ____

self = <test_config.TestSettingsRequiredFields object at 0x000002264CB9C640>

    def test_missing_postgres_password_raises_error(self):
        """Test that missing POSTGRES_PASSWORD raises ValidationError"""
        with patch.dict(os.environ, {
            "JWT_SECRET": "a" * 32,
            "POSTGRES_HOST": "localhost",
            "POSTGRES_DB": "test",
            "POSTGRES_USER": "user",
            "NEO4J_URI": "bolt://localhost:7687",
            "NEO4J_USER": "neo4j",
            "NEO4J_PASSWORD": TEST_PASSWORD,
            "REDIS_HOST": "localhost",
        }, clear=True):
>           with pytest.raises(ValidationError) as exc_info:
E           Failed: DID NOT RAISE <class 'pydantic_core._pydantic_core.ValidationError'>

backend\tests\test_config.py:76: Failed
_____ TestSettingsRequiredFields.test_missing_neo4j_password_raises_error _____

self = <test_config.TestSettingsRequiredFields object at 0x000002264CBA8170>

    def test_missing_neo4j_password_raises_error(self):
        """Test that missing NEO4J_PASSWORD raises ValidationError"""
        with patch.dict(os.environ, {
            "JWT_SECRET": "a" * 32,
            "POSTGRES_HOST": "localhost",
            "POSTGRES_DB": "test",
            "POSTGRES_USER": "user",
            "POSTGRES_PASSWORD": TEST_PASSWORD,
            "NEO4J_URI": "bolt://localhost:7687",
            "NEO4J_USER": "neo4j",
            "REDIS_HOST": "localhost",
        }, clear=True):
>           with pytest.raises(ValidationError) as exc_info:
E           Failed: DID NOT RAISE <class 'pydantic_core._pydantic_core.ValidationError'>

backend\tests\test_config.py:109: Failed
_ TestSettingsOptionalFields.test_optional_celery_broker_url_defaults_to_none_or_empty _

self = <test_config.TestSettingsOptionalFields object at 0x000002264CB9C770>

    def test_optional_celery_broker_url_defaults_to_none_or_empty(self):
        """Test that CELERY_BROKER_URL defaults to None or empty string when not provided"""
        with patch.dict(os.environ, {
            "JWT_SECRET": "a" * 32,
            "POSTGRES_HOST": "localhost",
            "POSTGRES_DB": "test",
            "POSTGRES_USER": "user",
            "POSTGRES_PASSWORD": TEST_PASSWORD,
            "NEO4J_URI": "bolt://localhost:7687",
            "NEO4J_USER": "neo4j",
            "NEO4J_PASSWORD": TEST_PASSWORD,
            "REDIS_HOST": "localhost",
        }, clear=True):
            settings = Settings()
            # Can be None or empty string
>           assert settings.CELERY_BROKER_URL is None or settings.CELERY_BROKER_URL == ""
E           AssertionError: assert ('redis://:c3d4e5f6g7h8i9j0k1l2m3n4o5p6q7r8@redis:6379/1' is None or 'redis://:c3d4e5f6g7h8i9j0k1l2m3n4o5p6q7r8@redis:6379/1' == ''
E            +  where 'redis://:c3d4e5f6g7h8i9j0k1l2m3n4o5p6q7r8@redis:6379/1' = Settings(PROJECT_NAME='AI Code Review Platform', VERSION='1.0.0', API_V1_STR='/api/v1', ENVIRONMENT='development', JWT_SECRET='aaaaaaaaaaaaaaaaaaaaaaaaaaaaaaaa', JWT_ALGORITHM='HS256', JWT_EXPIRATION_HOURS=24, POSTGRES_HOST='localhost', POSTGRES_PORT=5432, POSTGRES_DB='test', POSTGRES_USER='user', POSTGRES_PASSWORD='test_password_value_123', NEO4J_URI='bolt://localhost:7687', NEO4J_USER='neo4j', NEO4J_PASSWORD='test_password_value_123', NEO4J_DATABASE='neo4j', REDIS_HOST='localhost', REDIS_PORT=6379, REDIS_PASSWORD='c3d4e5f6g7h8i9j0k1l2m3n4o5p6q7r8', REDIS_DB=0, GITHUB_TOKEN='', GITHUB_WEBHOOK_SECRET='', OPENAI_API_KEY='', ANTHROPIC_API_KEY='', OLLAMA_BASE_URL=None, MODELS_DIR='models', LLM_ENABLED=True, LLM_GPU_LAYERS=35, LLM_THREADS=8, LLM_CONTEXT_SIZE=4096, ALLOWED_ORIGINS=['http://localhost:3000', 'http://localhost:8000', 'http://frontend:3000', 'http://127.0.0.1:3000', 'http://127.0.0.1:8000'], RATE_LIMIT_PER_MINUTE=60, BCRYPT_ROUNDS=12, LOG_LEVEL='INFO', DEBUG=True, CELERY_BROKER_URL='redis://:c3d4e5f6g7h8i9j0k1l2m3n4o5p6q7r8@redis:6379/1', CELERY_RESULT_BACKEND='redis://:c3d4e5f6g7h8i9j0k1l2m3n4o5p6q7r8@redis:6379/2').CELERY_BROKER_URL
E             
E             + redis://:c3d4e5f6g7h8i9j0k1l2m3n4o5p6q7r8@redis:6379/1)

backend\tests\test_config.py:201: AssertionError
_ TestSettingsOptionalFields.test_optional_redis_password_defaults_to_empty_string _

self = <test_config.TestSettingsOptionalFields object at 0x000002264CB9CB00>

    def test_optional_redis_password_defaults_to_empty_string(self):
        """Test that REDIS_PASSWORD defaults to empty string when not provided"""
        with patch.dict(os.environ, {
            "JWT_SECRET": "a" * 32,
            "POSTGRES_HOST": "localhost",
            "POSTGRES_DB": "test",
            "POSTGRES_USER": "user",
            "POSTGRES_PASSWORD": TEST_PASSWORD,
            "NEO4J_URI": "bolt://localhost:7687",
            "NEO4J_USER": "neo4j",
            "NEO4J_PASSWORD": TEST_PASSWORD,
            "REDIS_HOST": "localhost",
        }, clear=True):
            settings = Settings()
>           assert settings.REDIS_PASSWORD == ""
E           AssertionError: assert 'c3d4e5f6g7h8i9j0k1l2m3n4o5p6q7r8' == ''
E             
E             + c3d4e5f6g7h8i9j0k1l2m3n4o5p6q7r8

backend\tests\test_config.py:217: AssertionError
_ TestSettingsCeleryValidation.test_is_celery_enabled_returns_false_when_not_configured _

self = <test_config.TestSettingsCeleryValidation object at 0x000002264CBAB2F0>

    def test_is_celery_enabled_returns_false_when_not_configured(self):
        """Test that is_celery_enabled returns False when URLs not set"""
        with patch.dict(os.environ, {
            "JWT_SECRET": "a" * 32,
            "POSTGRES_HOST": "localhost",
            "POSTGRES_DB": "test",
            "POSTGRES_USER": "user",
            "POSTGRES_PASSWORD": TEST_PASSWORD,
            "NEO4J_URI": "bolt://localhost:7687",
            "NEO4J_USER": "neo4j",
            "NEO4J_PASSWORD": TEST_PASSWORD,
            "REDIS_HOST": "localhost",
        }, clear=True):
            settings = Settings()
>           assert settings.is_celery_enabled() is False
E           AssertionError: assert True is False
E            +  where True = is_celery_enabled()
E            +    where is_celery_enabled = Settings(PROJECT_NAME='AI Code Review Platform', VERSION='1.0.0', API_V1_STR='/api/v1', ENVIRONMENT='development', JWT_SECRET='aaaaaaaaaaaaaaaaaaaaaaaaaaaaaaaa', JWT_ALGORITHM='HS256', JWT_EXPIRATION_HOURS=24, POSTGRES_HOST='localhost', POSTGRES_PORT=5432, POSTGRES_DB='test', POSTGRES_USER='user', POSTGRES_PASSWORD='test_password_value_123', NEO4J_URI='bolt://localhost:7687', NEO4J_USER='neo4j', NEO4J_PASSWORD='test_password_value_123', NEO4J_DATABASE='neo4j', REDIS_HOST='localhost', REDIS_PORT=6379, REDIS_PASSWORD='c3d4e5f6g7h8i9j0k1l2m3n4o5p6q7r8', REDIS_DB=0, GITHUB_TOKEN='', GITHUB_WEBHOOK_SECRET='', OPENAI_API_KEY='', ANTHROPIC_API_KEY='', OLLAMA_BASE_URL=None, MODELS_DIR='models', LLM_ENABLED=True, LLM_GPU_LAYERS=35, LLM_THREADS=8, LLM_CONTEXT_SIZE=4096, ALLOWED_ORIGINS=['http://localhost:3000', 'http://localhost:8000', 'http://frontend:3000', 'http://127.0.0.1:3000', 'http://127.0.0.1:8000'], RATE_LIMIT_PER_MINUTE=60, BCRYPT_ROUNDS=12, LOG_LEVEL='INFO', DEBUG=True, CELERY_BROKER_URL='redis://:c3d4e5f6g7h8i9j0k1l2m3n4o5p6q7r8@redis:6379/1', CELERY_RESULT_BACKEND='redis://:c3d4e5f6g7h8i9j0k1l2m3n4o5p6q7r8@redis:6379/2').is_celery_enabled

backend\tests\test_config.py:481: AssertionError
============================== warnings summary ===============================
..\..\DT\anaconda\Lib\site-packages\pydantic\_internal\_model_construction.py:66
  D:\DT\anaconda\Lib\site-packages\pydantic\_internal\_model_construction.py:66: UserWarning: `validate_celery_config` overrides an existing Pydantic `@model_validator` decorator
    warnings.warn(f'`{k}` overrides an existing Pydantic `{existing.decorator_info.decorator_repr}` decorator')

..\..\DT\anaconda\Lib\site-packages\pydantic\_internal\_config.py:291
..\..\DT\anaconda\Lib\site-packages\pydantic\_internal\_config.py:291
  D:\DT\anaconda\Lib\site-packages\pydantic\_internal\_config.py:291: PydanticDeprecatedSince20: Support for class-based `config` is deprecated, use ConfigDict instead. Deprecated in Pydantic V2.0 to be removed in V3.0. See Pydantic V2 Migration Guide at https://errors.pydantic.dev/2.9/migration/
    warnings.warn(DEPRECATION_MESSAGE, DeprecationWarning)

backend\app\schemas\auth.py:16
  d:\Desktop\AI-Based-Quality-Check-On-Project-Code-And-Architecture\backend\app\schemas\auth.py:16: PydanticDeprecatedSince20: Pydantic V1 style `@validator` validators are deprecated. You should migrate to Pydantic V2 style `@field_validator` validators, see the migration guide for more details. Deprecated in Pydantic V2.0 to be removed in V3.0. See Pydantic V2 Migration Guide at https://errors.pydantic.dev/2.9/migration/
    @validator('password')

backend\app\schemas\auth.py:47
  d:\Desktop\AI-Based-Quality-Check-On-Project-Code-And-Architecture\backend\app\schemas\auth.py:47: PydanticDeprecatedSince20: Pydantic V1 style `@validator` validators are deprecated. You should migrate to Pydantic V2 style `@field_validator` validators, see the migration guide for more details. Deprecated in Pydantic V2.0 to be removed in V3.0. See Pydantic V2 Migration Guide at https://errors.pydantic.dev/2.9/migration/
    @validator('new_password')

..\..\DT\anaconda\Lib\site-packages\pydantic\_internal\_fields.py:132
  D:\DT\anaconda\Lib\site-packages\pydantic\_internal\_fields.py:132: UserWarning: Field "model_type" in GenerateRequest has conflict with protected namespace "model_".
  
  You may be able to resolve this warning by setting `model_config['protected_namespaces'] = ()`.
    warnings.warn(

-- Docs: https://docs.pytest.org/en/stable/how-to/capture-warnings.html
=========================== short test summary info ===========================
FAILED backend\tests\test_config.py::TestSettingsRequiredFields::test_missing_jwt_secret_raises_error - Failed: DID NOT RAISE <class 'pydantic_core._pydantic_core.ValidationError'>
FAILED backend\tests\test_config.py::TestSettingsRequiredFields::test_missing_postgres_password_raises_error - Failed: DID NOT RAISE <class 'pydantic_core._pydantic_core.ValidationError'>
FAILED backend\tests\test_config.py::TestSettingsRequiredFields::test_missing_neo4j_password_raises_error - Failed: DID NOT RAISE <class 'pydantic_core._pydantic_core.ValidationError'>
FAILED backend\tests\test_config.py::TestSettingsOptionalFields::test_optional_celery_broker_url_defaults_to_none_or_empty - AssertionError: assert ('redis://:c3d4e5f6g7h8i9j0k1l2m3n4o5p6q7r8@redis:6379/1' is None or 'redis://:c3d4e5f6g7h8i9j0k1l2m3n4o5p6q7r8@redis:6379/1' == ''
 +  where 'redis://:c3d4e5f6g7h8i9j0k1l2m3n4o5p6q7r8@redis:6379/1' = Settings(PROJECT_NAME='AI Code Review Platform', VERSION='1.0.0', API_V1_STR='/api/v1', ENVIRONMENT='development', JWT_SECRET='aaaaaaaaaaaaaaaaaaaaaaaaaaaaaaaa', JWT_ALGORITHM='HS256', JWT_EXPIRATION_HOURS=24, POSTGRES_HOST='localhost', POSTGRES_PORT=5432, POSTGRES_DB='test', POSTGRES_USER='user', POSTGRES_PASSWORD='test_password_value_123', NEO4J_URI='bolt://localhost:7687', NEO4J_USER='neo4j', NEO4J_PASSWORD='test_password_value_123', NEO4J_DATABASE='neo4j', REDIS_HOST='localhost', REDIS_PORT=6379, REDIS_PASSWORD='c3d4e5f6g7h8i9j0k1l2m3n4o5p6q7r8', REDIS_DB=0, GITHUB_TOKEN='', GITHUB_WEBHOOK_SECRET='', OPENAI_API_KEY='', ANTHROPIC_API_KEY='', OLLAMA_BASE_URL=None, MODELS_DIR='models', LLM_ENABLED=True, LLM_GPU_LAYERS=35, LLM_THREADS=8, LLM_CONTEXT_SIZE=4096, ALLOWED_ORIGINS=['http://localhost:3000', 'http://localhost:8000', 'http://frontend:3000', 'http://127.0.0.1:3000', 'http://127.0.0.1:8000'], RATE_LIMIT_PER_MINUTE=60, BCRYPT_ROUNDS=12, LOG_LEVEL='INFO', DEBUG=True, CELERY_BROKER_URL='redis://:c3d4e5f6g7h8i9j0k1l2m3n4o5p6q7r8@redis:6379/1', CELERY_RESULT_BACKEND='redis://:c3d4e5f6g7h8i9j0k1l2m3n4o5p6q7r8@redis:6379/2').CELERY_BROKER_URL
  
  + redis://:c3d4e5f6g7h8i9j0k1l2m3n4o5p6q7r8@redis:6379/1)
FAILED backend\tests\test_config.py::TestSettingsOptionalFields::test_optional_redis_password_defaults_to_empty_string - AssertionError: assert 'c3d4e5f6g7h8i9j0k1l2m3n4o5p6q7r8' == ''
  
  + c3d4e5f6g7h8i9j0k1l2m3n4o5p6q7r8
FAILED backend\tests\test_config.py::TestSettingsCeleryValidation::test_is_celery_enabled_returns_false_when_not_configured - AssertionError: assert True is False
 +  where True = is_celery_enabled()
 +    where is_celery_enabled = Settings(PROJECT_NAME='AI Code Review Platform', VERSION='1.0.0', API_V1_STR='/api/v1', ENVIRONMENT='development', JWT_SECRET='aaaaaaaaaaaaaaaaaaaaaaaaaaaaaaaa', JWT_ALGORITHM='HS256', JWT_EXPIRATION_HOURS=24, POSTGRES_HOST='localhost', POSTGRES_PORT=5432, POSTGRES_DB='test', POSTGRES_USER='user', POSTGRES_PASSWORD='test_password_value_123', NEO4J_URI='bolt://localhost:7687', NEO4J_USER='neo4j', NEO4J_PASSWORD='test_password_value_123', NEO4J_DATABASE='neo4j', REDIS_HOST='localhost', REDIS_PORT=6379, REDIS_PASSWORD='c3d4e5f6g7h8i9j0k1l2m3n4o5p6q7r8', REDIS_DB=0, GITHUB_TOKEN='', GITHUB_WEBHOOK_SECRET='', OPENAI_API_KEY='', ANTHROPIC_API_KEY='', OLLAMA_BASE_URL=None, MODELS_DIR='models', LLM_ENABLED=True, LLM_GPU_LAYERS=35, LLM_THREADS=8, LLM_CONTEXT_SIZE=4096, ALLOWED_ORIGINS=['http://localhost:3000', 'http://localhost:8000', 'http://frontend:3000', 'http://127.0.0.1:3000', 'http://127.0.0.1:8000'], RATE_LIMIT_PER_MINUTE=60, BCRYPT_ROUNDS=12, LOG_LEVEL='INFO', DEBUG=True, CELERY_BROKER_URL='redis://:c3d4e5f6g7h8i9j0k1l2m3n4o5p6q7r8@redis:6379/1', CELERY_RESULT_BACKEND='redis://:c3d4e5f6g7h8i9j0k1l2m3n4o5p6q7r8@redis:6379/2').is_celery_enabled
================== 6 failed, 31 passed, 6 warnings in 2.31s ===================
